[2023-01-27T21:24:30.749+0800][0.009s] Using G1
[2023-01-27T21:24:30.868+0800][0.128s] Version: 16.0.1+9-24 (release)
[2023-01-27T21:24:30.868+0800][0.128s] CPUs: 8 total, 8 available
[2023-01-27T21:24:30.868+0800][0.128s] Memory: 16015M
[2023-01-27T21:24:30.868+0800][0.128s] Large Page Support: Disabled
[2023-01-27T21:24:30.868+0800][0.128s] NUMA Support: Disabled
[2023-01-27T21:24:30.868+0800][0.128s] Compressed Oops: Enabled (32-bit)
[2023-01-27T21:24:30.868+0800][0.128s] Heap Region Size: 1M
[2023-01-27T21:24:30.868+0800][0.128s] Heap Min Capacity: 512M
[2023-01-27T21:24:30.868+0800][0.128s] Heap Initial Capacity: 512M
[2023-01-27T21:24:30.868+0800][0.128s] Heap Max Capacity: 512M
[2023-01-27T21:24:30.868+0800][0.128s] Pre-touch: Enabled
[2023-01-27T21:24:30.869+0800][0.129s] Parallel Workers: 8
[2023-01-27T21:24:30.869+0800][0.129s] Concurrent Workers: 2
[2023-01-27T21:24:30.869+0800][0.129s] Concurrent Refinement Workers: 8
[2023-01-27T21:24:30.869+0800][0.129s] Periodic GC: Disabled
[2023-01-27T21:24:30.870+0800][0.131s] CDS archive(s) mapped at: [0x0000000800000000-0x0000000800bb0000-0x0000000800bb0000), size 12255232, SharedBaseAddress: 0x0000000800000000, ArchiveRelocationMode: 0.
[2023-01-27T21:24:30.870+0800][0.131s] Compressed class space mapped at: 0x0000000800c00000-0x0000000840c00000, reserved size: 1073741824
[2023-01-27T21:24:30.870+0800][0.131s] Narrow klass base: 0x0000000800000000, Narrow klass shift: 3, Narrow klass range: 0x100000000
[2023-01-27T21:24:31.406+0800][0.666s] GC(0) Pause Young (Normal) (G1 Evacuation Pause)
[2023-01-27T21:24:31.407+0800][0.666s] GC(0) Using 8 workers of 8 for evacuation
[2023-01-27T21:24:31.409+0800][0.669s] GC(0)   Pre Evacuate Collection Set: 0.1ms
[2023-01-27T21:24:31.409+0800][0.669s] GC(0)   Merge Heap Roots: 0.0ms
[2023-01-27T21:24:31.409+0800][0.669s] GC(0)   Evacuate Collection Set: 2.2ms
[2023-01-27T21:24:31.409+0800][0.669s] GC(0)   Post Evacuate Collection Set: 0.2ms
[2023-01-27T21:24:31.409+0800][0.669s] GC(0)   Other: 0.6ms
[2023-01-27T21:24:31.409+0800][0.669s] GC(0) Eden regions: 29->0(43)
[2023-01-27T21:24:31.409+0800][0.669s] GC(0) Survivor regions: 0->4(4)
[2023-01-27T21:24:31.409+0800][0.669s] GC(0) Old regions: 0->0
[2023-01-27T21:24:31.409+0800][0.669s] GC(0) Archive regions: 0->0
[2023-01-27T21:24:31.409+0800][0.669s] GC(0) Humongous regions: 0->0
[2023-01-27T21:24:31.409+0800][0.669s] GC(0) Metaspace: 5584K(5824K)->5584K(5824K) NonClass: 4990K(5120K)->4990K(5120K) Class: 594K(704K)->594K(704K)
[2023-01-27T21:24:31.410+0800][0.669s] GC(0) Pause Young (Normal) (G1 Evacuation Pause) 29M->3M(512M) 3.205ms
[2023-01-27T21:24:31.410+0800][0.669s] GC(0) User=0.00s Sys=0.00s Real=0.00s
[2023-01-27T21:24:31.930+0800][1.190s] GC(1) Pause Young (Normal) (G1 Evacuation Pause)
[2023-01-27T21:24:31.930+0800][1.190s] GC(1) Using 8 workers of 8 for evacuation
[2023-01-27T21:24:31.937+0800][1.196s] GC(1)   Pre Evacuate Collection Set: 0.0ms
[2023-01-27T21:24:31.937+0800][1.196s] GC(1)   Merge Heap Roots: 0.0ms
[2023-01-27T21:24:31.937+0800][1.196s] GC(1)   Evacuate Collection Set: 6.2ms
[2023-01-27T21:24:31.937+0800][1.196s] GC(1)   Post Evacuate Collection Set: 0.3ms
[2023-01-27T21:24:31.937+0800][1.196s] GC(1)   Other: 0.1ms
[2023-01-27T21:24:31.937+0800][1.196s] GC(1) Eden regions: 43->0(301)
[2023-01-27T21:24:31.937+0800][1.196s] GC(1) Survivor regions: 4->6(6)
[2023-01-27T21:24:31.937+0800][1.196s] GC(1) Old regions: 0->8
[2023-01-27T21:24:31.937+0800][1.197s] GC(1) Archive regions: 0->0
[2023-01-27T21:24:31.937+0800][1.197s] GC(1) Humongous regions: 4->4
[2023-01-27T21:24:31.937+0800][1.197s] GC(1) Metaspace: 15399K(15616K)->15399K(15616K) NonClass: 13638K(13760K)->13638K(13760K) Class: 1761K(1856K)->1761K(1856K)
[2023-01-27T21:24:31.937+0800][1.197s] GC(1) Pause Young (Normal) (G1 Evacuation Pause) 50M->17M(512M) 6.809ms
[2023-01-27T21:24:31.937+0800][1.197s] GC(1) User=0.00s Sys=0.00s Real=0.01s
[2023-01-27T21:24:40.526+0800][9.786s] GC(2) Pause Young (Concurrent Start) (Metadata GC Threshold)
[2023-01-27T21:24:40.526+0800][9.786s] GC(2) Using 8 workers of 8 for evacuation
[2023-01-27T21:24:40.532+0800][9.791s] GC(2)   Pre Evacuate Collection Set: 0.2ms
[2023-01-27T21:24:40.532+0800][9.791s] GC(2)   Merge Heap Roots: 0.1ms
[2023-01-27T21:24:40.532+0800][9.791s] GC(2)   Evacuate Collection Set: 3.8ms
[2023-01-27T21:24:40.532+0800][9.791s] GC(2)   Post Evacuate Collection Set: 1.1ms
[2023-01-27T21:24:40.532+0800][9.791s] GC(2)   Other: 0.3ms
[2023-01-27T21:24:40.532+0800][9.791s] GC(2) Eden regions: 146->0(295)
[2023-01-27T21:24:40.532+0800][9.791s] GC(2) Survivor regions: 6->12(39)
[2023-01-27T21:24:40.532+0800][9.791s] GC(2) Old regions: 8->8
[2023-01-27T21:24:40.532+0800][9.791s] GC(2) Archive regions: 0->0
[2023-01-27T21:24:40.532+0800][9.791s] GC(2) Humongous regions: 4->4
[2023-01-27T21:24:40.532+0800][9.791s] GC(2) Metaspace: 20998K(21248K)->20998K(21248K) NonClass: 18604K(18752K)->18604K(18752K) Class: 2394K(2496K)->2394K(2496K)
[2023-01-27T21:24:40.532+0800][9.792s] GC(2) Pause Young (Concurrent Start) (Metadata GC Threshold) 163M->23M(512M) 5.519ms
[2023-01-27T21:24:40.532+0800][9.792s] GC(2) User=0.00s Sys=0.00s Real=0.01s
[2023-01-27T21:24:40.532+0800][9.792s] GC(3) Concurrent Mark Cycle
[2023-01-27T21:24:40.532+0800][9.792s] GC(3) Concurrent Clear Claimed Marks
[2023-01-27T21:24:40.532+0800][9.792s] GC(3) Concurrent Clear Claimed Marks 0.027ms
[2023-01-27T21:24:40.532+0800][9.792s] GC(3) Concurrent Scan Root Regions
[2023-01-27T21:24:40.534+0800][9.794s] GC(3) Concurrent Scan Root Regions 2.120ms
[2023-01-27T21:24:40.534+0800][9.794s] GC(3) Concurrent Mark
[2023-01-27T21:24:40.534+0800][9.794s] GC(3) Concurrent Mark From Roots
[2023-01-27T21:24:40.534+0800][9.794s] GC(3) Using 2 workers of 2 for marking
[2023-01-27T21:24:40.541+0800][9.801s] GC(3) Concurrent Mark From Roots 7.058ms
[2023-01-27T21:24:40.541+0800][9.801s] GC(3) Concurrent Preclean
[2023-01-27T21:24:40.541+0800][9.801s] GC(3) Concurrent Preclean 0.060ms
[2023-01-27T21:24:40.541+0800][9.801s] GC(3) Pause Remark
[2023-01-27T21:24:40.543+0800][9.803s] GC(3) Pause Remark 26M->26M(512M) 1.538ms
[2023-01-27T21:24:40.543+0800][9.803s] GC(3) User=0.00s Sys=0.00s Real=0.00s
[2023-01-27T21:24:40.543+0800][9.803s] GC(3) Concurrent Mark 9.033ms
[2023-01-27T21:24:40.543+0800][9.803s] GC(3) Concurrent Rebuild Remembered Sets
[2023-01-27T21:24:40.547+0800][9.807s] GC(3) Concurrent Rebuild Remembered Sets 3.654ms
[2023-01-27T21:24:40.547+0800][9.807s] GC(3) Pause Cleanup
[2023-01-27T21:24:40.547+0800][9.807s] GC(3) Pause Cleanup 26M->26M(512M) 0.099ms
[2023-01-27T21:24:40.547+0800][9.807s] GC(3) User=0.00s Sys=0.00s Real=0.00s
[2023-01-27T21:24:40.547+0800][9.807s] GC(3) Concurrent Cleanup for Next Mark
[2023-01-27T21:24:40.548+0800][9.808s] GC(3) Concurrent Cleanup for Next Mark 0.577ms
[2023-01-27T21:24:40.548+0800][9.808s] GC(3) Concurrent Mark Cycle 16.102ms
[2023-01-27T21:24:42.070+0800][11.330s] GC(4) Pause Young (Concurrent Start) (Metadata GC Threshold)
[2023-01-27T21:24:42.070+0800][11.330s] GC(4) Using 8 workers of 8 for evacuation
[2023-01-27T21:24:42.081+0800][11.341s] GC(4)   Pre Evacuate Collection Set: 0.2ms
[2023-01-27T21:24:42.081+0800][11.341s] GC(4)   Merge Heap Roots: 0.1ms
[2023-01-27T21:24:42.081+0800][11.341s] GC(4)   Evacuate Collection Set: 9.1ms
[2023-01-27T21:24:42.081+0800][11.341s] GC(4)   Post Evacuate Collection Set: 0.9ms
[2023-01-27T21:24:42.081+0800][11.341s] GC(4)   Other: 0.2ms
[2023-01-27T21:24:42.081+0800][11.341s] GC(4) Eden regions: 215->0(288)
[2023-01-27T21:24:42.081+0800][11.341s] GC(4) Survivor regions: 12->19(39)
[2023-01-27T21:24:42.081+0800][11.341s] GC(4) Old regions: 8->8
[2023-01-27T21:24:42.081+0800][11.341s] GC(4) Archive regions: 0->0
[2023-01-27T21:24:42.081+0800][11.341s] GC(4) Humongous regions: 5->4
[2023-01-27T21:24:42.081+0800][11.341s] GC(4) Metaspace: 35832K(36096K)->35832K(36096K) NonClass: 31668K(31808K)->31668K(31808K) Class: 4164K(4288K)->4164K(4288K)
[2023-01-27T21:24:42.081+0800][11.341s] GC(4) Pause Young (Concurrent Start) (Metadata GC Threshold) 239M->30M(512M) 10.599ms
[2023-01-27T21:24:42.081+0800][11.341s] GC(4) User=0.00s Sys=0.00s Real=0.01s
[2023-01-27T21:24:42.081+0800][11.341s] GC(5) Concurrent Mark Cycle
[2023-01-27T21:24:42.081+0800][11.341s] GC(5) Concurrent Clear Claimed Marks
[2023-01-27T21:24:42.081+0800][11.341s] GC(5) Concurrent Clear Claimed Marks 0.032ms
[2023-01-27T21:24:42.081+0800][11.341s] GC(5) Concurrent Scan Root Regions
[2023-01-27T21:24:42.085+0800][11.345s] GC(5) Concurrent Scan Root Regions 3.854ms
[2023-01-27T21:24:42.085+0800][11.345s] GC(5) Concurrent Mark
[2023-01-27T21:24:42.085+0800][11.345s] GC(5) Concurrent Mark From Roots
[2023-01-27T21:24:42.085+0800][11.345s] GC(5) Using 2 workers of 2 for marking
[2023-01-27T21:24:42.090+0800][11.349s] GC(5) Concurrent Mark From Roots 4.672ms
[2023-01-27T21:24:42.090+0800][11.349s] GC(5) Concurrent Preclean
[2023-01-27T21:24:42.090+0800][11.350s] GC(5) Concurrent Preclean 0.056ms
[2023-01-27T21:24:42.090+0800][11.350s] GC(5) Pause Remark
[2023-01-27T21:24:42.092+0800][11.351s] GC(5) Pause Remark 32M->32M(512M) 1.598ms
[2023-01-27T21:24:42.092+0800][11.352s] GC(5) User=0.00s Sys=0.00s Real=0.00s
[2023-01-27T21:24:42.092+0800][11.352s] GC(5) Concurrent Mark 6.860ms
[2023-01-27T21:24:42.092+0800][11.352s] GC(5) Concurrent Rebuild Remembered Sets
[2023-01-27T21:24:42.095+0800][11.355s] GC(5) Concurrent Rebuild Remembered Sets 3.072ms
[2023-01-27T21:24:42.095+0800][11.355s] GC(5) Pause Cleanup
[2023-01-27T21:24:42.095+0800][11.355s] GC(5) Pause Cleanup 32M->32M(512M) 0.102ms
[2023-01-27T21:24:42.095+0800][11.355s] GC(5) User=0.00s Sys=0.00s Real=0.00s
[2023-01-27T21:24:42.095+0800][11.355s] GC(5) Concurrent Cleanup for Next Mark
[2023-01-27T21:24:42.096+0800][11.356s] GC(5) Concurrent Cleanup for Next Mark 0.610ms
[2023-01-27T21:24:42.096+0800][11.356s] GC(5) Concurrent Mark Cycle 14.842ms
[2023-01-27T21:26:04.538+0800][93.799s] GC(6) Pause Young (Normal) (G1 Evacuation Pause)
[2023-01-27T21:26:04.539+0800][93.799s] GC(6) Using 8 workers of 8 for evacuation
[2023-01-27T21:26:04.555+0800][93.815s] GC(6)   Pre Evacuate Collection Set: 0.1ms
[2023-01-27T21:26:04.555+0800][93.815s] GC(6)   Merge Heap Roots: 0.1ms
[2023-01-27T21:26:04.555+0800][93.815s] GC(6)   Evacuate Collection Set: 14.5ms
[2023-01-27T21:26:04.555+0800][93.815s] GC(6)   Post Evacuate Collection Set: 1.2ms
[2023-01-27T21:26:04.555+0800][93.815s] GC(6)   Other: 0.3ms
[2023-01-27T21:26:04.555+0800][93.815s] GC(6) Eden regions: 288->0(275)
[2023-01-27T21:26:04.555+0800][93.815s] GC(6) Survivor regions: 19->32(39)
[2023-01-27T21:26:04.555+0800][93.815s] GC(6) Old regions: 8->8
[2023-01-27T21:26:04.555+0800][93.815s] GC(6) Archive regions: 0->0
[2023-01-27T21:26:04.555+0800][93.815s] GC(6) Humongous regions: 6->4
[2023-01-27T21:26:04.555+0800][93.815s] GC(6) Metaspace: 48801K(49216K)->48801K(49216K) NonClass: 42961K(43200K)->42961K(43200K) Class: 5839K(6016K)->5839K(6016K)
[2023-01-27T21:26:04.555+0800][93.815s] GC(6) Pause Young (Normal) (G1 Evacuation Pause) 320M->43M(512M) 16.381ms
[2023-01-27T21:26:04.555+0800][93.815s] GC(6) User=0.05s Sys=0.03s Real=0.02s
[2023-01-27T21:59:22.003+0800][2091.263s] GC(7) Pause Young (Normal) (G1 Evacuation Pause)
[2023-01-27T21:59:22.003+0800][2091.263s] GC(7) Using 8 workers of 8 for evacuation
[2023-01-27T21:59:22.018+0800][2091.278s] GC(7)   Pre Evacuate Collection Set: 0.1ms
[2023-01-27T21:59:22.018+0800][2091.278s] GC(7)   Merge Heap Roots: 0.1ms
[2023-01-27T21:59:22.018+0800][2091.278s] GC(7)   Evacuate Collection Set: 13.5ms
[2023-01-27T21:59:22.018+0800][2091.278s] GC(7)   Post Evacuate Collection Set: 1.7ms
[2023-01-27T21:59:22.018+0800][2091.278s] GC(7)   Other: 0.2ms
[2023-01-27T21:59:22.018+0800][2091.278s] GC(7) Eden regions: 275->0(276)
[2023-01-27T21:59:22.018+0800][2091.278s] GC(7) Survivor regions: 32->31(39)
[2023-01-27T21:59:22.018+0800][2091.278s] GC(7) Old regions: 8->19
[2023-01-27T21:59:22.018+0800][2091.278s] GC(7) Archive regions: 0->0
[2023-01-27T21:59:22.018+0800][2091.278s] GC(7) Humongous regions: 6->4
[2023-01-27T21:59:22.018+0800][2091.278s] GC(7) Metaspace: 57260K(57856K)->57260K(57856K) NonClass: 50441K(50752K)->50441K(50752K) Class: 6819K(7104K)->6819K(7104K)
[2023-01-27T21:59:22.018+0800][2091.278s] GC(7) Pause Young (Normal) (G1 Evacuation Pause) 320M->53M(512M) 15.682ms
[2023-01-27T21:59:22.018+0800][2091.278s] GC(7) User=0.12s Sys=0.00s Real=0.01s
[2023-01-27T22:00:04.368+0800][2133.628s] Heap
[2023-01-27T22:00:04.368+0800][2133.628s]  garbage-first heap   total 524288K, used 83627K [0x00000000e0000000, 0x0000000100000000)
[2023-01-27T22:00:04.368+0800][2133.628s]   region size 1024K, 59 young (60416K), 31 survivors (31744K)
[2023-01-27T22:00:04.368+0800][2133.628s]  Metaspace       used 57594K, committed 58176K, reserved 1105920K
[2023-01-27T22:00:04.368+0800][2133.628s]   class space    used 6872K, committed 7168K, reserved 1048576K
