[2023-03-28T23:58:27.298+0800][0.014s] Using G1
[2023-03-28T23:58:27.430+0800][0.145s] Version: 16.0.1+9-24 (release)
[2023-03-28T23:58:27.430+0800][0.145s] CPUs: 8 total, 8 available
[2023-03-28T23:58:27.430+0800][0.145s] Memory: 16015M
[2023-03-28T23:58:27.430+0800][0.145s] Large Page Support: Disabled
[2023-03-28T23:58:27.430+0800][0.145s] NUMA Support: Disabled
[2023-03-28T23:58:27.430+0800][0.145s] Compressed Oops: Enabled (32-bit)
[2023-03-28T23:58:27.430+0800][0.146s] Heap Region Size: 1M
[2023-03-28T23:58:27.430+0800][0.146s] Heap Min Capacity: 512M
[2023-03-28T23:58:27.430+0800][0.146s] Heap Initial Capacity: 512M
[2023-03-28T23:58:27.430+0800][0.146s] Heap Max Capacity: 512M
[2023-03-28T23:58:27.430+0800][0.146s] Pre-touch: Enabled
[2023-03-28T23:58:27.431+0800][0.146s] Parallel Workers: 8
[2023-03-28T23:58:27.431+0800][0.146s] Concurrent Workers: 2
[2023-03-28T23:58:27.431+0800][0.146s] Concurrent Refinement Workers: 8
[2023-03-28T23:58:27.431+0800][0.146s] Periodic GC: Disabled
[2023-03-28T23:58:27.432+0800][0.148s] CDS archive(s) mapped at: [0x0000000800000000-0x0000000800bb0000-0x0000000800bb0000), size 12255232, SharedBaseAddress: 0x0000000800000000, ArchiveRelocationMode: 0.
[2023-03-28T23:58:27.432+0800][0.148s] Compressed class space mapped at: 0x0000000800c00000-0x0000000840c00000, reserved size: 1073741824
[2023-03-28T23:58:27.432+0800][0.148s] Narrow klass base: 0x0000000800000000, Narrow klass shift: 3, Narrow klass range: 0x100000000
[2023-03-28T23:58:28.108+0800][0.823s] GC(0) Pause Young (Normal) (G1 Evacuation Pause)
[2023-03-28T23:58:28.109+0800][0.824s] GC(0) Using 8 workers of 8 for evacuation
[2023-03-28T23:58:28.112+0800][0.827s] GC(0)   Pre Evacuate Collection Set: 0.1ms
[2023-03-28T23:58:28.112+0800][0.827s] GC(0)   Merge Heap Roots: 0.0ms
[2023-03-28T23:58:28.112+0800][0.827s] GC(0)   Evacuate Collection Set: 2.8ms
[2023-03-28T23:58:28.112+0800][0.827s] GC(0)   Post Evacuate Collection Set: 0.5ms
[2023-03-28T23:58:28.112+0800][0.827s] GC(0)   Other: 0.7ms
[2023-03-28T23:58:28.112+0800][0.827s] GC(0) Eden regions: 29->0(43)
[2023-03-28T23:58:28.112+0800][0.827s] GC(0) Survivor regions: 0->4(4)
[2023-03-28T23:58:28.112+0800][0.827s] GC(0) Old regions: 0->0
[2023-03-28T23:58:28.112+0800][0.827s] GC(0) Archive regions: 0->0
[2023-03-28T23:58:28.112+0800][0.827s] GC(0) Humongous regions: 0->0
[2023-03-28T23:58:28.112+0800][0.827s] GC(0) Metaspace: 4834K(4992K)->4834K(4992K) NonClass: 4343K(4416K)->4343K(4416K) Class: 491K(576K)->491K(576K)
[2023-03-28T23:58:28.112+0800][0.827s] GC(0) Pause Young (Normal) (G1 Evacuation Pause) 29M->3M(512M) 4.282ms
[2023-03-28T23:58:28.112+0800][0.827s] GC(0) User=0.00s Sys=0.00s Real=0.00s
[2023-03-28T23:58:28.770+0800][1.486s] GC(1) Pause Young (Normal) (G1 Evacuation Pause)
[2023-03-28T23:58:28.770+0800][1.486s] GC(1) Using 8 workers of 8 for evacuation
[2023-03-28T23:58:28.778+0800][1.494s] GC(1)   Pre Evacuate Collection Set: 0.0ms
[2023-03-28T23:58:28.778+0800][1.494s] GC(1)   Merge Heap Roots: 0.0ms
[2023-03-28T23:58:28.778+0800][1.494s] GC(1)   Evacuate Collection Set: 7.3ms
[2023-03-28T23:58:28.778+0800][1.494s] GC(1)   Post Evacuate Collection Set: 0.4ms
[2023-03-28T23:58:28.778+0800][1.494s] GC(1)   Other: 0.2ms
[2023-03-28T23:58:28.778+0800][1.494s] GC(1) Eden regions: 43->0(301)
[2023-03-28T23:58:28.778+0800][1.494s] GC(1) Survivor regions: 4->6(6)
[2023-03-28T23:58:28.778+0800][1.494s] GC(1) Old regions: 0->8
[2023-03-28T23:58:28.778+0800][1.494s] GC(1) Archive regions: 0->0
[2023-03-28T23:58:28.778+0800][1.494s] GC(1) Humongous regions: 4->4
[2023-03-28T23:58:28.778+0800][1.494s] GC(1) Metaspace: 14836K(15104K)->14836K(15104K) NonClass: 13133K(13248K)->13133K(13248K) Class: 1702K(1856K)->1702K(1856K)
[2023-03-28T23:58:28.778+0800][1.494s] GC(1) Pause Young (Normal) (G1 Evacuation Pause) 50M->17M(512M) 8.098ms
[2023-03-28T23:58:28.778+0800][1.494s] GC(1) User=0.00s Sys=0.00s Real=0.01s
[2023-03-28T23:58:29.626+0800][2.341s] GC(2) Pause Young (Normal) (G1 Evacuation Pause)
[2023-03-28T23:58:29.626+0800][2.341s] GC(2) Using 8 workers of 8 for evacuation
[2023-03-28T23:58:29.633+0800][2.348s] GC(2)   Pre Evacuate Collection Set: 0.1ms
[2023-03-28T23:58:29.633+0800][2.348s] GC(2)   Merge Heap Roots: 0.1ms
[2023-03-28T23:58:29.633+0800][2.348s] GC(2)   Evacuate Collection Set: 5.4ms
[2023-03-28T23:58:29.633+0800][2.348s] GC(2)   Post Evacuate Collection Set: 1.0ms
[2023-03-28T23:58:29.633+0800][2.348s] GC(2)   Other: 0.3ms
[2023-03-28T23:58:29.633+0800][2.348s] GC(2) Eden regions: 301->0(294)
[2023-03-28T23:58:29.633+0800][2.348s] GC(2) Survivor regions: 6->13(39)
[2023-03-28T23:58:29.633+0800][2.348s] GC(2) Old regions: 8->8
[2023-03-28T23:58:29.633+0800][2.348s] GC(2) Archive regions: 0->0
[2023-03-28T23:58:29.633+0800][2.348s] GC(2) Humongous regions: 5->4
[2023-03-28T23:58:29.633+0800][2.348s] GC(2) Metaspace: 20864K(21184K)->20864K(21184K) NonClass: 18423K(18624K)->18423K(18624K) Class: 2441K(2560K)->2441K(2560K)
[2023-03-28T23:58:29.633+0800][2.348s] GC(2) Pause Young (Normal) (G1 Evacuation Pause) 319M->24M(512M) 6.969ms
[2023-03-28T23:58:29.633+0800][2.348s] GC(2) User=0.12s Sys=0.00s Real=0.01s
[2023-03-28T23:58:29.652+0800][2.367s] GC(3) Pause Young (Concurrent Start) (Metadata GC Threshold)
[2023-03-28T23:58:29.652+0800][2.367s] GC(3) Using 8 workers of 8 for evacuation
[2023-03-28T23:58:29.657+0800][2.372s] GC(3)   Pre Evacuate Collection Set: 0.1ms
[2023-03-28T23:58:29.657+0800][2.372s] GC(3)   Merge Heap Roots: 0.0ms
[2023-03-28T23:58:29.657+0800][2.372s] GC(3)   Evacuate Collection Set: 4.4ms
[2023-03-28T23:58:29.657+0800][2.372s] GC(3)   Post Evacuate Collection Set: 0.4ms
[2023-03-28T23:58:29.657+0800][2.372s] GC(3)   Other: 0.2ms
[2023-03-28T23:58:29.657+0800][2.372s] GC(3) Eden regions: 10->0(294)
[2023-03-28T23:58:29.657+0800][2.372s] GC(3) Survivor regions: 13->13(39)
[2023-03-28T23:58:29.657+0800][2.372s] GC(3) Old regions: 8->8
[2023-03-28T23:58:29.657+0800][2.372s] GC(3) Archive regions: 0->0
[2023-03-28T23:58:29.657+0800][2.372s] GC(3) Humongous regions: 4->4
[2023-03-28T23:58:29.657+0800][2.372s] GC(3) Metaspace: 21032K(21248K)->21032K(21248K) NonClass: 18569K(18688K)->18569K(18688K) Class: 2463K(2560K)->2463K(2560K)
[2023-03-28T23:58:29.657+0800][2.372s] GC(3) Pause Young (Concurrent Start) (Metadata GC Threshold) 34M->24M(512M) 5.327ms
[2023-03-28T23:58:29.657+0800][2.372s] GC(3) User=0.00s Sys=0.00s Real=0.01s
[2023-03-28T23:58:29.657+0800][2.372s] GC(4) Concurrent Mark Cycle
[2023-03-28T23:58:29.657+0800][2.372s] GC(4) Concurrent Clear Claimed Marks
[2023-03-28T23:58:29.657+0800][2.372s] GC(4) Concurrent Clear Claimed Marks 0.024ms
[2023-03-28T23:58:29.657+0800][2.372s] GC(4) Concurrent Scan Root Regions
[2023-03-28T23:58:29.660+0800][2.375s] GC(4) Concurrent Scan Root Regions 2.445ms
[2023-03-28T23:58:29.660+0800][2.375s] GC(4) Concurrent Mark
[2023-03-28T23:58:29.660+0800][2.375s] GC(4) Concurrent Mark From Roots
[2023-03-28T23:58:29.660+0800][2.375s] GC(4) Using 2 workers of 2 for marking
[2023-03-28T23:58:29.666+0800][2.381s] GC(4) Concurrent Mark From Roots 6.642ms
[2023-03-28T23:58:29.666+0800][2.381s] GC(4) Concurrent Preclean
[2023-03-28T23:58:29.666+0800][2.381s] GC(4) Concurrent Preclean 0.064ms
[2023-03-28T23:58:29.666+0800][2.382s] GC(4) Pause Remark
[2023-03-28T23:58:29.668+0800][2.383s] GC(4) Pause Remark 28M->28M(512M) 1.131ms
[2023-03-28T23:58:29.668+0800][2.383s] GC(4) User=0.00s Sys=0.00s Real=0.00s
[2023-03-28T23:58:29.668+0800][2.383s] GC(4) Concurrent Mark 7.997ms
[2023-03-28T23:58:29.668+0800][2.383s] GC(4) Concurrent Rebuild Remembered Sets
[2023-03-28T23:58:29.671+0800][2.386s] GC(4) Concurrent Rebuild Remembered Sets 3.229ms
[2023-03-28T23:58:29.676+0800][2.391s] GC(4) Pause Cleanup
[2023-03-28T23:58:29.676+0800][2.391s] GC(4) Pause Cleanup 29M->29M(512M) 0.167ms
[2023-03-28T23:58:29.676+0800][2.391s] GC(4) User=0.00s Sys=0.00s Real=0.00s
[2023-03-28T23:58:29.676+0800][2.391s] GC(4) Concurrent Cleanup for Next Mark
[2023-03-28T23:58:29.677+0800][2.392s] GC(4) Concurrent Cleanup for Next Mark 0.819ms
[2023-03-28T23:58:29.677+0800][2.392s] GC(4) Concurrent Mark Cycle 19.660ms
[2023-03-28T23:58:30.794+0800][3.509s] GC(5) Pause Young (Normal) (G1 Evacuation Pause)
[2023-03-28T23:58:30.794+0800][3.509s] GC(5) Using 8 workers of 8 for evacuation
[2023-03-28T23:58:30.802+0800][3.517s] GC(5)   Pre Evacuate Collection Set: 0.1ms
[2023-03-28T23:58:30.803+0800][3.518s] GC(5)   Merge Heap Roots: 0.1ms
[2023-03-28T23:58:30.803+0800][3.518s] GC(5)   Evacuate Collection Set: 7.4ms
[2023-03-28T23:58:30.803+0800][3.518s] GC(5)   Post Evacuate Collection Set: 0.9ms
[2023-03-28T23:58:30.803+0800][3.518s] GC(5)   Other: 0.2ms
[2023-03-28T23:58:30.803+0800][3.518s] GC(5) Eden regions: 294->0(289)
[2023-03-28T23:58:30.803+0800][3.518s] GC(5) Survivor regions: 13->18(39)
[2023-03-28T23:58:30.803+0800][3.518s] GC(5) Old regions: 8->8
[2023-03-28T23:58:30.803+0800][3.518s] GC(5) Archive regions: 0->0
[2023-03-28T23:58:30.803+0800][3.518s] GC(5) Humongous regions: 4->4
[2023-03-28T23:58:30.803+0800][3.518s] GC(5) Metaspace: 34097K(34432K)->34097K(34432K) NonClass: 30110K(30272K)->30110K(30272K) Class: 3987K(4160K)->3987K(4160K)
[2023-03-28T23:58:30.803+0800][3.518s] GC(5) Pause Young (Normal) (G1 Evacuation Pause) 318M->29M(512M) 8.765ms
[2023-03-28T23:58:30.803+0800][3.518s] GC(5) User=0.11s Sys=0.02s Real=0.01s
[2023-03-28T23:58:30.941+0800][3.656s] GC(6) Pause Young (Concurrent Start) (Metadata GC Threshold)
[2023-03-28T23:58:30.941+0800][3.656s] GC(6) Using 8 workers of 8 for evacuation
[2023-03-28T23:58:30.948+0800][3.663s] GC(6)   Pre Evacuate Collection Set: 0.1ms
[2023-03-28T23:58:30.948+0800][3.663s] GC(6)   Merge Heap Roots: 0.0ms
[2023-03-28T23:58:30.948+0800][3.663s] GC(6)   Evacuate Collection Set: 6.3ms
[2023-03-28T23:58:30.948+0800][3.663s] GC(6)   Post Evacuate Collection Set: 0.5ms
[2023-03-28T23:58:30.948+0800][3.663s] GC(6)   Other: 0.2ms
[2023-03-28T23:58:30.948+0800][3.663s] GC(6) Eden regions: 46->0(289)
[2023-03-28T23:58:30.948+0800][3.663s] GC(6) Survivor regions: 18->18(39)
[2023-03-28T23:58:30.948+0800][3.663s] GC(6) Old regions: 8->8
[2023-03-28T23:58:30.948+0800][3.663s] GC(6) Archive regions: 0->0
[2023-03-28T23:58:30.948+0800][3.663s] GC(6) Humongous regions: 4->4
[2023-03-28T23:58:30.948+0800][3.663s] GC(6) Metaspace: 35412K(35776K)->35412K(35776K) NonClass: 31252K(31424K)->31252K(31424K) Class: 4159K(4352K)->4159K(4352K)
[2023-03-28T23:58:30.948+0800][3.663s] GC(6) Pause Young (Concurrent Start) (Metadata GC Threshold) 75M->29M(512M) 7.234ms
[2023-03-28T23:58:30.948+0800][3.663s] GC(6) User=0.00s Sys=0.00s Real=0.01s
[2023-03-28T23:58:30.948+0800][3.663s] GC(7) Concurrent Mark Cycle
[2023-03-28T23:58:30.948+0800][3.663s] GC(7) Concurrent Clear Claimed Marks
[2023-03-28T23:58:30.948+0800][3.663s] GC(7) Concurrent Clear Claimed Marks 0.033ms
[2023-03-28T23:58:30.948+0800][3.663s] GC(7) Concurrent Scan Root Regions
[2023-03-28T23:58:30.952+0800][3.667s] GC(7) Concurrent Scan Root Regions 3.865ms
[2023-03-28T23:58:30.952+0800][3.667s] GC(7) Concurrent Mark
[2023-03-28T23:58:30.952+0800][3.667s] GC(7) Concurrent Mark From Roots
[2023-03-28T23:58:30.952+0800][3.667s] GC(7) Using 2 workers of 2 for marking
[2023-03-28T23:58:30.959+0800][3.674s] GC(7) Concurrent Mark From Roots 6.419ms
[2023-03-28T23:58:30.959+0800][3.674s] GC(7) Concurrent Preclean
[2023-03-28T23:58:30.959+0800][3.674s] GC(7) Concurrent Preclean 0.107ms
[2023-03-28T23:58:30.959+0800][3.674s] GC(7) Pause Remark
[2023-03-28T23:58:30.960+0800][3.675s] GC(7) Pause Remark 34M->34M(512M) 1.366ms
[2023-03-28T23:58:30.960+0800][3.675s] GC(7) User=0.00s Sys=0.00s Real=0.00s
[2023-03-28T23:58:30.960+0800][3.675s] GC(7) Concurrent Mark 8.135ms
[2023-03-28T23:58:30.960+0800][3.675s] GC(7) Concurrent Rebuild Remembered Sets
[2023-03-28T23:58:30.964+0800][3.679s] GC(7) Concurrent Rebuild Remembered Sets 4.058ms
[2023-03-28T23:58:30.965+0800][3.680s] GC(7) Pause Cleanup
[2023-03-28T23:58:30.965+0800][3.680s] GC(7) Pause Cleanup 35M->35M(512M) 0.089ms
[2023-03-28T23:58:30.965+0800][3.680s] GC(7) User=0.00s Sys=0.00s Real=0.00s
[2023-03-28T23:58:30.965+0800][3.680s] GC(7) Concurrent Cleanup for Next Mark
[2023-03-28T23:58:30.966+0800][3.681s] GC(7) Concurrent Cleanup for Next Mark 0.836ms
[2023-03-28T23:58:30.966+0800][3.681s] GC(7) Concurrent Mark Cycle 17.397ms
[2023-03-28T23:58:31.707+0800][4.422s] GC(8) Pause Young (Normal) (G1 Evacuation Pause)
[2023-03-28T23:58:31.707+0800][4.423s] GC(8) Using 8 workers of 8 for evacuation
[2023-03-28T23:58:31.718+0800][4.433s] GC(8)   Pre Evacuate Collection Set: 0.0ms
[2023-03-28T23:58:31.718+0800][4.433s] GC(8)   Merge Heap Roots: 0.0ms
[2023-03-28T23:58:31.718+0800][4.434s] GC(8)   Evacuate Collection Set: 9.8ms
[2023-03-28T23:58:31.718+0800][4.434s] GC(8)   Post Evacuate Collection Set: 0.9ms
[2023-03-28T23:58:31.718+0800][4.434s] GC(8)   Other: 0.2ms
[2023-03-28T23:58:31.718+0800][4.434s] GC(8) Eden regions: 289->0(281)
[2023-03-28T23:58:31.718+0800][4.434s] GC(8) Survivor regions: 18->26(39)
[2023-03-28T23:58:31.718+0800][4.434s] GC(8) Old regions: 8->8
[2023-03-28T23:58:31.718+0800][4.434s] GC(8) Archive regions: 0->0
[2023-03-28T23:58:31.718+0800][4.434s] GC(8) Humongous regions: 4->4
[2023-03-28T23:58:31.718+0800][4.434s] GC(8) Metaspace: 43778K(44160K)->43778K(44160K) NonClass: 38568K(38784K)->38568K(38784K) Class: 5209K(5376K)->5209K(5376K)
[2023-03-28T23:58:31.718+0800][4.434s] GC(8) Pause Young (Normal) (G1 Evacuation Pause) 318M->37M(512M) 11.151ms
[2023-03-28T23:58:31.718+0800][4.434s] GC(8) User=0.00s Sys=0.00s Real=0.01s
[2023-03-29T00:01:24.693+0800][177.409s] GC(9) Pause Young (Normal) (G1 Evacuation Pause)
[2023-03-29T00:01:24.693+0800][177.409s] GC(9) Using 8 workers of 8 for evacuation
[2023-03-29T00:01:24.708+0800][177.423s] GC(9)   Pre Evacuate Collection Set: 0.1ms
[2023-03-29T00:01:24.708+0800][177.423s] GC(9)   Merge Heap Roots: 0.1ms
[2023-03-29T00:01:24.708+0800][177.423s] GC(9)   Evacuate Collection Set: 11.9ms
[2023-03-29T00:01:24.708+0800][177.423s] GC(9)   Post Evacuate Collection Set: 2.3ms
[2023-03-29T00:01:24.708+0800][177.423s] GC(9)   Other: 0.2ms
[2023-03-29T00:01:24.708+0800][177.423s] GC(9) Eden regions: 281->0(283)
[2023-03-29T00:01:24.708+0800][177.423s] GC(9) Survivor regions: 26->24(39)
[2023-03-29T00:01:24.708+0800][177.423s] GC(9) Old regions: 8->14
[2023-03-29T00:01:24.708+0800][177.423s] GC(9) Archive regions: 0->0
[2023-03-29T00:01:24.708+0800][177.423s] GC(9) Humongous regions: 4->4
[2023-03-29T00:01:24.708+0800][177.423s] GC(9) Metaspace: 48442K(48896K)->48442K(48896K) NonClass: 42641K(42880K)->42641K(42880K) Class: 5801K(6016K)->5801K(6016K)
[2023-03-29T00:01:24.708+0800][177.423s] GC(9) Pause Young (Normal) (G1 Evacuation Pause) 318M->41M(512M) 14.716ms
[2023-03-29T00:01:24.708+0800][177.423s] GC(9) User=0.06s Sys=0.00s Real=0.01s
[2023-03-29T00:27:54.300+0800][1767.015s] GC(10) Pause Young (Normal) (G1 Evacuation Pause)
[2023-03-29T00:27:54.300+0800][1767.016s] GC(10) Using 8 workers of 8 for evacuation
[2023-03-29T00:27:54.313+0800][1767.028s] GC(10)   Pre Evacuate Collection Set: 0.1ms
[2023-03-29T00:27:54.313+0800][1767.028s] GC(10)   Merge Heap Roots: 0.1ms
[2023-03-29T00:27:54.313+0800][1767.028s] GC(10)   Evacuate Collection Set: 11.0ms
[2023-03-29T00:27:54.313+0800][1767.028s] GC(10)   Post Evacuate Collection Set: 1.5ms
[2023-03-29T00:27:54.313+0800][1767.028s] GC(10)   Other: 0.3ms
[2023-03-29T00:27:54.313+0800][1767.029s] GC(10) Eden regions: 283->0(287)
[2023-03-29T00:27:54.313+0800][1767.029s] GC(10) Survivor regions: 24->20(39)
[2023-03-29T00:27:54.313+0800][1767.029s] GC(10) Old regions: 14->20
[2023-03-29T00:27:54.313+0800][1767.029s] GC(10) Archive regions: 0->0
[2023-03-29T00:27:54.313+0800][1767.029s] GC(10) Humongous regions: 4->4
[2023-03-29T00:27:54.313+0800][1767.029s] GC(10) Metaspace: 50323K(50752K)->50323K(50752K) NonClass: 44349K(44608K)->44349K(44608K) Class: 5974K(6144K)->5974K(6144K)
[2023-03-29T00:27:54.313+0800][1767.029s] GC(10) Pause Young (Normal) (G1 Evacuation Pause) 324M->43M(512M) 13.179ms
[2023-03-29T00:27:54.313+0800][1767.029s] GC(10) User=0.00s Sys=0.00s Real=0.01s
[2023-03-29T00:37:59.199+0800][2371.915s] GC(11) Pause Young (Normal) (G1 Evacuation Pause)
[2023-03-29T00:37:59.199+0800][2371.915s] GC(11) Using 8 workers of 8 for evacuation
[2023-03-29T00:37:59.208+0800][2371.924s] GC(11)   Pre Evacuate Collection Set: 0.1ms
[2023-03-29T00:37:59.208+0800][2371.924s] GC(11)   Merge Heap Roots: 0.0ms
[2023-03-29T00:37:59.208+0800][2371.924s] GC(11)   Evacuate Collection Set: 7.7ms
[2023-03-29T00:37:59.209+0800][2371.924s] GC(11)   Post Evacuate Collection Set: 1.1ms
[2023-03-29T00:37:59.209+0800][2371.924s] GC(11)   Other: 0.2ms
[2023-03-29T00:37:59.209+0800][2371.924s] GC(11) Eden regions: 287->0(285)
[2023-03-29T00:37:59.209+0800][2371.924s] GC(11) Survivor regions: 20->22(39)
[2023-03-29T00:37:59.209+0800][2371.924s] GC(11) Old regions: 20->20
[2023-03-29T00:37:59.209+0800][2371.924s] GC(11) Archive regions: 0->0
[2023-03-29T00:37:59.209+0800][2371.924s] GC(11) Humongous regions: 5->5
[2023-03-29T00:37:59.209+0800][2371.924s] GC(11) Metaspace: 52408K(52928K)->52408K(52928K) NonClass: 46279K(46528K)->46279K(46528K) Class: 6128K(6400K)->6128K(6400K)
[2023-03-29T00:37:59.209+0800][2371.924s] GC(11) Pause Young (Normal) (G1 Evacuation Pause) 331M->46M(512M) 9.186ms
[2023-03-29T00:37:59.209+0800][2371.924s] GC(11) User=0.11s Sys=0.00s Real=0.01s
[2023-03-29T00:38:00.329+0800][2373.044s] GC(12) Pause Young (Normal) (G1 Evacuation Pause)
[2023-03-29T00:38:00.329+0800][2373.044s] GC(12) Using 8 workers of 8 for evacuation
[2023-03-29T00:38:00.339+0800][2373.054s] GC(12)   Pre Evacuate Collection Set: 0.2ms
[2023-03-29T00:38:00.339+0800][2373.054s] GC(12)   Merge Heap Roots: 0.1ms
[2023-03-29T00:38:00.339+0800][2373.054s] GC(12)   Evacuate Collection Set: 8.3ms
[2023-03-29T00:38:00.339+0800][2373.054s] GC(12)   Post Evacuate Collection Set: 1.3ms
[2023-03-29T00:38:00.339+0800][2373.054s] GC(12)   Other: 0.2ms
[2023-03-29T00:38:00.339+0800][2373.054s] GC(12) Eden regions: 285->0(275)
[2023-03-29T00:38:00.339+0800][2373.054s] GC(12) Survivor regions: 22->32(39)
[2023-03-29T00:38:00.339+0800][2373.054s] GC(12) Old regions: 20->20
[2023-03-29T00:38:00.339+0800][2373.054s] GC(12) Archive regions: 0->0
[2023-03-29T00:38:00.339+0800][2373.054s] GC(12) Humongous regions: 24->14
[2023-03-29T00:38:00.339+0800][2373.054s] GC(12) Metaspace: 52492K(53056K)->52492K(53056K) NonClass: 46363K(46656K)->46363K(46656K) Class: 6129K(6400K)->6129K(6400K)
[2023-03-29T00:38:00.339+0800][2373.054s] GC(12) Pause Young (Normal) (G1 Evacuation Pause) 350M->65M(512M) 10.154ms
[2023-03-29T00:38:00.339+0800][2373.054s] GC(12) User=0.12s Sys=0.00s Real=0.01s
[2023-03-29T00:38:01.423+0800][2374.139s] GC(13) Pause Young (Normal) (G1 Evacuation Pause)
[2023-03-29T00:38:01.423+0800][2374.139s] GC(13) Using 8 workers of 8 for evacuation
[2023-03-29T00:38:01.435+0800][2374.151s] GC(13)   Pre Evacuate Collection Set: 0.1ms
[2023-03-29T00:38:01.435+0800][2374.151s] GC(13)   Merge Heap Roots: 0.1ms
[2023-03-29T00:38:01.435+0800][2374.151s] GC(13)   Evacuate Collection Set: 10.6ms
[2023-03-29T00:38:01.436+0800][2374.151s] GC(13)   Post Evacuate Collection Set: 1.3ms
[2023-03-29T00:38:01.436+0800][2374.151s] GC(13)   Other: 0.2ms
[2023-03-29T00:38:01.436+0800][2374.151s] GC(13) Eden regions: 275->0(273)
[2023-03-29T00:38:01.436+0800][2374.151s] GC(13) Survivor regions: 32->34(39)
[2023-03-29T00:38:01.436+0800][2374.151s] GC(13) Old regions: 20->31
[2023-03-29T00:38:01.436+0800][2374.151s] GC(13) Archive regions: 0->0
[2023-03-29T00:38:01.436+0800][2374.151s] GC(13) Humongous regions: 42->14
[2023-03-29T00:38:01.436+0800][2374.151s] GC(13) Metaspace: 52508K(53056K)->52508K(53056K) NonClass: 46378K(46656K)->46378K(46656K) Class: 6129K(6400K)->6129K(6400K)
[2023-03-29T00:38:01.436+0800][2374.151s] GC(13) Pause Young (Normal) (G1 Evacuation Pause) 368M->78M(512M) 12.500ms
[2023-03-29T00:38:01.436+0800][2374.151s] GC(13) User=0.09s Sys=0.02s Real=0.01s
[2023-03-29T00:38:02.563+0800][2375.279s] GC(14) Pause Young (Normal) (G1 Evacuation Pause)
[2023-03-29T00:38:02.563+0800][2375.279s] GC(14) Using 8 workers of 8 for evacuation
[2023-03-29T00:38:02.573+0800][2375.289s] GC(14)   Pre Evacuate Collection Set: 0.1ms
[2023-03-29T00:38:02.573+0800][2375.289s] GC(14)   Merge Heap Roots: 0.1ms
[2023-03-29T00:38:02.573+0800][2375.289s] GC(14)   Evacuate Collection Set: 8.9ms
[2023-03-29T00:38:02.573+0800][2375.289s] GC(14)   Post Evacuate Collection Set: 0.7ms
[2023-03-29T00:38:02.573+0800][2375.289s] GC(14)   Other: 0.2ms
[2023-03-29T00:38:02.573+0800][2375.289s] GC(14) Eden regions: 273->0(279)
[2023-03-29T00:38:02.573+0800][2375.289s] GC(14) Survivor regions: 34->28(39)
[2023-03-29T00:38:02.573+0800][2375.289s] GC(14) Old regions: 31->49
[2023-03-29T00:38:02.573+0800][2375.289s] GC(14) Archive regions: 0->0
[2023-03-29T00:38:02.573+0800][2375.289s] GC(14) Humongous regions: 47->23
[2023-03-29T00:38:02.573+0800][2375.289s] GC(14) Metaspace: 52514K(53056K)->52514K(53056K) NonClass: 46385K(46656K)->46385K(46656K) Class: 6129K(6400K)->6129K(6400K)
[2023-03-29T00:38:02.573+0800][2375.289s] GC(14) Pause Young (Normal) (G1 Evacuation Pause) 384M->99M(512M) 10.040ms
[2023-03-29T00:38:02.573+0800][2375.289s] GC(14) User=0.11s Sys=0.00s Real=0.01s
[2023-03-29T00:38:03.438+0800][2376.153s] GC(15) Pause Young (Normal) (G1 Evacuation Pause)
[2023-03-29T00:38:03.438+0800][2376.153s] GC(15) Using 8 workers of 8 for evacuation
[2023-03-29T00:38:03.445+0800][2376.161s] GC(15)   Pre Evacuate Collection Set: 0.2ms
[2023-03-29T00:38:03.445+0800][2376.161s] GC(15)   Merge Heap Roots: 0.1ms
[2023-03-29T00:38:03.445+0800][2376.161s] GC(15)   Evacuate Collection Set: 7.0ms
[2023-03-29T00:38:03.445+0800][2376.161s] GC(15)   Post Evacuate Collection Set: 0.6ms
[2023-03-29T00:38:03.445+0800][2376.161s] GC(15)   Other: 0.2ms
[2023-03-29T00:38:03.445+0800][2376.161s] GC(15) Eden regions: 279->0(279)
[2023-03-29T00:38:03.445+0800][2376.161s] GC(15) Survivor regions: 28->28(39)
[2023-03-29T00:38:03.445+0800][2376.161s] GC(15) Old regions: 49->60
[2023-03-29T00:38:03.445+0800][2376.161s] GC(15) Archive regions: 0->0
[2023-03-29T00:38:03.445+0800][2376.161s] GC(15) Humongous regions: 37->23
[2023-03-29T00:38:03.445+0800][2376.161s] GC(15) Metaspace: 52515K(53056K)->52515K(53056K) NonClass: 46385K(46656K)->46385K(46656K) Class: 6129K(6400K)->6129K(6400K)
[2023-03-29T00:38:03.445+0800][2376.161s] GC(15) Pause Young (Normal) (G1 Evacuation Pause) 392M->110M(512M) 8.157ms
[2023-03-29T00:38:03.445+0800][2376.161s] GC(15) User=0.11s Sys=0.02s Real=0.01s
[2023-03-29T00:38:04.272+0800][2376.987s] GC(16) Pause Young (Normal) (G1 Evacuation Pause)
[2023-03-29T00:38:04.272+0800][2376.987s] GC(16) Using 8 workers of 8 for evacuation
[2023-03-29T00:38:04.280+0800][2376.995s] GC(16)   Pre Evacuate Collection Set: 0.2ms
[2023-03-29T00:38:04.280+0800][2376.995s] GC(16)   Merge Heap Roots: 0.1ms
[2023-03-29T00:38:04.280+0800][2376.995s] GC(16)   Evacuate Collection Set: 7.3ms
[2023-03-29T00:38:04.280+0800][2376.995s] GC(16)   Post Evacuate Collection Set: 0.7ms
[2023-03-29T00:38:04.280+0800][2376.995s] GC(16)   Other: 0.2ms
[2023-03-29T00:38:04.280+0800][2376.995s] GC(16) Eden regions: 279->0(280)
[2023-03-29T00:38:04.280+0800][2376.995s] GC(16) Survivor regions: 28->27(39)
[2023-03-29T00:38:04.280+0800][2376.995s] GC(16) Old regions: 60->71
[2023-03-29T00:38:04.280+0800][2376.995s] GC(16) Archive regions: 0->0
[2023-03-29T00:38:04.280+0800][2376.995s] GC(16) Humongous regions: 37->23
[2023-03-29T00:38:04.280+0800][2376.995s] GC(16) Metaspace: 52519K(53056K)->52519K(53056K) NonClass: 46389K(46656K)->46389K(46656K) Class: 6129K(6400K)->6129K(6400K)
[2023-03-29T00:38:04.280+0800][2376.995s] GC(16) Pause Young (Normal) (G1 Evacuation Pause) 403M->120M(512M) 8.651ms
[2023-03-29T00:38:04.280+0800][2376.995s] GC(16) User=0.00s Sys=0.00s Real=0.01s
[2023-03-29T00:38:06.173+0800][2378.888s] GC(17) Pause Young (Normal) (G1 Evacuation Pause)
[2023-03-29T00:38:06.173+0800][2378.888s] GC(17) Using 8 workers of 8 for evacuation
[2023-03-29T00:38:06.181+0800][2378.896s] GC(17)   Pre Evacuate Collection Set: 0.1ms
[2023-03-29T00:38:06.181+0800][2378.896s] GC(17)   Merge Heap Roots: 0.1ms
[2023-03-29T00:38:06.181+0800][2378.896s] GC(17)   Evacuate Collection Set: 7.1ms
[2023-03-29T00:38:06.181+0800][2378.896s] GC(17)   Post Evacuate Collection Set: 0.7ms
[2023-03-29T00:38:06.181+0800][2378.896s] GC(17)   Other: 0.2ms
[2023-03-29T00:38:06.181+0800][2378.896s] GC(17) Eden regions: 280->0(287)
[2023-03-29T00:38:06.181+0800][2378.896s] GC(17) Survivor regions: 27->20(39)
[2023-03-29T00:38:06.181+0800][2378.897s] GC(17) Old regions: 71->82
[2023-03-29T00:38:06.181+0800][2378.897s] GC(17) Archive regions: 0->0
[2023-03-29T00:38:06.181+0800][2378.897s] GC(17) Humongous regions: 23->23
[2023-03-29T00:38:06.181+0800][2378.897s] GC(17) Metaspace: 53238K(53824K)->53238K(53824K) NonClass: 47060K(47360K)->47060K(47360K) Class: 6178K(6464K)->6178K(6464K)
[2023-03-29T00:38:06.181+0800][2378.897s] GC(17) Pause Young (Normal) (G1 Evacuation Pause) 400M->123M(512M) 8.390ms
[2023-03-29T00:38:06.182+0800][2378.897s] GC(17) User=0.09s Sys=0.00s Real=0.01s
[2023-03-29T00:38:07.929+0800][2380.644s] GC(18) Pause Young (Normal) (G1 Evacuation Pause)
[2023-03-29T00:38:07.929+0800][2380.644s] GC(18) Using 8 workers of 8 for evacuation
[2023-03-29T00:38:07.933+0800][2380.649s] GC(18)   Pre Evacuate Collection Set: 0.1ms
[2023-03-29T00:38:07.933+0800][2380.649s] GC(18)   Merge Heap Roots: 0.1ms
[2023-03-29T00:38:07.933+0800][2380.649s] GC(18)   Evacuate Collection Set: 3.2ms
[2023-03-29T00:38:07.933+0800][2380.649s] GC(18)   Post Evacuate Collection Set: 0.7ms
[2023-03-29T00:38:07.933+0800][2380.649s] GC(18)   Other: 0.2ms
[2023-03-29T00:38:07.933+0800][2380.649s] GC(18) Eden regions: 287->0(287)
[2023-03-29T00:38:07.933+0800][2380.649s] GC(18) Survivor regions: 20->20(39)
[2023-03-29T00:38:07.933+0800][2380.649s] GC(18) Old regions: 82->82
[2023-03-29T00:38:07.933+0800][2380.649s] GC(18) Archive regions: 0->0
[2023-03-29T00:38:07.933+0800][2380.649s] GC(18) Humongous regions: 23->23
[2023-03-29T00:38:07.933+0800][2380.649s] GC(18) Metaspace: 53300K(53824K)->53300K(53824K) NonClass: 47118K(47360K)->47118K(47360K) Class: 6182K(6464K)->6182K(6464K)
[2023-03-29T00:38:07.933+0800][2380.649s] GC(18) Pause Young (Normal) (G1 Evacuation Pause) 410M->123M(512M) 4.381ms
[2023-03-29T00:38:07.934+0800][2380.649s] GC(18) User=0.00s Sys=0.00s Real=0.01s
[2023-03-29T00:38:16.036+0800][2388.752s] GC(19) Pause Young (Normal) (G1 Evacuation Pause)
[2023-03-29T00:38:16.036+0800][2388.752s] GC(19) Using 8 workers of 8 for evacuation
[2023-03-29T00:38:16.042+0800][2388.757s] GC(19)   Pre Evacuate Collection Set: 0.2ms
[2023-03-29T00:38:16.042+0800][2388.757s] GC(19)   Merge Heap Roots: 0.2ms
[2023-03-29T00:38:16.042+0800][2388.757s] GC(19)   Evacuate Collection Set: 3.6ms
[2023-03-29T00:38:16.042+0800][2388.757s] GC(19)   Post Evacuate Collection Set: 1.0ms
[2023-03-29T00:38:16.042+0800][2388.757s] GC(19)   Other: 0.1ms
[2023-03-29T00:38:16.042+0800][2388.757s] GC(19) Eden regions: 287->0(287)
[2023-03-29T00:38:16.042+0800][2388.757s] GC(19) Survivor regions: 20->20(39)
[2023-03-29T00:38:16.042+0800][2388.757s] GC(19) Old regions: 82->82
[2023-03-29T00:38:16.042+0800][2388.757s] GC(19) Archive regions: 0->0
[2023-03-29T00:38:16.042+0800][2388.757s] GC(19) Humongous regions: 23->23
[2023-03-29T00:38:16.042+0800][2388.757s] GC(19) Metaspace: 53385K(53888K)->53385K(53888K) NonClass: 47202K(47424K)->47202K(47424K) Class: 6183K(6464K)->6183K(6464K)
[2023-03-29T00:38:16.042+0800][2388.757s] GC(19) Pause Young (Normal) (G1 Evacuation Pause) 410M->123M(512M) 5.265ms
[2023-03-29T00:38:16.042+0800][2388.757s] GC(19) User=0.00s Sys=0.00s Real=0.01s
[2023-03-29T00:57:11.693+0800][3524.409s] GC(20) Pause Young (Normal) (G1 Evacuation Pause)
[2023-03-29T00:57:11.693+0800][3524.409s] GC(20) Using 8 workers of 8 for evacuation
[2023-03-29T00:57:11.700+0800][3524.416s] GC(20)   Pre Evacuate Collection Set: 0.1ms
[2023-03-29T00:57:11.700+0800][3524.416s] GC(20)   Merge Heap Roots: 0.1ms
[2023-03-29T00:57:11.700+0800][3524.416s] GC(20)   Evacuate Collection Set: 6.2ms
[2023-03-29T00:57:11.700+0800][3524.416s] GC(20)   Post Evacuate Collection Set: 0.5ms
[2023-03-29T00:57:11.700+0800][3524.416s] GC(20)   Other: 0.2ms
[2023-03-29T00:57:11.700+0800][3524.416s] GC(20) Eden regions: 287->0(282)
[2023-03-29T00:57:11.700+0800][3524.416s] GC(20) Survivor regions: 20->25(39)
[2023-03-29T00:57:11.700+0800][3524.416s] GC(20) Old regions: 82->82
[2023-03-29T00:57:11.700+0800][3524.416s] GC(20) Archive regions: 0->0
[2023-03-29T00:57:11.700+0800][3524.416s] GC(20) Humongous regions: 24->24
[2023-03-29T00:57:11.700+0800][3524.416s] GC(20) Metaspace: 54164K(54784K)->54164K(54784K) NonClass: 47940K(48256K)->47940K(48256K) Class: 6224K(6528K)->6224K(6528K)
[2023-03-29T00:57:11.700+0800][3524.416s] GC(20) Pause Young (Normal) (G1 Evacuation Pause) 411M->129M(512M) 7.120ms
[2023-03-29T00:57:11.700+0800][3524.416s] GC(20) User=0.00s Sys=0.00s Real=0.01s
[2023-03-29T00:57:12.622+0800][3525.337s] GC(21) Pause Young (Normal) (G1 Evacuation Pause)
[2023-03-29T00:57:12.622+0800][3525.337s] GC(21) Using 8 workers of 8 for evacuation
[2023-03-29T00:57:12.631+0800][3525.346s] GC(21)   Pre Evacuate Collection Set: 0.2ms
[2023-03-29T00:57:12.631+0800][3525.346s] GC(21)   Merge Heap Roots: 0.1ms
[2023-03-29T00:57:12.631+0800][3525.346s] GC(21)   Evacuate Collection Set: 7.5ms
[2023-03-29T00:57:12.631+0800][3525.346s] GC(21)   Post Evacuate Collection Set: 0.8ms
[2023-03-29T00:57:12.631+0800][3525.346s] GC(21)   Other: 0.1ms
[2023-03-29T00:57:12.631+0800][3525.346s] GC(21) Eden regions: 282->0(280)
[2023-03-29T00:57:12.631+0800][3525.346s] GC(21) Survivor regions: 25->22(39)
[2023-03-29T00:57:12.631+0800][3525.346s] GC(21) Old regions: 82->95
[2023-03-29T00:57:12.631+0800][3525.346s] GC(21) Archive regions: 0->0
[2023-03-29T00:57:12.631+0800][3525.346s] GC(21) Humongous regions: 43->33
[2023-03-29T00:57:12.631+0800][3525.346s] GC(21) Metaspace: 54164K(54784K)->54164K(54784K) NonClass: 47940K(48256K)->47940K(48256K) Class: 6224K(6528K)->6224K(6528K)
[2023-03-29T00:57:12.631+0800][3525.346s] GC(21) Pause Young (Normal) (G1 Evacuation Pause) 430M->149M(512M) 8.783ms
[2023-03-29T00:57:12.631+0800][3525.346s] GC(21) User=0.09s Sys=0.02s Real=0.01s
[2023-03-29T00:57:13.478+0800][3526.193s] GC(22) Pause Young (Normal) (G1 Evacuation Pause)
[2023-03-29T00:57:13.478+0800][3526.193s] GC(22) Using 8 workers of 8 for evacuation
[2023-03-29T00:57:13.485+0800][3526.200s] GC(22)   Pre Evacuate Collection Set: 0.1ms
[2023-03-29T00:57:13.485+0800][3526.200s] GC(22)   Merge Heap Roots: 0.1ms
[2023-03-29T00:57:13.485+0800][3526.200s] GC(22)   Evacuate Collection Set: 6.4ms
[2023-03-29T00:57:13.485+0800][3526.200s] GC(22)   Post Evacuate Collection Set: 0.8ms
[2023-03-29T00:57:13.485+0800][3526.201s] GC(22)   Other: 0.3ms
[2023-03-29T00:57:13.485+0800][3526.201s] GC(22) Eden regions: 280->0(264)
[2023-03-29T00:57:13.486+0800][3526.201s] GC(22) Survivor regions: 22->33(38)
[2023-03-29T00:57:13.486+0800][3526.201s] GC(22) Old regions: 95->97
[2023-03-29T00:57:13.486+0800][3526.201s] GC(22) Archive regions: 0->0
[2023-03-29T00:57:13.486+0800][3526.201s] GC(22) Humongous regions: 54->33
[2023-03-29T00:57:13.486+0800][3526.201s] GC(22) Metaspace: 54165K(54784K)->54165K(54784K) NonClass: 47940K(48256K)->47940K(48256K) Class: 6224K(6528K)->6224K(6528K)
[2023-03-29T00:57:13.486+0800][3526.201s] GC(22) Pause Young (Normal) (G1 Evacuation Pause) 450M->162M(512M) 7.928ms
[2023-03-29T00:57:13.486+0800][3526.201s] GC(22) User=0.00s Sys=0.00s Real=0.01s
[2023-03-29T00:57:14.348+0800][3527.064s] GC(23) Pause Young (Normal) (G1 Evacuation Pause)
[2023-03-29T00:57:14.348+0800][3527.064s] GC(23) Using 8 workers of 8 for evacuation
[2023-03-29T00:57:14.357+0800][3527.072s] GC(23)   Pre Evacuate Collection Set: 0.1ms
[2023-03-29T00:57:14.357+0800][3527.072s] GC(23)   Merge Heap Roots: 0.1ms
[2023-03-29T00:57:14.357+0800][3527.072s] GC(23)   Evacuate Collection Set: 7.9ms
[2023-03-29T00:57:14.357+0800][3527.072s] GC(23)   Post Evacuate Collection Set: 0.5ms
[2023-03-29T00:57:14.357+0800][3527.072s] GC(23)   Other: 0.2ms
[2023-03-29T00:57:14.357+0800][3527.072s] GC(23) Eden regions: 264->0(243)
[2023-03-29T00:57:14.357+0800][3527.072s] GC(23) Survivor regions: 33->28(38)
[2023-03-29T00:57:14.357+0800][3527.072s] GC(23) Old regions: 97->113
[2023-03-29T00:57:14.357+0800][3527.072s] GC(23) Archive regions: 0->0
[2023-03-29T00:57:14.357+0800][3527.072s] GC(23) Humongous regions: 73->42
[2023-03-29T00:57:14.357+0800][3527.072s] GC(23) Metaspace: 54166K(54784K)->54166K(54784K) NonClass: 47941K(48256K)->47941K(48256K) Class: 6224K(6528K)->6224K(6528K)
[2023-03-29T00:57:14.357+0800][3527.072s] GC(23) Pause Young (Normal) (G1 Evacuation Pause) 466M->182M(512M) 8.899ms
[2023-03-29T00:57:14.357+0800][3527.072s] GC(23) User=0.00s Sys=0.00s Real=0.01s
[2023-03-29T00:57:15.297+0800][3528.012s] GC(24) Pause Young (Normal) (G1 Evacuation Pause)
[2023-03-29T00:57:15.297+0800][3528.012s] GC(24) Using 8 workers of 8 for evacuation
[2023-03-29T00:57:15.304+0800][3528.019s] GC(24)   Pre Evacuate Collection Set: 0.1ms
[2023-03-29T00:57:15.304+0800][3528.019s] GC(24)   Merge Heap Roots: 0.2ms
[2023-03-29T00:57:15.304+0800][3528.019s] GC(24)   Evacuate Collection Set: 5.9ms
[2023-03-29T00:57:15.304+0800][3528.019s] GC(24)   Post Evacuate Collection Set: 0.5ms
[2023-03-29T00:57:15.304+0800][3528.019s] GC(24)   Other: 0.2ms
[2023-03-29T00:57:15.304+0800][3528.019s] GC(24) Eden regions: 243->0(234)
[2023-03-29T00:57:15.304+0800][3528.019s] GC(24) Survivor regions: 28->25(34)
[2023-03-29T00:57:15.304+0800][3528.019s] GC(24) Old regions: 113->125
[2023-03-29T00:57:15.304+0800][3528.019s] GC(24) Archive regions: 0->0
[2023-03-29T00:57:15.304+0800][3528.019s] GC(24) Humongous regions: 56->42
[2023-03-29T00:57:15.304+0800][3528.019s] GC(24) Metaspace: 54166K(54784K)->54166K(54784K) NonClass: 47941K(48256K)->47941K(48256K) Class: 6224K(6528K)->6224K(6528K)
[2023-03-29T00:57:15.304+0800][3528.019s] GC(24) Pause Young (Normal) (G1 Evacuation Pause) 439M->191M(512M) 7.046ms
[2023-03-29T00:57:15.304+0800][3528.019s] GC(24) User=0.12s Sys=0.00s Real=0.01s
[2023-03-29T00:57:16.060+0800][3528.775s] GC(25) Pause Young (Normal) (G1 Evacuation Pause)
[2023-03-29T00:57:16.060+0800][3528.775s] GC(25) Using 8 workers of 8 for evacuation
[2023-03-29T00:57:16.067+0800][3528.783s] GC(25)   Pre Evacuate Collection Set: 0.2ms
[2023-03-29T00:57:16.067+0800][3528.783s] GC(25)   Merge Heap Roots: 0.2ms
[2023-03-29T00:57:16.067+0800][3528.783s] GC(25)   Evacuate Collection Set: 6.3ms
[2023-03-29T00:57:16.067+0800][3528.783s] GC(25)   Post Evacuate Collection Set: 0.6ms
[2023-03-29T00:57:16.067+0800][3528.783s] GC(25)   Other: 0.2ms
[2023-03-29T00:57:16.067+0800][3528.783s] GC(25) Eden regions: 234->0(223)
[2023-03-29T00:57:16.067+0800][3528.783s] GC(25) Survivor regions: 25->25(33)
[2023-03-29T00:57:16.067+0800][3528.783s] GC(25) Old regions: 125->135
[2023-03-29T00:57:16.067+0800][3528.783s] GC(25) Archive regions: 0->0
[2023-03-29T00:57:16.067+0800][3528.783s] GC(25) Humongous regions: 56->42
[2023-03-29T00:57:16.067+0800][3528.783s] GC(25) Metaspace: 54166K(54784K)->54166K(54784K) NonClass: 47941K(48256K)->47941K(48256K) Class: 6224K(6528K)->6224K(6528K)
[2023-03-29T00:57:16.067+0800][3528.783s] GC(25) Pause Young (Normal) (G1 Evacuation Pause) 439M->201M(512M) 7.507ms
[2023-03-29T00:57:16.067+0800][3528.783s] GC(25) User=0.11s Sys=0.00s Real=0.01s
[2023-03-29T00:57:17.219+0800][3529.935s] GC(26) Pause Young (Normal) (G1 Evacuation Pause)
[2023-03-29T00:57:17.219+0800][3529.935s] GC(26) Using 8 workers of 8 for evacuation
[2023-03-29T00:57:17.226+0800][3529.941s] GC(26)   Pre Evacuate Collection Set: 0.1ms
[2023-03-29T00:57:17.226+0800][3529.942s] GC(26)   Merge Heap Roots: 0.1ms
[2023-03-29T00:57:17.226+0800][3529.942s] GC(26)   Evacuate Collection Set: 5.7ms
[2023-03-29T00:57:17.226+0800][3529.942s] GC(26)   Post Evacuate Collection Set: 0.7ms
[2023-03-29T00:57:17.226+0800][3529.942s] GC(26)   Other: 0.2ms
[2023-03-29T00:57:17.226+0800][3529.942s] GC(26) Eden regions: 223->0(217)
[2023-03-29T00:57:17.226+0800][3529.942s] GC(26) Survivor regions: 25->23(31)
[2023-03-29T00:57:17.226+0800][3529.942s] GC(26) Old regions: 135->144
[2023-03-29T00:57:17.226+0800][3529.942s] GC(26) Archive regions: 0->0
[2023-03-29T00:57:17.226+0800][3529.942s] GC(26) Humongous regions: 42->42
[2023-03-29T00:57:17.226+0800][3529.942s] GC(26) Metaspace: 54189K(54784K)->54189K(54784K) NonClass: 47965K(48256K)->47965K(48256K) Class: 6224K(6528K)->6224K(6528K)
[2023-03-29T00:57:17.226+0800][3529.942s] GC(26) Pause Young (Normal) (G1 Evacuation Pause) 424M->208M(512M) 6.870ms
[2023-03-29T00:57:17.226+0800][3529.942s] GC(26) User=0.12s Sys=0.00s Real=0.01s
[2023-03-29T00:57:17.639+0800][3530.355s] GC(27) Pause Young (Normal) (G1 Evacuation Pause)
[2023-03-29T00:57:17.639+0800][3530.355s] GC(27) Using 8 workers of 8 for evacuation
[2023-03-29T00:57:17.644+0800][3530.359s] GC(27)   Pre Evacuate Collection Set: 0.2ms
[2023-03-29T00:57:17.644+0800][3530.359s] GC(27)   Merge Heap Roots: 0.1ms
[2023-03-29T00:57:17.644+0800][3530.359s] GC(27)   Evacuate Collection Set: 3.7ms
[2023-03-29T00:57:17.644+0800][3530.359s] GC(27)   Post Evacuate Collection Set: 0.4ms
[2023-03-29T00:57:17.644+0800][3530.359s] GC(27)   Other: 0.1ms
[2023-03-29T00:57:17.644+0800][3530.359s] GC(27) Eden regions: 217->0(223)
[2023-03-29T00:57:17.644+0800][3530.359s] GC(27) Survivor regions: 23->12(30)
[2023-03-29T00:57:17.644+0800][3530.359s] GC(27) Old regions: 144->155
[2023-03-29T00:57:17.644+0800][3530.359s] GC(27) Archive regions: 0->0
[2023-03-29T00:57:17.644+0800][3530.359s] GC(27) Humongous regions: 42->42
[2023-03-29T00:57:17.644+0800][3530.359s] GC(27) Metaspace: 54189K(54784K)->54189K(54784K) NonClass: 47965K(48256K)->47965K(48256K) Class: 6224K(6528K)->6224K(6528K)
[2023-03-29T00:57:17.644+0800][3530.359s] GC(27) Pause Young (Normal) (G1 Evacuation Pause) 425M->207M(512M) 4.632ms
[2023-03-29T00:57:17.644+0800][3530.359s] GC(27) User=0.12s Sys=0.00s Real=0.01s
[2023-03-29T00:57:19.245+0800][3531.960s] GC(28) Pause Young (Normal) (G1 Evacuation Pause)
[2023-03-29T00:57:19.245+0800][3531.960s] GC(28) Using 8 workers of 8 for evacuation
[2023-03-29T00:57:19.248+0800][3531.963s] GC(28)   Pre Evacuate Collection Set: 0.1ms
[2023-03-29T00:57:19.248+0800][3531.963s] GC(28)   Merge Heap Roots: 0.1ms
[2023-03-29T00:57:19.248+0800][3531.963s] GC(28)   Evacuate Collection Set: 2.1ms
[2023-03-29T00:57:19.248+0800][3531.963s] GC(28)   Post Evacuate Collection Set: 0.6ms
[2023-03-29T00:57:19.248+0800][3531.963s] GC(28)   Other: 0.1ms
[2023-03-29T00:57:19.248+0800][3531.963s] GC(28) Eden regions: 223->0(230)
[2023-03-29T00:57:19.248+0800][3531.963s] GC(28) Survivor regions: 12->10(30)
[2023-03-29T00:57:19.248+0800][3531.963s] GC(28) Old regions: 155->155
[2023-03-29T00:57:19.248+0800][3531.963s] GC(28) Archive regions: 0->0
[2023-03-29T00:57:19.248+0800][3531.963s] GC(28) Humongous regions: 42->42
[2023-03-29T00:57:19.248+0800][3531.963s] GC(28) Metaspace: 54193K(54784K)->54193K(54784K) NonClass: 47969K(48256K)->47969K(48256K) Class: 6224K(6528K)->6224K(6528K)
[2023-03-29T00:57:19.248+0800][3531.963s] GC(28) Pause Young (Normal) (G1 Evacuation Pause) 430M->206M(512M) 3.175ms
[2023-03-29T00:57:19.248+0800][3531.963s] GC(28) User=0.00s Sys=0.00s Real=0.00s
[2023-03-29T00:57:54.909+0800][3567.625s] GC(29) Pause Young (Normal) (G1 Evacuation Pause)
[2023-03-29T00:57:54.909+0800][3567.625s] GC(29) Using 8 workers of 8 for evacuation
[2023-03-29T00:57:54.913+0800][3567.628s] GC(29)   Pre Evacuate Collection Set: 0.2ms
[2023-03-29T00:57:54.913+0800][3567.628s] GC(29)   Merge Heap Roots: 0.1ms
[2023-03-29T00:57:54.913+0800][3567.628s] GC(29)   Evacuate Collection Set: 2.3ms
[2023-03-29T00:57:54.913+0800][3567.628s] GC(29)   Post Evacuate Collection Set: 0.7ms
[2023-03-29T00:57:54.913+0800][3567.628s] GC(29)   Other: 0.1ms
[2023-03-29T00:57:54.913+0800][3567.628s] GC(29) Eden regions: 230->0(232)
[2023-03-29T00:57:54.913+0800][3567.628s] GC(29) Survivor regions: 10->11(30)
[2023-03-29T00:57:54.913+0800][3567.628s] GC(29) Old regions: 155->155
[2023-03-29T00:57:54.913+0800][3567.628s] GC(29) Archive regions: 0->0
[2023-03-29T00:57:54.913+0800][3567.628s] GC(29) Humongous regions: 42->42
[2023-03-29T00:57:54.913+0800][3567.628s] GC(29) Metaspace: 54204K(54784K)->54204K(54784K) NonClass: 47979K(48256K)->47979K(48256K) Class: 6224K(6528K)->6224K(6528K)
[2023-03-29T00:57:54.913+0800][3567.628s] GC(29) Pause Young (Normal) (G1 Evacuation Pause) 436M->207M(512M) 3.566ms
[2023-03-29T00:57:54.913+0800][3567.628s] GC(29) User=0.00s Sys=0.00s Real=0.00s
[2023-03-29T00:58:41.147+0800][3613.863s] GC(30) Pause Young (Normal) (G1 Evacuation Pause)
[2023-03-29T00:58:41.147+0800][3613.863s] GC(30) Using 8 workers of 8 for evacuation
[2023-03-29T00:58:41.151+0800][3613.866s] GC(30)   Pre Evacuate Collection Set: 0.2ms
[2023-03-29T00:58:41.151+0800][3613.866s] GC(30)   Merge Heap Roots: 0.1ms
[2023-03-29T00:58:41.151+0800][3613.866s] GC(30)   Evacuate Collection Set: 2.5ms
[2023-03-29T00:58:41.151+0800][3613.866s] GC(30)   Post Evacuate Collection Set: 0.6ms
[2023-03-29T00:58:41.151+0800][3613.866s] GC(30)   Other: 0.1ms
[2023-03-29T00:58:41.151+0800][3613.866s] GC(30) Eden regions: 232->0(233)
[2023-03-29T00:58:41.151+0800][3613.866s] GC(30) Survivor regions: 11->12(31)
[2023-03-29T00:58:41.151+0800][3613.867s] GC(30) Old regions: 155->155
[2023-03-29T00:58:41.151+0800][3613.867s] GC(30) Archive regions: 0->0
[2023-03-29T00:58:41.151+0800][3613.867s] GC(30) Humongous regions: 42->42
[2023-03-29T00:58:41.151+0800][3613.867s] GC(30) Metaspace: 54349K(54912K)->54349K(54912K) NonClass: 48121K(48384K)->48121K(48384K) Class: 6227K(6528K)->6227K(6528K)
[2023-03-29T00:58:41.151+0800][3613.867s] GC(30) Pause Young (Normal) (G1 Evacuation Pause) 439M->208M(512M) 3.762ms
[2023-03-29T00:58:41.151+0800][3613.867s] GC(30) User=0.00s Sys=0.00s Real=0.00s
[2023-03-29T00:58:42.160+0800][3614.876s] GC(31) Pause Young (Normal) (G1 Evacuation Pause)
[2023-03-29T00:58:42.160+0800][3614.876s] GC(31) Using 8 workers of 8 for evacuation
[2023-03-29T00:58:42.163+0800][3614.879s] GC(31)   Pre Evacuate Collection Set: 0.1ms
[2023-03-29T00:58:42.164+0800][3614.879s] GC(31)   Merge Heap Roots: 0.1ms
[2023-03-29T00:58:42.164+0800][3614.879s] GC(31)   Evacuate Collection Set: 2.6ms
[2023-03-29T00:58:42.164+0800][3614.879s] GC(31)   Post Evacuate Collection Set: 0.5ms
[2023-03-29T00:58:42.164+0800][3614.879s] GC(31)   Other: 0.1ms
[2023-03-29T00:58:42.164+0800][3614.879s] GC(31) Eden regions: 233->0(235)
[2023-03-29T00:58:42.164+0800][3614.879s] GC(31) Survivor regions: 12->12(31)
[2023-03-29T00:58:42.164+0800][3614.879s] GC(31) Old regions: 155->155
[2023-03-29T00:58:42.164+0800][3614.879s] GC(31) Archive regions: 0->0
[2023-03-29T00:58:42.164+0800][3614.879s] GC(31) Humongous regions: 42->42
[2023-03-29T00:58:42.164+0800][3614.879s] GC(31) Metaspace: 54353K(54912K)->54353K(54912K) NonClass: 48125K(48384K)->48125K(48384K) Class: 6227K(6528K)->6227K(6528K)
[2023-03-29T00:58:42.164+0800][3614.879s] GC(31) Pause Young (Normal) (G1 Evacuation Pause) 441M->208M(512M) 3.511ms
[2023-03-29T00:58:42.164+0800][3614.879s] GC(31) User=0.00s Sys=0.00s Real=0.00s
[2023-03-29T00:58:42.716+0800][3615.431s] GC(32) Pause Young (Normal) (G1 Evacuation Pause)
[2023-03-29T00:58:42.716+0800][3615.431s] GC(32) Using 8 workers of 8 for evacuation
[2023-03-29T00:58:42.719+0800][3615.434s] GC(32)   Pre Evacuate Collection Set: 0.2ms
[2023-03-29T00:58:42.719+0800][3615.434s] GC(32)   Merge Heap Roots: 0.1ms
[2023-03-29T00:58:42.719+0800][3615.434s] GC(32)   Evacuate Collection Set: 2.5ms
[2023-03-29T00:58:42.719+0800][3615.435s] GC(32)   Post Evacuate Collection Set: 0.8ms
[2023-03-29T00:58:42.719+0800][3615.435s] GC(32)   Other: 0.1ms
[2023-03-29T00:58:42.719+0800][3615.435s] GC(32) Eden regions: 235->0(236)
[2023-03-29T00:58:42.719+0800][3615.435s] GC(32) Survivor regions: 12->12(31)
[2023-03-29T00:58:42.719+0800][3615.435s] GC(32) Old regions: 155->155
[2023-03-29T00:58:42.719+0800][3615.435s] GC(32) Archive regions: 0->0
[2023-03-29T00:58:42.719+0800][3615.435s] GC(32) Humongous regions: 42->42
[2023-03-29T00:58:42.719+0800][3615.435s] GC(32) Metaspace: 54365K(54912K)->54365K(54912K) NonClass: 48137K(48384K)->48137K(48384K) Class: 6228K(6528K)->6228K(6528K)
[2023-03-29T00:58:42.719+0800][3615.435s] GC(32) Pause Young (Normal) (G1 Evacuation Pause) 443M->208M(512M) 3.781ms
[2023-03-29T00:58:42.719+0800][3615.435s] GC(32) User=0.00s Sys=0.00s Real=0.00s
[2023-03-29T00:59:35.608+0800][3668.323s] Heap
[2023-03-29T00:59:35.608+0800][3668.323s]  garbage-first heap   total 524288K, used 296090K [0x00000000e0000000, 0x0000000100000000)
[2023-03-29T00:59:35.608+0800][3668.323s]   region size 1024K, 93 young (95232K), 12 survivors (12288K)
[2023-03-29T00:59:35.608+0800][3668.323s]  Metaspace       used 54538K, committed 55104K, reserved 1097728K
[2023-03-29T00:59:35.608+0800][3668.323s]   class space    used 6253K, committed 6528K, reserved 1048576K
