[2023-03-27T19:57:53.684+0800][0.014s] Using G1
[2023-03-27T19:57:53.828+0800][0.158s] Version: 16.0.1+9-24 (release)
[2023-03-27T19:57:53.828+0800][0.158s] CPUs: 8 total, 8 available
[2023-03-27T19:57:53.828+0800][0.158s] Memory: 16015M
[2023-03-27T19:57:53.828+0800][0.159s] Large Page Support: Disabled
[2023-03-27T19:57:53.828+0800][0.159s] NUMA Support: Disabled
[2023-03-27T19:57:53.828+0800][0.159s] Compressed Oops: Enabled (32-bit)
[2023-03-27T19:57:53.828+0800][0.159s] Heap Region Size: 1M
[2023-03-27T19:57:53.828+0800][0.159s] Heap Min Capacity: 512M
[2023-03-27T19:57:53.828+0800][0.159s] Heap Initial Capacity: 512M
[2023-03-27T19:57:53.828+0800][0.159s] Heap Max Capacity: 512M
[2023-03-27T19:57:53.828+0800][0.159s] Pre-touch: Enabled
[2023-03-27T19:57:53.829+0800][0.159s] Parallel Workers: 8
[2023-03-27T19:57:53.829+0800][0.159s] Concurrent Workers: 2
[2023-03-27T19:57:53.829+0800][0.159s] Concurrent Refinement Workers: 8
[2023-03-27T19:57:53.829+0800][0.159s] Periodic GC: Disabled
[2023-03-27T19:57:53.830+0800][0.160s] CDS archive(s) mapped at: [0x0000000800000000-0x0000000800bb0000-0x0000000800bb0000), size 12255232, SharedBaseAddress: 0x0000000800000000, ArchiveRelocationMode: 0.
[2023-03-27T19:57:53.830+0800][0.160s] Compressed class space mapped at: 0x0000000800c00000-0x0000000840c00000, reserved size: 1073741824
[2023-03-27T19:57:53.830+0800][0.160s] Narrow klass base: 0x0000000800000000, Narrow klass shift: 3, Narrow klass range: 0x100000000
[2023-03-27T19:57:56.068+0800][2.398s] GC(0) Pause Young (Normal) (G1 Evacuation Pause)
[2023-03-27T19:57:56.069+0800][2.398s] GC(0) Using 8 workers of 8 for evacuation
[2023-03-27T19:57:56.074+0800][2.404s] GC(0)   Pre Evacuate Collection Set: 0.4ms
[2023-03-27T19:57:56.074+0800][2.404s] GC(0)   Merge Heap Roots: 0.0ms
[2023-03-27T19:57:56.074+0800][2.404s] GC(0)   Evacuate Collection Set: 3.3ms
[2023-03-27T19:57:56.074+0800][2.404s] GC(0)   Post Evacuate Collection Set: 1.1ms
[2023-03-27T19:57:56.074+0800][2.404s] GC(0)   Other: 1.3ms
[2023-03-27T19:57:56.074+0800][2.404s] GC(0) Eden regions: 29->0(43)
[2023-03-27T19:57:56.074+0800][2.404s] GC(0) Survivor regions: 0->4(4)
[2023-03-27T19:57:56.074+0800][2.404s] GC(0) Old regions: 0->0
[2023-03-27T19:57:56.074+0800][2.404s] GC(0) Archive regions: 0->0
[2023-03-27T19:57:56.074+0800][2.404s] GC(0) Humongous regions: 0->0
[2023-03-27T19:57:56.074+0800][2.404s] GC(0) Metaspace: 5175K(5376K)->5175K(5376K) NonClass: 4641K(4736K)->4641K(4736K) Class: 534K(640K)->534K(640K)
[2023-03-27T19:57:56.074+0800][2.404s] GC(0) Pause Young (Normal) (G1 Evacuation Pause) 29M->3M(512M) 6.189ms
[2023-03-27T19:57:56.074+0800][2.404s] GC(0) User=0.00s Sys=0.00s Real=0.01s
[2023-03-27T19:57:57.020+0800][3.353s] GC(1) Pause Young (Normal) (G1 Evacuation Pause)
[2023-03-27T19:57:57.020+0800][3.353s] GC(1) Using 8 workers of 8 for evacuation
[2023-03-27T19:57:57.030+0800][3.361s] GC(1)   Pre Evacuate Collection Set: 0.2ms
[2023-03-27T19:57:57.030+0800][3.361s] GC(1)   Merge Heap Roots: 0.1ms
[2023-03-27T19:57:57.030+0800][3.361s] GC(1)   Evacuate Collection Set: 7.5ms
[2023-03-27T19:57:57.030+0800][3.362s] GC(1)   Post Evacuate Collection Set: 0.6ms
[2023-03-27T19:57:57.030+0800][3.362s] GC(1)   Other: 0.2ms
[2023-03-27T19:57:57.030+0800][3.362s] GC(1) Eden regions: 43->0(301)
[2023-03-27T19:57:57.030+0800][3.362s] GC(1) Survivor regions: 4->6(6)
[2023-03-27T19:57:57.030+0800][3.362s] GC(1) Old regions: 0->8
[2023-03-27T19:57:57.030+0800][3.362s] GC(1) Archive regions: 0->0
[2023-03-27T19:57:57.030+0800][3.362s] GC(1) Humongous regions: 4->4
[2023-03-27T19:57:57.030+0800][3.362s] GC(1) Metaspace: 15363K(15616K)->15363K(15616K) NonClass: 13610K(13760K)->13610K(13760K) Class: 1752K(1856K)->1752K(1856K)
[2023-03-27T19:57:57.030+0800][3.362s] GC(1) Pause Young (Normal) (G1 Evacuation Pause) 50M->17M(512M) 8.704ms
[2023-03-27T19:57:57.030+0800][3.362s] GC(1) User=0.00s Sys=0.00s Real=0.01s
[2023-03-27T19:57:58.574+0800][4.904s] GC(2) Pause Young (Concurrent Start) (Metadata GC Threshold)
[2023-03-27T19:57:58.575+0800][4.904s] GC(2) Using 8 workers of 8 for evacuation
[2023-03-27T19:57:58.580+0800][4.910s] GC(2)   Pre Evacuate Collection Set: 0.1ms
[2023-03-27T19:57:58.580+0800][4.910s] GC(2)   Merge Heap Roots: 0.1ms
[2023-03-27T19:57:58.580+0800][4.910s] GC(2)   Evacuate Collection Set: 4.1ms
[2023-03-27T19:57:58.580+0800][4.910s] GC(2)   Post Evacuate Collection Set: 0.9ms
[2023-03-27T19:57:58.580+0800][4.910s] GC(2)   Other: 0.6ms
[2023-03-27T19:57:58.580+0800][4.910s] GC(2) Eden regions: 213->0(294)
[2023-03-27T19:57:58.580+0800][4.910s] GC(2) Survivor regions: 6->13(39)
[2023-03-27T19:57:58.580+0800][4.910s] GC(2) Old regions: 8->8
[2023-03-27T19:57:58.580+0800][4.910s] GC(2) Archive regions: 0->0
[2023-03-27T19:57:58.580+0800][4.910s] GC(2) Humongous regions: 5->4
[2023-03-27T19:57:58.580+0800][4.910s] GC(2) Metaspace: 21025K(21248K)->21025K(21248K) NonClass: 18567K(18688K)->18567K(18688K) Class: 2458K(2560K)->2458K(2560K)
[2023-03-27T19:57:58.580+0800][4.910s] GC(2) Pause Young (Concurrent Start) (Metadata GC Threshold) 231M->24M(512M) 6.056ms
[2023-03-27T19:57:58.580+0800][4.910s] GC(2) User=0.00s Sys=0.00s Real=0.01s
[2023-03-27T19:57:58.580+0800][4.910s] GC(3) Concurrent Mark Cycle
[2023-03-27T19:57:58.580+0800][4.911s] GC(3) Concurrent Clear Claimed Marks
[2023-03-27T19:57:58.580+0800][4.911s] GC(3) Concurrent Clear Claimed Marks 0.031ms
[2023-03-27T19:57:58.580+0800][4.911s] GC(3) Concurrent Scan Root Regions
[2023-03-27T19:57:58.580+0800][4.914s] GC(3) Concurrent Scan Root Regions 3.274ms
[2023-03-27T19:57:58.580+0800][4.914s] GC(3) Concurrent Mark
[2023-03-27T19:57:58.580+0800][4.914s] GC(3) Concurrent Mark From Roots
[2023-03-27T19:57:58.580+0800][4.914s] GC(3) Using 2 workers of 2 for marking
[2023-03-27T19:57:58.592+0800][4.922s] GC(3) Concurrent Mark From Roots 7.669ms
[2023-03-27T19:57:58.592+0800][4.922s] GC(3) Concurrent Preclean
[2023-03-27T19:57:58.592+0800][4.922s] GC(3) Concurrent Preclean 0.060ms
[2023-03-27T19:57:58.592+0800][4.922s] GC(3) Pause Remark
[2023-03-27T19:57:58.593+0800][4.923s] GC(3) Pause Remark 27M->27M(512M) 1.521ms
[2023-03-27T19:57:58.594+0800][4.923s] GC(3) User=0.00s Sys=0.00s Real=0.00s
[2023-03-27T19:57:58.594+0800][4.923s] GC(3) Concurrent Mark 9.470ms
[2023-03-27T19:57:58.594+0800][4.923s] GC(3) Concurrent Rebuild Remembered Sets
[2023-03-27T19:57:58.597+0800][4.927s] GC(3) Concurrent Rebuild Remembered Sets 3.637ms
[2023-03-27T19:57:58.597+0800][4.927s] GC(3) Pause Cleanup
[2023-03-27T19:57:58.597+0800][4.927s] GC(3) Pause Cleanup 27M->27M(512M) 0.174ms
[2023-03-27T19:57:58.598+0800][4.927s] GC(3) User=0.00s Sys=0.00s Real=0.00s
[2023-03-27T19:57:58.598+0800][4.927s] GC(3) Concurrent Cleanup for Next Mark
[2023-03-27T19:57:58.598+0800][4.928s] GC(3) Concurrent Cleanup for Next Mark 0.615ms
[2023-03-27T19:57:58.598+0800][4.928s] GC(3) Concurrent Mark Cycle 17.563ms
[2023-03-27T19:58:00.955+0800][7.289s] GC(4) Pause Young (Concurrent Start) (Metadata GC Threshold)
[2023-03-27T19:58:00.955+0800][7.289s] GC(4) Using 8 workers of 8 for evacuation
[2023-03-27T19:58:00.965+0800][7.298s] GC(4)   Pre Evacuate Collection Set: 0.1ms
[2023-03-27T19:58:00.965+0800][7.298s] GC(4)   Merge Heap Roots: 0.1ms
[2023-03-27T19:58:00.965+0800][7.298s] GC(4)   Evacuate Collection Set: 7.4ms
[2023-03-27T19:58:00.965+0800][7.298s] GC(4)   Post Evacuate Collection Set: 0.6ms
[2023-03-27T19:58:00.965+0800][7.298s] GC(4)   Other: 0.2ms
[2023-03-27T19:58:00.965+0800][7.298s] GC(4) Eden regions: 276->0(288)
[2023-03-27T19:58:00.965+0800][7.298s] GC(4) Survivor regions: 13->19(39)
[2023-03-27T19:58:00.965+0800][7.298s] GC(4) Old regions: 8->8
[2023-03-27T19:58:00.965+0800][7.298s] GC(4) Archive regions: 0->0
[2023-03-27T19:58:00.965+0800][7.298s] GC(4) Humongous regions: 4->4
[2023-03-27T19:58:00.965+0800][7.298s] GC(4) Metaspace: 35413K(35776K)->35413K(35776K) NonClass: 31242K(31424K)->31242K(31424K) Class: 4170K(4352K)->4170K(4352K)
[2023-03-27T19:58:00.965+0800][7.298s] GC(4) Pause Young (Concurrent Start) (Metadata GC Threshold) 299M->29M(512M) 8.535ms
[2023-03-27T19:58:00.965+0800][7.298s] GC(4) User=0.12s Sys=0.00s Real=0.01s
[2023-03-27T19:58:00.965+0800][7.298s] GC(5) Concurrent Mark Cycle
[2023-03-27T19:58:00.965+0800][7.298s] GC(5) Concurrent Clear Claimed Marks
[2023-03-27T19:58:00.969+0800][7.298s] GC(5) Concurrent Clear Claimed Marks 0.073ms
[2023-03-27T19:58:00.969+0800][7.298s] GC(5) Concurrent Scan Root Regions
[2023-03-27T19:58:00.974+0800][7.304s] GC(5) Concurrent Scan Root Regions 5.644ms
[2023-03-27T19:58:00.974+0800][7.304s] GC(5) Concurrent Mark
[2023-03-27T19:58:00.974+0800][7.304s] GC(5) Concurrent Mark From Roots
[2023-03-27T19:58:00.974+0800][7.304s] GC(5) Using 2 workers of 2 for marking
[2023-03-27T19:58:00.981+0800][7.310s] GC(5) Concurrent Mark From Roots 6.442ms
[2023-03-27T19:58:00.981+0800][7.310s] GC(5) Concurrent Preclean
[2023-03-27T19:58:00.981+0800][7.310s] GC(5) Concurrent Preclean 0.081ms
[2023-03-27T19:58:00.981+0800][7.310s] GC(5) Pause Remark
[2023-03-27T19:58:00.982+0800][7.312s] GC(5) Pause Remark 32M->32M(512M) 1.109ms
[2023-03-27T19:58:00.982+0800][7.312s] GC(5) User=0.00s Sys=0.00s Real=0.00s
[2023-03-27T19:58:00.982+0800][7.312s] GC(5) Concurrent Mark 7.836ms
[2023-03-27T19:58:00.982+0800][7.312s] GC(5) Concurrent Rebuild Remembered Sets
[2023-03-27T19:58:00.985+0800][7.315s] GC(5) Concurrent Rebuild Remembered Sets 3.392ms
[2023-03-27T19:58:00.986+0800][7.315s] GC(5) Pause Cleanup
[2023-03-27T19:58:00.986+0800][7.315s] GC(5) Pause Cleanup 33M->33M(512M) 0.135ms
[2023-03-27T19:58:00.986+0800][7.315s] GC(5) User=0.00s Sys=0.00s Real=0.00s
[2023-03-27T19:58:00.987+0800][7.317s] GC(5) Concurrent Cleanup for Next Mark
[2023-03-27T19:58:00.988+0800][7.318s] GC(5) Concurrent Cleanup for Next Mark 0.963ms
[2023-03-27T19:58:00.988+0800][7.318s] GC(5) Concurrent Mark Cycle 19.948ms
[2023-03-27T20:02:46.210+0800][292.540s] GC(6) Pause Young (Normal) (G1 Evacuation Pause)
[2023-03-27T20:02:46.210+0800][292.540s] GC(6) Using 8 workers of 8 for evacuation
[2023-03-27T20:02:46.221+0800][292.551s] GC(6)   Pre Evacuate Collection Set: 0.0ms
[2023-03-27T20:02:46.221+0800][292.551s] GC(6)   Merge Heap Roots: 0.0ms
[2023-03-27T20:02:46.221+0800][292.551s] GC(6)   Evacuate Collection Set: 9.6ms
[2023-03-27T20:02:46.221+0800][292.551s] GC(6)   Post Evacuate Collection Set: 1.3ms
[2023-03-27T20:02:46.221+0800][292.551s] GC(6)   Other: 0.2ms
[2023-03-27T20:02:46.221+0800][292.551s] GC(6) Eden regions: 288->0(280)
[2023-03-27T20:02:46.221+0800][292.551s] GC(6) Survivor regions: 19->27(39)
[2023-03-27T20:02:46.221+0800][292.551s] GC(6) Old regions: 8->8
[2023-03-27T20:02:46.221+0800][292.551s] GC(6) Archive regions: 0->0
[2023-03-27T20:02:46.221+0800][292.551s] GC(6) Humongous regions: 4->4
[2023-03-27T20:02:46.221+0800][292.551s] GC(6) Metaspace: 47444K(47872K)->47444K(47872K) NonClass: 41742K(41984K)->41742K(41984K) Class: 5701K(5888K)->5701K(5888K)
[2023-03-27T20:02:46.221+0800][292.551s] GC(6) Pause Young (Normal) (G1 Evacuation Pause) 317M->38M(512M) 11.376ms
[2023-03-27T20:02:46.221+0800][292.551s] GC(6) User=0.00s Sys=0.00s Real=0.01s
[2023-03-27T20:15:31.399+0800][1057.729s] GC(7) Pause Young (Normal) (G1 Evacuation Pause)
[2023-03-27T20:15:31.399+0800][1057.729s] GC(7) Using 8 workers of 8 for evacuation
[2023-03-27T20:15:31.412+0800][1057.742s] GC(7)   Pre Evacuate Collection Set: 0.1ms
[2023-03-27T20:15:31.412+0800][1057.742s] GC(7)   Merge Heap Roots: 0.1ms
[2023-03-27T20:15:31.412+0800][1057.742s] GC(7)   Evacuate Collection Set: 11.1ms
[2023-03-27T20:15:31.412+0800][1057.742s] GC(7)   Post Evacuate Collection Set: 1.7ms
[2023-03-27T20:15:31.412+0800][1057.742s] GC(7)   Other: 0.2ms
[2023-03-27T20:15:31.412+0800][1057.742s] GC(7) Eden regions: 280->0(276)
[2023-03-27T20:15:31.412+0800][1057.742s] GC(7) Survivor regions: 27->31(39)
[2023-03-27T20:15:31.412+0800][1057.742s] GC(7) Old regions: 8->20
[2023-03-27T20:15:31.412+0800][1057.742s] GC(7) Archive regions: 0->0
[2023-03-27T20:15:31.412+0800][1057.742s] GC(7) Humongous regions: 17->14
[2023-03-27T20:15:31.412+0800][1057.742s] GC(7) Metaspace: 51131K(51648K)->51131K(51648K) NonClass: 45082K(45312K)->45082K(45312K) Class: 6048K(6336K)->6048K(6336K)
[2023-03-27T20:15:31.412+0800][1057.742s] GC(7) Pause Young (Normal) (G1 Evacuation Pause) 331M->63M(512M) 13.290ms
[2023-03-27T20:15:31.412+0800][1057.742s] GC(7) User=0.12s Sys=0.00s Real=0.01s
[2023-03-27T20:15:32.632+0800][1058.962s] GC(8) Pause Young (Normal) (G1 Evacuation Pause)
[2023-03-27T20:15:32.632+0800][1058.962s] GC(8) Using 8 workers of 8 for evacuation
[2023-03-27T20:15:32.645+0800][1058.975s] GC(8)   Pre Evacuate Collection Set: 0.1ms
[2023-03-27T20:15:32.645+0800][1058.975s] GC(8)   Merge Heap Roots: 0.2ms
[2023-03-27T20:15:32.645+0800][1058.975s] GC(8)   Evacuate Collection Set: 11.5ms
[2023-03-27T20:15:32.645+0800][1058.975s] GC(8)   Post Evacuate Collection Set: 0.9ms
[2023-03-27T20:15:32.645+0800][1058.975s] GC(8)   Other: 0.2ms
[2023-03-27T20:15:32.645+0800][1058.975s] GC(8) Eden regions: 276->0(272)
[2023-03-27T20:15:32.645+0800][1058.975s] GC(8) Survivor regions: 31->35(39)
[2023-03-27T20:15:32.645+0800][1058.975s] GC(8) Old regions: 20->34
[2023-03-27T20:15:32.645+0800][1058.975s] GC(8) Archive regions: 0->0
[2023-03-27T20:15:32.645+0800][1058.975s] GC(8) Humongous regions: 49->14
[2023-03-27T20:15:32.645+0800][1058.975s] GC(8) Metaspace: 51213K(51776K)->51213K(51776K) NonClass: 45164K(45440K)->45164K(45440K) Class: 6048K(6336K)->6048K(6336K)
[2023-03-27T20:15:32.645+0800][1058.975s] GC(8) Pause Young (Normal) (G1 Evacuation Pause) 374M->82M(512M) 12.920ms
[2023-03-27T20:15:32.645+0800][1058.975s] GC(8) User=0.12s Sys=0.00s Real=0.01s
[2023-03-27T20:15:33.716+0800][1060.045s] GC(9) Pause Young (Normal) (G1 Evacuation Pause)
[2023-03-27T20:15:33.716+0800][1060.045s] GC(9) Using 8 workers of 8 for evacuation
[2023-03-27T20:15:33.726+0800][1060.056s] GC(9)   Pre Evacuate Collection Set: 0.2ms
[2023-03-27T20:15:33.726+0800][1060.056s] GC(9)   Merge Heap Roots: 0.1ms
[2023-03-27T20:15:33.726+0800][1060.056s] GC(9)   Evacuate Collection Set: 9.3ms
[2023-03-27T20:15:33.726+0800][1060.056s] GC(9)   Post Evacuate Collection Set: 0.8ms
[2023-03-27T20:15:33.726+0800][1060.056s] GC(9)   Other: 0.2ms
[2023-03-27T20:15:33.726+0800][1060.056s] GC(9) Eden regions: 272->0(268)
[2023-03-27T20:15:33.726+0800][1060.056s] GC(9) Survivor regions: 35->39(39)
[2023-03-27T20:15:33.726+0800][1060.056s] GC(9) Old regions: 34->48
[2023-03-27T20:15:33.726+0800][1060.056s] GC(9) Archive regions: 0->0
[2023-03-27T20:15:33.726+0800][1060.056s] GC(9) Humongous regions: 61->23
[2023-03-27T20:15:33.726+0800][1060.056s] GC(9) Metaspace: 51215K(51776K)->51215K(51776K) NonClass: 45166K(45440K)->45166K(45440K) Class: 6049K(6336K)->6049K(6336K)
[2023-03-27T20:15:33.726+0800][1060.056s] GC(9) Pause Young (Normal) (G1 Evacuation Pause) 401M->109M(512M) 10.714ms
[2023-03-27T20:15:33.726+0800][1060.056s] GC(9) User=0.12s Sys=0.00s Real=0.01s
[2023-03-27T20:15:35.597+0800][1061.927s] GC(10) Pause Young (Normal) (G1 Evacuation Pause)
[2023-03-27T20:15:35.597+0800][1061.927s] GC(10) Using 8 workers of 8 for evacuation
[2023-03-27T20:15:35.607+0800][1061.937s] GC(10)   Pre Evacuate Collection Set: 0.1ms
[2023-03-27T20:15:35.607+0800][1061.938s] GC(10)   Merge Heap Roots: 0.1ms
[2023-03-27T20:15:35.607+0800][1061.938s] GC(10)   Evacuate Collection Set: 9.5ms
[2023-03-27T20:15:35.607+0800][1061.938s] GC(10)   Post Evacuate Collection Set: 0.6ms
[2023-03-27T20:15:35.607+0800][1061.938s] GC(10)   Other: 0.2ms
[2023-03-27T20:15:35.607+0800][1061.938s] GC(10) Eden regions: 268->0(270)
[2023-03-27T20:15:35.607+0800][1061.938s] GC(10) Survivor regions: 39->37(39)
[2023-03-27T20:15:35.607+0800][1061.938s] GC(10) Old regions: 48->64
[2023-03-27T20:15:35.607+0800][1061.938s] GC(10) Archive regions: 0->0
[2023-03-27T20:15:35.607+0800][1061.938s] GC(10) Humongous regions: 37->23
[2023-03-27T20:15:35.607+0800][1061.938s] GC(10) Metaspace: 51923K(52416K)->51923K(52416K) NonClass: 45823K(46080K)->45823K(46080K) Class: 6099K(6336K)->6099K(6336K)
[2023-03-27T20:15:35.607+0800][1061.938s] GC(10) Pause Young (Normal) (G1 Evacuation Pause) 391M->123M(512M) 10.494ms
[2023-03-27T20:15:35.607+0800][1061.938s] GC(10) User=0.00s Sys=0.00s Real=0.01s
[2023-03-27T20:15:36.562+0800][1062.892s] GC(11) Pause Young (Normal) (G1 Evacuation Pause)
[2023-03-27T20:15:36.562+0800][1062.892s] GC(11) Using 8 workers of 8 for evacuation
[2023-03-27T20:15:36.568+0800][1062.898s] GC(11)   Pre Evacuate Collection Set: 0.0ms
[2023-03-27T20:15:36.569+0800][1062.898s] GC(11)   Merge Heap Roots: 0.0ms
[2023-03-27T20:15:36.569+0800][1062.899s] GC(11)   Evacuate Collection Set: 5.8ms
[2023-03-27T20:15:36.569+0800][1062.899s] GC(11)   Post Evacuate Collection Set: 0.7ms
[2023-03-27T20:15:36.569+0800][1062.899s] GC(11)   Other: 0.2ms
[2023-03-27T20:15:36.569+0800][1062.899s] GC(11) Eden regions: 270->0(284)
[2023-03-27T20:15:36.569+0800][1062.899s] GC(11) Survivor regions: 37->23(39)
[2023-03-27T20:15:36.569+0800][1062.899s] GC(11) Old regions: 64->79
[2023-03-27T20:15:36.569+0800][1062.899s] GC(11) Archive regions: 0->0
[2023-03-27T20:15:36.569+0800][1062.899s] GC(11) Humongous regions: 23->23
[2023-03-27T20:15:36.569+0800][1062.899s] GC(11) Metaspace: 52029K(52544K)->52029K(52544K) NonClass: 45925K(46208K)->45925K(46208K) Class: 6104K(6336K)->6104K(6336K)
[2023-03-27T20:15:36.569+0800][1062.899s] GC(11) Pause Young (Normal) (G1 Evacuation Pause) 393M->124M(512M) 6.975ms
[2023-03-27T20:15:36.569+0800][1062.899s] GC(11) User=0.11s Sys=0.00s Real=0.01s
[2023-03-27T20:22:56.709+0800][1503.038s] GC(12) Pause Young (Normal) (G1 Evacuation Pause)
[2023-03-27T20:22:56.709+0800][1503.038s] GC(12) Using 8 workers of 8 for evacuation
[2023-03-27T20:22:56.715+0800][1503.045s] GC(12)   Pre Evacuate Collection Set: 0.2ms
[2023-03-27T20:22:56.715+0800][1503.045s] GC(12)   Merge Heap Roots: 0.2ms
[2023-03-27T20:22:56.715+0800][1503.045s] GC(12)   Evacuate Collection Set: 5.1ms
[2023-03-27T20:22:56.716+0800][1503.045s] GC(12)   Post Evacuate Collection Set: 0.9ms
[2023-03-27T20:22:56.716+0800][1503.045s] GC(12)   Other: 0.3ms
[2023-03-27T20:22:56.716+0800][1503.045s] GC(12) Eden regions: 284->0(287)
[2023-03-27T20:22:56.716+0800][1503.045s] GC(12) Survivor regions: 23->20(39)
[2023-03-27T20:22:56.716+0800][1503.045s] GC(12) Old regions: 79->79
[2023-03-27T20:22:56.716+0800][1503.045s] GC(12) Archive regions: 0->0
[2023-03-27T20:22:56.716+0800][1503.045s] GC(12) Humongous regions: 23->23
[2023-03-27T20:22:56.716+0800][1503.045s] GC(12) Metaspace: 52176K(52736K)->52176K(52736K) NonClass: 46064K(46336K)->46064K(46336K) Class: 6111K(6400K)->6111K(6400K)
[2023-03-27T20:22:56.716+0800][1503.045s] GC(12) Pause Young (Normal) (G1 Evacuation Pause) 408M->121M(512M) 6.991ms
[2023-03-27T20:22:56.716+0800][1503.045s] GC(12) User=0.00s Sys=0.00s Real=0.01s
[2023-03-27T20:33:31.277+0800][2137.607s] GC(13) Pause Young (Normal) (G1 Evacuation Pause)
[2023-03-27T20:33:31.277+0800][2137.607s] GC(13) Using 8 workers of 8 for evacuation
[2023-03-27T20:33:31.285+0800][2137.615s] GC(13)   Pre Evacuate Collection Set: 0.1ms
[2023-03-27T20:33:31.285+0800][2137.615s] GC(13)   Merge Heap Roots: 0.2ms
[2023-03-27T20:33:31.285+0800][2137.615s] GC(13)   Evacuate Collection Set: 7.1ms
[2023-03-27T20:33:31.285+0800][2137.615s] GC(13)   Post Evacuate Collection Set: 0.8ms
[2023-03-27T20:33:31.285+0800][2137.615s] GC(13)   Other: 0.2ms
[2023-03-27T20:33:31.285+0800][2137.615s] GC(13) Eden regions: 287->0(268)
[2023-03-27T20:33:31.285+0800][2137.615s] GC(13) Survivor regions: 20->39(39)
[2023-03-27T20:33:31.285+0800][2137.615s] GC(13) Old regions: 79->79
[2023-03-27T20:33:31.285+0800][2137.615s] GC(13) Archive regions: 0->0
[2023-03-27T20:33:31.285+0800][2137.615s] GC(13) Humongous regions: 50->33
[2023-03-27T20:33:31.285+0800][2137.615s] GC(13) Metaspace: 52282K(52800K)->52282K(52800K) NonClass: 46169K(46400K)->46169K(46400K) Class: 6112K(6400K)->6112K(6400K)
[2023-03-27T20:33:31.285+0800][2137.615s] GC(13) Pause Young (Normal) (G1 Evacuation Pause) 435M->150M(512M) 8.641ms
[2023-03-27T20:33:31.285+0800][2137.615s] GC(13) User=0.11s Sys=0.00s Real=0.01s
[2023-03-27T20:33:32.593+0800][2138.923s] GC(14) Pause Young (Normal) (G1 Evacuation Pause)
[2023-03-27T20:33:32.593+0800][2138.923s] GC(14) Using 8 workers of 8 for evacuation
[2023-03-27T20:33:32.618+0800][2138.948s] GC(14) To-space exhausted
[2023-03-27T20:33:32.618+0800][2138.948s] GC(14)   Pre Evacuate Collection Set: 0.1ms
[2023-03-27T20:33:32.618+0800][2138.948s] GC(14)   Merge Heap Roots: 0.2ms
[2023-03-27T20:33:32.618+0800][2138.948s] GC(14)   Evacuate Collection Set: 9.6ms
[2023-03-27T20:33:32.618+0800][2138.948s] GC(14)   Post Evacuate Collection Set: 14.6ms
[2023-03-27T20:33:32.618+0800][2138.948s] GC(14)   Other: 0.2ms
[2023-03-27T20:33:32.618+0800][2138.948s] GC(14) Eden regions: 268->0(1)
[2023-03-27T20:33:32.618+0800][2138.948s] GC(14) Survivor regions: 39->35(39)
[2023-03-27T20:33:32.618+0800][2138.948s] GC(14) Old regions: 79->377
[2023-03-27T20:33:32.618+0800][2138.948s] GC(14) Archive regions: 0->0
[2023-03-27T20:33:32.618+0800][2138.948s] GC(14) Humongous regions: 73->42
[2023-03-27T20:33:32.618+0800][2138.948s] GC(14) Metaspace: 52282K(52800K)->52282K(52800K) NonClass: 46169K(46400K)->46169K(46400K) Class: 6112K(6400K)->6112K(6400K)
[2023-03-27T20:33:32.618+0800][2138.948s] GC(14) Pause Young (Normal) (G1 Evacuation Pause) 458M->454M(512M) 24.891ms
[2023-03-27T20:33:32.618+0800][2138.948s] GC(14) User=0.25s Sys=0.00s Real=0.03s
[2023-03-27T20:33:32.624+0800][2138.954s] GC(15) Pause Young (Concurrent Start) (G1 Evacuation Pause)
[2023-03-27T20:33:32.624+0800][2138.954s] GC(15) Using 8 workers of 8 for evacuation
[2023-03-27T20:33:32.630+0800][2138.960s] GC(15)   Pre Evacuate Collection Set: 0.3ms
[2023-03-27T20:33:32.630+0800][2138.960s] GC(15)   Merge Heap Roots: 0.2ms
[2023-03-27T20:33:32.630+0800][2138.960s] GC(15)   Evacuate Collection Set: 5.6ms
[2023-03-27T20:33:32.630+0800][2138.960s] GC(15)   Post Evacuate Collection Set: 0.5ms
[2023-03-27T20:33:32.630+0800][2138.960s] GC(15)   Other: 0.1ms
[2023-03-27T20:33:32.630+0800][2138.960s] GC(15) Eden regions: 1->0(21)
[2023-03-27T20:33:32.630+0800][2138.960s] GC(15) Survivor regions: 35->4(5)
[2023-03-27T20:33:32.630+0800][2138.960s] GC(15) Old regions: 377->412
[2023-03-27T20:33:32.630+0800][2138.960s] GC(15) Archive regions: 0->0
[2023-03-27T20:33:32.630+0800][2138.960s] GC(15) Humongous regions: 42->42
[2023-03-27T20:33:32.630+0800][2138.960s] GC(15) Metaspace: 52282K(52800K)->52282K(52800K) NonClass: 46169K(46400K)->46169K(46400K) Class: 6112K(6400K)->6112K(6400K)
[2023-03-27T20:33:32.630+0800][2138.960s] GC(15) Pause Young (Concurrent Start) (G1 Evacuation Pause) 455M->457M(512M) 6.833ms
[2023-03-27T20:33:32.630+0800][2138.960s] GC(15) User=0.12s Sys=0.00s Real=0.01s
[2023-03-27T20:33:32.631+0800][2138.961s] GC(16) Concurrent Mark Cycle
[2023-03-27T20:33:32.631+0800][2138.961s] GC(16) Concurrent Clear Claimed Marks
[2023-03-27T20:33:32.631+0800][2138.961s] GC(16) Concurrent Clear Claimed Marks 0.025ms
[2023-03-27T20:33:32.631+0800][2138.961s] GC(16) Concurrent Scan Root Regions
[2023-03-27T20:33:32.632+0800][2138.962s] GC(16) Concurrent Scan Root Regions 1.805ms
[2023-03-27T20:33:32.632+0800][2138.963s] GC(16) Concurrent Mark
[2023-03-27T20:33:32.632+0800][2138.963s] GC(16) Concurrent Mark From Roots
[2023-03-27T20:33:32.632+0800][2138.963s] GC(16) Using 2 workers of 2 for marking
[2023-03-27T20:33:32.651+0800][2138.981s] GC(16) Concurrent Mark From Roots 18.150ms
[2023-03-27T20:33:32.651+0800][2138.981s] GC(16) Concurrent Preclean
[2023-03-27T20:33:32.651+0800][2138.981s] GC(16) Concurrent Preclean 0.360ms
[2023-03-27T20:33:32.651+0800][2138.981s] GC(16) Pause Remark
[2023-03-27T20:33:32.661+0800][2138.991s] GC(16) Pause Remark 460M->410M(512M) 10.094ms
[2023-03-27T20:33:32.661+0800][2138.992s] GC(16) User=0.12s Sys=0.00s Real=0.01s
[2023-03-27T20:33:32.661+0800][2138.992s] GC(16) Concurrent Mark 29.136ms
[2023-03-27T20:33:32.661+0800][2138.992s] GC(16) Concurrent Rebuild Remembered Sets
[2023-03-27T20:33:32.675+0800][2139.005s] GC(16) Concurrent Rebuild Remembered Sets 13.288ms
[2023-03-27T20:33:32.675+0800][2139.005s] GC(16) Pause Cleanup
[2023-03-27T20:33:32.675+0800][2139.005s] GC(16) Pause Cleanup 412M->412M(512M) 0.199ms
[2023-03-27T20:33:32.675+0800][2139.005s] GC(16) User=0.00s Sys=0.00s Real=0.00s
[2023-03-27T20:33:32.675+0800][2139.006s] GC(16) Concurrent Cleanup for Next Mark
[2023-03-27T20:33:32.676+0800][2139.006s] GC(16) Concurrent Cleanup for Next Mark 0.809ms
[2023-03-27T20:33:32.676+0800][2139.006s] GC(16) Concurrent Mark Cycle 45.822ms
[2023-03-27T20:33:32.779+0800][2139.109s] GC(17) Pause Young (Prepare Mixed) (G1 Evacuation Pause)
[2023-03-27T20:33:32.779+0800][2139.109s] GC(17) Using 8 workers of 8 for evacuation
[2023-03-27T20:33:32.781+0800][2139.111s] GC(17)   Pre Evacuate Collection Set: 0.2ms
[2023-03-27T20:33:32.781+0800][2139.111s] GC(17)   Merge Heap Roots: 0.1ms
[2023-03-27T20:33:32.781+0800][2139.111s] GC(17)   Evacuate Collection Set: 1.0ms
[2023-03-27T20:33:32.781+0800][2139.111s] GC(17)   Post Evacuate Collection Set: 0.6ms
[2023-03-27T20:33:32.781+0800][2139.111s] GC(17)   Other: 0.1ms
[2023-03-27T20:33:32.781+0800][2139.111s] GC(17) Eden regions: 21->0(22)
[2023-03-27T20:33:32.781+0800][2139.111s] GC(17) Survivor regions: 4->3(4)
[2023-03-27T20:33:32.781+0800][2139.111s] GC(17) Old regions: 381->381
[2023-03-27T20:33:32.781+0800][2139.111s] GC(17) Archive regions: 0->0
[2023-03-27T20:33:32.781+0800][2139.111s] GC(17) Humongous regions: 37->37
[2023-03-27T20:33:32.781+0800][2139.111s] GC(17) Metaspace: 52070K(52800K)->52070K(52800K) NonClass: 46006K(46400K)->46006K(46400K) Class: 6064K(6400K)->6064K(6400K)
[2023-03-27T20:33:32.781+0800][2139.111s] GC(17) Pause Young (Prepare Mixed) (G1 Evacuation Pause) 442M->419M(512M) 2.048ms
[2023-03-27T20:33:32.781+0800][2139.111s] GC(17) User=0.00s Sys=0.00s Real=0.00s
[2023-03-27T20:33:32.873+0800][2139.203s] GC(18) Pause Young (Mixed) (G1 Evacuation Pause)
[2023-03-27T20:33:32.873+0800][2139.203s] GC(18) Using 8 workers of 8 for evacuation
[2023-03-27T20:33:32.875+0800][2139.205s] GC(18)   Pre Evacuate Collection Set: 0.1ms
[2023-03-27T20:33:32.875+0800][2139.205s] GC(18)   Merge Heap Roots: 0.2ms
[2023-03-27T20:33:32.875+0800][2139.205s] GC(18)   Evacuate Collection Set: 1.2ms
[2023-03-27T20:33:32.875+0800][2139.205s] GC(18)   Post Evacuate Collection Set: 0.5ms
[2023-03-27T20:33:32.875+0800][2139.205s] GC(18)   Other: 0.1ms
[2023-03-27T20:33:32.875+0800][2139.205s] GC(18) Eden regions: 22->0(21)
[2023-03-27T20:33:32.875+0800][2139.205s] GC(18) Survivor regions: 3->4(4)
[2023-03-27T20:33:32.875+0800][2139.205s] GC(18) Old regions: 381->329
[2023-03-27T20:33:32.875+0800][2139.205s] GC(18) Archive regions: 0->0
[2023-03-27T20:33:32.875+0800][2139.205s] GC(18) Humongous regions: 37->37
[2023-03-27T20:33:32.875+0800][2139.205s] GC(18) Metaspace: 52070K(52800K)->52070K(52800K) NonClass: 46006K(46400K)->46006K(46400K) Class: 6064K(6400K)->6064K(6400K)
[2023-03-27T20:33:32.875+0800][2139.205s] GC(18) Pause Young (Mixed) (G1 Evacuation Pause) 441M->369M(512M) 2.280ms
[2023-03-27T20:33:32.875+0800][2139.205s] GC(18) User=0.00s Sys=0.00s Real=0.00s
[2023-03-27T20:33:32.964+0800][2139.294s] GC(19) Pause Young (Mixed) (G1 Evacuation Pause)
[2023-03-27T20:33:32.964+0800][2139.294s] GC(19) Using 8 workers of 8 for evacuation
[2023-03-27T20:33:32.965+0800][2139.296s] GC(19)   Pre Evacuate Collection Set: 0.1ms
[2023-03-27T20:33:32.965+0800][2139.296s] GC(19)   Merge Heap Roots: 0.2ms
[2023-03-27T20:33:32.966+0800][2139.296s] GC(19)   Evacuate Collection Set: 1.5ms
[2023-03-27T20:33:32.966+0800][2139.296s] GC(19)   Post Evacuate Collection Set: 0.5ms
[2023-03-27T20:33:32.966+0800][2139.296s] GC(19)   Other: 0.1ms
[2023-03-27T20:33:32.966+0800][2139.296s] GC(19) Eden regions: 21->0(21)
[2023-03-27T20:33:32.966+0800][2139.296s] GC(19) Survivor regions: 4->4(4)
[2023-03-27T20:33:32.966+0800][2139.296s] GC(19) Old regions: 329->279
[2023-03-27T20:33:32.966+0800][2139.296s] GC(19) Archive regions: 0->0
[2023-03-27T20:33:32.966+0800][2139.296s] GC(19) Humongous regions: 37->37
[2023-03-27T20:33:32.966+0800][2139.296s] GC(19) Metaspace: 52070K(52800K)->52070K(52800K) NonClass: 46006K(46400K)->46006K(46400K) Class: 6064K(6400K)->6064K(6400K)
[2023-03-27T20:33:32.966+0800][2139.296s] GC(19) Pause Young (Mixed) (G1 Evacuation Pause) 390M->319M(512M) 2.536ms
[2023-03-27T20:33:32.966+0800][2139.296s] GC(19) User=0.00s Sys=0.00s Real=0.00s
[2023-03-27T20:33:33.051+0800][2139.381s] GC(20) Pause Young (Mixed) (G1 Evacuation Pause)
[2023-03-27T20:33:33.051+0800][2139.381s] GC(20) Using 8 workers of 8 for evacuation
[2023-03-27T20:33:33.053+0800][2139.384s] GC(20)   Pre Evacuate Collection Set: 0.1ms
[2023-03-27T20:33:33.053+0800][2139.384s] GC(20)   Merge Heap Roots: 0.1ms
[2023-03-27T20:33:33.053+0800][2139.384s] GC(20)   Evacuate Collection Set: 1.6ms
[2023-03-27T20:33:33.053+0800][2139.384s] GC(20)   Post Evacuate Collection Set: 0.6ms
[2023-03-27T20:33:33.053+0800][2139.384s] GC(20)   Other: 0.1ms
[2023-03-27T20:33:33.053+0800][2139.384s] GC(20) Eden regions: 21->0(21)
[2023-03-27T20:33:33.053+0800][2139.384s] GC(20) Survivor regions: 4->4(4)
[2023-03-27T20:33:33.053+0800][2139.384s] GC(20) Old regions: 279->230
[2023-03-27T20:33:33.053+0800][2139.384s] GC(20) Archive regions: 0->0
[2023-03-27T20:33:33.053+0800][2139.384s] GC(20) Humongous regions: 37->37
[2023-03-27T20:33:33.053+0800][2139.384s] GC(20) Metaspace: 52070K(52800K)->52070K(52800K) NonClass: 46006K(46400K)->46006K(46400K) Class: 6064K(6400K)->6064K(6400K)
[2023-03-27T20:33:33.053+0800][2139.384s] GC(20) Pause Young (Mixed) (G1 Evacuation Pause) 340M->270M(512M) 2.560ms
[2023-03-27T20:33:33.053+0800][2139.384s] GC(20) User=0.00s Sys=0.00s Real=0.00s
[2023-03-27T20:33:33.144+0800][2139.474s] GC(21) Pause Young (Mixed) (G1 Evacuation Pause)
[2023-03-27T20:33:33.144+0800][2139.475s] GC(21) Using 8 workers of 8 for evacuation
[2023-03-27T20:33:33.146+0800][2139.477s] GC(21)   Pre Evacuate Collection Set: 0.2ms
[2023-03-27T20:33:33.146+0800][2139.477s] GC(21)   Merge Heap Roots: 0.1ms
[2023-03-27T20:33:33.147+0800][2139.477s] GC(21)   Evacuate Collection Set: 1.4ms
[2023-03-27T20:33:33.147+0800][2139.477s] GC(21)   Post Evacuate Collection Set: 0.6ms
[2023-03-27T20:33:33.147+0800][2139.477s] GC(21)   Other: 0.2ms
[2023-03-27T20:33:33.147+0800][2139.477s] GC(21) Eden regions: 21->0(23)
[2023-03-27T20:33:33.147+0800][2139.477s] GC(21) Survivor regions: 4->2(4)
[2023-03-27T20:33:33.147+0800][2139.477s] GC(21) Old regions: 230->182
[2023-03-27T20:33:33.147+0800][2139.477s] GC(21) Archive regions: 0->0
[2023-03-27T20:33:33.147+0800][2139.477s] GC(21) Humongous regions: 37->37
[2023-03-27T20:33:33.147+0800][2139.477s] GC(21) Metaspace: 52070K(52800K)->52070K(52800K) NonClass: 46006K(46400K)->46006K(46400K) Class: 6064K(6400K)->6064K(6400K)
[2023-03-27T20:33:33.147+0800][2139.477s] GC(21) Pause Young (Mixed) (G1 Evacuation Pause) 291M->220M(512M) 2.643ms
[2023-03-27T20:33:33.147+0800][2139.477s] GC(21) User=0.00s Sys=0.00s Real=0.00s
[2023-03-27T20:33:33.243+0800][2139.574s] GC(22) Pause Young (Mixed) (G1 Evacuation Pause)
[2023-03-27T20:33:33.243+0800][2139.574s] GC(22) Using 8 workers of 8 for evacuation
[2023-03-27T20:33:33.245+0800][2139.576s] GC(22)   Pre Evacuate Collection Set: 0.1ms
[2023-03-27T20:33:33.245+0800][2139.576s] GC(22)   Merge Heap Roots: 0.1ms
[2023-03-27T20:33:33.245+0800][2139.576s] GC(22)   Evacuate Collection Set: 1.4ms
[2023-03-27T20:33:33.245+0800][2139.576s] GC(22)   Post Evacuate Collection Set: 0.3ms
[2023-03-27T20:33:33.245+0800][2139.576s] GC(22)   Other: 0.1ms
[2023-03-27T20:33:33.245+0800][2139.576s] GC(22) Eden regions: 23->0(21)
[2023-03-27T20:33:33.245+0800][2139.576s] GC(22) Survivor regions: 2->4(4)
[2023-03-27T20:33:33.245+0800][2139.576s] GC(22) Old regions: 182->130
[2023-03-27T20:33:33.245+0800][2139.576s] GC(22) Archive regions: 0->0
[2023-03-27T20:33:33.245+0800][2139.576s] GC(22) Humongous regions: 37->37
[2023-03-27T20:33:33.245+0800][2139.576s] GC(22) Metaspace: 52070K(52800K)->52070K(52800K) NonClass: 46006K(46400K)->46006K(46400K) Class: 6064K(6400K)->6064K(6400K)
[2023-03-27T20:33:33.245+0800][2139.576s] GC(22) Pause Young (Mixed) (G1 Evacuation Pause) 243M->170M(512M) 2.097ms
[2023-03-27T20:33:33.245+0800][2139.576s] GC(22) User=0.00s Sys=0.00s Real=0.00s
[2023-03-27T20:33:33.348+0800][2139.678s] GC(23) Pause Young (Mixed) (G1 Evacuation Pause)
[2023-03-27T20:33:33.348+0800][2139.678s] GC(23) Using 8 workers of 8 for evacuation
[2023-03-27T20:33:33.351+0800][2139.681s] GC(23)   Pre Evacuate Collection Set: 0.2ms
[2023-03-27T20:33:33.351+0800][2139.681s] GC(23)   Merge Heap Roots: 0.2ms
[2023-03-27T20:33:33.351+0800][2139.681s] GC(23)   Evacuate Collection Set: 2.4ms
[2023-03-27T20:33:33.351+0800][2139.681s] GC(23)   Post Evacuate Collection Set: 0.5ms
[2023-03-27T20:33:33.351+0800][2139.681s] GC(23)   Other: 0.2ms
[2023-03-27T20:33:33.351+0800][2139.681s] GC(23) Eden regions: 21->0(273)
[2023-03-27T20:33:33.351+0800][2139.681s] GC(23) Survivor regions: 4->2(4)
[2023-03-27T20:33:33.351+0800][2139.681s] GC(23) Old regions: 130->84
[2023-03-27T20:33:33.351+0800][2139.681s] GC(23) Archive regions: 0->0
[2023-03-27T20:33:33.351+0800][2139.681s] GC(23) Humongous regions: 51->51
[2023-03-27T20:33:33.351+0800][2139.681s] GC(23) Metaspace: 52070K(52800K)->52070K(52800K) NonClass: 46006K(46400K)->46006K(46400K) Class: 6064K(6400K)->6064K(6400K)
[2023-03-27T20:33:33.351+0800][2139.681s] GC(23) Pause Young (Mixed) (G1 Evacuation Pause) 205M->136M(512M) 3.505ms
[2023-03-27T20:33:33.351+0800][2139.681s] GC(23) User=0.00s Sys=0.00s Real=0.00s
[2023-03-27T20:33:34.571+0800][2140.901s] GC(24) Pause Young (Normal) (G1 Evacuation Pause)
[2023-03-27T20:33:34.571+0800][2140.901s] GC(24) Using 8 workers of 8 for evacuation
[2023-03-27T20:33:34.576+0800][2140.906s] GC(24)   Pre Evacuate Collection Set: 0.2ms
[2023-03-27T20:33:34.576+0800][2140.906s] GC(24)   Merge Heap Roots: 0.1ms
[2023-03-27T20:33:34.576+0800][2140.906s] GC(24)   Evacuate Collection Set: 4.7ms
[2023-03-27T20:33:34.576+0800][2140.906s] GC(24)   Post Evacuate Collection Set: 0.6ms
[2023-03-27T20:33:34.576+0800][2140.906s] GC(24)   Other: 0.1ms
[2023-03-27T20:33:34.576+0800][2140.906s] GC(24) Eden regions: 273->0(253)
[2023-03-27T20:33:34.576+0800][2140.906s] GC(24) Survivor regions: 2->23(35)
[2023-03-27T20:33:34.576+0800][2140.906s] GC(24) Old regions: 84->84
[2023-03-27T20:33:34.576+0800][2140.906s] GC(24) Archive regions: 0->0
[2023-03-27T20:33:34.576+0800][2140.906s] GC(24) Humongous regions: 65->51
[2023-03-27T20:33:34.576+0800][2140.906s] GC(24) Metaspace: 52070K(52800K)->52070K(52800K) NonClass: 46006K(46400K)->46006K(46400K) Class: 6064K(6400K)->6064K(6400K)
[2023-03-27T20:33:34.576+0800][2140.906s] GC(24) Pause Young (Normal) (G1 Evacuation Pause) 423M->156M(512M) 5.885ms
[2023-03-27T20:33:34.576+0800][2140.906s] GC(24) User=0.00s Sys=0.00s Real=0.00s
[2023-03-27T20:33:35.904+0800][2142.234s] GC(25) Pause Young (Normal) (G1 Evacuation Pause)
[2023-03-27T20:33:35.904+0800][2142.234s] GC(25) Using 8 workers of 8 for evacuation
[2023-03-27T20:33:35.909+0800][2142.239s] GC(25)   Pre Evacuate Collection Set: 0.0ms
[2023-03-27T20:33:35.909+0800][2142.239s] GC(25)   Merge Heap Roots: 0.1ms
[2023-03-27T20:33:35.909+0800][2142.239s] GC(25)   Evacuate Collection Set: 4.5ms
[2023-03-27T20:33:35.910+0800][2142.239s] GC(25)   Post Evacuate Collection Set: 0.3ms
[2023-03-27T20:33:35.910+0800][2142.239s] GC(25)   Other: 0.1ms
[2023-03-27T20:33:35.910+0800][2142.239s] GC(25) Eden regions: 253->0(259)
[2023-03-27T20:33:35.910+0800][2142.239s] GC(25) Survivor regions: 23->2(35)
[2023-03-27T20:33:35.910+0800][2142.240s] GC(25) Old regions: 84->106
[2023-03-27T20:33:35.910+0800][2142.240s] GC(25) Archive regions: 0->0
[2023-03-27T20:33:35.910+0800][2142.240s] GC(25) Humongous regions: 51->51
[2023-03-27T20:33:35.910+0800][2142.240s] GC(25) Metaspace: 52076K(52800K)->52076K(52800K) NonClass: 46011K(46400K)->46011K(46400K) Class: 6064K(6400K)->6064K(6400K)
[2023-03-27T20:33:35.910+0800][2142.240s] GC(25) Pause Young (Normal) (G1 Evacuation Pause) 409M->158M(512M) 5.172ms
[2023-03-27T20:33:35.910+0800][2142.240s] GC(25) User=0.12s Sys=0.00s Real=0.01s
[2023-03-27T20:33:37.743+0800][2144.073s] GC(26) Pause Young (Normal) (G1 Evacuation Pause)
[2023-03-27T20:33:37.743+0800][2144.073s] GC(26) Using 8 workers of 8 for evacuation
[2023-03-27T20:33:37.744+0800][2144.074s] GC(26)   Pre Evacuate Collection Set: 0.1ms
[2023-03-27T20:33:37.744+0800][2144.074s] GC(26)   Merge Heap Roots: 0.0ms
[2023-03-27T20:33:37.744+0800][2144.074s] GC(26)   Evacuate Collection Set: 0.6ms
[2023-03-27T20:33:37.744+0800][2144.074s] GC(26)   Post Evacuate Collection Set: 0.3ms
[2023-03-27T20:33:37.744+0800][2144.074s] GC(26)   Other: 0.1ms
[2023-03-27T20:33:37.744+0800][2144.074s] GC(26) Eden regions: 259->0(265)
[2023-03-27T20:33:37.744+0800][2144.074s] GC(26) Survivor regions: 2->3(33)
[2023-03-27T20:33:37.744+0800][2144.074s] GC(26) Old regions: 106->106
[2023-03-27T20:33:37.744+0800][2144.074s] GC(26) Archive regions: 0->0
[2023-03-27T20:33:37.744+0800][2144.074s] GC(26) Humongous regions: 51->51
[2023-03-27T20:33:37.744+0800][2144.074s] GC(26) Metaspace: 52080K(52800K)->52080K(52800K) NonClass: 46015K(46400K)->46015K(46400K) Class: 6065K(6400K)->6065K(6400K)
[2023-03-27T20:33:37.744+0800][2144.074s] GC(26) Pause Young (Normal) (G1 Evacuation Pause) 417M->159M(512M) 1.302ms
[2023-03-27T20:33:37.744+0800][2144.074s] GC(26) User=0.00s Sys=0.00s Real=0.00s
[2023-03-27T20:41:53.461+0800][2639.792s] GC(27) Pause Young (Normal) (G1 Evacuation Pause)
[2023-03-27T20:41:53.461+0800][2639.792s] GC(27) Using 8 workers of 8 for evacuation
[2023-03-27T20:41:53.465+0800][2639.796s] GC(27)   Pre Evacuate Collection Set: 0.2ms
[2023-03-27T20:41:53.466+0800][2639.796s] GC(27)   Merge Heap Roots: 0.1ms
[2023-03-27T20:41:53.466+0800][2639.796s] GC(27)   Evacuate Collection Set: 3.0ms
[2023-03-27T20:41:53.466+0800][2639.796s] GC(27)   Post Evacuate Collection Set: 0.8ms
[2023-03-27T20:41:53.466+0800][2639.796s] GC(27)   Other: 0.2ms
[2023-03-27T20:41:53.466+0800][2639.796s] GC(27) Eden regions: 265->0(247)
[2023-03-27T20:41:53.466+0800][2639.796s] GC(27) Survivor regions: 3->16(34)
[2023-03-27T20:41:53.466+0800][2639.796s] GC(27) Old regions: 106->106
[2023-03-27T20:41:53.466+0800][2639.796s] GC(27) Archive regions: 0->0
[2023-03-27T20:41:53.466+0800][2639.796s] GC(27) Humongous regions: 54->53
[2023-03-27T20:41:53.466+0800][2639.796s] GC(27) Metaspace: 52523K(53056K)->52523K(53056K) NonClass: 46433K(46656K)->46433K(46656K) Class: 6090K(6400K)->6090K(6400K)
[2023-03-27T20:41:53.466+0800][2639.796s] GC(27) Pause Young (Normal) (G1 Evacuation Pause) 427M->173M(512M) 4.365ms
[2023-03-27T20:41:53.466+0800][2639.796s] GC(27) User=0.00s Sys=0.00s Real=0.01s
[2023-03-27T20:41:54.415+0800][2640.745s] GC(28) Pause Young (Normal) (G1 Evacuation Pause)
[2023-03-27T20:41:54.415+0800][2640.745s] GC(28) Using 8 workers of 8 for evacuation
[2023-03-27T20:41:54.422+0800][2640.752s] GC(28)   Pre Evacuate Collection Set: 0.1ms
[2023-03-27T20:41:54.422+0800][2640.752s] GC(28)   Merge Heap Roots: 0.1ms
[2023-03-27T20:41:54.422+0800][2640.752s] GC(28)   Evacuate Collection Set: 5.7ms
[2023-03-27T20:41:54.422+0800][2640.752s] GC(28)   Post Evacuate Collection Set: 0.9ms
[2023-03-27T20:41:54.422+0800][2640.752s] GC(28)   Other: 0.1ms
[2023-03-27T20:41:54.422+0800][2640.752s] GC(28) Eden regions: 247->0(224)
[2023-03-27T20:41:54.422+0800][2640.752s] GC(28) Survivor regions: 16->29(33)
[2023-03-27T20:41:54.422+0800][2640.752s] GC(28) Old regions: 106->106
[2023-03-27T20:41:54.422+0800][2640.752s] GC(28) Archive regions: 0->0
[2023-03-27T20:41:54.422+0800][2640.752s] GC(28) Humongous regions: 98->61
[2023-03-27T20:41:54.422+0800][2640.752s] GC(28) Metaspace: 52527K(53056K)->52527K(53056K) NonClass: 46437K(46656K)->46437K(46656K) Class: 6090K(6400K)->6090K(6400K)
[2023-03-27T20:41:54.422+0800][2640.752s] GC(28) Pause Young (Normal) (G1 Evacuation Pause) 465M->195M(512M) 7.076ms
[2023-03-27T20:41:54.422+0800][2640.752s] GC(28) User=0.00s Sys=0.00s Real=0.01s
[2023-03-27T20:41:55.325+0800][2641.655s] GC(29) Pause Young (Normal) (G1 Evacuation Pause)
[2023-03-27T20:41:55.325+0800][2641.655s] GC(29) Using 8 workers of 8 for evacuation
[2023-03-27T20:41:55.334+0800][2641.663s] GC(29)   Pre Evacuate Collection Set: 0.2ms
[2023-03-27T20:41:55.334+0800][2641.663s] GC(29)   Merge Heap Roots: 0.1ms
[2023-03-27T20:41:55.334+0800][2641.663s] GC(29)   Evacuate Collection Set: 7.5ms
[2023-03-27T20:41:55.334+0800][2641.663s] GC(29)   Post Evacuate Collection Set: 0.6ms
[2023-03-27T20:41:55.334+0800][2641.663s] GC(29)   Other: 0.1ms
[2023-03-27T20:41:55.334+0800][2641.663s] GC(29) Eden regions: 224->0(202)
[2023-03-27T20:41:55.334+0800][2641.663s] GC(29) Survivor regions: 29->17(32)
[2023-03-27T20:41:55.334+0800][2641.663s] GC(29) Old regions: 106->132
[2023-03-27T20:41:55.334+0800][2641.663s] GC(29) Archive regions: 0->0
[2023-03-27T20:41:55.334+0800][2641.663s] GC(29) Humongous regions: 94->70
[2023-03-27T20:41:55.334+0800][2641.663s] GC(29) Metaspace: 52527K(53056K)->52527K(53056K) NonClass: 46437K(46656K)->46437K(46656K) Class: 6090K(6400K)->6090K(6400K)
[2023-03-27T20:41:55.334+0800][2641.663s] GC(29) Pause Young (Normal) (G1 Evacuation Pause) 452M->218M(512M) 8.723ms
[2023-03-27T20:41:55.334+0800][2641.663s] GC(29) User=0.12s Sys=0.00s Real=0.01s
[2023-03-27T20:41:56.160+0800][2642.490s] GC(30) Pause Young (Normal) (G1 Evacuation Pause)
[2023-03-27T20:41:56.160+0800][2642.490s] GC(30) Using 8 workers of 8 for evacuation
[2023-03-27T20:41:56.167+0800][2642.497s] GC(30)   Pre Evacuate Collection Set: 0.2ms
[2023-03-27T20:41:56.167+0800][2642.497s] GC(30)   Merge Heap Roots: 0.2ms
[2023-03-27T20:41:56.167+0800][2642.497s] GC(30)   Evacuate Collection Set: 5.5ms
[2023-03-27T20:41:56.167+0800][2642.497s] GC(30)   Post Evacuate Collection Set: 0.8ms
[2023-03-27T20:41:56.167+0800][2642.497s] GC(30)   Other: 0.1ms
[2023-03-27T20:41:56.167+0800][2642.497s] GC(30) Eden regions: 202->0(187)
[2023-03-27T20:41:56.167+0800][2642.497s] GC(30) Survivor regions: 17->17(28)
[2023-03-27T20:41:56.167+0800][2642.497s] GC(30) Old regions: 132->146
[2023-03-27T20:41:56.167+0800][2642.497s] GC(30) Archive regions: 0->0
[2023-03-27T20:41:56.167+0800][2642.497s] GC(30) Humongous regions: 98->70
[2023-03-27T20:41:56.167+0800][2642.497s] GC(30) Metaspace: 52537K(53056K)->52537K(53056K) NonClass: 46447K(46656K)->46447K(46656K) Class: 6090K(6400K)->6090K(6400K)
[2023-03-27T20:41:56.167+0800][2642.497s] GC(30) Pause Young (Normal) (G1 Evacuation Pause) 448M->231M(512M) 6.836ms
[2023-03-27T20:41:56.167+0800][2642.497s] GC(30) User=0.00s Sys=0.00s Real=0.01s
[2023-03-27T20:41:57.277+0800][2643.607s] GC(31) Pause Young (Normal) (G1 Evacuation Pause)
[2023-03-27T20:41:57.277+0800][2643.607s] GC(31) Using 8 workers of 8 for evacuation
[2023-03-27T20:41:57.282+0800][2643.612s] GC(31)   Pre Evacuate Collection Set: 0.1ms
[2023-03-27T20:41:57.283+0800][2643.612s] GC(31)   Merge Heap Roots: 0.1ms
[2023-03-27T20:41:57.283+0800][2643.612s] GC(31)   Evacuate Collection Set: 4.9ms
[2023-03-27T20:41:57.283+0800][2643.612s] GC(31)   Post Evacuate Collection Set: 0.5ms
[2023-03-27T20:41:57.283+0800][2643.612s] GC(31)   Other: 0.2ms
[2023-03-27T20:41:57.283+0800][2643.613s] GC(31) Eden regions: 187->0(179)
[2023-03-27T20:41:57.283+0800][2643.613s] GC(31) Survivor regions: 17->12(26)
[2023-03-27T20:41:57.283+0800][2643.613s] GC(31) Old regions: 146->160
[2023-03-27T20:41:57.283+0800][2643.613s] GC(31) Archive regions: 0->0
[2023-03-27T20:41:57.283+0800][2643.613s] GC(31) Humongous regions: 70->70
[2023-03-27T20:41:57.283+0800][2643.613s] GC(31) Metaspace: 52562K(53120K)->52562K(53120K) NonClass: 46472K(46720K)->46472K(46720K) Class: 6090K(6400K)->6090K(6400K)
[2023-03-27T20:41:57.283+0800][2643.613s] GC(31) Pause Young (Normal) (G1 Evacuation Pause) 418M->241M(512M) 5.935ms
[2023-03-27T20:41:57.283+0800][2643.613s] GC(31) User=0.00s Sys=0.00s Real=0.01s
[2023-03-27T20:41:57.565+0800][2643.895s] GC(32) Pause Young (Normal) (G1 Evacuation Pause)
[2023-03-27T20:41:57.566+0800][2643.895s] GC(32) Using 8 workers of 8 for evacuation
[2023-03-27T20:41:57.568+0800][2643.898s] GC(32)   Pre Evacuate Collection Set: 0.2ms
[2023-03-27T20:41:57.569+0800][2643.898s] GC(32)   Merge Heap Roots: 0.1ms
[2023-03-27T20:41:57.569+0800][2643.898s] GC(32)   Evacuate Collection Set: 2.3ms
[2023-03-27T20:41:57.569+0800][2643.898s] GC(32)   Post Evacuate Collection Set: 0.4ms
[2023-03-27T20:41:57.569+0800][2643.898s] GC(32)   Other: 0.1ms
[2023-03-27T20:41:57.569+0800][2643.898s] GC(32) Eden regions: 179->0(186)
[2023-03-27T20:41:57.569+0800][2643.898s] GC(32) Survivor regions: 12->12(24)
[2023-03-27T20:41:57.569+0800][2643.898s] GC(32) Old regions: 160->160
[2023-03-27T20:41:57.569+0800][2643.898s] GC(32) Archive regions: 0->0
[2023-03-27T20:41:57.569+0800][2643.898s] GC(32) Humongous regions: 70->70
[2023-03-27T20:41:57.569+0800][2643.898s] GC(32) Metaspace: 52562K(53120K)->52562K(53120K) NonClass: 46472K(46720K)->46472K(46720K) Class: 6090K(6400K)->6090K(6400K)
[2023-03-27T20:41:57.569+0800][2643.899s] GC(32) Pause Young (Normal) (G1 Evacuation Pause) 420M->241M(512M) 3.145ms
[2023-03-27T20:41:57.569+0800][2643.899s] GC(32) User=0.00s Sys=0.02s Real=0.00s
[2023-03-27T20:41:57.870+0800][2644.200s] GC(33) Pause Young (Normal) (G1 Evacuation Pause)
[2023-03-27T20:41:57.870+0800][2644.200s] GC(33) Using 8 workers of 8 for evacuation
[2023-03-27T20:41:57.873+0800][2644.203s] GC(33)   Pre Evacuate Collection Set: 0.1ms
[2023-03-27T20:41:57.873+0800][2644.203s] GC(33)   Merge Heap Roots: 0.2ms
[2023-03-27T20:41:57.873+0800][2644.203s] GC(33)   Evacuate Collection Set: 2.2ms
[2023-03-27T20:41:57.873+0800][2644.203s] GC(33)   Post Evacuate Collection Set: 0.7ms
[2023-03-27T20:41:57.873+0800][2644.203s] GC(33)   Other: 0.1ms
[2023-03-27T20:41:57.873+0800][2644.203s] GC(33) Eden regions: 186->0(192)
[2023-03-27T20:41:57.873+0800][2644.203s] GC(33) Survivor regions: 12->12(25)
[2023-03-27T20:41:57.873+0800][2644.203s] GC(33) Old regions: 160->160
[2023-03-27T20:41:57.873+0800][2644.203s] GC(33) Archive regions: 0->0
[2023-03-27T20:41:57.873+0800][2644.203s] GC(33) Humongous regions: 70->70
[2023-03-27T20:41:57.873+0800][2644.203s] GC(33) Metaspace: 52562K(53120K)->52562K(53120K) NonClass: 46472K(46720K)->46472K(46720K) Class: 6090K(6400K)->6090K(6400K)
[2023-03-27T20:41:57.873+0800][2644.203s] GC(33) Pause Young (Normal) (G1 Evacuation Pause) 427M->241M(512M) 3.395ms
[2023-03-27T20:41:57.873+0800][2644.203s] GC(33) User=0.00s Sys=0.00s Real=0.00s
[2023-03-27T20:43:46.209+0800][2752.540s] GC(34) Pause Young (Normal) (G1 Evacuation Pause)
[2023-03-27T20:43:46.209+0800][2752.540s] GC(34) Using 8 workers of 8 for evacuation
[2023-03-27T20:43:46.213+0800][2752.543s] GC(34)   Pre Evacuate Collection Set: 0.1ms
[2023-03-27T20:43:46.213+0800][2752.543s] GC(34)   Merge Heap Roots: 0.1ms
[2023-03-27T20:43:46.213+0800][2752.543s] GC(34)   Evacuate Collection Set: 2.6ms
[2023-03-27T20:43:46.213+0800][2752.543s] GC(34)   Post Evacuate Collection Set: 0.4ms
[2023-03-27T20:43:46.213+0800][2752.543s] GC(34)   Other: 0.2ms
[2023-03-27T20:43:46.213+0800][2752.543s] GC(34) Eden regions: 192->0(197)
[2023-03-27T20:43:46.213+0800][2752.543s] GC(34) Survivor regions: 12->12(26)
[2023-03-27T20:43:46.213+0800][2752.543s] GC(34) Old regions: 160->160
[2023-03-27T20:43:46.213+0800][2752.543s] GC(34) Archive regions: 0->0
[2023-03-27T20:43:46.213+0800][2752.543s] GC(34) Humongous regions: 70->70
[2023-03-27T20:43:46.213+0800][2752.543s] GC(34) Metaspace: 52817K(53376K)->52817K(53376K) NonClass: 46710K(46976K)->46710K(46976K) Class: 6107K(6400K)->6107K(6400K)
[2023-03-27T20:43:46.213+0800][2752.543s] GC(34) Pause Young (Normal) (G1 Evacuation Pause) 433M->240M(512M) 3.389ms
[2023-03-27T20:43:46.213+0800][2752.543s] GC(34) User=0.00s Sys=0.00s Real=0.00s
[2023-03-27T20:43:46.410+0800][2752.741s] GC(35) Pause Young (Concurrent Start) (G1 Humongous Allocation)
[2023-03-27T20:43:46.410+0800][2752.741s] GC(35) Using 8 workers of 8 for evacuation
[2023-03-27T20:43:46.414+0800][2752.745s] GC(35)   Pre Evacuate Collection Set: 0.1ms
[2023-03-27T20:43:46.414+0800][2752.745s] GC(35)   Merge Heap Roots: 0.1ms
[2023-03-27T20:43:46.414+0800][2752.745s] GC(35)   Evacuate Collection Set: 3.5ms
[2023-03-27T20:43:46.414+0800][2752.745s] GC(35)   Post Evacuate Collection Set: 0.4ms
[2023-03-27T20:43:46.414+0800][2752.745s] GC(35)   Other: 0.2ms
[2023-03-27T20:43:46.414+0800][2752.745s] GC(35) Eden regions: 44->0(186)
[2023-03-27T20:43:46.414+0800][2752.745s] GC(35) Survivor regions: 12->16(27)
[2023-03-27T20:43:46.414+0800][2752.745s] GC(35) Old regions: 160->160
[2023-03-27T20:43:46.414+0800][2752.745s] GC(35) Archive regions: 0->0
[2023-03-27T20:43:46.414+0800][2752.745s] GC(35) Humongous regions: 70->70
[2023-03-27T20:43:46.414+0800][2752.745s] GC(35) Metaspace: 52979K(53504K)->52979K(53504K) NonClass: 46858K(47104K)->46858K(47104K) Class: 6120K(6400K)->6120K(6400K)
[2023-03-27T20:43:46.414+0800][2752.745s] GC(35) Pause Young (Concurrent Start) (G1 Humongous Allocation) 284M->245M(512M) 4.304ms
[2023-03-27T20:43:46.414+0800][2752.745s] GC(35) User=0.00s Sys=0.00s Real=0.00s
[2023-03-27T20:43:46.414+0800][2752.745s] GC(36) Concurrent Undo Cycle
[2023-03-27T20:43:46.414+0800][2752.745s] GC(36) Concurrent Cleanup for Next Mark
[2023-03-27T20:43:46.415+0800][2752.746s] GC(36) Concurrent Cleanup for Next Mark 0.862ms
[2023-03-27T20:43:46.415+0800][2752.746s] GC(36) Concurrent Undo Cycle 0.940ms
[2023-03-27T20:43:46.611+0800][2752.940s] GC(37) Pause Young (Concurrent Start) (G1 Humongous Allocation)
[2023-03-27T20:43:46.611+0800][2752.940s] GC(37) Using 8 workers of 8 for evacuation
[2023-03-27T20:43:46.614+0800][2752.945s] GC(37)   Pre Evacuate Collection Set: 0.1ms
[2023-03-27T20:43:46.614+0800][2752.945s] GC(37)   Merge Heap Roots: 0.1ms
[2023-03-27T20:43:46.615+0800][2752.945s] GC(37)   Evacuate Collection Set: 3.7ms
[2023-03-27T20:43:46.615+0800][2752.945s] GC(37)   Post Evacuate Collection Set: 0.4ms
[2023-03-27T20:43:46.615+0800][2752.945s] GC(37)   Other: 0.2ms
[2023-03-27T20:43:46.615+0800][2752.945s] GC(37) Eden regions: 70->0(167)
[2023-03-27T20:43:46.615+0800][2752.945s] GC(37) Survivor regions: 16->10(26)
[2023-03-27T20:43:46.615+0800][2752.945s] GC(37) Old regions: 160->170
[2023-03-27T20:43:46.615+0800][2752.945s] GC(37) Archive regions: 0->0
[2023-03-27T20:43:46.615+0800][2752.945s] GC(37) Humongous regions: 71->71
[2023-03-27T20:43:46.615+0800][2752.945s] GC(37) Metaspace: 53026K(53504K)->53026K(53504K) NonClass: 46905K(47104K)->46905K(47104K) Class: 6120K(6400K)->6120K(6400K)
[2023-03-27T20:43:46.615+0800][2752.945s] GC(37) Pause Young (Concurrent Start) (G1 Humongous Allocation) 316M->250M(512M) 4.593ms
[2023-03-27T20:43:46.615+0800][2752.945s] GC(37) User=0.12s Sys=0.00s Real=0.00s
[2023-03-27T20:43:46.615+0800][2752.945s] GC(38) Concurrent Mark Cycle
[2023-03-27T20:43:46.615+0800][2752.945s] GC(38) Concurrent Clear Claimed Marks
[2023-03-27T20:43:46.615+0800][2752.945s] GC(38) Concurrent Clear Claimed Marks 0.032ms
[2023-03-27T20:43:46.615+0800][2752.945s] GC(38) Concurrent Scan Root Regions
[2023-03-27T20:43:46.616+0800][2752.946s] GC(38) Concurrent Scan Root Regions 1.166ms
[2023-03-27T20:43:46.616+0800][2752.946s] GC(38) Concurrent Mark
[2023-03-27T20:43:46.616+0800][2752.946s] GC(38) Concurrent Mark From Roots
[2023-03-27T20:43:46.616+0800][2752.946s] GC(38) Using 2 workers of 2 for marking
[2023-03-27T20:43:46.633+0800][2752.964s] GC(38) Concurrent Mark From Roots 17.169ms
[2023-03-27T20:43:46.633+0800][2752.964s] GC(38) Concurrent Preclean
[2023-03-27T20:43:46.633+0800][2752.964s] GC(38) Concurrent Preclean 0.165ms
[2023-03-27T20:43:46.634+0800][2752.964s] GC(38) Pause Remark
[2023-03-27T20:43:46.641+0800][2752.971s] GC(38) Pause Remark 259M->131M(512M) 6.695ms
[2023-03-27T20:43:46.641+0800][2752.971s] GC(38) User=0.00s Sys=0.00s Real=0.01s
[2023-03-27T20:43:46.641+0800][2752.971s] GC(38) Concurrent Mark 24.383ms
[2023-03-27T20:43:46.641+0800][2752.971s] GC(38) Concurrent Rebuild Remembered Sets
[2023-03-27T20:43:46.650+0800][2752.981s] GC(38) Concurrent Rebuild Remembered Sets 9.780ms
[2023-03-27T20:43:46.651+0800][2752.981s] GC(38) Pause Cleanup
[2023-03-27T20:43:46.651+0800][2752.981s] GC(38) Pause Cleanup 133M->133M(512M) 0.125ms
[2023-03-27T20:43:46.651+0800][2752.981s] GC(38) User=0.00s Sys=0.00s Real=0.00s
[2023-03-27T20:43:46.651+0800][2752.981s] GC(38) Concurrent Cleanup for Next Mark
[2023-03-27T20:43:46.652+0800][2752.982s] GC(38) Concurrent Cleanup for Next Mark 0.682ms
[2023-03-27T20:43:46.652+0800][2752.982s] GC(38) Concurrent Mark Cycle 36.673ms
[2023-03-27T20:43:47.057+0800][2753.387s] GC(39) Pause Young (Prepare Mixed) (G1 Evacuation Pause)
[2023-03-27T20:43:47.057+0800][2753.387s] GC(39) Using 8 workers of 8 for evacuation
[2023-03-27T20:43:47.061+0800][2753.391s] GC(39)   Pre Evacuate Collection Set: 0.2ms
[2023-03-27T20:43:47.061+0800][2753.391s] GC(39)   Merge Heap Roots: 0.2ms
[2023-03-27T20:43:47.061+0800][2753.391s] GC(39)   Evacuate Collection Set: 2.7ms
[2023-03-27T20:43:47.061+0800][2753.391s] GC(39)   Post Evacuate Collection Set: 0.6ms
[2023-03-27T20:43:47.061+0800][2753.391s] GC(39)   Other: 0.1ms
[2023-03-27T20:43:47.061+0800][2753.391s] GC(39) Eden regions: 167->0(10)
[2023-03-27T20:43:47.061+0800][2753.391s] GC(39) Survivor regions: 10->15(23)
[2023-03-27T20:43:47.061+0800][2753.391s] GC(39) Old regions: 108->108
[2023-03-27T20:43:47.061+0800][2753.391s] GC(39) Archive regions: 0->0
[2023-03-27T20:43:47.061+0800][2753.391s] GC(39) Humongous regions: 14->13
[2023-03-27T20:43:47.061+0800][2753.391s] GC(39) Metaspace: 52960K(53504K)->52960K(53504K) NonClass: 46851K(47104K)->46851K(47104K) Class: 6108K(6400K)->6108K(6400K)
[2023-03-27T20:43:47.061+0800][2753.391s] GC(39) Pause Young (Prepare Mixed) (G1 Evacuation Pause) 298M->134M(512M) 3.942ms
[2023-03-27T20:43:47.061+0800][2753.391s] GC(39) User=0.00s Sys=0.00s Real=0.00s
[2023-03-27T20:43:47.091+0800][2753.421s] GC(40) Pause Young (Mixed) (G1 Evacuation Pause)
[2023-03-27T20:43:47.091+0800][2753.421s] GC(40) Using 8 workers of 8 for evacuation
[2023-03-27T20:43:47.099+0800][2753.429s] GC(40)   Pre Evacuate Collection Set: 0.2ms
[2023-03-27T20:43:47.099+0800][2753.429s] GC(40)   Merge Heap Roots: 0.1ms
[2023-03-27T20:43:47.099+0800][2753.429s] GC(40)   Evacuate Collection Set: 7.4ms
[2023-03-27T20:43:47.099+0800][2753.429s] GC(40)   Post Evacuate Collection Set: 0.8ms
[2023-03-27T20:43:47.099+0800][2753.429s] GC(40)   Other: 0.1ms
[2023-03-27T20:43:47.099+0800][2753.429s] GC(40) Eden regions: 10->0(290)
[2023-03-27T20:43:47.099+0800][2753.429s] GC(40) Survivor regions: 15->1(4)
[2023-03-27T20:43:47.099+0800][2753.430s] GC(40) Old regions: 108->93
[2023-03-27T20:43:47.099+0800][2753.430s] GC(40) Archive regions: 0->0
[2023-03-27T20:43:47.099+0800][2753.430s] GC(40) Humongous regions: 13->13
[2023-03-27T20:43:47.099+0800][2753.430s] GC(40) Metaspace: 52960K(53504K)->52960K(53504K) NonClass: 46851K(47104K)->46851K(47104K) Class: 6108K(6400K)->6108K(6400K)
[2023-03-27T20:43:47.099+0800][2753.430s] GC(40) Pause Young (Mixed) (G1 Evacuation Pause) 144M->106M(512M) 8.780ms
[2023-03-27T20:43:47.099+0800][2753.430s] GC(40) User=0.12s Sys=0.00s Real=0.01s
[2023-03-27T20:43:47.982+0800][2754.312s] GC(41) Pause Young (Normal) (G1 Evacuation Pause)
[2023-03-27T20:43:47.982+0800][2754.312s] GC(41) Using 8 workers of 8 for evacuation
[2023-03-27T20:43:47.986+0800][2754.316s] GC(41)   Pre Evacuate Collection Set: 0.2ms
[2023-03-27T20:43:47.986+0800][2754.316s] GC(41)   Merge Heap Roots: 0.2ms
[2023-03-27T20:43:47.986+0800][2754.316s] GC(41)   Evacuate Collection Set: 2.9ms
[2023-03-27T20:43:47.986+0800][2754.316s] GC(41)   Post Evacuate Collection Set: 0.7ms
[2023-03-27T20:43:47.986+0800][2754.316s] GC(41)   Other: 0.2ms
[2023-03-27T20:43:47.986+0800][2754.316s] GC(41) Eden regions: 290->0(276)
[2023-03-27T20:43:47.986+0800][2754.316s] GC(41) Survivor regions: 1->15(37)
[2023-03-27T20:43:47.986+0800][2754.316s] GC(41) Old regions: 93->93
[2023-03-27T20:43:47.986+0800][2754.316s] GC(41) Archive regions: 0->0
[2023-03-27T20:43:47.986+0800][2754.316s] GC(41) Humongous regions: 44->21
[2023-03-27T20:43:47.986+0800][2754.316s] GC(41) Metaspace: 52960K(53504K)->52960K(53504K) NonClass: 46851K(47104K)->46851K(47104K) Class: 6108K(6400K)->6108K(6400K)
[2023-03-27T20:43:47.987+0800][2754.316s] GC(41) Pause Young (Normal) (G1 Evacuation Pause) 427M->127M(512M) 4.156ms
[2023-03-27T20:43:47.987+0800][2754.317s] GC(41) User=0.02s Sys=0.00s Real=0.00s
[2023-03-27T20:43:48.801+0800][2755.131s] GC(42) Pause Young (Normal) (G1 Evacuation Pause)
[2023-03-27T20:43:48.801+0800][2755.131s] GC(42) Using 8 workers of 8 for evacuation
[2023-03-27T20:43:48.807+0800][2755.137s] GC(42)   Pre Evacuate Collection Set: 0.1ms
[2023-03-27T20:43:48.807+0800][2755.137s] GC(42)   Merge Heap Roots: 0.1ms
[2023-03-27T20:43:48.807+0800][2755.137s] GC(42)   Evacuate Collection Set: 4.6ms
[2023-03-27T20:43:48.807+0800][2755.137s] GC(42)   Post Evacuate Collection Set: 0.8ms
[2023-03-27T20:43:48.807+0800][2755.137s] GC(42)   Other: 0.1ms
[2023-03-27T20:43:48.807+0800][2755.137s] GC(42) Eden regions: 276->0(261)
[2023-03-27T20:43:48.807+0800][2755.137s] GC(42) Survivor regions: 15->26(37)
[2023-03-27T20:43:48.807+0800][2755.137s] GC(42) Old regions: 93->93
[2023-03-27T20:43:48.807+0800][2755.137s] GC(42) Archive regions: 0->0
[2023-03-27T20:43:48.807+0800][2755.137s] GC(42) Humongous regions: 47->30
[2023-03-27T20:43:48.807+0800][2755.137s] GC(42) Metaspace: 52960K(53504K)->52960K(53504K) NonClass: 46851K(47104K)->46851K(47104K) Class: 6108K(6400K)->6108K(6400K)
[2023-03-27T20:43:48.807+0800][2755.137s] GC(42) Pause Young (Normal) (G1 Evacuation Pause) 429M->148M(512M) 5.927ms
[2023-03-27T20:43:48.807+0800][2755.137s] GC(42) User=0.00s Sys=0.00s Real=0.01s
[2023-03-27T20:43:49.669+0800][2755.999s] GC(43) Pause Young (Normal) (G1 Evacuation Pause)
[2023-03-27T20:43:49.669+0800][2755.999s] GC(43) Using 8 workers of 8 for evacuation
[2023-03-27T20:43:49.676+0800][2756.006s] GC(43)   Pre Evacuate Collection Set: 0.1ms
[2023-03-27T20:43:49.676+0800][2756.006s] GC(43)   Merge Heap Roots: 0.0ms
[2023-03-27T20:43:49.676+0800][2756.006s] GC(43)   Evacuate Collection Set: 6.4ms
[2023-03-27T20:43:49.676+0800][2756.006s] GC(43)   Post Evacuate Collection Set: 0.6ms
[2023-03-27T20:43:49.676+0800][2756.006s] GC(43)   Other: 0.2ms
[2023-03-27T20:43:49.676+0800][2756.006s] GC(43) Eden regions: 261->0(254)
[2023-03-27T20:43:49.676+0800][2756.006s] GC(43) Survivor regions: 26->25(36)
[2023-03-27T20:43:49.676+0800][2756.006s] GC(43) Old regions: 93->104
[2023-03-27T20:43:49.676+0800][2756.006s] GC(43) Archive regions: 0->0
[2023-03-27T20:43:49.676+0800][2756.006s] GC(43) Humongous regions: 58->30
[2023-03-27T20:43:49.676+0800][2756.006s] GC(43) Metaspace: 52960K(53504K)->52960K(53504K) NonClass: 46851K(47104K)->46851K(47104K) Class: 6108K(6400K)->6108K(6400K)
[2023-03-27T20:43:49.676+0800][2756.006s] GC(43) Pause Young (Normal) (G1 Evacuation Pause) 437M->158M(512M) 7.330ms
[2023-03-27T20:43:49.676+0800][2756.006s] GC(43) User=0.12s Sys=0.00s Real=0.01s
[2023-03-27T20:43:50.464+0800][2756.794s] GC(44) Pause Young (Normal) (G1 Evacuation Pause)
[2023-03-27T20:43:50.464+0800][2756.794s] GC(44) Using 8 workers of 8 for evacuation
[2023-03-27T20:43:50.471+0800][2756.802s] GC(44)   Pre Evacuate Collection Set: 0.2ms
[2023-03-27T20:43:50.471+0800][2756.802s] GC(44)   Merge Heap Roots: 0.1ms
[2023-03-27T20:43:50.471+0800][2756.802s] GC(44)   Evacuate Collection Set: 6.5ms
[2023-03-27T20:43:50.471+0800][2756.802s] GC(44)   Post Evacuate Collection Set: 0.5ms
[2023-03-27T20:43:50.471+0800][2756.802s] GC(44)   Other: 0.2ms
[2023-03-27T20:43:50.471+0800][2756.802s] GC(44) Eden regions: 254->0(245)
[2023-03-27T20:43:50.471+0800][2756.802s] GC(44) Survivor regions: 25->25(35)
[2023-03-27T20:43:50.471+0800][2756.802s] GC(44) Old regions: 104->115
[2023-03-27T20:43:50.471+0800][2756.802s] GC(44) Archive regions: 0->0
[2023-03-27T20:43:50.471+0800][2756.802s] GC(44) Humongous regions: 44->30
[2023-03-27T20:43:50.471+0800][2756.802s] GC(44) Metaspace: 52960K(53504K)->52960K(53504K) NonClass: 46851K(47104K)->46851K(47104K) Class: 6108K(6400K)->6108K(6400K)
[2023-03-27T20:43:50.471+0800][2756.802s] GC(44) Pause Young (Normal) (G1 Evacuation Pause) 426M->168M(512M) 7.652ms
[2023-03-27T20:43:50.471+0800][2756.802s] GC(44) User=0.12s Sys=0.00s Real=0.01s
[2023-03-27T20:43:51.369+0800][2757.698s] GC(45) Pause Young (Normal) (G1 Evacuation Pause)
[2023-03-27T20:43:51.369+0800][2757.698s] GC(45) Using 8 workers of 8 for evacuation
[2023-03-27T20:43:51.375+0800][2757.705s] GC(45)   Pre Evacuate Collection Set: 0.1ms
[2023-03-27T20:43:51.375+0800][2757.705s] GC(45)   Merge Heap Roots: 0.2ms
[2023-03-27T20:43:51.375+0800][2757.705s] GC(45)   Evacuate Collection Set: 5.6ms
[2023-03-27T20:43:51.375+0800][2757.705s] GC(45)   Post Evacuate Collection Set: 0.7ms
[2023-03-27T20:43:51.375+0800][2757.705s] GC(45)   Other: 0.1ms
[2023-03-27T20:43:51.375+0800][2757.705s] GC(45) Eden regions: 245->0(242)
[2023-03-27T20:43:51.375+0800][2757.705s] GC(45) Survivor regions: 25->22(34)
[2023-03-27T20:43:51.375+0800][2757.705s] GC(45) Old regions: 115->124
[2023-03-27T20:43:51.375+0800][2757.705s] GC(45) Archive regions: 0->0
[2023-03-27T20:43:51.375+0800][2757.705s] GC(45) Humongous regions: 30->30
[2023-03-27T20:43:51.375+0800][2757.705s] GC(45) Metaspace: 52965K(53504K)->52965K(53504K) NonClass: 46857K(47104K)->46857K(47104K) Class: 6108K(6400K)->6108K(6400K)
[2023-03-27T20:43:51.375+0800][2757.705s] GC(45) Pause Young (Normal) (G1 Evacuation Pause) 413M->175M(512M) 6.734ms
[2023-03-27T20:43:51.375+0800][2757.705s] GC(45) User=0.00s Sys=0.00s Real=0.01s
[2023-03-27T20:43:51.786+0800][2758.116s] GC(46) Pause Young (Normal) (G1 Evacuation Pause)
[2023-03-27T20:43:51.786+0800][2758.116s] GC(46) Using 8 workers of 8 for evacuation
[2023-03-27T20:43:51.791+0800][2758.120s] GC(46)   Pre Evacuate Collection Set: 0.1ms
[2023-03-27T20:43:51.791+0800][2758.120s] GC(46)   Merge Heap Roots: 0.2ms
[2023-03-27T20:43:51.791+0800][2758.120s] GC(46)   Evacuate Collection Set: 3.8ms
[2023-03-27T20:43:51.791+0800][2758.120s] GC(46)   Post Evacuate Collection Set: 0.6ms
[2023-03-27T20:43:51.791+0800][2758.120s] GC(46)   Other: 0.1ms
[2023-03-27T20:43:51.791+0800][2758.120s] GC(46) Eden regions: 242->0(249)
[2023-03-27T20:43:51.791+0800][2758.120s] GC(46) Survivor regions: 22->10(33)
[2023-03-27T20:43:51.791+0800][2758.120s] GC(46) Old regions: 124->137
[2023-03-27T20:43:51.791+0800][2758.121s] GC(46) Archive regions: 0->0
[2023-03-27T20:43:51.791+0800][2758.121s] GC(46) Humongous regions: 30->30
[2023-03-27T20:43:51.791+0800][2758.121s] GC(46) Metaspace: 52966K(53504K)->52966K(53504K) NonClass: 46858K(47104K)->46858K(47104K) Class: 6108K(6400K)->6108K(6400K)
[2023-03-27T20:43:51.791+0800][2758.121s] GC(46) Pause Young (Normal) (G1 Evacuation Pause) 417M->175M(512M) 4.827ms
[2023-03-27T20:43:51.791+0800][2758.121s] GC(46) User=0.00s Sys=0.00s Real=0.00s
[2023-03-27T20:46:13.446+0800][2899.776s] GC(47) Pause Young (Normal) (G1 Evacuation Pause)
[2023-03-27T20:46:13.446+0800][2899.776s] GC(47) Using 8 workers of 8 for evacuation
[2023-03-27T20:46:13.449+0800][2899.779s] GC(47)   Pre Evacuate Collection Set: 0.1ms
[2023-03-27T20:46:13.450+0800][2899.780s] GC(47)   Merge Heap Roots: 0.1ms
[2023-03-27T20:46:13.450+0800][2899.780s] GC(47)   Evacuate Collection Set: 2.8ms
[2023-03-27T20:46:13.450+0800][2899.780s] GC(47)   Post Evacuate Collection Set: 0.5ms
[2023-03-27T20:46:13.450+0800][2899.780s] GC(47)   Other: 0.2ms
[2023-03-27T20:46:13.450+0800][2899.780s] GC(47) Eden regions: 249->0(258)
[2023-03-27T20:46:13.450+0800][2899.780s] GC(47) Survivor regions: 10->8(33)
[2023-03-27T20:46:13.450+0800][2899.780s] GC(47) Old regions: 137->137
[2023-03-27T20:46:13.450+0800][2899.780s] GC(47) Archive regions: 0->0
[2023-03-27T20:46:13.450+0800][2899.780s] GC(47) Humongous regions: 30->30
[2023-03-27T20:46:13.450+0800][2899.780s] GC(47) Metaspace: 53079K(53568K)->53079K(53568K) NonClass: 46970K(47168K)->46970K(47168K) Class: 6109K(6400K)->6109K(6400K)
[2023-03-27T20:46:13.450+0800][2899.780s] GC(47) Pause Young (Normal) (G1 Evacuation Pause) 424M->174M(512M) 3.905ms
[2023-03-27T20:46:13.450+0800][2899.780s] GC(47) User=0.00s Sys=0.00s Real=0.00s
[2023-03-27T21:04:54.287+0800][4020.617s] GC(48) Pause Young (Normal) (G1 Evacuation Pause)
[2023-03-27T21:04:54.287+0800][4020.617s] GC(48) Using 8 workers of 8 for evacuation
[2023-03-27T21:04:54.293+0800][4020.623s] GC(48)   Pre Evacuate Collection Set: 0.1ms
[2023-03-27T21:04:54.293+0800][4020.623s] GC(48)   Merge Heap Roots: 0.1ms
[2023-03-27T21:04:54.293+0800][4020.623s] GC(48)   Evacuate Collection Set: 4.6ms
[2023-03-27T21:04:54.293+0800][4020.623s] GC(48)   Post Evacuate Collection Set: 1.2ms
[2023-03-27T21:04:54.293+0800][4020.623s] GC(48)   Other: 0.3ms
[2023-03-27T21:04:54.293+0800][4020.623s] GC(48) Eden regions: 258->0(253)
[2023-03-27T21:04:54.293+0800][4020.623s] GC(48) Survivor regions: 8->14(34)
[2023-03-27T21:04:54.293+0800][4020.623s] GC(48) Old regions: 137->137
[2023-03-27T21:04:54.293+0800][4020.623s] GC(48) Archive regions: 0->0
[2023-03-27T21:04:54.293+0800][4020.623s] GC(48) Humongous regions: 30->30
[2023-03-27T21:04:54.293+0800][4020.623s] GC(48) Metaspace: 54697K(55168K)->54697K(55168K) NonClass: 48462K(48704K)->48462K(48704K) Class: 6234K(6464K)->6234K(6464K)
[2023-03-27T21:04:54.293+0800][4020.623s] GC(48) Pause Young (Normal) (G1 Evacuation Pause) 432M->179M(512M) 6.389ms
[2023-03-27T21:04:54.293+0800][4020.623s] GC(48) User=0.00s Sys=0.00s Real=0.01s
[2023-03-27T21:08:24.448+0800][4230.778s] GC(49) Pause Young (Normal) (G1 Evacuation Pause)
[2023-03-27T21:08:24.448+0800][4230.778s] GC(49) Using 8 workers of 8 for evacuation
[2023-03-27T21:08:24.453+0800][4230.783s] GC(49)   Pre Evacuate Collection Set: 0.1ms
[2023-03-27T21:08:24.453+0800][4230.783s] GC(49)   Merge Heap Roots: 0.1ms
[2023-03-27T21:08:24.453+0800][4230.783s] GC(49)   Evacuate Collection Set: 4.0ms
[2023-03-27T21:08:24.453+0800][4230.783s] GC(49)   Post Evacuate Collection Set: 1.0ms
[2023-03-27T21:08:24.453+0800][4230.783s] GC(49)   Other: 0.2ms
[2023-03-27T21:08:24.453+0800][4230.783s] GC(49) Eden regions: 253->0(257)
[2023-03-27T21:08:24.453+0800][4230.783s] GC(49) Survivor regions: 14->13(34)
[2023-03-27T21:08:24.453+0800][4230.784s] GC(49) Old regions: 137->137
[2023-03-27T21:08:24.453+0800][4230.784s] GC(49) Archive regions: 0->0
[2023-03-27T21:08:24.453+0800][4230.784s] GC(49) Humongous regions: 30->30
[2023-03-27T21:08:24.453+0800][4230.784s] GC(49) Metaspace: 54708K(55168K)->54708K(55168K) NonClass: 48474K(48704K)->48474K(48704K) Class: 6234K(6464K)->6234K(6464K)
[2023-03-27T21:08:24.453+0800][4230.784s] GC(49) Pause Young (Normal) (G1 Evacuation Pause) 432M->179M(512M) 5.429ms
[2023-03-27T21:08:24.453+0800][4230.784s] GC(49) User=0.00s Sys=0.00s Real=0.01s
[2023-03-27T21:08:24.985+0800][4231.316s] GC(50) Pause Young (Normal) (G1 Evacuation Pause)
[2023-03-27T21:08:24.986+0800][4231.316s] GC(50) Using 8 workers of 8 for evacuation
[2023-03-27T21:08:24.990+0800][4231.320s] GC(50)   Pre Evacuate Collection Set: 0.1ms
[2023-03-27T21:08:24.990+0800][4231.320s] GC(50)   Merge Heap Roots: 0.1ms
[2023-03-27T21:08:24.990+0800][4231.320s] GC(50)   Evacuate Collection Set: 3.3ms
[2023-03-27T21:08:24.990+0800][4231.320s] GC(50)   Post Evacuate Collection Set: 1.0ms
[2023-03-27T21:08:24.990+0800][4231.320s] GC(50)   Other: 0.2ms
[2023-03-27T21:08:24.990+0800][4231.320s] GC(50) Eden regions: 257->0(259)
[2023-03-27T21:08:24.990+0800][4231.320s] GC(50) Survivor regions: 13->14(34)
[2023-03-27T21:08:24.990+0800][4231.320s] GC(50) Old regions: 137->137
[2023-03-27T21:08:24.990+0800][4231.320s] GC(50) Archive regions: 0->0
[2023-03-27T21:08:24.990+0800][4231.320s] GC(50) Humongous regions: 30->30
[2023-03-27T21:08:24.990+0800][4231.320s] GC(50) Metaspace: 54747K(55232K)->54747K(55232K) NonClass: 48512K(48768K)->48512K(48768K) Class: 6234K(6464K)->6234K(6464K)
[2023-03-27T21:08:24.990+0800][4231.320s] GC(50) Pause Young (Normal) (G1 Evacuation Pause) 436M->179M(512M) 4.774ms
[2023-03-27T21:08:24.990+0800][4231.320s] GC(50) User=0.08s Sys=0.03s Real=0.01s
[2023-03-27T21:09:14.604+0800][4280.934s] GC(51) Pause Young (Normal) (G1 Evacuation Pause)
[2023-03-27T21:09:14.604+0800][4280.934s] GC(51) Using 8 workers of 8 for evacuation
[2023-03-27T21:09:14.608+0800][4280.939s] GC(51)   Pre Evacuate Collection Set: 0.2ms
[2023-03-27T21:09:14.608+0800][4280.939s] GC(51)   Merge Heap Roots: 0.1ms
[2023-03-27T21:09:14.608+0800][4280.939s] GC(51)   Evacuate Collection Set: 3.7ms
[2023-03-27T21:09:14.608+0800][4280.939s] GC(51)   Post Evacuate Collection Set: 0.7ms
[2023-03-27T21:09:14.608+0800][4280.939s] GC(51)   Other: 0.1ms
[2023-03-27T21:09:14.608+0800][4280.939s] GC(51) Eden regions: 259->0(262)
[2023-03-27T21:09:14.608+0800][4280.939s] GC(51) Survivor regions: 14->14(35)
[2023-03-27T21:09:14.608+0800][4280.939s] GC(51) Old regions: 137->137
[2023-03-27T21:09:14.608+0800][4280.939s] GC(51) Archive regions: 0->0
[2023-03-27T21:09:14.608+0800][4280.939s] GC(51) Humongous regions: 30->30
[2023-03-27T21:09:14.608+0800][4280.939s] GC(51) Metaspace: 54748K(55232K)->54748K(55232K) NonClass: 48513K(48768K)->48513K(48768K) Class: 6234K(6464K)->6234K(6464K)
[2023-03-27T21:09:14.608+0800][4280.939s] GC(51) Pause Young (Normal) (G1 Evacuation Pause) 438M->179M(512M) 4.942ms
[2023-03-27T21:09:14.608+0800][4280.939s] GC(51) User=0.00s Sys=0.00s Real=0.00s
[2023-03-27T21:15:21.661+0800][4647.991s] GC(52) Pause Young (Normal) (G1 Evacuation Pause)
[2023-03-27T21:15:21.661+0800][4647.991s] GC(52) Using 8 workers of 8 for evacuation
[2023-03-27T21:15:21.665+0800][4647.995s] GC(52)   Pre Evacuate Collection Set: 0.2ms
[2023-03-27T21:15:21.665+0800][4647.995s] GC(52)   Merge Heap Roots: 0.2ms
[2023-03-27T21:15:21.666+0800][4647.995s] GC(52)   Evacuate Collection Set: 3.4ms
[2023-03-27T21:15:21.666+0800][4647.995s] GC(52)   Post Evacuate Collection Set: 0.6ms
[2023-03-27T21:15:21.666+0800][4647.995s] GC(52)   Other: 0.2ms
[2023-03-27T21:15:21.666+0800][4647.995s] GC(52) Eden regions: 262->0(263)
[2023-03-27T21:15:21.666+0800][4647.995s] GC(52) Survivor regions: 14->14(35)
[2023-03-27T21:15:21.666+0800][4647.995s] GC(52) Old regions: 137->137
[2023-03-27T21:15:21.666+0800][4647.995s] GC(52) Archive regions: 0->0
[2023-03-27T21:15:21.666+0800][4647.995s] GC(52) Humongous regions: 30->30
[2023-03-27T21:15:21.666+0800][4647.995s] GC(52) Metaspace: 54777K(55296K)->54777K(55296K) NonClass: 48542K(48832K)->48542K(48832K) Class: 6234K(6464K)->6234K(6464K)
[2023-03-27T21:15:21.666+0800][4647.995s] GC(52) Pause Young (Normal) (G1 Evacuation Pause) 441M->179M(512M) 4.733ms
[2023-03-27T21:15:21.666+0800][4647.995s] GC(52) User=0.00s Sys=0.00s Real=0.00s
[2023-03-27T21:15:42.269+0800][4668.599s] GC(53) Pause Young (Normal) (G1 Evacuation Pause)
[2023-03-27T21:15:42.269+0800][4668.599s] GC(53) Using 8 workers of 8 for evacuation
[2023-03-27T21:15:42.273+0800][4668.604s] GC(53)   Pre Evacuate Collection Set: 0.2ms
[2023-03-27T21:15:42.273+0800][4668.604s] GC(53)   Merge Heap Roots: 0.2ms
[2023-03-27T21:15:42.273+0800][4668.604s] GC(53)   Evacuate Collection Set: 3.4ms
[2023-03-27T21:15:42.273+0800][4668.604s] GC(53)   Post Evacuate Collection Set: 1.0ms
[2023-03-27T21:15:42.273+0800][4668.604s] GC(53)   Other: 0.2ms
[2023-03-27T21:15:42.273+0800][4668.604s] GC(53) Eden regions: 263->0(265)
[2023-03-27T21:15:42.273+0800][4668.604s] GC(53) Survivor regions: 14->14(35)
[2023-03-27T21:15:42.273+0800][4668.604s] GC(53) Old regions: 137->137
[2023-03-27T21:15:42.273+0800][4668.604s] GC(53) Archive regions: 0->0
[2023-03-27T21:15:42.273+0800][4668.604s] GC(53) Humongous regions: 30->30
[2023-03-27T21:15:42.273+0800][4668.604s] GC(53) Metaspace: 54833K(55296K)->54833K(55296K) NonClass: 48595K(48832K)->48595K(48832K) Class: 6237K(6464K)->6237K(6464K)
[2023-03-27T21:15:42.274+0800][4668.604s] GC(53) Pause Young (Normal) (G1 Evacuation Pause) 442M->179M(512M) 5.012ms
[2023-03-27T21:15:42.274+0800][4668.604s] GC(53) User=0.00s Sys=0.00s Real=0.00s
[2023-03-27T21:15:43.682+0800][4670.011s] GC(54) Pause Young (Normal) (G1 Evacuation Pause)
[2023-03-27T21:15:43.682+0800][4670.011s] GC(54) Using 8 workers of 8 for evacuation
[2023-03-27T21:15:43.687+0800][4670.017s] GC(54)   Pre Evacuate Collection Set: 0.1ms
[2023-03-27T21:15:43.687+0800][4670.017s] GC(54)   Merge Heap Roots: 0.2ms
[2023-03-27T21:15:43.687+0800][4670.017s] GC(54)   Evacuate Collection Set: 4.7ms
[2023-03-27T21:15:43.687+0800][4670.017s] GC(54)   Post Evacuate Collection Set: 0.6ms
[2023-03-27T21:15:43.687+0800][4670.017s] GC(54)   Other: 0.2ms
[2023-03-27T21:15:43.687+0800][4670.017s] GC(54) Eden regions: 265->0(265)
[2023-03-27T21:15:43.687+0800][4670.017s] GC(54) Survivor regions: 14->14(35)
[2023-03-27T21:15:43.687+0800][4670.017s] GC(54) Old regions: 137->137
[2023-03-27T21:15:43.687+0800][4670.017s] GC(54) Archive regions: 0->0
[2023-03-27T21:15:43.687+0800][4670.017s] GC(54) Humongous regions: 30->30
[2023-03-27T21:15:43.687+0800][4670.017s] GC(54) Metaspace: 54837K(55296K)->54837K(55296K) NonClass: 48599K(48832K)->48599K(48832K) Class: 6237K(6464K)->6237K(6464K)
[2023-03-27T21:15:43.687+0800][4670.017s] GC(54) Pause Young (Normal) (G1 Evacuation Pause) 444M->180M(512M) 5.935ms
[2023-03-27T21:15:43.687+0800][4670.017s] GC(54) User=0.00s Sys=0.00s Real=0.01s
[2023-03-27T21:15:44.288+0800][4670.618s] GC(55) Pause Young (Normal) (G1 Evacuation Pause)
[2023-03-27T21:15:44.288+0800][4670.618s] GC(55) Using 8 workers of 8 for evacuation
[2023-03-27T21:15:44.293+0800][4670.622s] GC(55)   Pre Evacuate Collection Set: 0.2ms
[2023-03-27T21:15:44.293+0800][4670.622s] GC(55)   Merge Heap Roots: 0.1ms
[2023-03-27T21:15:44.293+0800][4670.622s] GC(55)   Evacuate Collection Set: 3.2ms
[2023-03-27T21:15:44.293+0800][4670.623s] GC(55)   Post Evacuate Collection Set: 1.1ms
[2023-03-27T21:15:44.293+0800][4670.623s] GC(55)   Other: 0.2ms
[2023-03-27T21:15:44.293+0800][4670.623s] GC(55) Eden regions: 265->0(265)
[2023-03-27T21:15:44.293+0800][4670.623s] GC(55) Survivor regions: 14->14(35)
[2023-03-27T21:15:44.293+0800][4670.623s] GC(55) Old regions: 137->137
[2023-03-27T21:15:44.293+0800][4670.623s] GC(55) Archive regions: 0->0
[2023-03-27T21:15:44.293+0800][4670.623s] GC(55) Humongous regions: 30->30
[2023-03-27T21:15:44.293+0800][4670.623s] GC(55) Metaspace: 54856K(55360K)->54856K(55360K) NonClass: 48619K(48896K)->48619K(48896K) Class: 6237K(6464K)->6237K(6464K)
[2023-03-27T21:15:44.293+0800][4670.623s] GC(55) Pause Young (Normal) (G1 Evacuation Pause) 445M->179M(512M) 5.001ms
[2023-03-27T21:15:44.293+0800][4670.623s] GC(55) User=0.00s Sys=0.00s Real=0.00s
[2023-03-27T21:15:44.871+0800][4671.201s] GC(56) Pause Young (Normal) (G1 Evacuation Pause)
[2023-03-27T21:15:44.871+0800][4671.201s] GC(56) Using 8 workers of 8 for evacuation
[2023-03-27T21:15:44.876+0800][4671.206s] GC(56)   Pre Evacuate Collection Set: 0.2ms
[2023-03-27T21:15:44.876+0800][4671.206s] GC(56)   Merge Heap Roots: 0.1ms
[2023-03-27T21:15:44.876+0800][4671.206s] GC(56)   Evacuate Collection Set: 3.5ms
[2023-03-27T21:15:44.876+0800][4671.206s] GC(56)   Post Evacuate Collection Set: 0.9ms
[2023-03-27T21:15:44.876+0800][4671.206s] GC(56)   Other: 0.1ms
[2023-03-27T21:15:44.876+0800][4671.206s] GC(56) Eden regions: 265->0(265)
[2023-03-27T21:15:44.876+0800][4671.206s] GC(56) Survivor regions: 14->14(35)
[2023-03-27T21:15:44.876+0800][4671.206s] GC(56) Old regions: 137->137
[2023-03-27T21:15:44.876+0800][4671.206s] GC(56) Archive regions: 0->0
[2023-03-27T21:15:44.876+0800][4671.206s] GC(56) Humongous regions: 30->30
[2023-03-27T21:15:44.876+0800][4671.206s] GC(56) Metaspace: 54863K(55360K)->54863K(55360K) NonClass: 48625K(48896K)->48625K(48896K) Class: 6237K(6464K)->6237K(6464K)
[2023-03-27T21:15:44.876+0800][4671.206s] GC(56) Pause Young (Normal) (G1 Evacuation Pause) 444M->180M(512M) 4.854ms
[2023-03-27T21:15:44.876+0800][4671.206s] GC(56) User=0.00s Sys=0.00s Real=0.00s
[2023-03-27T21:17:53.241+0800][4799.572s] GC(57) Pause Young (Normal) (G1 Evacuation Pause)
[2023-03-27T21:17:53.241+0800][4799.572s] GC(57) Using 8 workers of 8 for evacuation
[2023-03-27T21:17:53.246+0800][4799.576s] GC(57)   Pre Evacuate Collection Set: 0.1ms
[2023-03-27T21:17:53.246+0800][4799.576s] GC(57)   Merge Heap Roots: 0.1ms
[2023-03-27T21:17:53.246+0800][4799.576s] GC(57)   Evacuate Collection Set: 3.5ms
[2023-03-27T21:17:53.246+0800][4799.576s] GC(57)   Post Evacuate Collection Set: 0.7ms
[2023-03-27T21:17:53.246+0800][4799.576s] GC(57)   Other: 0.2ms
[2023-03-27T21:17:53.246+0800][4799.576s] GC(57) Eden regions: 265->0(265)
[2023-03-27T21:17:53.246+0800][4799.576s] GC(57) Survivor regions: 14->14(35)
[2023-03-27T21:17:53.246+0800][4799.576s] GC(57) Old regions: 137->137
[2023-03-27T21:17:53.246+0800][4799.576s] GC(57) Archive regions: 0->0
[2023-03-27T21:17:53.246+0800][4799.576s] GC(57) Humongous regions: 30->30
[2023-03-27T21:17:53.246+0800][4799.576s] GC(57) Metaspace: 54893K(55360K)->54893K(55360K) NonClass: 48655K(48896K)->48655K(48896K) Class: 6237K(6464K)->6237K(6464K)
[2023-03-27T21:17:53.246+0800][4799.576s] GC(57) Pause Young (Normal) (G1 Evacuation Pause) 445M->179M(512M) 4.700ms
[2023-03-27T21:17:53.246+0800][4799.576s] GC(57) User=0.00s Sys=0.00s Real=0.01s
[2023-03-27T21:20:40.742+0800][4967.072s] GC(58) Pause Young (Normal) (G1 Evacuation Pause)
[2023-03-27T21:20:40.743+0800][4967.072s] GC(58) Using 8 workers of 8 for evacuation
[2023-03-27T21:20:40.747+0800][4967.077s] GC(58)   Pre Evacuate Collection Set: 0.1ms
[2023-03-27T21:20:40.747+0800][4967.077s] GC(58)   Merge Heap Roots: 0.1ms
[2023-03-27T21:20:40.747+0800][4967.077s] GC(58)   Evacuate Collection Set: 3.4ms
[2023-03-27T21:20:40.747+0800][4967.077s] GC(58)   Post Evacuate Collection Set: 0.8ms
[2023-03-27T21:20:40.747+0800][4967.077s] GC(58)   Other: 0.2ms
[2023-03-27T21:20:40.747+0800][4967.077s] GC(58) Eden regions: 265->0(265)
[2023-03-27T21:20:40.747+0800][4967.077s] GC(58) Survivor regions: 14->14(35)
[2023-03-27T21:20:40.747+0800][4967.077s] GC(58) Old regions: 137->137
[2023-03-27T21:20:40.747+0800][4967.077s] GC(58) Archive regions: 0->0
[2023-03-27T21:20:40.747+0800][4967.077s] GC(58) Humongous regions: 30->30
[2023-03-27T21:20:40.747+0800][4967.077s] GC(58) Metaspace: 55026K(55488K)->55026K(55488K) NonClass: 48788K(49024K)->48788K(49024K) Class: 6237K(6464K)->6237K(6464K)
[2023-03-27T21:20:40.747+0800][4967.077s] GC(58) Pause Young (Normal) (G1 Evacuation Pause) 444M->179M(512M) 4.593ms
[2023-03-27T21:20:40.747+0800][4967.077s] GC(58) User=0.00s Sys=0.00s Real=0.00s
[2023-03-27T21:21:36.758+0800][5023.088s] GC(59) Pause Young (Normal) (G1 Evacuation Pause)
[2023-03-27T21:21:36.758+0800][5023.088s] GC(59) Using 8 workers of 8 for evacuation
[2023-03-27T21:21:36.763+0800][5023.093s] GC(59)   Pre Evacuate Collection Set: 0.1ms
[2023-03-27T21:21:36.763+0800][5023.093s] GC(59)   Merge Heap Roots: 0.1ms
[2023-03-27T21:21:36.763+0800][5023.093s] GC(59)   Evacuate Collection Set: 3.8ms
[2023-03-27T21:21:36.763+0800][5023.093s] GC(59)   Post Evacuate Collection Set: 0.8ms
[2023-03-27T21:21:36.763+0800][5023.093s] GC(59)   Other: 0.2ms
[2023-03-27T21:21:36.763+0800][5023.093s] GC(59) Eden regions: 265->0(265)
[2023-03-27T21:21:36.763+0800][5023.093s] GC(59) Survivor regions: 14->14(35)
[2023-03-27T21:21:36.763+0800][5023.093s] GC(59) Old regions: 137->137
[2023-03-27T21:21:36.763+0800][5023.093s] GC(59) Archive regions: 0->0
[2023-03-27T21:21:36.763+0800][5023.093s] GC(59) Humongous regions: 30->30
[2023-03-27T21:21:36.763+0800][5023.093s] GC(59) Metaspace: 55129K(55616K)->55129K(55616K) NonClass: 48891K(49152K)->48891K(49152K) Class: 6237K(6464K)->6237K(6464K)
[2023-03-27T21:21:36.763+0800][5023.093s] GC(59) Pause Young (Normal) (G1 Evacuation Pause) 444M->179M(512M) 4.967ms
[2023-03-27T21:21:36.763+0800][5023.093s] GC(59) User=0.00s Sys=0.00s Real=0.01s
[2023-03-27T21:21:41.807+0800][5028.137s] GC(60) Pause Young (Normal) (G1 Evacuation Pause)
[2023-03-27T21:21:41.807+0800][5028.137s] GC(60) Using 8 workers of 8 for evacuation
[2023-03-27T21:21:41.812+0800][5028.143s] GC(60)   Pre Evacuate Collection Set: 0.2ms
[2023-03-27T21:21:41.812+0800][5028.143s] GC(60)   Merge Heap Roots: 0.1ms
[2023-03-27T21:21:41.812+0800][5028.143s] GC(60)   Evacuate Collection Set: 4.2ms
[2023-03-27T21:21:41.812+0800][5028.143s] GC(60)   Post Evacuate Collection Set: 1.0ms
[2023-03-27T21:21:41.812+0800][5028.143s] GC(60)   Other: 0.1ms
[2023-03-27T21:21:41.812+0800][5028.143s] GC(60) Eden regions: 265->0(270)
[2023-03-27T21:21:41.812+0800][5028.143s] GC(60) Survivor regions: 14->7(35)
[2023-03-27T21:21:41.812+0800][5028.143s] GC(60) Old regions: 137->144
[2023-03-27T21:21:41.812+0800][5028.143s] GC(60) Archive regions: 0->0
[2023-03-27T21:21:41.812+0800][5028.143s] GC(60) Humongous regions: 30->30
[2023-03-27T21:21:41.812+0800][5028.143s] GC(60) Metaspace: 55129K(55616K)->55129K(55616K) NonClass: 48891K(49152K)->48891K(49152K) Class: 6237K(6464K)->6237K(6464K)
[2023-03-27T21:21:41.812+0800][5028.143s] GC(60) Pause Young (Normal) (G1 Evacuation Pause) 444M->180M(512M) 5.663ms
[2023-03-27T21:21:41.812+0800][5028.143s] GC(60) User=0.00s Sys=0.00s Real=0.01s
[2023-03-27T21:21:52.995+0800][5039.325s] GC(61) Pause Young (Normal) (G1 Evacuation Pause)
[2023-03-27T21:21:52.995+0800][5039.325s] GC(61) Using 8 workers of 8 for evacuation
[2023-03-27T21:21:52.999+0800][5039.328s] GC(61)   Pre Evacuate Collection Set: 0.2ms
[2023-03-27T21:21:52.999+0800][5039.328s] GC(61)   Merge Heap Roots: 0.2ms
[2023-03-27T21:21:52.999+0800][5039.328s] GC(61)   Evacuate Collection Set: 1.9ms
[2023-03-27T21:21:52.999+0800][5039.328s] GC(61)   Post Evacuate Collection Set: 0.8ms
[2023-03-27T21:21:52.999+0800][5039.328s] GC(61)   Other: 0.1ms
[2023-03-27T21:21:52.999+0800][5039.328s] GC(61) Eden regions: 270->0(270)
[2023-03-27T21:21:52.999+0800][5039.328s] GC(61) Survivor regions: 7->7(35)
[2023-03-27T21:21:52.999+0800][5039.328s] GC(61) Old regions: 144->144
[2023-03-27T21:21:52.999+0800][5039.328s] GC(61) Archive regions: 0->0
[2023-03-27T21:21:52.999+0800][5039.328s] GC(61) Humongous regions: 30->30
[2023-03-27T21:21:52.999+0800][5039.328s] GC(61) Metaspace: 55184K(55616K)->55184K(55616K) NonClass: 48946K(49152K)->48946K(49152K) Class: 6237K(6464K)->6237K(6464K)
[2023-03-27T21:21:52.999+0800][5039.328s] GC(61) Pause Young (Normal) (G1 Evacuation Pause) 450M->180M(512M) 3.341ms
[2023-03-27T21:21:52.999+0800][5039.328s] GC(61) User=0.00s Sys=0.00s Real=0.00s
[2023-03-27T21:22:45.342+0800][5091.672s] GC(62) Pause Young (Normal) (G1 Evacuation Pause)
[2023-03-27T21:22:45.343+0800][5091.672s] GC(62) Using 8 workers of 8 for evacuation
[2023-03-27T21:22:45.346+0800][5091.676s] GC(62)   Pre Evacuate Collection Set: 0.1ms
[2023-03-27T21:22:45.346+0800][5091.676s] GC(62)   Merge Heap Roots: 0.1ms
[2023-03-27T21:22:45.346+0800][5091.676s] GC(62)   Evacuate Collection Set: 2.3ms
[2023-03-27T21:22:45.346+0800][5091.676s] GC(62)   Post Evacuate Collection Set: 0.7ms
[2023-03-27T21:22:45.346+0800][5091.676s] GC(62)   Other: 0.2ms
[2023-03-27T21:22:45.346+0800][5091.676s] GC(62) Eden regions: 270->0(270)
[2023-03-27T21:22:45.346+0800][5091.676s] GC(62) Survivor regions: 7->6(35)
[2023-03-27T21:22:45.346+0800][5091.676s] GC(62) Old regions: 144->145
[2023-03-27T21:22:45.346+0800][5091.676s] GC(62) Archive regions: 0->0
[2023-03-27T21:22:45.346+0800][5091.676s] GC(62) Humongous regions: 30->30
[2023-03-27T21:22:45.346+0800][5091.676s] GC(62) Metaspace: 55277K(55744K)->55277K(55744K) NonClass: 49038K(49280K)->49038K(49280K) Class: 6238K(6464K)->6238K(6464K)
[2023-03-27T21:22:45.346+0800][5091.676s] GC(62) Pause Young (Normal) (G1 Evacuation Pause) 450M->180M(512M) 3.551ms
[2023-03-27T21:22:45.346+0800][5091.676s] GC(62) User=0.00s Sys=0.00s Real=0.00s
[2023-03-27T21:25:16.045+0800][5242.376s] GC(63) Pause Young (Normal) (G1 Evacuation Pause)
[2023-03-27T21:25:16.046+0800][5242.376s] GC(63) Using 8 workers of 8 for evacuation
[2023-03-27T21:25:16.049+0800][5242.379s] GC(63)   Pre Evacuate Collection Set: 0.1ms
[2023-03-27T21:25:16.049+0800][5242.379s] GC(63)   Merge Heap Roots: 0.1ms
[2023-03-27T21:25:16.049+0800][5242.379s] GC(63)   Evacuate Collection Set: 2.0ms
[2023-03-27T21:25:16.049+0800][5242.379s] GC(63)   Post Evacuate Collection Set: 0.7ms
[2023-03-27T21:25:16.049+0800][5242.379s] GC(63)   Other: 0.2ms
[2023-03-27T21:25:16.049+0800][5242.379s] GC(63) Eden regions: 270->0(270)
[2023-03-27T21:25:16.049+0800][5242.379s] GC(63) Survivor regions: 6->4(35)
[2023-03-27T21:25:16.049+0800][5242.379s] GC(63) Old regions: 145->147
[2023-03-27T21:25:16.049+0800][5242.379s] GC(63) Archive regions: 0->0
[2023-03-27T21:25:16.049+0800][5242.379s] GC(63) Humongous regions: 30->30
[2023-03-27T21:25:16.049+0800][5242.379s] GC(63) Metaspace: 55278K(55808K)->55278K(55808K) NonClass: 49040K(49344K)->49040K(49344K) Class: 6238K(6464K)->6238K(6464K)
[2023-03-27T21:25:16.049+0800][5242.379s] GC(63) Pause Young (Normal) (G1 Evacuation Pause) 450M->180M(512M) 3.288ms
[2023-03-27T21:25:16.049+0800][5242.379s] GC(63) User=0.00s Sys=0.00s Real=0.00s
[2023-03-27T21:25:17.276+0800][5243.606s] GC(64) Pause Young (Normal) (G1 Evacuation Pause)
[2023-03-27T21:25:17.276+0800][5243.606s] GC(64) Using 8 workers of 8 for evacuation
[2023-03-27T21:25:17.278+0800][5243.608s] GC(64)   Pre Evacuate Collection Set: 0.1ms
[2023-03-27T21:25:17.278+0800][5243.608s] GC(64)   Merge Heap Roots: 0.0ms
[2023-03-27T21:25:17.278+0800][5243.608s] GC(64)   Evacuate Collection Set: 1.3ms
[2023-03-27T21:25:17.278+0800][5243.608s] GC(64)   Post Evacuate Collection Set: 0.6ms
[2023-03-27T21:25:17.278+0800][5243.608s] GC(64)   Other: 0.2ms
[2023-03-27T21:25:17.278+0800][5243.608s] GC(64) Eden regions: 270->0(271)
[2023-03-27T21:25:17.278+0800][5243.608s] GC(64) Survivor regions: 4->3(35)
[2023-03-27T21:25:17.278+0800][5243.608s] GC(64) Old regions: 147->148
[2023-03-27T21:25:17.278+0800][5243.608s] GC(64) Archive regions: 0->0
[2023-03-27T21:25:17.278+0800][5243.608s] GC(64) Humongous regions: 30->30
[2023-03-27T21:25:17.278+0800][5243.608s] GC(64) Metaspace: 55283K(55808K)->55283K(55808K) NonClass: 49045K(49344K)->49045K(49344K) Class: 6238K(6464K)->6238K(6464K)
[2023-03-27T21:25:17.278+0800][5243.608s] GC(64) Pause Young (Normal) (G1 Evacuation Pause) 450M->180M(512M) 2.286ms
[2023-03-27T21:25:17.278+0800][5243.608s] GC(64) User=0.00s Sys=0.00s Real=0.00s
[2023-03-27T21:35:26.070+0800][5852.401s] GC(65) Pause Young (Normal) (G1 Evacuation Pause)
[2023-03-27T21:35:26.070+0800][5852.401s] GC(65) Using 8 workers of 8 for evacuation
[2023-03-27T21:35:26.073+0800][5852.403s] GC(65)   Pre Evacuate Collection Set: 0.2ms
[2023-03-27T21:35:26.073+0800][5852.403s] GC(65)   Merge Heap Roots: 0.1ms
[2023-03-27T21:35:26.073+0800][5852.403s] GC(65)   Evacuate Collection Set: 1.1ms
[2023-03-27T21:35:26.073+0800][5852.403s] GC(65)   Post Evacuate Collection Set: 0.7ms
[2023-03-27T21:35:26.073+0800][5852.403s] GC(65)   Other: 0.2ms
[2023-03-27T21:35:26.073+0800][5852.403s] GC(65) Eden regions: 271->0(271)
[2023-03-27T21:35:26.073+0800][5852.403s] GC(65) Survivor regions: 3->3(35)
[2023-03-27T21:35:26.073+0800][5852.403s] GC(65) Old regions: 148->148
[2023-03-27T21:35:26.073+0800][5852.403s] GC(65) Archive regions: 0->0
[2023-03-27T21:35:26.073+0800][5852.403s] GC(65) Humongous regions: 30->30
[2023-03-27T21:35:26.073+0800][5852.403s] GC(65) Metaspace: 55288K(55808K)->55288K(55808K) NonClass: 49050K(49344K)->49050K(49344K) Class: 6238K(6464K)->6238K(6464K)
[2023-03-27T21:35:26.073+0800][5852.403s] GC(65) Pause Young (Normal) (G1 Evacuation Pause) 451M->180M(512M) 2.433ms
[2023-03-27T21:35:26.073+0800][5852.403s] GC(65) User=0.00s Sys=0.00s Real=0.00s
[2023-03-27T21:36:02.520+0800][5888.850s] GC(66) Pause Young (Normal) (G1 Evacuation Pause)
[2023-03-27T21:36:02.520+0800][5888.850s] GC(66) Using 8 workers of 8 for evacuation
[2023-03-27T21:36:02.522+0800][5888.853s] GC(66)   Pre Evacuate Collection Set: 0.1ms
[2023-03-27T21:36:02.522+0800][5888.853s] GC(66)   Merge Heap Roots: 0.1ms
[2023-03-27T21:36:02.522+0800][5888.853s] GC(66)   Evacuate Collection Set: 1.1ms
[2023-03-27T21:36:02.522+0800][5888.853s] GC(66)   Post Evacuate Collection Set: 0.7ms
[2023-03-27T21:36:02.522+0800][5888.853s] GC(66)   Other: 0.2ms
[2023-03-27T21:36:02.522+0800][5888.853s] GC(66) Eden regions: 271->0(270)
[2023-03-27T21:36:02.522+0800][5888.853s] GC(66) Survivor regions: 3->4(35)
[2023-03-27T21:36:02.522+0800][5888.853s] GC(66) Old regions: 148->148
[2023-03-27T21:36:02.522+0800][5888.853s] GC(66) Archive regions: 0->0
[2023-03-27T21:36:02.522+0800][5888.853s] GC(66) Humongous regions: 30->30
[2023-03-27T21:36:02.522+0800][5888.853s] GC(66) Metaspace: 55291K(55808K)->55291K(55808K) NonClass: 49053K(49344K)->49053K(49344K) Class: 6238K(6464K)->6238K(6464K)
[2023-03-27T21:36:02.522+0800][5888.853s] GC(66) Pause Young (Normal) (G1 Evacuation Pause) 451M->180M(512M) 2.256ms
[2023-03-27T21:36:02.522+0800][5888.853s] GC(66) User=0.00s Sys=0.00s Real=0.00s
[2023-03-27T21:36:03.571+0800][5889.901s] GC(67) Pause Young (Normal) (G1 Evacuation Pause)
[2023-03-27T21:36:03.571+0800][5889.901s] GC(67) Using 8 workers of 8 for evacuation
[2023-03-27T21:36:03.573+0800][5889.903s] GC(67)   Pre Evacuate Collection Set: 0.1ms
[2023-03-27T21:36:03.573+0800][5889.903s] GC(67)   Merge Heap Roots: 0.1ms
[2023-03-27T21:36:03.573+0800][5889.903s] GC(67)   Evacuate Collection Set: 1.0ms
[2023-03-27T21:36:03.573+0800][5889.903s] GC(67)   Post Evacuate Collection Set: 0.5ms
[2023-03-27T21:36:03.573+0800][5889.903s] GC(67)   Other: 0.1ms
[2023-03-27T21:36:03.573+0800][5889.903s] GC(67) Eden regions: 270->0(271)
[2023-03-27T21:36:03.573+0800][5889.903s] GC(67) Survivor regions: 4->3(35)
[2023-03-27T21:36:03.573+0800][5889.903s] GC(67) Old regions: 148->148
[2023-03-27T21:36:03.573+0800][5889.903s] GC(67) Archive regions: 0->0
[2023-03-27T21:36:03.573+0800][5889.903s] GC(67) Humongous regions: 30->30
[2023-03-27T21:36:03.573+0800][5889.903s] GC(67) Metaspace: 55294K(55808K)->55294K(55808K) NonClass: 49056K(49344K)->49056K(49344K) Class: 6238K(6464K)->6238K(6464K)
[2023-03-27T21:36:03.573+0800][5889.903s] GC(67) Pause Young (Normal) (G1 Evacuation Pause) 450M->180M(512M) 2.008ms
[2023-03-27T21:36:03.573+0800][5889.903s] GC(67) User=0.00s Sys=0.00s Real=0.00s
[2023-03-27T21:36:05.023+0800][5891.353s] GC(68) Pause Young (Normal) (G1 Evacuation Pause)
[2023-03-27T21:36:05.023+0800][5891.354s] GC(68) Using 8 workers of 8 for evacuation
[2023-03-27T21:36:05.026+0800][5891.356s] GC(68)   Pre Evacuate Collection Set: 0.1ms
[2023-03-27T21:36:05.026+0800][5891.356s] GC(68)   Merge Heap Roots: 0.1ms
[2023-03-27T21:36:05.026+0800][5891.356s] GC(68)   Evacuate Collection Set: 1.2ms
[2023-03-27T21:36:05.026+0800][5891.356s] GC(68)   Post Evacuate Collection Set: 0.6ms
[2023-03-27T21:36:05.026+0800][5891.356s] GC(68)   Other: 0.2ms
[2023-03-27T21:36:05.026+0800][5891.356s] GC(68) Eden regions: 271->0(271)
[2023-03-27T21:36:05.026+0800][5891.356s] GC(68) Survivor regions: 3->3(35)
[2023-03-27T21:36:05.026+0800][5891.356s] GC(68) Old regions: 148->148
[2023-03-27T21:36:05.026+0800][5891.356s] GC(68) Archive regions: 0->0
[2023-03-27T21:36:05.026+0800][5891.356s] GC(68) Humongous regions: 30->30
[2023-03-27T21:36:05.026+0800][5891.356s] GC(68) Metaspace: 55294K(55808K)->55294K(55808K) NonClass: 49056K(49344K)->49056K(49344K) Class: 6238K(6464K)->6238K(6464K)
[2023-03-27T21:36:05.026+0800][5891.356s] GC(68) Pause Young (Normal) (G1 Evacuation Pause) 451M->180M(512M) 2.327ms
[2023-03-27T21:36:05.026+0800][5891.356s] GC(68) User=0.00s Sys=0.00s Real=0.00s
[2023-03-27T21:37:11.328+0800][5957.658s] GC(69) Pause Young (Normal) (G1 Evacuation Pause)
[2023-03-27T21:37:11.328+0800][5957.658s] GC(69) Using 8 workers of 8 for evacuation
[2023-03-27T21:37:11.330+0800][5957.659s] GC(69)   Pre Evacuate Collection Set: 0.1ms
[2023-03-27T21:37:11.330+0800][5957.659s] GC(69)   Merge Heap Roots: 0.1ms
[2023-03-27T21:37:11.330+0800][5957.659s] GC(69)   Evacuate Collection Set: 0.9ms
[2023-03-27T21:37:11.330+0800][5957.660s] GC(69)   Post Evacuate Collection Set: 0.5ms
[2023-03-27T21:37:11.330+0800][5957.660s] GC(69)   Other: 0.2ms
[2023-03-27T21:37:11.330+0800][5957.660s] GC(69) Eden regions: 271->0(271)
[2023-03-27T21:37:11.330+0800][5957.660s] GC(69) Survivor regions: 3->3(35)
[2023-03-27T21:37:11.330+0800][5957.660s] GC(69) Old regions: 148->148
[2023-03-27T21:37:11.330+0800][5957.660s] GC(69) Archive regions: 0->0
[2023-03-27T21:37:11.330+0800][5957.660s] GC(69) Humongous regions: 30->30
[2023-03-27T21:37:11.330+0800][5957.660s] GC(69) Metaspace: 55314K(55808K)->55314K(55808K) NonClass: 49075K(49344K)->49075K(49344K) Class: 6238K(6464K)->6238K(6464K)
[2023-03-27T21:37:11.330+0800][5957.660s] GC(69) Pause Young (Normal) (G1 Evacuation Pause) 451M->180M(512M) 1.981ms
[2023-03-27T21:37:11.330+0800][5957.660s] GC(69) User=0.00s Sys=0.00s Real=0.00s
[2023-03-27T21:37:12.110+0800][5958.439s] GC(70) Pause Young (Normal) (G1 Evacuation Pause)
[2023-03-27T21:37:12.110+0800][5958.439s] GC(70) Using 8 workers of 8 for evacuation
[2023-03-27T21:37:12.112+0800][5958.441s] GC(70)   Pre Evacuate Collection Set: 0.2ms
[2023-03-27T21:37:12.112+0800][5958.441s] GC(70)   Merge Heap Roots: 0.1ms
[2023-03-27T21:37:12.112+0800][5958.441s] GC(70)   Evacuate Collection Set: 0.9ms
[2023-03-27T21:37:12.112+0800][5958.441s] GC(70)   Post Evacuate Collection Set: 0.8ms
[2023-03-27T21:37:12.112+0800][5958.441s] GC(70)   Other: 0.1ms
[2023-03-27T21:37:12.112+0800][5958.441s] GC(70) Eden regions: 271->0(271)
[2023-03-27T21:37:12.112+0800][5958.441s] GC(70) Survivor regions: 3->3(35)
[2023-03-27T21:37:12.112+0800][5958.441s] GC(70) Old regions: 148->148
[2023-03-27T21:37:12.112+0800][5958.441s] GC(70) Archive regions: 0->0
[2023-03-27T21:37:12.112+0800][5958.442s] GC(70) Humongous regions: 30->30
[2023-03-27T21:37:12.112+0800][5958.442s] GC(70) Metaspace: 55315K(55808K)->55315K(55808K) NonClass: 49077K(49344K)->49077K(49344K) Class: 6238K(6464K)->6238K(6464K)
[2023-03-27T21:37:12.112+0800][5958.442s] GC(70) Pause Young (Normal) (G1 Evacuation Pause) 451M->180M(512M) 2.233ms
[2023-03-27T21:37:12.112+0800][5958.442s] GC(70) User=0.00s Sys=0.00s Real=0.00s
[2023-03-27T21:38:05.282+0800][6011.612s] GC(71) Pause Young (Normal) (G1 Evacuation Pause)
[2023-03-27T21:38:05.282+0800][6011.613s] GC(71) Using 8 workers of 8 for evacuation
[2023-03-27T21:38:05.284+0800][6011.615s] GC(71)   Pre Evacuate Collection Set: 0.1ms
[2023-03-27T21:38:05.284+0800][6011.615s] GC(71)   Merge Heap Roots: 0.2ms
[2023-03-27T21:38:05.284+0800][6011.615s] GC(71)   Evacuate Collection Set: 1.1ms
[2023-03-27T21:38:05.284+0800][6011.615s] GC(71)   Post Evacuate Collection Set: 0.6ms
[2023-03-27T21:38:05.284+0800][6011.615s] GC(71)   Other: 0.2ms
[2023-03-27T21:38:05.284+0800][6011.615s] GC(71) Eden regions: 271->0(271)
[2023-03-27T21:38:05.284+0800][6011.615s] GC(71) Survivor regions: 3->3(35)
[2023-03-27T21:38:05.284+0800][6011.615s] GC(71) Old regions: 148->148
[2023-03-27T21:38:05.284+0800][6011.615s] GC(71) Archive regions: 0->0
[2023-03-27T21:38:05.284+0800][6011.615s] GC(71) Humongous regions: 30->30
[2023-03-27T21:38:05.284+0800][6011.615s] GC(71) Metaspace: 55315K(55808K)->55315K(55808K) NonClass: 49077K(49344K)->49077K(49344K) Class: 6238K(6464K)->6238K(6464K)
[2023-03-27T21:38:05.284+0800][6011.615s] GC(71) Pause Young (Normal) (G1 Evacuation Pause) 451M->180M(512M) 2.264ms
[2023-03-27T21:38:05.284+0800][6011.615s] GC(71) User=0.11s Sys=0.00s Real=0.00s
[2023-03-27T21:38:06.238+0800][6012.568s] GC(72) Pause Young (Normal) (G1 Evacuation Pause)
[2023-03-27T21:38:06.238+0800][6012.568s] GC(72) Using 8 workers of 8 for evacuation
[2023-03-27T21:38:06.240+0800][6012.570s] GC(72)   Pre Evacuate Collection Set: 0.2ms
[2023-03-27T21:38:06.240+0800][6012.570s] GC(72)   Merge Heap Roots: 0.1ms
[2023-03-27T21:38:06.240+0800][6012.570s] GC(72)   Evacuate Collection Set: 0.9ms
[2023-03-27T21:38:06.240+0800][6012.570s] GC(72)   Post Evacuate Collection Set: 0.7ms
[2023-03-27T21:38:06.240+0800][6012.570s] GC(72)   Other: 0.1ms
[2023-03-27T21:38:06.240+0800][6012.570s] GC(72) Eden regions: 271->0(271)
[2023-03-27T21:38:06.240+0800][6012.570s] GC(72) Survivor regions: 3->3(35)
[2023-03-27T21:38:06.240+0800][6012.570s] GC(72) Old regions: 148->148
[2023-03-27T21:38:06.240+0800][6012.570s] GC(72) Archive regions: 0->0
[2023-03-27T21:38:06.240+0800][6012.570s] GC(72) Humongous regions: 30->30
[2023-03-27T21:38:06.240+0800][6012.570s] GC(72) Metaspace: 55316K(55808K)->55316K(55808K) NonClass: 49077K(49344K)->49077K(49344K) Class: 6238K(6464K)->6238K(6464K)
[2023-03-27T21:38:06.240+0800][6012.570s] GC(72) Pause Young (Normal) (G1 Evacuation Pause) 451M->180M(512M) 2.102ms
[2023-03-27T21:38:06.240+0800][6012.570s] GC(72) User=0.00s Sys=0.00s Real=0.00s
[2023-03-27T21:39:20.124+0800][6086.454s] GC(73) Pause Young (Normal) (G1 Evacuation Pause)
[2023-03-27T21:39:20.124+0800][6086.454s] GC(73) Using 8 workers of 8 for evacuation
[2023-03-27T21:39:20.126+0800][6086.456s] GC(73)   Pre Evacuate Collection Set: 0.1ms
[2023-03-27T21:39:20.126+0800][6086.456s] GC(73)   Merge Heap Roots: 0.2ms
[2023-03-27T21:39:20.126+0800][6086.456s] GC(73)   Evacuate Collection Set: 1.1ms
[2023-03-27T21:39:20.126+0800][6086.456s] GC(73)   Post Evacuate Collection Set: 0.5ms
[2023-03-27T21:39:20.126+0800][6086.456s] GC(73)   Other: 0.3ms
[2023-03-27T21:39:20.126+0800][6086.456s] GC(73) Eden regions: 271->0(271)
[2023-03-27T21:39:20.126+0800][6086.456s] GC(73) Survivor regions: 3->3(35)
[2023-03-27T21:39:20.126+0800][6086.456s] GC(73) Old regions: 148->148
[2023-03-27T21:39:20.126+0800][6086.456s] GC(73) Archive regions: 0->0
[2023-03-27T21:39:20.126+0800][6086.456s] GC(73) Humongous regions: 30->30
[2023-03-27T21:39:20.126+0800][6086.456s] GC(73) Metaspace: 55320K(55808K)->55320K(55808K) NonClass: 49082K(49344K)->49082K(49344K) Class: 6238K(6464K)->6238K(6464K)
[2023-03-27T21:39:20.126+0800][6086.456s] GC(73) Pause Young (Normal) (G1 Evacuation Pause) 451M->180M(512M) 2.235ms
[2023-03-27T21:39:20.126+0800][6086.456s] GC(73) User=0.00s Sys=0.00s Real=0.00s
[2023-03-27T21:39:26.691+0800][6093.021s] GC(74) Pause Young (Normal) (G1 Evacuation Pause)
[2023-03-27T21:39:26.691+0800][6093.021s] GC(74) Using 8 workers of 8 for evacuation
[2023-03-27T21:39:26.693+0800][6093.023s] GC(74)   Pre Evacuate Collection Set: 0.2ms
[2023-03-27T21:39:26.693+0800][6093.023s] GC(74)   Merge Heap Roots: 0.2ms
[2023-03-27T21:39:26.693+0800][6093.023s] GC(74)   Evacuate Collection Set: 0.9ms
[2023-03-27T21:39:26.693+0800][6093.023s] GC(74)   Post Evacuate Collection Set: 0.5ms
[2023-03-27T21:39:26.693+0800][6093.023s] GC(74)   Other: 0.2ms
[2023-03-27T21:39:26.693+0800][6093.023s] GC(74) Eden regions: 271->0(271)
[2023-03-27T21:39:26.693+0800][6093.023s] GC(74) Survivor regions: 3->3(35)
[2023-03-27T21:39:26.693+0800][6093.023s] GC(74) Old regions: 148->148
[2023-03-27T21:39:26.693+0800][6093.023s] GC(74) Archive regions: 0->0
[2023-03-27T21:39:26.693+0800][6093.023s] GC(74) Humongous regions: 30->30
[2023-03-27T21:39:26.693+0800][6093.023s] GC(74) Metaspace: 55328K(55808K)->55328K(55808K) NonClass: 49090K(49344K)->49090K(49344K) Class: 6238K(6464K)->6238K(6464K)
[2023-03-27T21:39:26.693+0800][6093.023s] GC(74) Pause Young (Normal) (G1 Evacuation Pause) 451M->180M(512M) 2.059ms
[2023-03-27T21:39:26.693+0800][6093.023s] GC(74) User=0.00s Sys=0.00s Real=0.00s
[2023-03-27T21:39:31.173+0800][6097.503s] GC(75) Pause Young (Normal) (G1 Evacuation Pause)
[2023-03-27T21:39:31.173+0800][6097.503s] GC(75) Using 8 workers of 8 for evacuation
[2023-03-27T21:39:31.175+0800][6097.505s] GC(75)   Pre Evacuate Collection Set: 0.2ms
[2023-03-27T21:39:31.175+0800][6097.505s] GC(75)   Merge Heap Roots: 0.1ms
[2023-03-27T21:39:31.175+0800][6097.505s] GC(75)   Evacuate Collection Set: 0.9ms
[2023-03-27T21:39:31.175+0800][6097.505s] GC(75)   Post Evacuate Collection Set: 0.7ms
[2023-03-27T21:39:31.175+0800][6097.505s] GC(75)   Other: 0.1ms
[2023-03-27T21:39:31.175+0800][6097.505s] GC(75) Eden regions: 271->0(272)
[2023-03-27T21:39:31.175+0800][6097.505s] GC(75) Survivor regions: 3->3(35)
[2023-03-27T21:39:31.175+0800][6097.505s] GC(75) Old regions: 148->148
[2023-03-27T21:39:31.175+0800][6097.505s] GC(75) Archive regions: 0->0
[2023-03-27T21:39:31.175+0800][6097.505s] GC(75) Humongous regions: 30->30
[2023-03-27T21:39:31.175+0800][6097.505s] GC(75) Metaspace: 55329K(55808K)->55329K(55808K) NonClass: 49091K(49344K)->49091K(49344K) Class: 6238K(6464K)->6238K(6464K)
[2023-03-27T21:39:31.175+0800][6097.505s] GC(75) Pause Young (Normal) (G1 Evacuation Pause) 451M->180M(512M) 2.244ms
[2023-03-27T21:39:31.175+0800][6097.505s] GC(75) User=0.02s Sys=0.00s Real=0.00s
[2023-03-27T21:40:46.111+0800][6172.441s] GC(76) Pause Young (Normal) (G1 Evacuation Pause)
[2023-03-27T21:40:46.111+0800][6172.441s] GC(76) Using 8 workers of 8 for evacuation
[2023-03-27T21:40:46.113+0800][6172.443s] GC(76)   Pre Evacuate Collection Set: 0.3ms
[2023-03-27T21:40:46.113+0800][6172.443s] GC(76)   Merge Heap Roots: 0.1ms
[2023-03-27T21:40:46.113+0800][6172.443s] GC(76)   Evacuate Collection Set: 0.9ms
[2023-03-27T21:40:46.113+0800][6172.443s] GC(76)   Post Evacuate Collection Set: 0.6ms
[2023-03-27T21:40:46.113+0800][6172.443s] GC(76)   Other: 0.2ms
[2023-03-27T21:40:46.113+0800][6172.443s] GC(76) Eden regions: 272->0(271)
[2023-03-27T21:40:46.113+0800][6172.443s] GC(76) Survivor regions: 3->3(35)
[2023-03-27T21:40:46.113+0800][6172.443s] GC(76) Old regions: 148->148
[2023-03-27T21:40:46.113+0800][6172.443s] GC(76) Archive regions: 0->0
[2023-03-27T21:40:46.113+0800][6172.443s] GC(76) Humongous regions: 30->30
[2023-03-27T21:40:46.113+0800][6172.443s] GC(76) Metaspace: 55332K(55872K)->55332K(55872K) NonClass: 49094K(49408K)->49094K(49408K) Class: 6238K(6464K)->6238K(6464K)
[2023-03-27T21:40:46.113+0800][6172.443s] GC(76) Pause Young (Normal) (G1 Evacuation Pause) 452M->180M(512M) 2.182ms
[2023-03-27T21:40:46.113+0800][6172.443s] GC(76) User=0.12s Sys=0.00s Real=0.00s
[2023-03-27T21:40:49.138+0800][6175.468s] GC(77) Pause Young (Normal) (G1 Evacuation Pause)
[2023-03-27T21:40:49.138+0800][6175.468s] GC(77) Using 8 workers of 8 for evacuation
[2023-03-27T21:40:49.140+0800][6175.470s] GC(77)   Pre Evacuate Collection Set: 0.2ms
[2023-03-27T21:40:49.140+0800][6175.470s] GC(77)   Merge Heap Roots: 0.2ms
[2023-03-27T21:40:49.140+0800][6175.470s] GC(77)   Evacuate Collection Set: 0.9ms
[2023-03-27T21:40:49.140+0800][6175.470s] GC(77)   Post Evacuate Collection Set: 0.7ms
[2023-03-27T21:40:49.140+0800][6175.470s] GC(77)   Other: 0.1ms
[2023-03-27T21:40:49.140+0800][6175.470s] GC(77) Eden regions: 271->0(272)
[2023-03-27T21:40:49.140+0800][6175.470s] GC(77) Survivor regions: 3->3(35)
[2023-03-27T21:40:49.140+0800][6175.470s] GC(77) Old regions: 148->148
[2023-03-27T21:40:49.140+0800][6175.470s] GC(77) Archive regions: 0->0
[2023-03-27T21:40:49.140+0800][6175.470s] GC(77) Humongous regions: 30->30
[2023-03-27T21:40:49.140+0800][6175.470s] GC(77) Metaspace: 55334K(55872K)->55334K(55872K) NonClass: 49096K(49408K)->49096K(49408K) Class: 6238K(6464K)->6238K(6464K)
[2023-03-27T21:40:49.140+0800][6175.470s] GC(77) Pause Young (Normal) (G1 Evacuation Pause) 451M->180M(512M) 2.140ms
[2023-03-27T21:40:49.140+0800][6175.470s] GC(77) User=0.00s Sys=0.00s Real=0.00s
[2023-03-27T21:41:47.454+0800][6233.784s] GC(78) Pause Young (Normal) (G1 Evacuation Pause)
[2023-03-27T21:41:47.454+0800][6233.784s] GC(78) Using 8 workers of 8 for evacuation
[2023-03-27T21:41:47.456+0800][6233.786s] GC(78)   Pre Evacuate Collection Set: 0.2ms
[2023-03-27T21:41:47.456+0800][6233.786s] GC(78)   Merge Heap Roots: 0.1ms
[2023-03-27T21:41:47.456+0800][6233.786s] GC(78)   Evacuate Collection Set: 0.8ms
[2023-03-27T21:41:47.456+0800][6233.786s] GC(78)   Post Evacuate Collection Set: 0.7ms
[2023-03-27T21:41:47.456+0800][6233.786s] GC(78)   Other: 0.2ms
[2023-03-27T21:41:47.456+0800][6233.786s] GC(78) Eden regions: 272->0(272)
[2023-03-27T21:41:47.456+0800][6233.786s] GC(78) Survivor regions: 3->3(35)
[2023-03-27T21:41:47.456+0800][6233.786s] GC(78) Old regions: 148->148
[2023-03-27T21:41:47.456+0800][6233.786s] GC(78) Archive regions: 0->0
[2023-03-27T21:41:47.456+0800][6233.786s] GC(78) Humongous regions: 30->30
[2023-03-27T21:41:47.456+0800][6233.786s] GC(78) Metaspace: 55337K(55872K)->55337K(55872K) NonClass: 49099K(49408K)->49099K(49408K) Class: 6238K(6464K)->6238K(6464K)
[2023-03-27T21:41:47.456+0800][6233.786s] GC(78) Pause Young (Normal) (G1 Evacuation Pause) 452M->180M(512M) 2.089ms
[2023-03-27T21:41:47.456+0800][6233.786s] GC(78) User=0.06s Sys=0.00s Real=0.00s
[2023-03-27T21:41:54.460+0800][6240.790s] GC(79) Pause Young (Normal) (G1 Evacuation Pause)
[2023-03-27T21:41:54.460+0800][6240.790s] GC(79) Using 8 workers of 8 for evacuation
[2023-03-27T21:41:54.462+0800][6240.792s] GC(79)   Pre Evacuate Collection Set: 0.2ms
[2023-03-27T21:41:54.462+0800][6240.792s] GC(79)   Merge Heap Roots: 0.1ms
[2023-03-27T21:41:54.462+0800][6240.792s] GC(79)   Evacuate Collection Set: 0.9ms
[2023-03-27T21:41:54.462+0800][6240.792s] GC(79)   Post Evacuate Collection Set: 0.6ms
[2023-03-27T21:41:54.462+0800][6240.792s] GC(79)   Other: 0.1ms
[2023-03-27T21:41:54.462+0800][6240.792s] GC(79) Eden regions: 272->0(271)
[2023-03-27T21:41:54.462+0800][6240.792s] GC(79) Survivor regions: 3->3(35)
[2023-03-27T21:41:54.462+0800][6240.792s] GC(79) Old regions: 148->148
[2023-03-27T21:41:54.462+0800][6240.792s] GC(79) Archive regions: 0->0
[2023-03-27T21:41:54.462+0800][6240.792s] GC(79) Humongous regions: 30->30
[2023-03-27T21:41:54.462+0800][6240.792s] GC(79) Metaspace: 55340K(55872K)->55340K(55872K) NonClass: 49102K(49408K)->49102K(49408K) Class: 6238K(6464K)->6238K(6464K)
[2023-03-27T21:41:54.462+0800][6240.792s] GC(79) Pause Young (Normal) (G1 Evacuation Pause) 452M->180M(512M) 2.036ms
[2023-03-27T21:41:54.462+0800][6240.792s] GC(79) User=0.00s Sys=0.00s Real=0.00s
[2023-03-27T21:41:56.738+0800][6243.068s] GC(80) Pause Young (Normal) (G1 Evacuation Pause)
[2023-03-27T21:41:56.738+0800][6243.068s] GC(80) Using 8 workers of 8 for evacuation
[2023-03-27T21:41:56.740+0800][6243.070s] GC(80)   Pre Evacuate Collection Set: 0.2ms
[2023-03-27T21:41:56.740+0800][6243.070s] GC(80)   Merge Heap Roots: 0.1ms
[2023-03-27T21:41:56.740+0800][6243.070s] GC(80)   Evacuate Collection Set: 0.8ms
[2023-03-27T21:41:56.740+0800][6243.070s] GC(80)   Post Evacuate Collection Set: 0.7ms
[2023-03-27T21:41:56.740+0800][6243.070s] GC(80)   Other: 0.1ms
[2023-03-27T21:41:56.740+0800][6243.070s] GC(80) Eden regions: 271->0(272)
[2023-03-27T21:41:56.740+0800][6243.070s] GC(80) Survivor regions: 3->3(35)
[2023-03-27T21:41:56.740+0800][6243.070s] GC(80) Old regions: 148->148
[2023-03-27T21:41:56.740+0800][6243.070s] GC(80) Archive regions: 0->0
[2023-03-27T21:41:56.740+0800][6243.070s] GC(80) Humongous regions: 30->30
[2023-03-27T21:41:56.740+0800][6243.070s] GC(80) Metaspace: 55340K(55872K)->55340K(55872K) NonClass: 49102K(49408K)->49102K(49408K) Class: 6238K(6464K)->6238K(6464K)
[2023-03-27T21:41:56.740+0800][6243.070s] GC(80) Pause Young (Normal) (G1 Evacuation Pause) 451M->180M(512M) 2.026ms
[2023-03-27T21:41:56.740+0800][6243.070s] GC(80) User=0.00s Sys=0.00s Real=0.00s
[2023-03-27T21:42:15.347+0800][6261.677s] GC(81) Pause Young (Normal) (G1 Evacuation Pause)
[2023-03-27T21:42:15.347+0800][6261.677s] GC(81) Using 8 workers of 8 for evacuation
[2023-03-27T21:42:15.349+0800][6261.679s] GC(81)   Pre Evacuate Collection Set: 0.1ms
[2023-03-27T21:42:15.349+0800][6261.679s] GC(81)   Merge Heap Roots: 0.1ms
[2023-03-27T21:42:15.349+0800][6261.679s] GC(81)   Evacuate Collection Set: 0.9ms
[2023-03-27T21:42:15.349+0800][6261.679s] GC(81)   Post Evacuate Collection Set: 0.5ms
[2023-03-27T21:42:15.349+0800][6261.679s] GC(81)   Other: 0.2ms
[2023-03-27T21:42:15.349+0800][6261.679s] GC(81) Eden regions: 272->0(272)
[2023-03-27T21:42:15.349+0800][6261.679s] GC(81) Survivor regions: 3->3(35)
[2023-03-27T21:42:15.349+0800][6261.679s] GC(81) Old regions: 148->148
[2023-03-27T21:42:15.349+0800][6261.679s] GC(81) Archive regions: 0->0
[2023-03-27T21:42:15.349+0800][6261.679s] GC(81) Humongous regions: 30->30
[2023-03-27T21:42:15.349+0800][6261.679s] GC(81) Metaspace: 55348K(55872K)->55348K(55872K) NonClass: 49110K(49408K)->49110K(49408K) Class: 6238K(6464K)->6238K(6464K)
[2023-03-27T21:42:15.349+0800][6261.679s] GC(81) Pause Young (Normal) (G1 Evacuation Pause) 452M->180M(512M) 2.024ms
[2023-03-27T21:42:15.349+0800][6261.679s] GC(81) User=0.00s Sys=0.00s Real=0.00s
[2023-03-27T21:42:16.760+0800][6263.090s] GC(82) Pause Young (Normal) (G1 Evacuation Pause)
[2023-03-27T21:42:16.760+0800][6263.090s] GC(82) Using 8 workers of 8 for evacuation
[2023-03-27T21:42:16.762+0800][6263.091s] GC(82)   Pre Evacuate Collection Set: 0.2ms
[2023-03-27T21:42:16.762+0800][6263.091s] GC(82)   Merge Heap Roots: 0.1ms
[2023-03-27T21:42:16.762+0800][6263.091s] GC(82)   Evacuate Collection Set: 0.8ms
[2023-03-27T21:42:16.762+0800][6263.091s] GC(82)   Post Evacuate Collection Set: 0.6ms
[2023-03-27T21:42:16.762+0800][6263.091s] GC(82)   Other: 0.1ms
[2023-03-27T21:42:16.762+0800][6263.091s] GC(82) Eden regions: 272->0(272)
[2023-03-27T21:42:16.762+0800][6263.091s] GC(82) Survivor regions: 3->3(35)
[2023-03-27T21:42:16.762+0800][6263.091s] GC(82) Old regions: 148->148
[2023-03-27T21:42:16.762+0800][6263.091s] GC(82) Archive regions: 0->0
[2023-03-27T21:42:16.762+0800][6263.091s] GC(82) Humongous regions: 30->30
[2023-03-27T21:42:16.762+0800][6263.091s] GC(82) Metaspace: 55348K(55872K)->55348K(55872K) NonClass: 49110K(49408K)->49110K(49408K) Class: 6238K(6464K)->6238K(6464K)
[2023-03-27T21:42:16.762+0800][6263.091s] GC(82) Pause Young (Normal) (G1 Evacuation Pause) 452M->180M(512M) 1.942ms
[2023-03-27T21:42:16.762+0800][6263.092s] GC(82) User=0.00s Sys=0.00s Real=0.00s
[2023-03-27T21:42:21.086+0800][6267.415s] GC(83) Pause Young (Normal) (G1 Evacuation Pause)
[2023-03-27T21:42:21.086+0800][6267.415s] GC(83) Using 8 workers of 8 for evacuation
[2023-03-27T21:42:21.087+0800][6267.417s] GC(83)   Pre Evacuate Collection Set: 0.2ms
[2023-03-27T21:42:21.087+0800][6267.417s] GC(83)   Merge Heap Roots: 0.1ms
[2023-03-27T21:42:21.087+0800][6267.417s] GC(83)   Evacuate Collection Set: 0.8ms
[2023-03-27T21:42:21.087+0800][6267.417s] GC(83)   Post Evacuate Collection Set: 0.6ms
[2023-03-27T21:42:21.088+0800][6267.417s] GC(83)   Other: 0.2ms
[2023-03-27T21:42:21.088+0800][6267.417s] GC(83) Eden regions: 272->0(272)
[2023-03-27T21:42:21.088+0800][6267.417s] GC(83) Survivor regions: 3->3(35)
[2023-03-27T21:42:21.088+0800][6267.417s] GC(83) Old regions: 148->148
[2023-03-27T21:42:21.088+0800][6267.417s] GC(83) Archive regions: 0->0
[2023-03-27T21:42:21.088+0800][6267.417s] GC(83) Humongous regions: 30->30
[2023-03-27T21:42:21.088+0800][6267.417s] GC(83) Metaspace: 55348K(55872K)->55348K(55872K) NonClass: 49110K(49408K)->49110K(49408K) Class: 6238K(6464K)->6238K(6464K)
[2023-03-27T21:42:21.088+0800][6267.417s] GC(83) Pause Young (Normal) (G1 Evacuation Pause) 452M->180M(512M) 1.931ms
[2023-03-27T21:42:21.088+0800][6267.417s] GC(83) User=0.00s Sys=0.00s Real=0.00s
[2023-03-27T21:42:27.663+0800][6273.992s] GC(84) Pause Young (Normal) (G1 Evacuation Pause)
[2023-03-27T21:42:27.663+0800][6273.992s] GC(84) Using 8 workers of 8 for evacuation
[2023-03-27T21:42:27.664+0800][6273.994s] GC(84)   Pre Evacuate Collection Set: 0.2ms
[2023-03-27T21:42:27.664+0800][6273.994s] GC(84)   Merge Heap Roots: 0.1ms
[2023-03-27T21:42:27.664+0800][6273.994s] GC(84)   Evacuate Collection Set: 0.9ms
[2023-03-27T21:42:27.664+0800][6273.994s] GC(84)   Post Evacuate Collection Set: 0.6ms
[2023-03-27T21:42:27.664+0800][6273.994s] GC(84)   Other: 0.2ms
[2023-03-27T21:42:27.664+0800][6273.994s] GC(84) Eden regions: 272->0(272)
[2023-03-27T21:42:27.664+0800][6273.994s] GC(84) Survivor regions: 3->3(35)
[2023-03-27T21:42:27.664+0800][6273.994s] GC(84) Old regions: 148->148
[2023-03-27T21:42:27.664+0800][6273.994s] GC(84) Archive regions: 0->0
[2023-03-27T21:42:27.664+0800][6273.994s] GC(84) Humongous regions: 30->30
[2023-03-27T21:42:27.664+0800][6273.994s] GC(84) Metaspace: 55362K(55872K)->55362K(55872K) NonClass: 49124K(49408K)->49124K(49408K) Class: 6238K(6464K)->6238K(6464K)
[2023-03-27T21:42:27.664+0800][6273.994s] GC(84) Pause Young (Normal) (G1 Evacuation Pause) 452M->180M(512M) 2.142ms
[2023-03-27T21:42:27.664+0800][6273.995s] GC(84) User=0.00s Sys=0.00s Real=0.00s
[2023-03-27T21:42:28.388+0800][6274.717s] GC(85) Pause Young (Normal) (G1 Evacuation Pause)
[2023-03-27T21:42:28.388+0800][6274.717s] GC(85) Using 8 workers of 8 for evacuation
[2023-03-27T21:42:28.389+0800][6274.719s] GC(85)   Pre Evacuate Collection Set: 0.1ms
[2023-03-27T21:42:28.389+0800][6274.719s] GC(85)   Merge Heap Roots: 0.1ms
[2023-03-27T21:42:28.389+0800][6274.719s] GC(85)   Evacuate Collection Set: 0.8ms
[2023-03-27T21:42:28.389+0800][6274.719s] GC(85)   Post Evacuate Collection Set: 0.6ms
[2023-03-27T21:42:28.389+0800][6274.719s] GC(85)   Other: 0.2ms
[2023-03-27T21:42:28.389+0800][6274.719s] GC(85) Eden regions: 272->0(272)
[2023-03-27T21:42:28.389+0800][6274.719s] GC(85) Survivor regions: 3->3(35)
[2023-03-27T21:42:28.389+0800][6274.719s] GC(85) Old regions: 148->148
[2023-03-27T21:42:28.389+0800][6274.719s] GC(85) Archive regions: 0->0
[2023-03-27T21:42:28.389+0800][6274.719s] GC(85) Humongous regions: 30->30
[2023-03-27T21:42:28.389+0800][6274.719s] GC(85) Metaspace: 55364K(55872K)->55364K(55872K) NonClass: 49125K(49408K)->49125K(49408K) Class: 6238K(6464K)->6238K(6464K)
[2023-03-27T21:42:28.389+0800][6274.719s] GC(85) Pause Young (Normal) (G1 Evacuation Pause) 452M->180M(512M) 1.803ms
[2023-03-27T21:42:28.389+0800][6274.719s] GC(85) User=0.00s Sys=0.00s Real=0.00s
[2023-03-27T21:43:19.570+0800][6325.900s] GC(86) Pause Young (Normal) (G1 Evacuation Pause)
[2023-03-27T21:43:19.570+0800][6325.900s] GC(86) Using 8 workers of 8 for evacuation
[2023-03-27T21:43:19.572+0800][6325.902s] GC(86)   Pre Evacuate Collection Set: 0.1ms
[2023-03-27T21:43:19.572+0800][6325.902s] GC(86)   Merge Heap Roots: 0.1ms
[2023-03-27T21:43:19.572+0800][6325.902s] GC(86)   Evacuate Collection Set: 0.9ms
[2023-03-27T21:43:19.572+0800][6325.902s] GC(86)   Post Evacuate Collection Set: 0.5ms
[2023-03-27T21:43:19.572+0800][6325.902s] GC(86)   Other: 0.1ms
[2023-03-27T21:43:19.572+0800][6325.902s] GC(86) Eden regions: 272->0(271)
[2023-03-27T21:43:19.572+0800][6325.902s] GC(86) Survivor regions: 3->3(35)
[2023-03-27T21:43:19.572+0800][6325.902s] GC(86) Old regions: 148->148
[2023-03-27T21:43:19.572+0800][6325.902s] GC(86) Archive regions: 0->0
[2023-03-27T21:43:19.572+0800][6325.902s] GC(86) Humongous regions: 30->30
[2023-03-27T21:43:19.572+0800][6325.902s] GC(86) Metaspace: 55411K(55872K)->55411K(55872K) NonClass: 49173K(49408K)->49173K(49408K) Class: 6238K(6464K)->6238K(6464K)
[2023-03-27T21:43:19.572+0800][6325.902s] GC(86) Pause Young (Normal) (G1 Evacuation Pause) 452M->180M(512M) 1.794ms
[2023-03-27T21:43:19.572+0800][6325.902s] GC(86) User=0.00s Sys=0.00s Real=0.00s
[2023-03-27T21:43:36.769+0800][6343.099s] GC(87) Pause Young (Normal) (G1 Evacuation Pause)
[2023-03-27T21:43:36.769+0800][6343.099s] GC(87) Using 8 workers of 8 for evacuation
[2023-03-27T21:43:36.771+0800][6343.101s] GC(87)   Pre Evacuate Collection Set: 0.2ms
[2023-03-27T21:43:36.771+0800][6343.101s] GC(87)   Merge Heap Roots: 0.1ms
[2023-03-27T21:43:36.771+0800][6343.101s] GC(87)   Evacuate Collection Set: 0.8ms
[2023-03-27T21:43:36.771+0800][6343.101s] GC(87)   Post Evacuate Collection Set: 0.7ms
[2023-03-27T21:43:36.771+0800][6343.101s] GC(87)   Other: 0.1ms
[2023-03-27T21:43:36.771+0800][6343.101s] GC(87) Eden regions: 271->0(272)
[2023-03-27T21:43:36.771+0800][6343.101s] GC(87) Survivor regions: 3->3(35)
[2023-03-27T21:43:36.771+0800][6343.101s] GC(87) Old regions: 148->148
[2023-03-27T21:43:36.771+0800][6343.101s] GC(87) Archive regions: 0->0
[2023-03-27T21:43:36.771+0800][6343.101s] GC(87) Humongous regions: 30->30
[2023-03-27T21:43:36.771+0800][6343.101s] GC(87) Metaspace: 55426K(55936K)->55426K(55936K) NonClass: 49188K(49472K)->49188K(49472K) Class: 6238K(6464K)->6238K(6464K)
[2023-03-27T21:43:36.771+0800][6343.101s] GC(87) Pause Young (Normal) (G1 Evacuation Pause) 451M->180M(512M) 2.056ms
[2023-03-27T21:43:36.771+0800][6343.101s] GC(87) User=0.00s Sys=0.00s Real=0.00s
[2023-03-27T21:43:48.440+0800][6354.770s] GC(88) Pause Young (Normal) (G1 Evacuation Pause)
[2023-03-27T21:43:48.440+0800][6354.770s] GC(88) Using 8 workers of 8 for evacuation
[2023-03-27T21:43:48.442+0800][6354.772s] GC(88)   Pre Evacuate Collection Set: 0.1ms
[2023-03-27T21:43:48.442+0800][6354.772s] GC(88)   Merge Heap Roots: 0.2ms
[2023-03-27T21:43:48.442+0800][6354.772s] GC(88)   Evacuate Collection Set: 1.1ms
[2023-03-27T21:43:48.442+0800][6354.772s] GC(88)   Post Evacuate Collection Set: 0.6ms
[2023-03-27T21:43:48.442+0800][6354.772s] GC(88)   Other: 0.2ms
[2023-03-27T21:43:48.442+0800][6354.772s] GC(88) Eden regions: 272->0(272)
[2023-03-27T21:43:48.442+0800][6354.772s] GC(88) Survivor regions: 3->3(35)
[2023-03-27T21:43:48.442+0800][6354.772s] GC(88) Old regions: 148->148
[2023-03-27T21:43:48.442+0800][6354.772s] GC(88) Archive regions: 0->0
[2023-03-27T21:43:48.442+0800][6354.772s] GC(88) Humongous regions: 30->30
[2023-03-27T21:43:48.442+0800][6354.772s] GC(88) Metaspace: 55447K(55936K)->55447K(55936K) NonClass: 49209K(49472K)->49209K(49472K) Class: 6238K(6464K)->6238K(6464K)
[2023-03-27T21:43:48.442+0800][6354.772s] GC(88) Pause Young (Normal) (G1 Evacuation Pause) 452M->180M(512M) 2.266ms
[2023-03-27T21:43:48.442+0800][6354.772s] GC(88) User=0.00s Sys=0.00s Real=0.00s
[2023-03-27T21:44:37.762+0800][6404.092s] GC(89) Pause Young (Normal) (G1 Evacuation Pause)
[2023-03-27T21:44:37.762+0800][6404.092s] GC(89) Using 8 workers of 8 for evacuation
[2023-03-27T21:44:37.764+0800][6404.094s] GC(89)   Pre Evacuate Collection Set: 0.2ms
[2023-03-27T21:44:37.764+0800][6404.094s] GC(89)   Merge Heap Roots: 0.1ms
[2023-03-27T21:44:37.764+0800][6404.094s] GC(89)   Evacuate Collection Set: 1.1ms
[2023-03-27T21:44:37.764+0800][6404.094s] GC(89)   Post Evacuate Collection Set: 0.7ms
[2023-03-27T21:44:37.764+0800][6404.094s] GC(89)   Other: 0.2ms
[2023-03-27T21:44:37.764+0800][6404.094s] GC(89) Eden regions: 272->0(271)
[2023-03-27T21:44:37.764+0800][6404.094s] GC(89) Survivor regions: 3->3(35)
[2023-03-27T21:44:37.764+0800][6404.094s] GC(89) Old regions: 148->148
[2023-03-27T21:44:37.764+0800][6404.094s] GC(89) Archive regions: 0->0
[2023-03-27T21:44:37.764+0800][6404.094s] GC(89) Humongous regions: 30->30
[2023-03-27T21:44:37.764+0800][6404.094s] GC(89) Metaspace: 55600K(56064K)->55600K(56064K) NonClass: 49361K(49600K)->49361K(49600K) Class: 6239K(6464K)->6239K(6464K)
[2023-03-27T21:44:37.764+0800][6404.094s] GC(89) Pause Young (Normal) (G1 Evacuation Pause) 452M->180M(512M) 2.466ms
[2023-03-27T21:44:37.764+0800][6404.094s] GC(89) User=0.00s Sys=0.00s Real=0.00s
[2023-03-27T21:44:50.994+0800][6417.324s] GC(90) Pause Young (Normal) (G1 Evacuation Pause)
[2023-03-27T21:44:50.994+0800][6417.324s] GC(90) Using 8 workers of 8 for evacuation
[2023-03-27T21:44:50.997+0800][6417.326s] GC(90)   Pre Evacuate Collection Set: 0.1ms
[2023-03-27T21:44:50.997+0800][6417.326s] GC(90)   Merge Heap Roots: 0.1ms
[2023-03-27T21:44:50.997+0800][6417.326s] GC(90)   Evacuate Collection Set: 0.9ms
[2023-03-27T21:44:50.997+0800][6417.326s] GC(90)   Post Evacuate Collection Set: 0.7ms
[2023-03-27T21:44:50.997+0800][6417.326s] GC(90)   Other: 0.2ms
[2023-03-27T21:44:50.997+0800][6417.326s] GC(90) Eden regions: 271->0(271)
[2023-03-27T21:44:50.997+0800][6417.326s] GC(90) Survivor regions: 3->3(35)
[2023-03-27T21:44:50.997+0800][6417.326s] GC(90) Old regions: 148->148
[2023-03-27T21:44:50.997+0800][6417.326s] GC(90) Archive regions: 0->0
[2023-03-27T21:44:50.997+0800][6417.326s] GC(90) Humongous regions: 30->30
[2023-03-27T21:44:50.997+0800][6417.326s] GC(90) Metaspace: 55604K(56064K)->55604K(56064K) NonClass: 49364K(49600K)->49364K(49600K) Class: 6239K(6464K)->6239K(6464K)
[2023-03-27T21:44:50.997+0800][6417.326s] GC(90) Pause Young (Normal) (G1 Evacuation Pause) 451M->180M(512M) 2.162ms
[2023-03-27T21:44:50.997+0800][6417.326s] GC(90) User=0.00s Sys=0.00s Real=0.00s
[2023-03-27T21:45:00.447+0800][6426.777s] GC(91) Pause Young (Normal) (G1 Evacuation Pause)
[2023-03-27T21:45:00.447+0800][6426.777s] GC(91) Using 8 workers of 8 for evacuation
[2023-03-27T21:45:00.449+0800][6426.779s] GC(91)   Pre Evacuate Collection Set: 0.2ms
[2023-03-27T21:45:00.449+0800][6426.779s] GC(91)   Merge Heap Roots: 0.1ms
[2023-03-27T21:45:00.449+0800][6426.779s] GC(91)   Evacuate Collection Set: 1.2ms
[2023-03-27T21:45:00.449+0800][6426.779s] GC(91)   Post Evacuate Collection Set: 0.5ms
[2023-03-27T21:45:00.449+0800][6426.779s] GC(91)   Other: 0.2ms
[2023-03-27T21:45:00.449+0800][6426.779s] GC(91) Eden regions: 271->0(271)
[2023-03-27T21:45:00.449+0800][6426.779s] GC(91) Survivor regions: 3->3(35)
[2023-03-27T21:45:00.449+0800][6426.779s] GC(91) Old regions: 148->148
[2023-03-27T21:45:00.449+0800][6426.779s] GC(91) Archive regions: 0->0
[2023-03-27T21:45:00.449+0800][6426.779s] GC(91) Humongous regions: 30->30
[2023-03-27T21:45:00.449+0800][6426.779s] GC(91) Metaspace: 55604K(56064K)->55604K(56064K) NonClass: 49364K(49600K)->49364K(49600K) Class: 6239K(6464K)->6239K(6464K)
[2023-03-27T21:45:00.449+0800][6426.779s] GC(91) Pause Young (Normal) (G1 Evacuation Pause) 451M->180M(512M) 2.270ms
[2023-03-27T21:45:00.449+0800][6426.779s] GC(91) User=0.00s Sys=0.00s Real=0.00s
[2023-03-27T21:45:01.951+0800][6428.281s] GC(92) Pause Young (Normal) (G1 Evacuation Pause)
[2023-03-27T21:45:01.951+0800][6428.281s] GC(92) Using 8 workers of 8 for evacuation
[2023-03-27T21:45:01.953+0800][6428.283s] GC(92)   Pre Evacuate Collection Set: 0.2ms
[2023-03-27T21:45:01.953+0800][6428.283s] GC(92)   Merge Heap Roots: 0.1ms
[2023-03-27T21:45:01.953+0800][6428.283s] GC(92)   Evacuate Collection Set: 0.9ms
[2023-03-27T21:45:01.953+0800][6428.283s] GC(92)   Post Evacuate Collection Set: 0.7ms
[2023-03-27T21:45:01.953+0800][6428.283s] GC(92)   Other: 0.1ms
[2023-03-27T21:45:01.953+0800][6428.283s] GC(92) Eden regions: 271->0(271)
[2023-03-27T21:45:01.953+0800][6428.283s] GC(92) Survivor regions: 3->3(35)
[2023-03-27T21:45:01.953+0800][6428.283s] GC(92) Old regions: 148->148
[2023-03-27T21:45:01.953+0800][6428.283s] GC(92) Archive regions: 0->0
[2023-03-27T21:45:01.953+0800][6428.283s] GC(92) Humongous regions: 30->30
[2023-03-27T21:45:01.953+0800][6428.283s] GC(92) Metaspace: 55604K(56064K)->55604K(56064K) NonClass: 49364K(49600K)->49364K(49600K) Class: 6239K(6464K)->6239K(6464K)
[2023-03-27T21:45:01.953+0800][6428.283s] GC(92) Pause Young (Normal) (G1 Evacuation Pause) 451M->180M(512M) 2.138ms
[2023-03-27T21:45:01.953+0800][6428.283s] GC(92) User=0.00s Sys=0.00s Real=0.00s
[2023-03-27T21:45:03.912+0800][6430.241s] GC(93) Pause Young (Normal) (G1 Evacuation Pause)
[2023-03-27T21:45:03.912+0800][6430.241s] GC(93) Using 8 workers of 8 for evacuation
[2023-03-27T21:45:03.914+0800][6430.243s] GC(93)   Pre Evacuate Collection Set: 0.2ms
[2023-03-27T21:45:03.914+0800][6430.244s] GC(93)   Merge Heap Roots: 0.2ms
[2023-03-27T21:45:03.914+0800][6430.244s] GC(93)   Evacuate Collection Set: 1.0ms
[2023-03-27T21:45:03.914+0800][6430.244s] GC(93)   Post Evacuate Collection Set: 0.6ms
[2023-03-27T21:45:03.914+0800][6430.244s] GC(93)   Other: 0.2ms
[2023-03-27T21:45:03.914+0800][6430.244s] GC(93) Eden regions: 271->0(272)
[2023-03-27T21:45:03.914+0800][6430.244s] GC(93) Survivor regions: 3->3(35)
[2023-03-27T21:45:03.914+0800][6430.244s] GC(93) Old regions: 148->148
[2023-03-27T21:45:03.914+0800][6430.244s] GC(93) Archive regions: 0->0
[2023-03-27T21:45:03.914+0800][6430.244s] GC(93) Humongous regions: 30->30
[2023-03-27T21:45:03.914+0800][6430.244s] GC(93) Metaspace: 55605K(56064K)->55605K(56064K) NonClass: 49365K(49600K)->49365K(49600K) Class: 6239K(6464K)->6239K(6464K)
[2023-03-27T21:45:03.914+0800][6430.244s] GC(93) Pause Young (Normal) (G1 Evacuation Pause) 451M->180M(512M) 2.279ms
[2023-03-27T21:45:03.914+0800][6430.244s] GC(93) User=0.00s Sys=0.00s Real=0.00s
[2023-03-27T21:45:04.519+0800][6430.848s] GC(94) Pause Young (Normal) (G1 Evacuation Pause)
[2023-03-27T21:45:04.519+0800][6430.848s] GC(94) Using 8 workers of 8 for evacuation
[2023-03-27T21:45:04.520+0800][6430.850s] GC(94)   Pre Evacuate Collection Set: 0.2ms
[2023-03-27T21:45:04.520+0800][6430.850s] GC(94)   Merge Heap Roots: 0.1ms
[2023-03-27T21:45:04.520+0800][6430.850s] GC(94)   Evacuate Collection Set: 1.0ms
[2023-03-27T21:45:04.520+0800][6430.850s] GC(94)   Post Evacuate Collection Set: 0.7ms
[2023-03-27T21:45:04.520+0800][6430.850s] GC(94)   Other: 0.2ms
[2023-03-27T21:45:04.520+0800][6430.850s] GC(94) Eden regions: 272->0(272)
[2023-03-27T21:45:04.520+0800][6430.850s] GC(94) Survivor regions: 3->3(35)
[2023-03-27T21:45:04.520+0800][6430.850s] GC(94) Old regions: 148->148
[2023-03-27T21:45:04.520+0800][6430.850s] GC(94) Archive regions: 0->0
[2023-03-27T21:45:04.520+0800][6430.850s] GC(94) Humongous regions: 30->30
[2023-03-27T21:45:04.520+0800][6430.850s] GC(94) Metaspace: 55605K(56064K)->55605K(56064K) NonClass: 49365K(49600K)->49365K(49600K) Class: 6239K(6464K)->6239K(6464K)
[2023-03-27T21:45:04.520+0800][6430.851s] GC(94) Pause Young (Normal) (G1 Evacuation Pause) 452M->180M(512M) 2.192ms
[2023-03-27T21:45:04.520+0800][6430.851s] GC(94) User=0.00s Sys=0.00s Real=0.00s
[2023-03-27T21:45:28.913+0800][6455.242s] GC(95) Pause Young (Normal) (G1 Evacuation Pause)
[2023-03-27T21:45:28.913+0800][6455.242s] GC(95) Using 8 workers of 8 for evacuation
[2023-03-27T21:45:28.915+0800][6455.244s] GC(95)   Pre Evacuate Collection Set: 0.2ms
[2023-03-27T21:45:28.915+0800][6455.244s] GC(95)   Merge Heap Roots: 0.1ms
[2023-03-27T21:45:28.915+0800][6455.244s] GC(95)   Evacuate Collection Set: 1.1ms
[2023-03-27T21:45:28.915+0800][6455.244s] GC(95)   Post Evacuate Collection Set: 0.6ms
[2023-03-27T21:45:28.915+0800][6455.244s] GC(95)   Other: 0.2ms
[2023-03-27T21:45:28.915+0800][6455.244s] GC(95) Eden regions: 272->0(272)
[2023-03-27T21:45:28.915+0800][6455.244s] GC(95) Survivor regions: 3->3(35)
[2023-03-27T21:45:28.915+0800][6455.244s] GC(95) Old regions: 148->148
[2023-03-27T21:45:28.915+0800][6455.244s] GC(95) Archive regions: 0->0
[2023-03-27T21:45:28.915+0800][6455.244s] GC(95) Humongous regions: 30->30
[2023-03-27T21:45:28.915+0800][6455.244s] GC(95) Metaspace: 55607K(56064K)->55607K(56064K) NonClass: 49368K(49600K)->49368K(49600K) Class: 6239K(6464K)->6239K(6464K)
[2023-03-27T21:45:28.915+0800][6455.244s] GC(95) Pause Young (Normal) (G1 Evacuation Pause) 452M->180M(512M) 2.343ms
[2023-03-27T21:45:28.915+0800][6455.244s] GC(95) User=0.00s Sys=0.00s Real=0.00s
[2023-03-27T21:45:29.791+0800][6456.120s] GC(96) Pause Young (Normal) (G1 Evacuation Pause)
[2023-03-27T21:45:29.791+0800][6456.120s] GC(96) Using 8 workers of 8 for evacuation
[2023-03-27T21:45:29.792+0800][6456.122s] GC(96)   Pre Evacuate Collection Set: 0.1ms
[2023-03-27T21:45:29.792+0800][6456.122s] GC(96)   Merge Heap Roots: 0.1ms
[2023-03-27T21:45:29.792+0800][6456.122s] GC(96)   Evacuate Collection Set: 1.0ms
[2023-03-27T21:45:29.792+0800][6456.122s] GC(96)   Post Evacuate Collection Set: 0.6ms
[2023-03-27T21:45:29.792+0800][6456.122s] GC(96)   Other: 0.1ms
[2023-03-27T21:45:29.792+0800][6456.122s] GC(96) Eden regions: 272->0(272)
[2023-03-27T21:45:29.792+0800][6456.122s] GC(96) Survivor regions: 3->3(35)
[2023-03-27T21:45:29.792+0800][6456.122s] GC(96) Old regions: 148->148
[2023-03-27T21:45:29.792+0800][6456.122s] GC(96) Archive regions: 0->0
[2023-03-27T21:45:29.792+0800][6456.122s] GC(96) Humongous regions: 30->30
[2023-03-27T21:45:29.792+0800][6456.122s] GC(96) Metaspace: 55608K(56064K)->55608K(56064K) NonClass: 49369K(49600K)->49369K(49600K) Class: 6239K(6464K)->6239K(6464K)
[2023-03-27T21:45:29.792+0800][6456.122s] GC(96) Pause Young (Normal) (G1 Evacuation Pause) 452M->180M(512M) 1.943ms
[2023-03-27T21:45:29.792+0800][6456.122s] GC(96) User=0.00s Sys=0.00s Real=0.00s
[2023-03-27T21:45:45.909+0800][6472.239s] GC(97) Pause Young (Normal) (G1 Evacuation Pause)
[2023-03-27T21:45:45.909+0800][6472.239s] GC(97) Using 8 workers of 8 for evacuation
[2023-03-27T21:45:45.911+0800][6472.241s] GC(97)   Pre Evacuate Collection Set: 0.2ms
[2023-03-27T21:45:45.911+0800][6472.241s] GC(97)   Merge Heap Roots: 0.1ms
[2023-03-27T21:45:45.911+0800][6472.241s] GC(97)   Evacuate Collection Set: 0.9ms
[2023-03-27T21:45:45.911+0800][6472.241s] GC(97)   Post Evacuate Collection Set: 0.6ms
[2023-03-27T21:45:45.911+0800][6472.241s] GC(97)   Other: 0.2ms
[2023-03-27T21:45:45.911+0800][6472.241s] GC(97) Eden regions: 272->0(271)
[2023-03-27T21:45:45.911+0800][6472.241s] GC(97) Survivor regions: 3->3(35)
[2023-03-27T21:45:45.911+0800][6472.241s] GC(97) Old regions: 148->148
[2023-03-27T21:45:45.911+0800][6472.241s] GC(97) Archive regions: 0->0
[2023-03-27T21:45:45.911+0800][6472.241s] GC(97) Humongous regions: 30->30
[2023-03-27T21:45:45.911+0800][6472.241s] GC(97) Metaspace: 55610K(56064K)->55610K(56064K) NonClass: 49370K(49600K)->49370K(49600K) Class: 6239K(6464K)->6239K(6464K)
[2023-03-27T21:45:45.911+0800][6472.241s] GC(97) Pause Young (Normal) (G1 Evacuation Pause) 452M->180M(512M) 2.099ms
[2023-03-27T21:45:45.911+0800][6472.241s] GC(97) User=0.12s Sys=0.00s Real=0.00s
[2023-03-27T21:45:48.929+0800][6475.259s] GC(98) Pause Young (Normal) (G1 Evacuation Pause)
[2023-03-27T21:45:48.929+0800][6475.259s] GC(98) Using 8 workers of 8 for evacuation
[2023-03-27T21:45:48.931+0800][6475.261s] GC(98)   Pre Evacuate Collection Set: 0.1ms
[2023-03-27T21:45:48.931+0800][6475.261s] GC(98)   Merge Heap Roots: 0.1ms
[2023-03-27T21:45:48.931+0800][6475.261s] GC(98)   Evacuate Collection Set: 0.9ms
[2023-03-27T21:45:48.931+0800][6475.261s] GC(98)   Post Evacuate Collection Set: 0.6ms
[2023-03-27T21:45:48.931+0800][6475.261s] GC(98)   Other: 0.2ms
[2023-03-27T21:45:48.931+0800][6475.261s] GC(98) Eden regions: 271->0(272)
[2023-03-27T21:45:48.931+0800][6475.261s] GC(98) Survivor regions: 3->3(35)
[2023-03-27T21:45:48.931+0800][6475.261s] GC(98) Old regions: 148->148
[2023-03-27T21:45:48.931+0800][6475.261s] GC(98) Archive regions: 0->0
[2023-03-27T21:45:48.931+0800][6475.261s] GC(98) Humongous regions: 30->30
[2023-03-27T21:45:48.931+0800][6475.261s] GC(98) Metaspace: 55610K(56064K)->55610K(56064K) NonClass: 49370K(49600K)->49370K(49600K) Class: 6239K(6464K)->6239K(6464K)
[2023-03-27T21:45:48.931+0800][6475.261s] GC(98) Pause Young (Normal) (G1 Evacuation Pause) 451M->180M(512M) 2.012ms
[2023-03-27T21:45:48.931+0800][6475.261s] GC(98) User=0.00s Sys=0.00s Real=0.00s
[2023-03-27T21:45:49.586+0800][6475.915s] GC(99) Pause Young (Normal) (G1 Evacuation Pause)
[2023-03-27T21:45:49.586+0800][6475.916s] GC(99) Using 8 workers of 8 for evacuation
[2023-03-27T21:45:49.587+0800][6475.917s] GC(99)   Pre Evacuate Collection Set: 0.1ms
[2023-03-27T21:45:49.588+0800][6475.917s] GC(99)   Merge Heap Roots: 0.1ms
[2023-03-27T21:45:49.588+0800][6475.917s] GC(99)   Evacuate Collection Set: 0.9ms
[2023-03-27T21:45:49.588+0800][6475.917s] GC(99)   Post Evacuate Collection Set: 0.7ms
[2023-03-27T21:45:49.588+0800][6475.917s] GC(99)   Other: 0.1ms
[2023-03-27T21:45:49.588+0800][6475.917s] GC(99) Eden regions: 272->0(271)
[2023-03-27T21:45:49.588+0800][6475.917s] GC(99) Survivor regions: 3->3(35)
[2023-03-27T21:45:49.588+0800][6475.918s] GC(99) Old regions: 148->149
[2023-03-27T21:45:49.588+0800][6475.918s] GC(99) Archive regions: 0->0
[2023-03-27T21:45:49.588+0800][6475.918s] GC(99) Humongous regions: 30->30
[2023-03-27T21:45:49.588+0800][6475.918s] GC(99) Metaspace: 55618K(56128K)->55618K(56128K) NonClass: 49378K(49664K)->49378K(49664K) Class: 6239K(6464K)->6239K(6464K)
[2023-03-27T21:45:49.588+0800][6475.918s] GC(99) Pause Young (Normal) (G1 Evacuation Pause) 452M->180M(512M) 2.085ms
[2023-03-27T21:45:49.588+0800][6475.918s] GC(99) User=0.00s Sys=0.00s Real=0.00s
[2023-03-27T21:45:55.638+0800][6481.968s] GC(100) Pause Young (Normal) (G1 Evacuation Pause)
[2023-03-27T21:45:55.638+0800][6481.968s] GC(100) Using 8 workers of 8 for evacuation
[2023-03-27T21:45:55.640+0800][6481.970s] GC(100)   Pre Evacuate Collection Set: 0.2ms
[2023-03-27T21:45:55.640+0800][6481.970s] GC(100)   Merge Heap Roots: 0.2ms
[2023-03-27T21:45:55.640+0800][6481.970s] GC(100)   Evacuate Collection Set: 0.9ms
[2023-03-27T21:45:55.640+0800][6481.970s] GC(100)   Post Evacuate Collection Set: 0.6ms
[2023-03-27T21:45:55.640+0800][6481.970s] GC(100)   Other: 0.2ms
[2023-03-27T21:45:55.640+0800][6481.970s] GC(100) Eden regions: 271->0(271)
[2023-03-27T21:45:55.640+0800][6481.970s] GC(100) Survivor regions: 3->3(35)
[2023-03-27T21:45:55.640+0800][6481.970s] GC(100) Old regions: 149->149
[2023-03-27T21:45:55.640+0800][6481.970s] GC(100) Archive regions: 0->0
[2023-03-27T21:45:55.640+0800][6481.970s] GC(100) Humongous regions: 30->30
[2023-03-27T21:45:55.640+0800][6481.970s] GC(100) Metaspace: 55622K(56128K)->55622K(56128K) NonClass: 49382K(49664K)->49382K(49664K) Class: 6239K(6464K)->6239K(6464K)
[2023-03-27T21:45:55.640+0800][6481.970s] GC(100) Pause Young (Normal) (G1 Evacuation Pause) 451M->180M(512M) 2.108ms
[2023-03-27T21:45:55.640+0800][6481.970s] GC(100) User=0.00s Sys=0.00s Real=0.00s
[2023-03-27T21:45:58.303+0800][6484.633s] GC(101) Pause Young (Normal) (G1 Evacuation Pause)
[2023-03-27T21:45:58.303+0800][6484.633s] GC(101) Using 8 workers of 8 for evacuation
[2023-03-27T21:45:58.305+0800][6484.635s] GC(101)   Pre Evacuate Collection Set: 0.1ms
[2023-03-27T21:45:58.305+0800][6484.635s] GC(101)   Merge Heap Roots: 0.1ms
[2023-03-27T21:45:58.305+0800][6484.635s] GC(101)   Evacuate Collection Set: 1.1ms
[2023-03-27T21:45:58.305+0800][6484.635s] GC(101)   Post Evacuate Collection Set: 0.7ms
[2023-03-27T21:45:58.305+0800][6484.635s] GC(101)   Other: 0.2ms
[2023-03-27T21:45:58.305+0800][6484.635s] GC(101) Eden regions: 271->0(270)
[2023-03-27T21:45:58.305+0800][6484.635s] GC(101) Survivor regions: 3->3(35)
[2023-03-27T21:45:58.305+0800][6484.635s] GC(101) Old regions: 149->149
[2023-03-27T21:45:58.305+0800][6484.635s] GC(101) Archive regions: 0->0
[2023-03-27T21:45:58.305+0800][6484.635s] GC(101) Humongous regions: 30->30
[2023-03-27T21:45:58.305+0800][6484.635s] GC(101) Metaspace: 55623K(56128K)->55623K(56128K) NonClass: 49384K(49664K)->49384K(49664K) Class: 6239K(6464K)->6239K(6464K)
[2023-03-27T21:45:58.305+0800][6484.635s] GC(101) Pause Young (Normal) (G1 Evacuation Pause) 451M->180M(512M) 2.374ms
[2023-03-27T21:45:58.305+0800][6484.635s] GC(101) User=0.00s Sys=0.00s Real=0.00s
[2023-03-27T21:45:59.993+0800][6486.323s] GC(102) Pause Young (Normal) (G1 Evacuation Pause)
[2023-03-27T21:45:59.993+0800][6486.323s] GC(102) Using 8 workers of 8 for evacuation
[2023-03-27T21:45:59.995+0800][6486.325s] GC(102)   Pre Evacuate Collection Set: 0.1ms
[2023-03-27T21:45:59.995+0800][6486.325s] GC(102)   Merge Heap Roots: 0.1ms
[2023-03-27T21:45:59.995+0800][6486.325s] GC(102)   Evacuate Collection Set: 1.2ms
[2023-03-27T21:45:59.995+0800][6486.325s] GC(102)   Post Evacuate Collection Set: 0.6ms
[2023-03-27T21:45:59.995+0800][6486.325s] GC(102)   Other: 0.1ms
[2023-03-27T21:45:59.995+0800][6486.325s] GC(102) Eden regions: 270->0(270)
[2023-03-27T21:45:59.995+0800][6486.325s] GC(102) Survivor regions: 3->3(35)
[2023-03-27T21:45:59.995+0800][6486.325s] GC(102) Old regions: 149->149
[2023-03-27T21:45:59.995+0800][6486.325s] GC(102) Archive regions: 0->0
[2023-03-27T21:45:59.995+0800][6486.325s] GC(102) Humongous regions: 30->30
[2023-03-27T21:45:59.995+0800][6486.325s] GC(102) Metaspace: 55629K(56128K)->55629K(56128K) NonClass: 49389K(49664K)->49389K(49664K) Class: 6239K(6464K)->6239K(6464K)
[2023-03-27T21:45:59.995+0800][6486.325s] GC(102) Pause Young (Normal) (G1 Evacuation Pause) 450M->180M(512M) 2.206ms
[2023-03-27T21:45:59.995+0800][6486.325s] GC(102) User=0.00s Sys=0.00s Real=0.00s
[2023-03-27T21:46:00.672+0800][6487.001s] GC(103) Pause Young (Normal) (G1 Evacuation Pause)
[2023-03-27T21:46:00.672+0800][6487.001s] GC(103) Using 8 workers of 8 for evacuation
[2023-03-27T21:46:00.674+0800][6487.003s] GC(103)   Pre Evacuate Collection Set: 0.2ms
[2023-03-27T21:46:00.674+0800][6487.003s] GC(103)   Merge Heap Roots: 0.1ms
[2023-03-27T21:46:00.674+0800][6487.003s] GC(103)   Evacuate Collection Set: 1.0ms
[2023-03-27T21:46:00.674+0800][6487.003s] GC(103)   Post Evacuate Collection Set: 0.6ms
[2023-03-27T21:46:00.674+0800][6487.003s] GC(103)   Other: 0.2ms
[2023-03-27T21:46:00.674+0800][6487.003s] GC(103) Eden regions: 270->0(270)
[2023-03-27T21:46:00.674+0800][6487.003s] GC(103) Survivor regions: 3->3(35)
[2023-03-27T21:46:00.674+0800][6487.003s] GC(103) Old regions: 149->149
[2023-03-27T21:46:00.674+0800][6487.003s] GC(103) Archive regions: 0->0
[2023-03-27T21:46:00.674+0800][6487.003s] GC(103) Humongous regions: 30->30
[2023-03-27T21:46:00.674+0800][6487.003s] GC(103) Metaspace: 55630K(56128K)->55630K(56128K) NonClass: 49390K(49664K)->49390K(49664K) Class: 6239K(6464K)->6239K(6464K)
[2023-03-27T21:46:00.674+0800][6487.003s] GC(103) Pause Young (Normal) (G1 Evacuation Pause) 450M->180M(512M) 2.162ms
[2023-03-27T21:46:00.674+0800][6487.003s] GC(103) User=0.00s Sys=0.00s Real=0.00s
[2023-03-27T21:46:01.653+0800][6487.983s] GC(104) Pause Young (Normal) (G1 Evacuation Pause)
[2023-03-27T21:46:01.653+0800][6487.983s] GC(104) Using 8 workers of 8 for evacuation
[2023-03-27T21:46:01.655+0800][6487.985s] GC(104)   Pre Evacuate Collection Set: 0.2ms
[2023-03-27T21:46:01.655+0800][6487.985s] GC(104)   Merge Heap Roots: 0.1ms
[2023-03-27T21:46:01.655+0800][6487.985s] GC(104)   Evacuate Collection Set: 1.1ms
[2023-03-27T21:46:01.655+0800][6487.985s] GC(104)   Post Evacuate Collection Set: 0.6ms
[2023-03-27T21:46:01.655+0800][6487.985s] GC(104)   Other: 0.1ms
[2023-03-27T21:46:01.655+0800][6487.985s] GC(104) Eden regions: 270->0(270)
[2023-03-27T21:46:01.655+0800][6487.985s] GC(104) Survivor regions: 3->3(35)
[2023-03-27T21:46:01.655+0800][6487.985s] GC(104) Old regions: 149->149
[2023-03-27T21:46:01.655+0800][6487.985s] GC(104) Archive regions: 0->0
[2023-03-27T21:46:01.655+0800][6487.985s] GC(104) Humongous regions: 30->30
[2023-03-27T21:46:01.655+0800][6487.985s] GC(104) Metaspace: 55638K(56128K)->55638K(56128K) NonClass: 49399K(49664K)->49399K(49664K) Class: 6239K(6464K)->6239K(6464K)
[2023-03-27T21:46:01.655+0800][6487.985s] GC(104) Pause Young (Normal) (G1 Evacuation Pause) 450M->180M(512M) 2.279ms
[2023-03-27T21:46:01.655+0800][6487.985s] GC(104) User=0.00s Sys=0.00s Real=0.00s
[2023-03-27T21:48:53.224+0800][6659.554s] GC(105) Pause Young (Normal) (G1 Evacuation Pause)
[2023-03-27T21:48:53.224+0800][6659.554s] GC(105) Using 8 workers of 8 for evacuation
[2023-03-27T21:48:53.227+0800][6659.556s] GC(105)   Pre Evacuate Collection Set: 0.2ms
[2023-03-27T21:48:53.227+0800][6659.556s] GC(105)   Merge Heap Roots: 0.1ms
[2023-03-27T21:48:53.227+0800][6659.556s] GC(105)   Evacuate Collection Set: 0.8ms
[2023-03-27T21:48:53.227+0800][6659.556s] GC(105)   Post Evacuate Collection Set: 0.8ms
[2023-03-27T21:48:53.227+0800][6659.556s] GC(105)   Other: 0.2ms
[2023-03-27T21:48:53.227+0800][6659.556s] GC(105) Eden regions: 270->0(270)
[2023-03-27T21:48:53.227+0800][6659.556s] GC(105) Survivor regions: 3->3(35)
[2023-03-27T21:48:53.227+0800][6659.556s] GC(105) Old regions: 149->149
[2023-03-27T21:48:53.227+0800][6659.556s] GC(105) Archive regions: 0->0
[2023-03-27T21:48:53.227+0800][6659.556s] GC(105) Humongous regions: 30->30
[2023-03-27T21:48:53.227+0800][6659.556s] GC(105) Metaspace: 55651K(56128K)->55651K(56128K) NonClass: 49411K(49664K)->49411K(49664K) Class: 6239K(6464K)->6239K(6464K)
[2023-03-27T21:48:53.227+0800][6659.556s] GC(105) Pause Young (Normal) (G1 Evacuation Pause) 450M->180M(512M) 2.213ms
[2023-03-27T21:48:53.227+0800][6659.556s] GC(105) User=0.00s Sys=0.00s Real=0.00s
[2023-03-27T21:49:28.875+0800][6695.205s] GC(106) Pause Young (Normal) (G1 Evacuation Pause)
[2023-03-27T21:49:28.875+0800][6695.205s] GC(106) Using 8 workers of 8 for evacuation
[2023-03-27T21:49:28.876+0800][6695.207s] GC(106)   Pre Evacuate Collection Set: 0.1ms
[2023-03-27T21:49:28.876+0800][6695.207s] GC(106)   Merge Heap Roots: 0.1ms
[2023-03-27T21:49:28.876+0800][6695.207s] GC(106)   Evacuate Collection Set: 0.8ms
[2023-03-27T21:49:28.876+0800][6695.207s] GC(106)   Post Evacuate Collection Set: 0.6ms
[2023-03-27T21:49:28.876+0800][6695.207s] GC(106)   Other: 0.1ms
[2023-03-27T21:49:28.876+0800][6695.207s] GC(106) Eden regions: 270->0(271)
[2023-03-27T21:49:28.876+0800][6695.207s] GC(106) Survivor regions: 3->3(35)
[2023-03-27T21:49:28.876+0800][6695.207s] GC(106) Old regions: 149->149
[2023-03-27T21:49:28.877+0800][6695.207s] GC(106) Archive regions: 0->0
[2023-03-27T21:49:28.877+0800][6695.207s] GC(106) Humongous regions: 30->30
[2023-03-27T21:49:28.877+0800][6695.207s] GC(106) Metaspace: 55659K(56128K)->55659K(56128K) NonClass: 49419K(49664K)->49419K(49664K) Class: 6239K(6464K)->6239K(6464K)
[2023-03-27T21:49:28.877+0800][6695.207s] GC(106) Pause Young (Normal) (G1 Evacuation Pause) 450M->180M(512M) 1.842ms
[2023-03-27T21:49:28.877+0800][6695.207s] GC(106) User=0.00s Sys=0.00s Real=0.00s
[2023-03-27T21:49:45.124+0800][6711.454s] GC(107) Pause Young (Normal) (G1 Evacuation Pause)
[2023-03-27T21:49:45.124+0800][6711.454s] GC(107) Using 8 workers of 8 for evacuation
[2023-03-27T21:49:45.126+0800][6711.456s] GC(107)   Pre Evacuate Collection Set: 0.1ms
[2023-03-27T21:49:45.126+0800][6711.456s] GC(107)   Merge Heap Roots: 0.1ms
[2023-03-27T21:49:45.126+0800][6711.456s] GC(107)   Evacuate Collection Set: 0.8ms
[2023-03-27T21:49:45.126+0800][6711.456s] GC(107)   Post Evacuate Collection Set: 0.6ms
[2023-03-27T21:49:45.126+0800][6711.456s] GC(107)   Other: 0.2ms
[2023-03-27T21:49:45.126+0800][6711.456s] GC(107) Eden regions: 271->0(271)
[2023-03-27T21:49:45.126+0800][6711.456s] GC(107) Survivor regions: 3->3(35)
[2023-03-27T21:49:45.126+0800][6711.456s] GC(107) Old regions: 149->149
[2023-03-27T21:49:45.126+0800][6711.456s] GC(107) Archive regions: 0->0
[2023-03-27T21:49:45.126+0800][6711.456s] GC(107) Humongous regions: 30->30
[2023-03-27T21:49:45.126+0800][6711.456s] GC(107) Metaspace: 55662K(56128K)->55662K(56128K) NonClass: 49423K(49664K)->49423K(49664K) Class: 6239K(6464K)->6239K(6464K)
[2023-03-27T21:49:45.126+0800][6711.456s] GC(107) Pause Young (Normal) (G1 Evacuation Pause) 451M->180M(512M) 1.827ms
[2023-03-27T21:49:45.126+0800][6711.456s] GC(107) User=0.00s Sys=0.00s Real=0.00s
[2023-03-27T21:49:47.742+0800][6714.072s] GC(108) Pause Young (Normal) (G1 Evacuation Pause)
[2023-03-27T21:49:47.742+0800][6714.072s] GC(108) Using 8 workers of 8 for evacuation
[2023-03-27T21:49:47.744+0800][6714.074s] GC(108)   Pre Evacuate Collection Set: 0.2ms
[2023-03-27T21:49:47.744+0800][6714.074s] GC(108)   Merge Heap Roots: 0.1ms
[2023-03-27T21:49:47.744+0800][6714.074s] GC(108)   Evacuate Collection Set: 1.0ms
[2023-03-27T21:49:47.744+0800][6714.074s] GC(108)   Post Evacuate Collection Set: 0.6ms
[2023-03-27T21:49:47.744+0800][6714.074s] GC(108)   Other: 0.1ms
[2023-03-27T21:49:47.744+0800][6714.074s] GC(108) Eden regions: 271->0(270)
[2023-03-27T21:49:47.744+0800][6714.074s] GC(108) Survivor regions: 3->3(35)
[2023-03-27T21:49:47.744+0800][6714.074s] GC(108) Old regions: 149->149
[2023-03-27T21:49:47.744+0800][6714.074s] GC(108) Archive regions: 0->0
[2023-03-27T21:49:47.744+0800][6714.074s] GC(108) Humongous regions: 30->30
[2023-03-27T21:49:47.744+0800][6714.074s] GC(108) Metaspace: 55673K(56128K)->55673K(56128K) NonClass: 49433K(49664K)->49433K(49664K) Class: 6239K(6464K)->6239K(6464K)
[2023-03-27T21:49:47.744+0800][6714.074s] GC(108) Pause Young (Normal) (G1 Evacuation Pause) 451M->180M(512M) 2.077ms
[2023-03-27T21:49:47.744+0800][6714.074s] GC(108) User=0.00s Sys=0.00s Real=0.00s
[2023-03-27T21:49:52.766+0800][6719.096s] GC(109) Pause Young (Normal) (G1 Evacuation Pause)
[2023-03-27T21:49:52.766+0800][6719.096s] GC(109) Using 8 workers of 8 for evacuation
[2023-03-27T21:49:52.768+0800][6719.098s] GC(109)   Pre Evacuate Collection Set: 0.2ms
[2023-03-27T21:49:52.768+0800][6719.098s] GC(109)   Merge Heap Roots: 0.1ms
[2023-03-27T21:49:52.768+0800][6719.098s] GC(109)   Evacuate Collection Set: 0.8ms
[2023-03-27T21:49:52.768+0800][6719.098s] GC(109)   Post Evacuate Collection Set: 0.7ms
[2023-03-27T21:49:52.768+0800][6719.098s] GC(109)   Other: 0.1ms
[2023-03-27T21:49:52.768+0800][6719.098s] GC(109) Eden regions: 270->0(270)
[2023-03-27T21:49:52.768+0800][6719.098s] GC(109) Survivor regions: 3->3(35)
[2023-03-27T21:49:52.768+0800][6719.098s] GC(109) Old regions: 149->149
[2023-03-27T21:49:52.768+0800][6719.098s] GC(109) Archive regions: 0->0
[2023-03-27T21:49:52.768+0800][6719.098s] GC(109) Humongous regions: 30->30
[2023-03-27T21:49:52.768+0800][6719.098s] GC(109) Metaspace: 55678K(56128K)->55678K(56128K) NonClass: 49438K(49664K)->49438K(49664K) Class: 6239K(6464K)->6239K(6464K)
[2023-03-27T21:49:52.768+0800][6719.098s] GC(109) Pause Young (Normal) (G1 Evacuation Pause) 450M->180M(512M) 2.010ms
[2023-03-27T21:49:52.768+0800][6719.098s] GC(109) User=0.00s Sys=0.00s Real=0.00s
[2023-03-27T21:49:58.712+0800][6725.041s] GC(110) Pause Young (Normal) (G1 Evacuation Pause)
[2023-03-27T21:49:58.712+0800][6725.041s] GC(110) Using 8 workers of 8 for evacuation
[2023-03-27T21:49:58.714+0800][6725.043s] GC(110)   Pre Evacuate Collection Set: 0.2ms
[2023-03-27T21:49:58.714+0800][6725.043s] GC(110)   Merge Heap Roots: 0.1ms
[2023-03-27T21:49:58.714+0800][6725.043s] GC(110)   Evacuate Collection Set: 1.0ms
[2023-03-27T21:49:58.714+0800][6725.043s] GC(110)   Post Evacuate Collection Set: 0.7ms
[2023-03-27T21:49:58.714+0800][6725.043s] GC(110)   Other: 0.1ms
[2023-03-27T21:49:58.714+0800][6725.044s] GC(110) Eden regions: 270->0(270)
[2023-03-27T21:49:58.714+0800][6725.044s] GC(110) Survivor regions: 3->3(35)
[2023-03-27T21:49:58.714+0800][6725.044s] GC(110) Old regions: 149->149
[2023-03-27T21:49:58.714+0800][6725.044s] GC(110) Archive regions: 0->0
[2023-03-27T21:49:58.714+0800][6725.044s] GC(110) Humongous regions: 30->30
[2023-03-27T21:49:58.714+0800][6725.044s] GC(110) Metaspace: 55678K(56128K)->55678K(56128K) NonClass: 49438K(49664K)->49438K(49664K) Class: 6239K(6464K)->6239K(6464K)
[2023-03-27T21:49:58.714+0800][6725.044s] GC(110) Pause Young (Normal) (G1 Evacuation Pause) 450M->180M(512M) 2.274ms
[2023-03-27T21:49:58.714+0800][6725.044s] GC(110) User=0.00s Sys=0.00s Real=0.00s
[2023-03-27T21:50:01.727+0800][6728.057s] GC(111) Pause Young (Normal) (G1 Evacuation Pause)
[2023-03-27T21:50:01.727+0800][6728.057s] GC(111) Using 8 workers of 8 for evacuation
[2023-03-27T21:50:01.729+0800][6728.059s] GC(111)   Pre Evacuate Collection Set: 0.2ms
[2023-03-27T21:50:01.729+0800][6728.059s] GC(111)   Merge Heap Roots: 0.1ms
[2023-03-27T21:50:01.729+0800][6728.059s] GC(111)   Evacuate Collection Set: 0.9ms
[2023-03-27T21:50:01.729+0800][6728.059s] GC(111)   Post Evacuate Collection Set: 0.7ms
[2023-03-27T21:50:01.729+0800][6728.059s] GC(111)   Other: 0.3ms
[2023-03-27T21:50:01.729+0800][6728.059s] GC(111) Eden regions: 270->0(270)
[2023-03-27T21:50:01.729+0800][6728.059s] GC(111) Survivor regions: 3->3(35)
[2023-03-27T21:50:01.729+0800][6728.059s] GC(111) Old regions: 149->149
[2023-03-27T21:50:01.729+0800][6728.059s] GC(111) Archive regions: 0->0
[2023-03-27T21:50:01.729+0800][6728.059s] GC(111) Humongous regions: 30->30
[2023-03-27T21:50:01.729+0800][6728.059s] GC(111) Metaspace: 55692K(56128K)->55692K(56128K) NonClass: 49452K(49664K)->49452K(49664K) Class: 6239K(6464K)->6239K(6464K)
[2023-03-27T21:50:01.729+0800][6728.059s] GC(111) Pause Young (Normal) (G1 Evacuation Pause) 450M->180M(512M) 2.179ms
[2023-03-27T21:50:01.729+0800][6728.059s] GC(111) User=0.00s Sys=0.00s Real=0.00s
[2023-03-27T21:50:08.531+0800][6734.862s] GC(112) Pause Young (Normal) (G1 Evacuation Pause)
[2023-03-27T21:50:08.531+0800][6734.862s] GC(112) Using 8 workers of 8 for evacuation
[2023-03-27T21:50:08.533+0800][6734.864s] GC(112)   Pre Evacuate Collection Set: 0.1ms
[2023-03-27T21:50:08.533+0800][6734.864s] GC(112)   Merge Heap Roots: 0.1ms
[2023-03-27T21:50:08.533+0800][6734.864s] GC(112)   Evacuate Collection Set: 0.9ms
[2023-03-27T21:50:08.533+0800][6734.864s] GC(112)   Post Evacuate Collection Set: 0.5ms
[2023-03-27T21:50:08.533+0800][6734.864s] GC(112)   Other: 0.1ms
[2023-03-27T21:50:08.533+0800][6734.864s] GC(112) Eden regions: 270->0(270)
[2023-03-27T21:50:08.533+0800][6734.864s] GC(112) Survivor regions: 3->3(35)
[2023-03-27T21:50:08.533+0800][6734.864s] GC(112) Old regions: 149->149
[2023-03-27T21:50:08.533+0800][6734.864s] GC(112) Archive regions: 0->0
[2023-03-27T21:50:08.533+0800][6734.864s] GC(112) Humongous regions: 30->30
[2023-03-27T21:50:08.533+0800][6734.864s] GC(112) Metaspace: 55695K(56192K)->55695K(56192K) NonClass: 49455K(49728K)->49455K(49728K) Class: 6239K(6464K)->6239K(6464K)
[2023-03-27T21:50:08.533+0800][6734.864s] GC(112) Pause Young (Normal) (G1 Evacuation Pause) 450M->180M(512M) 1.944ms
[2023-03-27T21:50:08.533+0800][6734.864s] GC(112) User=0.00s Sys=0.00s Real=0.00s
[2023-03-27T21:50:31.388+0800][6757.718s] GC(113) Pause Young (Normal) (G1 Evacuation Pause)
[2023-03-27T21:50:31.388+0800][6757.718s] GC(113) Using 8 workers of 8 for evacuation
[2023-03-27T21:50:31.390+0800][6757.719s] GC(113)   Pre Evacuate Collection Set: 0.1ms
[2023-03-27T21:50:31.390+0800][6757.719s] GC(113)   Merge Heap Roots: 0.1ms
[2023-03-27T21:50:31.390+0800][6757.719s] GC(113)   Evacuate Collection Set: 0.8ms
[2023-03-27T21:50:31.390+0800][6757.719s] GC(113)   Post Evacuate Collection Set: 0.6ms
[2023-03-27T21:50:31.390+0800][6757.719s] GC(113)   Other: 0.3ms
[2023-03-27T21:50:31.390+0800][6757.720s] GC(113) Eden regions: 270->0(270)
[2023-03-27T21:50:31.390+0800][6757.720s] GC(113) Survivor regions: 3->3(35)
[2023-03-27T21:50:31.390+0800][6757.720s] GC(113) Old regions: 149->149
[2023-03-27T21:50:31.390+0800][6757.720s] GC(113) Archive regions: 0->0
[2023-03-27T21:50:31.390+0800][6757.720s] GC(113) Humongous regions: 30->30
[2023-03-27T21:50:31.390+0800][6757.720s] GC(113) Metaspace: 55695K(56192K)->55695K(56192K) NonClass: 49455K(49728K)->49455K(49728K) Class: 6239K(6464K)->6239K(6464K)
[2023-03-27T21:50:31.390+0800][6757.720s] GC(113) Pause Young (Normal) (G1 Evacuation Pause) 450M->180M(512M) 2.042ms
[2023-03-27T21:50:31.390+0800][6757.720s] GC(113) User=0.00s Sys=0.00s Real=0.00s
[2023-03-27T21:51:09.655+0800][6795.985s] GC(114) Pause Young (Normal) (G1 Evacuation Pause)
[2023-03-27T21:51:09.655+0800][6795.985s] GC(114) Using 8 workers of 8 for evacuation
[2023-03-27T21:51:09.657+0800][6795.987s] GC(114)   Pre Evacuate Collection Set: 0.2ms
[2023-03-27T21:51:09.657+0800][6795.987s] GC(114)   Merge Heap Roots: 0.0ms
[2023-03-27T21:51:09.657+0800][6795.987s] GC(114)   Evacuate Collection Set: 1.2ms
[2023-03-27T21:51:09.657+0800][6795.987s] GC(114)   Post Evacuate Collection Set: 0.5ms
[2023-03-27T21:51:09.657+0800][6795.987s] GC(114)   Other: 0.3ms
[2023-03-27T21:51:09.657+0800][6795.987s] GC(114) Eden regions: 270->0(270)
[2023-03-27T21:51:09.657+0800][6795.987s] GC(114) Survivor regions: 3->3(35)
[2023-03-27T21:51:09.657+0800][6795.987s] GC(114) Old regions: 149->149
[2023-03-27T21:51:09.657+0800][6795.987s] GC(114) Archive regions: 0->0
[2023-03-27T21:51:09.657+0800][6795.987s] GC(114) Humongous regions: 30->30
[2023-03-27T21:51:09.657+0800][6795.987s] GC(114) Metaspace: 55695K(56192K)->55695K(56192K) NonClass: 49455K(49728K)->49455K(49728K) Class: 6239K(6464K)->6239K(6464K)
[2023-03-27T21:51:09.657+0800][6795.987s] GC(114) Pause Young (Normal) (G1 Evacuation Pause) 450M->180M(512M) 2.361ms
[2023-03-27T21:51:09.657+0800][6795.987s] GC(114) User=0.00s Sys=0.00s Real=0.00s
[2023-03-27T22:07:39.325+0800][7785.655s] GC(115) Pause Young (Normal) (G1 Evacuation Pause)
[2023-03-27T22:07:39.325+0800][7785.655s] GC(115) Using 8 workers of 8 for evacuation
[2023-03-27T22:07:39.327+0800][7785.657s] GC(115)   Pre Evacuate Collection Set: 0.1ms
[2023-03-27T22:07:39.327+0800][7785.657s] GC(115)   Merge Heap Roots: 0.1ms
[2023-03-27T22:07:39.327+0800][7785.657s] GC(115)   Evacuate Collection Set: 1.0ms
[2023-03-27T22:07:39.327+0800][7785.657s] GC(115)   Post Evacuate Collection Set: 0.8ms
[2023-03-27T22:07:39.327+0800][7785.657s] GC(115)   Other: 0.2ms
[2023-03-27T22:07:39.327+0800][7785.657s] GC(115) Eden regions: 270->0(270)
[2023-03-27T22:07:39.327+0800][7785.657s] GC(115) Survivor regions: 3->3(35)
[2023-03-27T22:07:39.327+0800][7785.657s] GC(115) Old regions: 149->149
[2023-03-27T22:07:39.327+0800][7785.657s] GC(115) Archive regions: 0->0
[2023-03-27T22:07:39.327+0800][7785.657s] GC(115) Humongous regions: 30->30
[2023-03-27T22:07:39.327+0800][7785.657s] GC(115) Metaspace: 55726K(56192K)->55726K(56192K) NonClass: 49487K(49728K)->49487K(49728K) Class: 6239K(6464K)->6239K(6464K)
[2023-03-27T22:07:39.327+0800][7785.657s] GC(115) Pause Young (Normal) (G1 Evacuation Pause) 450M->180M(512M) 2.314ms
[2023-03-27T22:07:39.327+0800][7785.657s] GC(115) User=0.00s Sys=0.00s Real=0.00s
[2023-03-27T22:09:54.462+0800][7920.793s] GC(116) Pause Young (Normal) (G1 Evacuation Pause)
[2023-03-27T22:09:54.462+0800][7920.793s] GC(116) Using 8 workers of 8 for evacuation
[2023-03-27T22:09:54.464+0800][7920.795s] GC(116)   Pre Evacuate Collection Set: 0.1ms
[2023-03-27T22:09:54.465+0800][7920.795s] GC(116)   Merge Heap Roots: 0.1ms
[2023-03-27T22:09:54.465+0800][7920.795s] GC(116)   Evacuate Collection Set: 1.4ms
[2023-03-27T22:09:54.465+0800][7920.795s] GC(116)   Post Evacuate Collection Set: 0.5ms
[2023-03-27T22:09:54.465+0800][7920.795s] GC(116)   Other: 0.2ms
[2023-03-27T22:09:54.465+0800][7920.795s] GC(116) Eden regions: 270->0(270)
[2023-03-27T22:09:54.465+0800][7920.795s] GC(116) Survivor regions: 3->3(35)
[2023-03-27T22:09:54.465+0800][7920.795s] GC(116) Old regions: 149->149
[2023-03-27T22:09:54.465+0800][7920.795s] GC(116) Archive regions: 0->0
[2023-03-27T22:09:54.465+0800][7920.795s] GC(116) Humongous regions: 30->30
[2023-03-27T22:09:54.465+0800][7920.795s] GC(116) Metaspace: 55832K(56320K)->55832K(56320K) NonClass: 49593K(49856K)->49593K(49856K) Class: 6239K(6464K)->6239K(6464K)
[2023-03-27T22:09:54.465+0800][7920.795s] GC(116) Pause Young (Normal) (G1 Evacuation Pause) 450M->181M(512M) 2.436ms
[2023-03-27T22:09:54.465+0800][7920.795s] GC(116) User=0.00s Sys=0.00s Real=0.00s
[2023-03-27T22:09:55.234+0800][7921.564s] GC(117) Pause Young (Normal) (G1 Evacuation Pause)
[2023-03-27T22:09:55.234+0800][7921.564s] GC(117) Using 8 workers of 8 for evacuation
[2023-03-27T22:09:55.236+0800][7921.566s] GC(117)   Pre Evacuate Collection Set: 0.2ms
[2023-03-27T22:09:55.236+0800][7921.566s] GC(117)   Merge Heap Roots: 0.1ms
[2023-03-27T22:09:55.236+0800][7921.566s] GC(117)   Evacuate Collection Set: 0.9ms
[2023-03-27T22:09:55.236+0800][7921.566s] GC(117)   Post Evacuate Collection Set: 0.6ms
[2023-03-27T22:09:55.236+0800][7921.566s] GC(117)   Other: 0.3ms
[2023-03-27T22:09:55.236+0800][7921.566s] GC(117) Eden regions: 270->0(270)
[2023-03-27T22:09:55.236+0800][7921.566s] GC(117) Survivor regions: 3->3(35)
[2023-03-27T22:09:55.236+0800][7921.566s] GC(117) Old regions: 149->149
[2023-03-27T22:09:55.236+0800][7921.566s] GC(117) Archive regions: 0->0
[2023-03-27T22:09:55.236+0800][7921.566s] GC(117) Humongous regions: 30->30
[2023-03-27T22:09:55.236+0800][7921.566s] GC(117) Metaspace: 55832K(56320K)->55832K(56320K) NonClass: 49593K(49856K)->49593K(49856K) Class: 6239K(6464K)->6239K(6464K)
[2023-03-27T22:09:55.236+0800][7921.566s] GC(117) Pause Young (Normal) (G1 Evacuation Pause) 451M->181M(512M) 2.243ms
[2023-03-27T22:09:55.236+0800][7921.566s] GC(117) User=0.00s Sys=0.00s Real=0.00s
[2023-03-27T22:11:30.805+0800][8017.135s] GC(118) Pause Young (Normal) (G1 Evacuation Pause)
[2023-03-27T22:11:30.805+0800][8017.135s] GC(118) Using 8 workers of 8 for evacuation
[2023-03-27T22:11:30.807+0800][8017.137s] GC(118)   Pre Evacuate Collection Set: 0.0ms
[2023-03-27T22:11:30.807+0800][8017.137s] GC(118)   Merge Heap Roots: 0.0ms
[2023-03-27T22:11:30.807+0800][8017.137s] GC(118)   Evacuate Collection Set: 1.0ms
[2023-03-27T22:11:30.807+0800][8017.137s] GC(118)   Post Evacuate Collection Set: 0.5ms
[2023-03-27T22:11:30.807+0800][8017.137s] GC(118)   Other: 0.2ms
[2023-03-27T22:11:30.807+0800][8017.137s] GC(118) Eden regions: 270->0(270)
[2023-03-27T22:11:30.807+0800][8017.137s] GC(118) Survivor regions: 3->3(35)
[2023-03-27T22:11:30.807+0800][8017.137s] GC(118) Old regions: 149->149
[2023-03-27T22:11:30.807+0800][8017.137s] GC(118) Archive regions: 0->0
[2023-03-27T22:11:30.807+0800][8017.137s] GC(118) Humongous regions: 30->30
[2023-03-27T22:11:30.807+0800][8017.137s] GC(118) Metaspace: 55844K(56320K)->55844K(56320K) NonClass: 49605K(49856K)->49605K(49856K) Class: 6239K(6464K)->6239K(6464K)
[2023-03-27T22:11:30.807+0800][8017.137s] GC(118) Pause Young (Normal) (G1 Evacuation Pause) 451M->181M(512M) 1.921ms
[2023-03-27T22:11:30.807+0800][8017.137s] GC(118) User=0.00s Sys=0.00s Real=0.00s
[2023-03-27T22:12:43.206+0800][8089.536s] GC(119) Pause Young (Normal) (G1 Evacuation Pause)
[2023-03-27T22:12:43.206+0800][8089.536s] GC(119) Using 8 workers of 8 for evacuation
[2023-03-27T22:12:43.209+0800][8089.539s] GC(119)   Pre Evacuate Collection Set: 0.2ms
[2023-03-27T22:12:43.209+0800][8089.539s] GC(119)   Merge Heap Roots: 0.2ms
[2023-03-27T22:12:43.209+0800][8089.539s] GC(119)   Evacuate Collection Set: 1.0ms
[2023-03-27T22:12:43.209+0800][8089.539s] GC(119)   Post Evacuate Collection Set: 0.7ms
[2023-03-27T22:12:43.209+0800][8089.539s] GC(119)   Other: 0.1ms
[2023-03-27T22:12:43.209+0800][8089.539s] GC(119) Eden regions: 270->0(270)
[2023-03-27T22:12:43.209+0800][8089.539s] GC(119) Survivor regions: 3->3(35)
[2023-03-27T22:12:43.209+0800][8089.539s] GC(119) Old regions: 149->149
[2023-03-27T22:12:43.209+0800][8089.539s] GC(119) Archive regions: 0->0
[2023-03-27T22:12:43.209+0800][8089.539s] GC(119) Humongous regions: 30->30
[2023-03-27T22:12:43.209+0800][8089.539s] GC(119) Metaspace: 55847K(56320K)->55847K(56320K) NonClass: 49607K(49856K)->49607K(49856K) Class: 6239K(6464K)->6239K(6464K)
[2023-03-27T22:12:43.209+0800][8089.539s] GC(119) Pause Young (Normal) (G1 Evacuation Pause) 451M->181M(512M) 2.414ms
[2023-03-27T22:12:43.209+0800][8089.539s] GC(119) User=0.00s Sys=0.00s Real=0.00s
[2023-03-27T22:12:51.825+0800][8098.156s] GC(120) Pause Young (Normal) (G1 Evacuation Pause)
[2023-03-27T22:12:51.825+0800][8098.156s] GC(120) Using 8 workers of 8 for evacuation
[2023-03-27T22:12:51.827+0800][8098.158s] GC(120)   Pre Evacuate Collection Set: 0.1ms
[2023-03-27T22:12:51.827+0800][8098.158s] GC(120)   Merge Heap Roots: 0.1ms
[2023-03-27T22:12:51.827+0800][8098.158s] GC(120)   Evacuate Collection Set: 1.0ms
[2023-03-27T22:12:51.827+0800][8098.158s] GC(120)   Post Evacuate Collection Set: 0.7ms
[2023-03-27T22:12:51.827+0800][8098.158s] GC(120)   Other: 0.2ms
[2023-03-27T22:12:51.827+0800][8098.158s] GC(120) Eden regions: 270->0(270)
[2023-03-27T22:12:51.827+0800][8098.158s] GC(120) Survivor regions: 3->3(35)
[2023-03-27T22:12:51.828+0800][8098.158s] GC(120) Old regions: 149->149
[2023-03-27T22:12:51.828+0800][8098.158s] GC(120) Archive regions: 0->0
[2023-03-27T22:12:51.828+0800][8098.158s] GC(120) Humongous regions: 30->30
[2023-03-27T22:12:51.828+0800][8098.158s] GC(120) Metaspace: 55875K(56384K)->55875K(56384K) NonClass: 49636K(49920K)->49636K(49920K) Class: 6239K(6464K)->6239K(6464K)
[2023-03-27T22:12:51.828+0800][8098.158s] GC(120) Pause Young (Normal) (G1 Evacuation Pause) 451M->181M(512M) 2.083ms
[2023-03-27T22:12:51.828+0800][8098.158s] GC(120) User=0.00s Sys=0.00s Real=0.00s
[2023-03-27T22:15:15.219+0800][8241.549s] GC(121) Pause Young (Normal) (G1 Evacuation Pause)
[2023-03-27T22:15:15.219+0800][8241.549s] GC(121) Using 8 workers of 8 for evacuation
[2023-03-27T22:15:15.221+0800][8241.551s] GC(121)   Pre Evacuate Collection Set: 0.2ms
[2023-03-27T22:15:15.221+0800][8241.551s] GC(121)   Merge Heap Roots: 0.2ms
[2023-03-27T22:15:15.221+0800][8241.551s] GC(121)   Evacuate Collection Set: 1.0ms
[2023-03-27T22:15:15.221+0800][8241.551s] GC(121)   Post Evacuate Collection Set: 0.7ms
[2023-03-27T22:15:15.221+0800][8241.551s] GC(121)   Other: 0.2ms
[2023-03-27T22:15:15.221+0800][8241.551s] GC(121) Eden regions: 270->0(270)
[2023-03-27T22:15:15.221+0800][8241.551s] GC(121) Survivor regions: 3->3(35)
[2023-03-27T22:15:15.221+0800][8241.551s] GC(121) Old regions: 149->149
[2023-03-27T22:15:15.221+0800][8241.551s] GC(121) Archive regions: 0->0
[2023-03-27T22:15:15.221+0800][8241.551s] GC(121) Humongous regions: 30->30
[2023-03-27T22:15:15.221+0800][8241.551s] GC(121) Metaspace: 55966K(56448K)->55966K(56448K) NonClass: 49726K(49984K)->49726K(49984K) Class: 6239K(6464K)->6239K(6464K)
[2023-03-27T22:15:15.221+0800][8241.551s] GC(121) Pause Young (Normal) (G1 Evacuation Pause) 451M->181M(512M) 2.375ms
[2023-03-27T22:15:15.221+0800][8241.551s] GC(121) User=0.00s Sys=0.00s Real=0.00s
[2023-03-27T22:15:20.796+0800][8247.126s] GC(122) Pause Young (Normal) (G1 Evacuation Pause)
[2023-03-27T22:15:20.796+0800][8247.126s] GC(122) Using 8 workers of 8 for evacuation
[2023-03-27T22:15:20.798+0800][8247.128s] GC(122)   Pre Evacuate Collection Set: 0.1ms
[2023-03-27T22:15:20.798+0800][8247.128s] GC(122)   Merge Heap Roots: 0.1ms
[2023-03-27T22:15:20.798+0800][8247.128s] GC(122)   Evacuate Collection Set: 1.2ms
[2023-03-27T22:15:20.798+0800][8247.128s] GC(122)   Post Evacuate Collection Set: 0.6ms
[2023-03-27T22:15:20.798+0800][8247.128s] GC(122)   Other: 0.2ms
[2023-03-27T22:15:20.798+0800][8247.128s] GC(122) Eden regions: 270->0(271)
[2023-03-27T22:15:20.798+0800][8247.128s] GC(122) Survivor regions: 3->3(35)
[2023-03-27T22:15:20.798+0800][8247.128s] GC(122) Old regions: 149->149
[2023-03-27T22:15:20.798+0800][8247.128s] GC(122) Archive regions: 0->0
[2023-03-27T22:15:20.798+0800][8247.128s] GC(122) Humongous regions: 30->30
[2023-03-27T22:15:20.798+0800][8247.128s] GC(122) Metaspace: 55976K(56448K)->55976K(56448K) NonClass: 49736K(49984K)->49736K(49984K) Class: 6239K(6464K)->6239K(6464K)
[2023-03-27T22:15:20.798+0800][8247.128s] GC(122) Pause Young (Normal) (G1 Evacuation Pause) 451M->181M(512M) 2.310ms
[2023-03-27T22:15:20.798+0800][8247.128s] GC(122) User=0.00s Sys=0.00s Real=0.00s
[2023-03-27T22:15:21.629+0800][8247.960s] GC(123) Pause Young (Normal) (G1 Evacuation Pause)
[2023-03-27T22:15:21.629+0800][8247.960s] GC(123) Using 8 workers of 8 for evacuation
[2023-03-27T22:15:21.631+0800][8247.962s] GC(123)   Pre Evacuate Collection Set: 0.1ms
[2023-03-27T22:15:21.631+0800][8247.962s] GC(123)   Merge Heap Roots: 0.1ms
[2023-03-27T22:15:21.631+0800][8247.962s] GC(123)   Evacuate Collection Set: 1.1ms
[2023-03-27T22:15:21.631+0800][8247.962s] GC(123)   Post Evacuate Collection Set: 0.6ms
[2023-03-27T22:15:21.631+0800][8247.962s] GC(123)   Other: 0.2ms
[2023-03-27T22:15:21.631+0800][8247.962s] GC(123) Eden regions: 271->0(271)
[2023-03-27T22:15:21.631+0800][8247.962s] GC(123) Survivor regions: 3->3(35)
[2023-03-27T22:15:21.631+0800][8247.962s] GC(123) Old regions: 149->149
[2023-03-27T22:15:21.631+0800][8247.962s] GC(123) Archive regions: 0->0
[2023-03-27T22:15:21.631+0800][8247.962s] GC(123) Humongous regions: 30->30
[2023-03-27T22:15:21.631+0800][8247.962s] GC(123) Metaspace: 55976K(56448K)->55976K(56448K) NonClass: 49736K(49984K)->49736K(49984K) Class: 6239K(6464K)->6239K(6464K)
[2023-03-27T22:15:21.631+0800][8247.962s] GC(123) Pause Young (Normal) (G1 Evacuation Pause) 452M->181M(512M) 2.167ms
[2023-03-27T22:15:21.631+0800][8247.962s] GC(123) User=0.00s Sys=0.00s Real=0.00s
[2023-03-27T22:15:23.168+0800][8249.498s] GC(124) Pause Young (Normal) (G1 Evacuation Pause)
[2023-03-27T22:15:23.168+0800][8249.498s] GC(124) Using 8 workers of 8 for evacuation
[2023-03-27T22:15:23.171+0800][8249.500s] GC(124)   Pre Evacuate Collection Set: 0.2ms
[2023-03-27T22:15:23.171+0800][8249.500s] GC(124)   Merge Heap Roots: 0.1ms
[2023-03-27T22:15:23.171+0800][8249.500s] GC(124)   Evacuate Collection Set: 1.2ms
[2023-03-27T22:15:23.171+0800][8249.500s] GC(124)   Post Evacuate Collection Set: 0.7ms
[2023-03-27T22:15:23.171+0800][8249.500s] GC(124)   Other: 0.2ms
[2023-03-27T22:15:23.171+0800][8249.500s] GC(124) Eden regions: 271->0(271)
[2023-03-27T22:15:23.171+0800][8249.500s] GC(124) Survivor regions: 3->3(35)
[2023-03-27T22:15:23.171+0800][8249.500s] GC(124) Old regions: 149->149
[2023-03-27T22:15:23.171+0800][8249.500s] GC(124) Archive regions: 0->0
[2023-03-27T22:15:23.171+0800][8249.500s] GC(124) Humongous regions: 30->30
[2023-03-27T22:15:23.171+0800][8249.500s] GC(124) Metaspace: 55976K(56448K)->55976K(56448K) NonClass: 49736K(49984K)->49736K(49984K) Class: 6239K(6464K)->6239K(6464K)
[2023-03-27T22:15:23.171+0800][8249.500s] GC(124) Pause Young (Normal) (G1 Evacuation Pause) 452M->181M(512M) 2.417ms
[2023-03-27T22:15:23.171+0800][8249.500s] GC(124) User=0.00s Sys=0.00s Real=0.00s
[2023-03-27T22:15:25.899+0800][8252.230s] GC(125) Pause Young (Normal) (G1 Evacuation Pause)
[2023-03-27T22:15:25.900+0800][8252.230s] GC(125) Using 8 workers of 8 for evacuation
[2023-03-27T22:15:25.901+0800][8252.232s] GC(125)   Pre Evacuate Collection Set: 0.1ms
[2023-03-27T22:15:25.902+0800][8252.232s] GC(125)   Merge Heap Roots: 0.1ms
[2023-03-27T22:15:25.902+0800][8252.232s] GC(125)   Evacuate Collection Set: 0.9ms
[2023-03-27T22:15:25.902+0800][8252.232s] GC(125)   Post Evacuate Collection Set: 0.7ms
[2023-03-27T22:15:25.902+0800][8252.232s] GC(125)   Other: 0.2ms
[2023-03-27T22:15:25.902+0800][8252.232s] GC(125) Eden regions: 271->0(271)
[2023-03-27T22:15:25.902+0800][8252.232s] GC(125) Survivor regions: 3->3(35)
[2023-03-27T22:15:25.902+0800][8252.232s] GC(125) Old regions: 149->149
[2023-03-27T22:15:25.902+0800][8252.232s] GC(125) Archive regions: 0->0
[2023-03-27T22:15:25.902+0800][8252.232s] GC(125) Humongous regions: 30->30
[2023-03-27T22:15:25.902+0800][8252.232s] GC(125) Metaspace: 55976K(56448K)->55976K(56448K) NonClass: 49736K(49984K)->49736K(49984K) Class: 6239K(6464K)->6239K(6464K)
[2023-03-27T22:15:25.902+0800][8252.232s] GC(125) Pause Young (Normal) (G1 Evacuation Pause) 452M->181M(512M) 2.185ms
[2023-03-27T22:15:25.902+0800][8252.232s] GC(125) User=0.00s Sys=0.00s Real=0.00s
[2023-03-27T22:15:40.083+0800][8266.413s] GC(126) Pause Young (Normal) (G1 Evacuation Pause)
[2023-03-27T22:15:40.083+0800][8266.413s] GC(126) Using 8 workers of 8 for evacuation
[2023-03-27T22:15:40.085+0800][8266.415s] GC(126)   Pre Evacuate Collection Set: 0.1ms
[2023-03-27T22:15:40.085+0800][8266.415s] GC(126)   Merge Heap Roots: 0.1ms
[2023-03-27T22:15:40.085+0800][8266.415s] GC(126)   Evacuate Collection Set: 1.0ms
[2023-03-27T22:15:40.085+0800][8266.415s] GC(126)   Post Evacuate Collection Set: 0.5ms
[2023-03-27T22:15:40.085+0800][8266.415s] GC(126)   Other: 0.2ms
[2023-03-27T22:15:40.085+0800][8266.415s] GC(126) Eden regions: 271->0(270)
[2023-03-27T22:15:40.085+0800][8266.415s] GC(126) Survivor regions: 3->3(35)
[2023-03-27T22:15:40.085+0800][8266.415s] GC(126) Old regions: 149->149
[2023-03-27T22:15:40.085+0800][8266.415s] GC(126) Archive regions: 0->0
[2023-03-27T22:15:40.085+0800][8266.415s] GC(126) Humongous regions: 30->30
[2023-03-27T22:15:40.085+0800][8266.415s] GC(126) Metaspace: 55987K(56448K)->55987K(56448K) NonClass: 49747K(49984K)->49747K(49984K) Class: 6240K(6464K)->6240K(6464K)
[2023-03-27T22:15:40.085+0800][8266.415s] GC(126) Pause Young (Normal) (G1 Evacuation Pause) 452M->181M(512M) 1.978ms
[2023-03-27T22:15:40.085+0800][8266.415s] GC(126) User=0.00s Sys=0.00s Real=0.00s
[2023-03-27T22:21:34.952+0800][8621.281s] GC(127) Pause Young (Normal) (G1 Evacuation Pause)
[2023-03-27T22:21:34.952+0800][8621.281s] GC(127) Using 8 workers of 8 for evacuation
[2023-03-27T22:21:34.954+0800][8621.284s] GC(127)   Pre Evacuate Collection Set: 0.2ms
[2023-03-27T22:21:34.954+0800][8621.284s] GC(127)   Merge Heap Roots: 0.1ms
[2023-03-27T22:21:34.954+0800][8621.284s] GC(127)   Evacuate Collection Set: 1.3ms
[2023-03-27T22:21:34.954+0800][8621.284s] GC(127)   Post Evacuate Collection Set: 0.5ms
[2023-03-27T22:21:34.954+0800][8621.284s] GC(127)   Other: 0.3ms
[2023-03-27T22:21:34.954+0800][8621.284s] GC(127) Eden regions: 270->0(270)
[2023-03-27T22:21:34.954+0800][8621.284s] GC(127) Survivor regions: 3->3(35)
[2023-03-27T22:21:34.954+0800][8621.284s] GC(127) Old regions: 149->149
[2023-03-27T22:21:34.954+0800][8621.284s] GC(127) Archive regions: 0->0
[2023-03-27T22:21:34.954+0800][8621.284s] GC(127) Humongous regions: 30->30
[2023-03-27T22:21:34.954+0800][8621.284s] GC(127) Metaspace: 55999K(56512K)->55999K(56512K) NonClass: 49758K(50048K)->49758K(50048K) Class: 6240K(6464K)->6240K(6464K)
[2023-03-27T22:21:34.954+0800][8621.284s] GC(127) Pause Young (Normal) (G1 Evacuation Pause) 451M->181M(512M) 2.537ms
[2023-03-27T22:21:34.954+0800][8621.284s] GC(127) User=0.00s Sys=0.00s Real=0.00s
[2023-03-27T22:21:39.241+0800][8625.571s] GC(128) Pause Young (Normal) (G1 Evacuation Pause)
[2023-03-27T22:21:39.241+0800][8625.571s] GC(128) Using 8 workers of 8 for evacuation
[2023-03-27T22:21:39.242+0800][8625.573s] GC(128)   Pre Evacuate Collection Set: 0.2ms
[2023-03-27T22:21:39.242+0800][8625.573s] GC(128)   Merge Heap Roots: 0.1ms
[2023-03-27T22:21:39.243+0800][8625.573s] GC(128)   Evacuate Collection Set: 1.3ms
[2023-03-27T22:21:39.243+0800][8625.573s] GC(128)   Post Evacuate Collection Set: 0.6ms
[2023-03-27T22:21:39.243+0800][8625.573s] GC(128)   Other: 0.1ms
[2023-03-27T22:21:39.243+0800][8625.573s] GC(128) Eden regions: 270->0(270)
[2023-03-27T22:21:39.243+0800][8625.573s] GC(128) Survivor regions: 3->3(35)
[2023-03-27T22:21:39.243+0800][8625.573s] GC(128) Old regions: 149->149
[2023-03-27T22:21:39.243+0800][8625.573s] GC(128) Archive regions: 0->0
[2023-03-27T22:21:39.243+0800][8625.573s] GC(128) Humongous regions: 30->30
[2023-03-27T22:21:39.243+0800][8625.573s] GC(128) Metaspace: 56004K(56512K)->56004K(56512K) NonClass: 49763K(50048K)->49763K(50048K) Class: 6240K(6464K)->6240K(6464K)
[2023-03-27T22:21:39.243+0800][8625.573s] GC(128) Pause Young (Normal) (G1 Evacuation Pause) 451M->181M(512M) 2.483ms
[2023-03-27T22:21:39.243+0800][8625.573s] GC(128) User=0.00s Sys=0.00s Real=0.00s
[2023-03-27T22:21:39.987+0800][8626.317s] GC(129) Pause Young (Normal) (G1 Evacuation Pause)
[2023-03-27T22:21:39.987+0800][8626.317s] GC(129) Using 8 workers of 8 for evacuation
[2023-03-27T22:21:39.989+0800][8626.319s] GC(129)   Pre Evacuate Collection Set: 0.1ms
[2023-03-27T22:21:39.989+0800][8626.319s] GC(129)   Merge Heap Roots: 0.2ms
[2023-03-27T22:21:39.989+0800][8626.319s] GC(129)   Evacuate Collection Set: 1.0ms
[2023-03-27T22:21:39.989+0800][8626.319s] GC(129)   Post Evacuate Collection Set: 0.6ms
[2023-03-27T22:21:39.989+0800][8626.319s] GC(129)   Other: 0.2ms
[2023-03-27T22:21:39.989+0800][8626.319s] GC(129) Eden regions: 270->0(271)
[2023-03-27T22:21:39.989+0800][8626.319s] GC(129) Survivor regions: 3->3(35)
[2023-03-27T22:21:39.989+0800][8626.319s] GC(129) Old regions: 149->149
[2023-03-27T22:21:39.989+0800][8626.319s] GC(129) Archive regions: 0->0
[2023-03-27T22:21:39.989+0800][8626.319s] GC(129) Humongous regions: 30->30
[2023-03-27T22:21:39.989+0800][8626.319s] GC(129) Metaspace: 56004K(56512K)->56004K(56512K) NonClass: 49763K(50048K)->49763K(50048K) Class: 6240K(6464K)->6240K(6464K)
[2023-03-27T22:21:39.989+0800][8626.319s] GC(129) Pause Young (Normal) (G1 Evacuation Pause) 451M->181M(512M) 2.069ms
[2023-03-27T22:21:39.989+0800][8626.319s] GC(129) User=0.12s Sys=0.00s Real=0.00s
[2023-03-27T22:21:43.955+0800][8630.285s] GC(130) Pause Young (Normal) (G1 Evacuation Pause)
[2023-03-27T22:21:43.955+0800][8630.285s] GC(130) Using 8 workers of 8 for evacuation
[2023-03-27T22:21:43.957+0800][8630.287s] GC(130)   Pre Evacuate Collection Set: 0.2ms
[2023-03-27T22:21:43.957+0800][8630.287s] GC(130)   Merge Heap Roots: 0.1ms
[2023-03-27T22:21:43.957+0800][8630.287s] GC(130)   Evacuate Collection Set: 1.0ms
[2023-03-27T22:21:43.957+0800][8630.287s] GC(130)   Post Evacuate Collection Set: 0.6ms
[2023-03-27T22:21:43.957+0800][8630.287s] GC(130)   Other: 0.2ms
[2023-03-27T22:21:43.957+0800][8630.287s] GC(130) Eden regions: 271->0(271)
[2023-03-27T22:21:43.957+0800][8630.287s] GC(130) Survivor regions: 3->3(35)
[2023-03-27T22:21:43.957+0800][8630.287s] GC(130) Old regions: 149->149
[2023-03-27T22:21:43.957+0800][8630.287s] GC(130) Archive regions: 0->0
[2023-03-27T22:21:43.957+0800][8630.287s] GC(130) Humongous regions: 30->30
[2023-03-27T22:21:43.957+0800][8630.287s] GC(130) Metaspace: 56004K(56512K)->56004K(56512K) NonClass: 49763K(50048K)->49763K(50048K) Class: 6240K(6464K)->6240K(6464K)
[2023-03-27T22:21:43.957+0800][8630.287s] GC(130) Pause Young (Normal) (G1 Evacuation Pause) 452M->181M(512M) 2.262ms
[2023-03-27T22:21:43.957+0800][8630.287s] GC(130) User=0.12s Sys=0.00s Real=0.00s
[2023-03-27T22:25:50.417+0800][8876.747s] GC(131) Pause Young (Normal) (G1 Evacuation Pause)
[2023-03-27T22:25:50.417+0800][8876.747s] GC(131) Using 8 workers of 8 for evacuation
[2023-03-27T22:25:50.419+0800][8876.750s] GC(131)   Pre Evacuate Collection Set: 0.1ms
[2023-03-27T22:25:50.419+0800][8876.750s] GC(131)   Merge Heap Roots: 0.1ms
[2023-03-27T22:25:50.419+0800][8876.750s] GC(131)   Evacuate Collection Set: 1.1ms
[2023-03-27T22:25:50.419+0800][8876.750s] GC(131)   Post Evacuate Collection Set: 0.8ms
[2023-03-27T22:25:50.419+0800][8876.750s] GC(131)   Other: 0.2ms
[2023-03-27T22:25:50.419+0800][8876.750s] GC(131) Eden regions: 271->0(270)
[2023-03-27T22:25:50.419+0800][8876.750s] GC(131) Survivor regions: 3->3(35)
[2023-03-27T22:25:50.419+0800][8876.750s] GC(131) Old regions: 149->149
[2023-03-27T22:25:50.419+0800][8876.750s] GC(131) Archive regions: 0->0
[2023-03-27T22:25:50.419+0800][8876.750s] GC(131) Humongous regions: 30->30
[2023-03-27T22:25:50.419+0800][8876.750s] GC(131) Metaspace: 56025K(56512K)->56025K(56512K) NonClass: 49784K(50048K)->49784K(50048K) Class: 6240K(6464K)->6240K(6464K)
[2023-03-27T22:25:50.419+0800][8876.750s] GC(131) Pause Young (Normal) (G1 Evacuation Pause) 452M->181M(512M) 2.450ms
[2023-03-27T22:25:50.419+0800][8876.750s] GC(131) User=0.00s Sys=0.00s Real=0.00s
[2023-03-27T22:27:41.464+0800][8987.795s] GC(132) Pause Young (Normal) (G1 Evacuation Pause)
[2023-03-27T22:27:41.464+0800][8987.795s] GC(132) Using 8 workers of 8 for evacuation
[2023-03-27T22:27:41.466+0800][8987.797s] GC(132)   Pre Evacuate Collection Set: 0.1ms
[2023-03-27T22:27:41.466+0800][8987.797s] GC(132)   Merge Heap Roots: 0.1ms
[2023-03-27T22:27:41.466+0800][8987.797s] GC(132)   Evacuate Collection Set: 0.9ms
[2023-03-27T22:27:41.466+0800][8987.797s] GC(132)   Post Evacuate Collection Set: 0.6ms
[2023-03-27T22:27:41.466+0800][8987.797s] GC(132)   Other: 0.1ms
[2023-03-27T22:27:41.466+0800][8987.797s] GC(132) Eden regions: 270->0(270)
[2023-03-27T22:27:41.466+0800][8987.797s] GC(132) Survivor regions: 3->3(35)
[2023-03-27T22:27:41.466+0800][8987.797s] GC(132) Old regions: 149->149
[2023-03-27T22:27:41.466+0800][8987.797s] GC(132) Archive regions: 0->0
[2023-03-27T22:27:41.466+0800][8987.797s] GC(132) Humongous regions: 30->30
[2023-03-27T22:27:41.466+0800][8987.797s] GC(132) Metaspace: 56031K(56512K)->56031K(56512K) NonClass: 49790K(50048K)->49790K(50048K) Class: 6240K(6464K)->6240K(6464K)
[2023-03-27T22:27:41.466+0800][8987.797s] GC(132) Pause Young (Normal) (G1 Evacuation Pause) 451M->181M(512M) 1.985ms
[2023-03-27T22:27:41.466+0800][8987.797s] GC(132) User=0.00s Sys=0.00s Real=0.00s
[2023-03-27T22:28:17.124+0800][9023.454s] GC(133) Pause Young (Normal) (G1 Evacuation Pause)
[2023-03-27T22:28:17.124+0800][9023.454s] GC(133) Using 8 workers of 8 for evacuation
[2023-03-27T22:28:17.126+0800][9023.456s] GC(133)   Pre Evacuate Collection Set: 0.2ms
[2023-03-27T22:28:17.126+0800][9023.456s] GC(133)   Merge Heap Roots: 0.1ms
[2023-03-27T22:28:17.126+0800][9023.456s] GC(133)   Evacuate Collection Set: 1.0ms
[2023-03-27T22:28:17.126+0800][9023.456s] GC(133)   Post Evacuate Collection Set: 0.6ms
[2023-03-27T22:28:17.126+0800][9023.456s] GC(133)   Other: 0.2ms
[2023-03-27T22:28:17.126+0800][9023.456s] GC(133) Eden regions: 270->0(271)
[2023-03-27T22:28:17.126+0800][9023.456s] GC(133) Survivor regions: 3->3(35)
[2023-03-27T22:28:17.126+0800][9023.456s] GC(133) Old regions: 149->149
[2023-03-27T22:28:17.126+0800][9023.456s] GC(133) Archive regions: 0->0
[2023-03-27T22:28:17.126+0800][9023.456s] GC(133) Humongous regions: 30->30
[2023-03-27T22:28:17.126+0800][9023.456s] GC(133) Metaspace: 56041K(56512K)->56041K(56512K) NonClass: 49800K(50048K)->49800K(50048K) Class: 6240K(6464K)->6240K(6464K)
[2023-03-27T22:28:17.126+0800][9023.457s] GC(133) Pause Young (Normal) (G1 Evacuation Pause) 451M->181M(512M) 2.181ms
[2023-03-27T22:28:17.126+0800][9023.457s] GC(133) User=0.00s Sys=0.00s Real=0.00s
[2023-03-27T22:28:50.661+0800][9056.991s] GC(134) Pause Young (Normal) (G1 Evacuation Pause)
[2023-03-27T22:28:50.661+0800][9056.991s] GC(134) Using 8 workers of 8 for evacuation
[2023-03-27T22:28:50.664+0800][9056.993s] GC(134)   Pre Evacuate Collection Set: 0.1ms
[2023-03-27T22:28:50.664+0800][9056.993s] GC(134)   Merge Heap Roots: 0.0ms
[2023-03-27T22:28:50.664+0800][9056.993s] GC(134)   Evacuate Collection Set: 1.6ms
[2023-03-27T22:28:50.664+0800][9056.993s] GC(134)   Post Evacuate Collection Set: 0.4ms
[2023-03-27T22:28:50.664+0800][9056.993s] GC(134)   Other: 0.3ms
[2023-03-27T22:28:50.664+0800][9056.993s] GC(134) Eden regions: 271->0(271)
[2023-03-27T22:28:50.664+0800][9056.993s] GC(134) Survivor regions: 3->3(35)
[2023-03-27T22:28:50.664+0800][9056.993s] GC(134) Old regions: 149->149
[2023-03-27T22:28:50.664+0800][9056.993s] GC(134) Archive regions: 0->0
[2023-03-27T22:28:50.664+0800][9056.993s] GC(134) Humongous regions: 30->30
[2023-03-27T22:28:50.664+0800][9056.993s] GC(134) Metaspace: 56041K(56512K)->56041K(56512K) NonClass: 49800K(50048K)->49800K(50048K) Class: 6240K(6464K)->6240K(6464K)
[2023-03-27T22:28:50.664+0800][9056.993s] GC(134) Pause Young (Normal) (G1 Evacuation Pause) 452M->181M(512M) 2.595ms
[2023-03-27T22:28:50.664+0800][9056.993s] GC(134) User=0.00s Sys=0.00s Real=0.00s
[2023-03-27T22:29:43.217+0800][9109.546s] GC(135) Pause Young (Normal) (G1 Evacuation Pause)
[2023-03-27T22:29:43.217+0800][9109.546s] GC(135) Using 8 workers of 8 for evacuation
[2023-03-27T22:29:43.219+0800][9109.548s] GC(135)   Pre Evacuate Collection Set: 0.1ms
[2023-03-27T22:29:43.219+0800][9109.548s] GC(135)   Merge Heap Roots: 0.1ms
[2023-03-27T22:29:43.219+0800][9109.548s] GC(135)   Evacuate Collection Set: 0.9ms
[2023-03-27T22:29:43.219+0800][9109.548s] GC(135)   Post Evacuate Collection Set: 0.7ms
[2023-03-27T22:29:43.219+0800][9109.548s] GC(135)   Other: 0.2ms
[2023-03-27T22:29:43.219+0800][9109.548s] GC(135) Eden regions: 271->0(270)
[2023-03-27T22:29:43.219+0800][9109.548s] GC(135) Survivor regions: 3->3(35)
[2023-03-27T22:29:43.219+0800][9109.548s] GC(135) Old regions: 149->150
[2023-03-27T22:29:43.219+0800][9109.548s] GC(135) Archive regions: 0->0
[2023-03-27T22:29:43.219+0800][9109.548s] GC(135) Humongous regions: 30->30
[2023-03-27T22:29:43.219+0800][9109.548s] GC(135) Metaspace: 56041K(56512K)->56041K(56512K) NonClass: 49800K(50048K)->49800K(50048K) Class: 6240K(6464K)->6240K(6464K)
[2023-03-27T22:29:43.219+0800][9109.548s] GC(135) Pause Young (Normal) (G1 Evacuation Pause) 452M->181M(512M) 2.147ms
[2023-03-27T22:29:43.219+0800][9109.548s] GC(135) User=0.00s Sys=0.00s Real=0.00s
[2023-03-27T22:29:50.007+0800][9116.336s] GC(136) Pause Young (Normal) (G1 Evacuation Pause)
[2023-03-27T22:29:50.007+0800][9116.337s] GC(136) Using 8 workers of 8 for evacuation
[2023-03-27T22:29:50.009+0800][9116.339s] GC(136)   Pre Evacuate Collection Set: 0.2ms
[2023-03-27T22:29:50.009+0800][9116.339s] GC(136)   Merge Heap Roots: 0.1ms
[2023-03-27T22:29:50.009+0800][9116.339s] GC(136)   Evacuate Collection Set: 1.0ms
[2023-03-27T22:29:50.009+0800][9116.339s] GC(136)   Post Evacuate Collection Set: 0.8ms
[2023-03-27T22:29:50.009+0800][9116.339s] GC(136)   Other: 0.1ms
[2023-03-27T22:29:50.009+0800][9116.339s] GC(136) Eden regions: 270->0(270)
[2023-03-27T22:29:50.009+0800][9116.339s] GC(136) Survivor regions: 3->3(35)
[2023-03-27T22:29:50.009+0800][9116.339s] GC(136) Old regions: 150->150
[2023-03-27T22:29:50.009+0800][9116.339s] GC(136) Archive regions: 0->0
[2023-03-27T22:29:50.009+0800][9116.339s] GC(136) Humongous regions: 30->30
[2023-03-27T22:29:50.009+0800][9116.339s] GC(136) Metaspace: 56069K(56576K)->56069K(56576K) NonClass: 49828K(50112K)->49828K(50112K) Class: 6240K(6464K)->6240K(6464K)
[2023-03-27T22:29:50.009+0800][9116.339s] GC(136) Pause Young (Normal) (G1 Evacuation Pause) 451M->181M(512M) 2.177ms
[2023-03-27T22:29:50.009+0800][9116.339s] GC(136) User=0.00s Sys=0.00s Real=0.00s
[2023-03-27T22:30:24.683+0800][9151.013s] GC(137) Pause Young (Normal) (G1 Evacuation Pause)
[2023-03-27T22:30:24.683+0800][9151.013s] GC(137) Using 8 workers of 8 for evacuation
[2023-03-27T22:30:24.685+0800][9151.015s] GC(137)   Pre Evacuate Collection Set: 0.1ms
[2023-03-27T22:30:24.685+0800][9151.015s] GC(137)   Merge Heap Roots: 0.1ms
[2023-03-27T22:30:24.685+0800][9151.015s] GC(137)   Evacuate Collection Set: 0.9ms
[2023-03-27T22:30:24.685+0800][9151.015s] GC(137)   Post Evacuate Collection Set: 0.6ms
[2023-03-27T22:30:24.685+0800][9151.015s] GC(137)   Other: 0.2ms
[2023-03-27T22:30:24.685+0800][9151.015s] GC(137) Eden regions: 270->0(270)
[2023-03-27T22:30:24.685+0800][9151.015s] GC(137) Survivor regions: 3->3(35)
[2023-03-27T22:30:24.685+0800][9151.015s] GC(137) Old regions: 150->150
[2023-03-27T22:30:24.685+0800][9151.015s] GC(137) Archive regions: 0->0
[2023-03-27T22:30:24.685+0800][9151.015s] GC(137) Humongous regions: 30->30
[2023-03-27T22:30:24.685+0800][9151.015s] GC(137) Metaspace: 56079K(56576K)->56079K(56576K) NonClass: 49838K(50112K)->49838K(50112K) Class: 6240K(6464K)->6240K(6464K)
[2023-03-27T22:30:24.685+0800][9151.015s] GC(137) Pause Young (Normal) (G1 Evacuation Pause) 451M->181M(512M) 2.048ms
[2023-03-27T22:30:24.686+0800][9151.015s] GC(137) User=0.00s Sys=0.00s Real=0.00s
[2023-03-27T22:31:12.048+0800][9198.378s] GC(138) Pause Young (Normal) (G1 Evacuation Pause)
[2023-03-27T22:31:12.048+0800][9198.378s] GC(138) Using 8 workers of 8 for evacuation
[2023-03-27T22:31:12.050+0800][9198.380s] GC(138)   Pre Evacuate Collection Set: 0.2ms
[2023-03-27T22:31:12.050+0800][9198.380s] GC(138)   Merge Heap Roots: 0.1ms
[2023-03-27T22:31:12.050+0800][9198.380s] GC(138)   Evacuate Collection Set: 0.9ms
[2023-03-27T22:31:12.050+0800][9198.380s] GC(138)   Post Evacuate Collection Set: 0.5ms
[2023-03-27T22:31:12.050+0800][9198.380s] GC(138)   Other: 0.2ms
[2023-03-27T22:31:12.050+0800][9198.380s] GC(138) Eden regions: 270->0(270)
[2023-03-27T22:31:12.050+0800][9198.380s] GC(138) Survivor regions: 3->3(35)
[2023-03-27T22:31:12.050+0800][9198.380s] GC(138) Old regions: 150->150
[2023-03-27T22:31:12.050+0800][9198.380s] GC(138) Archive regions: 0->0
[2023-03-27T22:31:12.050+0800][9198.380s] GC(138) Humongous regions: 30->30
[2023-03-27T22:31:12.050+0800][9198.380s] GC(138) Metaspace: 56079K(56576K)->56079K(56576K) NonClass: 49838K(50112K)->49838K(50112K) Class: 6240K(6464K)->6240K(6464K)
[2023-03-27T22:31:12.050+0800][9198.380s] GC(138) Pause Young (Normal) (G1 Evacuation Pause) 451M->181M(512M) 2.037ms
[2023-03-27T22:31:12.050+0800][9198.380s] GC(138) User=0.02s Sys=0.00s Real=0.00s
[2023-03-27T22:31:20.446+0800][9206.776s] GC(139) Pause Young (Normal) (G1 Evacuation Pause)
[2023-03-27T22:31:20.446+0800][9206.776s] GC(139) Using 8 workers of 8 for evacuation
[2023-03-27T22:31:20.447+0800][9206.778s] GC(139)   Pre Evacuate Collection Set: 0.1ms
[2023-03-27T22:31:20.448+0800][9206.778s] GC(139)   Merge Heap Roots: 0.0ms
[2023-03-27T22:31:20.448+0800][9206.778s] GC(139)   Evacuate Collection Set: 1.1ms
[2023-03-27T22:31:20.448+0800][9206.778s] GC(139)   Post Evacuate Collection Set: 0.7ms
[2023-03-27T22:31:20.449+0800][9206.778s] GC(139)   Other: 0.2ms
[2023-03-27T22:31:20.449+0800][9206.778s] GC(139) Eden regions: 270->0(270)
[2023-03-27T22:31:20.449+0800][9206.778s] GC(139) Survivor regions: 3->3(35)
[2023-03-27T22:31:20.449+0800][9206.778s] GC(139) Old regions: 150->150
[2023-03-27T22:31:20.449+0800][9206.778s] GC(139) Archive regions: 0->0
[2023-03-27T22:31:20.449+0800][9206.778s] GC(139) Humongous regions: 30->30
[2023-03-27T22:31:20.449+0800][9206.778s] GC(139) Metaspace: 56079K(56576K)->56079K(56576K) NonClass: 49838K(50112K)->49838K(50112K) Class: 6240K(6464K)->6240K(6464K)
[2023-03-27T22:31:20.449+0800][9206.778s] GC(139) Pause Young (Normal) (G1 Evacuation Pause) 451M->181M(512M) 2.334ms
[2023-03-27T22:31:20.449+0800][9206.778s] GC(139) User=0.00s Sys=0.00s Real=0.00s
[2023-03-27T22:34:44.699+0800][9411.029s] GC(140) Pause Young (Normal) (G1 Evacuation Pause)
[2023-03-27T22:34:44.699+0800][9411.029s] GC(140) Using 8 workers of 8 for evacuation
[2023-03-27T22:34:44.701+0800][9411.031s] GC(140)   Pre Evacuate Collection Set: 0.1ms
[2023-03-27T22:34:44.701+0800][9411.031s] GC(140)   Merge Heap Roots: 0.1ms
[2023-03-27T22:34:44.701+0800][9411.031s] GC(140)   Evacuate Collection Set: 0.9ms
[2023-03-27T22:34:44.701+0800][9411.031s] GC(140)   Post Evacuate Collection Set: 0.6ms
[2023-03-27T22:34:44.701+0800][9411.031s] GC(140)   Other: 0.2ms
[2023-03-27T22:34:44.701+0800][9411.031s] GC(140) Eden regions: 270->0(270)
[2023-03-27T22:34:44.701+0800][9411.031s] GC(140) Survivor regions: 3->3(35)
[2023-03-27T22:34:44.701+0800][9411.031s] GC(140) Old regions: 150->150
[2023-03-27T22:34:44.701+0800][9411.031s] GC(140) Archive regions: 0->0
[2023-03-27T22:34:44.701+0800][9411.031s] GC(140) Humongous regions: 30->30
[2023-03-27T22:34:44.701+0800][9411.031s] GC(140) Metaspace: 56089K(56576K)->56089K(56576K) NonClass: 49848K(50112K)->49848K(50112K) Class: 6240K(6464K)->6240K(6464K)
[2023-03-27T22:34:44.701+0800][9411.031s] GC(140) Pause Young (Normal) (G1 Evacuation Pause) 451M->181M(512M) 2.050ms
[2023-03-27T22:34:44.701+0800][9411.031s] GC(140) User=0.00s Sys=0.00s Real=0.00s
[2023-03-27T22:36:21.324+0800][9507.653s] GC(141) Pause Young (Normal) (G1 Evacuation Pause)
[2023-03-27T22:36:21.324+0800][9507.654s] GC(141) Using 8 workers of 8 for evacuation
[2023-03-27T22:36:21.326+0800][9507.656s] GC(141)   Pre Evacuate Collection Set: 0.2ms
[2023-03-27T22:36:21.326+0800][9507.656s] GC(141)   Merge Heap Roots: 0.1ms
[2023-03-27T22:36:21.326+0800][9507.656s] GC(141)   Evacuate Collection Set: 0.9ms
[2023-03-27T22:36:21.326+0800][9507.656s] GC(141)   Post Evacuate Collection Set: 0.7ms
[2023-03-27T22:36:21.326+0800][9507.656s] GC(141)   Other: 0.5ms
[2023-03-27T22:36:21.326+0800][9507.656s] GC(141) Eden regions: 270->0(270)
[2023-03-27T22:36:21.326+0800][9507.656s] GC(141) Survivor regions: 3->3(35)
[2023-03-27T22:36:21.326+0800][9507.656s] GC(141) Old regions: 150->150
[2023-03-27T22:36:21.326+0800][9507.656s] GC(141) Archive regions: 0->0
[2023-03-27T22:36:21.326+0800][9507.656s] GC(141) Humongous regions: 30->30
[2023-03-27T22:36:21.326+0800][9507.656s] GC(141) Metaspace: 56089K(56576K)->56089K(56576K) NonClass: 49848K(50112K)->49848K(50112K) Class: 6240K(6464K)->6240K(6464K)
[2023-03-27T22:36:21.326+0800][9507.656s] GC(141) Pause Young (Normal) (G1 Evacuation Pause) 451M->181M(512M) 2.390ms
[2023-03-27T22:36:21.326+0800][9507.656s] GC(141) User=0.00s Sys=0.00s Real=0.00s
