[2023-02-09T11:02:05.586+0800][0.010s] Using G1
[2023-02-09T11:02:05.675+0800][0.100s] Version: 16.0.1+9-24 (release)
[2023-02-09T11:02:05.675+0800][0.100s] CPUs: 8 total, 8 available
[2023-02-09T11:02:05.675+0800][0.100s] Memory: 16015M
[2023-02-09T11:02:05.675+0800][0.100s] Large Page Support: Disabled
[2023-02-09T11:02:05.675+0800][0.100s] NUMA Support: Disabled
[2023-02-09T11:02:05.675+0800][0.100s] Compressed Oops: Enabled (32-bit)
[2023-02-09T11:02:05.675+0800][0.100s] Heap Region Size: 1M
[2023-02-09T11:02:05.675+0800][0.100s] Heap Min Capacity: 512M
[2023-02-09T11:02:05.675+0800][0.100s] Heap Initial Capacity: 512M
[2023-02-09T11:02:05.675+0800][0.100s] Heap Max Capacity: 512M
[2023-02-09T11:02:05.675+0800][0.100s] Pre-touch: Enabled
[2023-02-09T11:02:05.675+0800][0.100s] Parallel Workers: 8
[2023-02-09T11:02:05.675+0800][0.100s] Concurrent Workers: 2
[2023-02-09T11:02:05.675+0800][0.100s] Concurrent Refinement Workers: 8
[2023-02-09T11:02:05.675+0800][0.100s] Periodic GC: Disabled
[2023-02-09T11:02:05.676+0800][0.101s] CDS archive(s) mapped at: [0x0000000800000000-0x0000000800bb0000-0x0000000800bb0000), size 12255232, SharedBaseAddress: 0x0000000800000000, ArchiveRelocationMode: 0.
[2023-02-09T11:02:05.676+0800][0.101s] Compressed class space mapped at: 0x0000000800c00000-0x0000000840c00000, reserved size: 1073741824
[2023-02-09T11:02:05.676+0800][0.101s] Narrow klass base: 0x0000000800000000, Narrow klass shift: 3, Narrow klass range: 0x100000000
[2023-02-09T11:02:07.432+0800][1.857s] GC(0) Pause Young (Normal) (G1 Evacuation Pause)
[2023-02-09T11:02:07.432+0800][1.857s] GC(0) Using 8 workers of 8 for evacuation
[2023-02-09T11:02:07.436+0800][1.861s] GC(0)   Pre Evacuate Collection Set: 0.1ms
[2023-02-09T11:02:07.436+0800][1.861s] GC(0)   Merge Heap Roots: 0.0ms
[2023-02-09T11:02:07.436+0800][1.861s] GC(0)   Evacuate Collection Set: 2.3ms
[2023-02-09T11:02:07.436+0800][1.861s] GC(0)   Post Evacuate Collection Set: 0.5ms
[2023-02-09T11:02:07.436+0800][1.861s] GC(0)   Other: 1.1ms
[2023-02-09T11:02:07.436+0800][1.861s] GC(0) Eden regions: 29->0(43)
[2023-02-09T11:02:07.436+0800][1.861s] GC(0) Survivor regions: 0->4(4)
[2023-02-09T11:02:07.436+0800][1.861s] GC(0) Old regions: 0->0
[2023-02-09T11:02:07.436+0800][1.861s] GC(0) Archive regions: 0->0
[2023-02-09T11:02:07.436+0800][1.861s] GC(0) Humongous regions: 0->0
[2023-02-09T11:02:07.436+0800][1.861s] GC(0) Metaspace: 5855K(6016K)->5855K(6016K) NonClass: 5220K(5312K)->5220K(5312K) Class: 635K(704K)->635K(704K)
[2023-02-09T11:02:07.436+0800][1.861s] GC(0) Pause Young (Normal) (G1 Evacuation Pause) 29M->3M(512M) 4.209ms
[2023-02-09T11:02:07.436+0800][1.861s] GC(0) User=0.00s Sys=0.00s Real=0.00s
[2023-02-09T11:02:08.367+0800][2.792s] GC(1) Pause Young (Normal) (G1 Evacuation Pause)
[2023-02-09T11:02:08.367+0800][2.792s] GC(1) Using 8 workers of 8 for evacuation
[2023-02-09T11:02:08.373+0800][2.798s] GC(1)   Pre Evacuate Collection Set: 0.0ms
[2023-02-09T11:02:08.373+0800][2.798s] GC(1)   Merge Heap Roots: 0.0ms
[2023-02-09T11:02:08.373+0800][2.798s] GC(1)   Evacuate Collection Set: 5.8ms
[2023-02-09T11:02:08.373+0800][2.798s] GC(1)   Post Evacuate Collection Set: 0.3ms
[2023-02-09T11:02:08.373+0800][2.798s] GC(1)   Other: 0.1ms
[2023-02-09T11:02:08.373+0800][2.798s] GC(1) Eden regions: 43->0(301)
[2023-02-09T11:02:08.373+0800][2.798s] GC(1) Survivor regions: 4->6(6)
[2023-02-09T11:02:08.373+0800][2.798s] GC(1) Old regions: 0->8
[2023-02-09T11:02:08.374+0800][2.798s] GC(1) Archive regions: 0->0
[2023-02-09T11:02:08.374+0800][2.798s] GC(1) Humongous regions: 4->4
[2023-02-09T11:02:08.374+0800][2.798s] GC(1) Metaspace: 16277K(16512K)->16277K(16512K) NonClass: 14412K(14528K)->14412K(14528K) Class: 1865K(1984K)->1865K(1984K)
[2023-02-09T11:02:08.374+0800][2.798s] GC(1) Pause Young (Normal) (G1 Evacuation Pause) 50M->17M(512M) 6.407ms
[2023-02-09T11:02:08.374+0800][2.798s] GC(1) User=0.00s Sys=0.00s Real=0.01s
[2023-02-09T11:02:09.450+0800][3.874s] GC(2) Pause Young (Concurrent Start) (Metadata GC Threshold)
[2023-02-09T11:02:09.450+0800][3.874s] GC(2) Using 8 workers of 8 for evacuation
[2023-02-09T11:02:09.456+0800][3.880s] GC(2)   Pre Evacuate Collection Set: 0.2ms
[2023-02-09T11:02:09.456+0800][3.881s] GC(2)   Merge Heap Roots: 0.2ms
[2023-02-09T11:02:09.456+0800][3.881s] GC(2)   Evacuate Collection Set: 4.5ms
[2023-02-09T11:02:09.456+0800][3.881s] GC(2)   Post Evacuate Collection Set: 0.9ms
[2023-02-09T11:02:09.456+0800][3.881s] GC(2)   Other: 0.5ms
[2023-02-09T11:02:09.456+0800][3.881s] GC(2) Eden regions: 135->0(294)
[2023-02-09T11:02:09.456+0800][3.881s] GC(2) Survivor regions: 6->13(37)
[2023-02-09T11:02:09.456+0800][3.881s] GC(2) Old regions: 8->8
[2023-02-09T11:02:09.456+0800][3.881s] GC(2) Archive regions: 0->0
[2023-02-09T11:02:09.456+0800][3.881s] GC(2) Humongous regions: 5->4
[2023-02-09T11:02:09.456+0800][3.881s] GC(2) Metaspace: 20996K(21248K)->20996K(21248K) NonClass: 18542K(18688K)->18542K(18688K) Class: 2454K(2560K)->2454K(2560K)
[2023-02-09T11:02:09.456+0800][3.881s] GC(2) Pause Young (Concurrent Start) (Metadata GC Threshold) 153M->24M(512M) 6.334ms
[2023-02-09T11:02:09.456+0800][3.881s] GC(2) User=0.00s Sys=0.00s Real=0.01s
[2023-02-09T11:02:09.456+0800][3.881s] GC(3) Concurrent Mark Cycle
[2023-02-09T11:02:09.456+0800][3.881s] GC(3) Concurrent Clear Claimed Marks
[2023-02-09T11:02:09.456+0800][3.881s] GC(3) Concurrent Clear Claimed Marks 0.025ms
[2023-02-09T11:02:09.456+0800][3.881s] GC(3) Concurrent Scan Root Regions
[2023-02-09T11:02:09.458+0800][3.883s] GC(3) Concurrent Scan Root Regions 2.289ms
[2023-02-09T11:02:09.459+0800][3.883s] GC(3) Concurrent Mark
[2023-02-09T11:02:09.459+0800][3.883s] GC(3) Concurrent Mark From Roots
[2023-02-09T11:02:09.459+0800][3.883s] GC(3) Using 2 workers of 2 for marking
[2023-02-09T11:02:09.463+0800][3.888s] GC(3) Concurrent Mark From Roots 4.718ms
[2023-02-09T11:02:09.463+0800][3.888s] GC(3) Concurrent Preclean
[2023-02-09T11:02:09.463+0800][3.888s] GC(3) Concurrent Preclean 0.046ms
[2023-02-09T11:02:09.464+0800][3.888s] GC(3) Pause Remark
[2023-02-09T11:02:09.465+0800][3.890s] GC(3) Pause Remark 26M->26M(512M) 1.687ms
[2023-02-09T11:02:09.465+0800][3.890s] GC(3) User=0.00s Sys=0.00s Real=0.00s
[2023-02-09T11:02:09.466+0800][3.890s] GC(3) Concurrent Mark 7.004ms
[2023-02-09T11:02:09.466+0800][3.890s] GC(3) Concurrent Rebuild Remembered Sets
[2023-02-09T11:02:09.469+0800][3.893s] GC(3) Concurrent Rebuild Remembered Sets 3.015ms
[2023-02-09T11:02:09.469+0800][3.893s] GC(3) Pause Cleanup
[2023-02-09T11:02:09.469+0800][3.893s] GC(3) Pause Cleanup 27M->27M(512M) 0.105ms
[2023-02-09T11:02:09.469+0800][3.894s] GC(3) User=0.00s Sys=0.00s Real=0.00s
[2023-02-09T11:02:09.469+0800][3.894s] GC(3) Concurrent Cleanup for Next Mark
[2023-02-09T11:02:09.470+0800][3.894s] GC(3) Concurrent Cleanup for Next Mark 0.570ms
[2023-02-09T11:02:09.470+0800][3.894s] GC(3) Concurrent Mark Cycle 13.515ms
[2023-02-09T11:02:11.523+0800][5.947s] GC(4) Pause Young (Concurrent Start) (Metadata GC Threshold)
[2023-02-09T11:02:11.523+0800][5.947s] GC(4) Using 8 workers of 8 for evacuation
[2023-02-09T11:02:11.533+0800][5.957s] GC(4)   Pre Evacuate Collection Set: 0.1ms
[2023-02-09T11:02:11.533+0800][5.958s] GC(4)   Merge Heap Roots: 0.0ms
[2023-02-09T11:02:11.533+0800][5.958s] GC(4)   Evacuate Collection Set: 8.1ms
[2023-02-09T11:02:11.533+0800][5.958s] GC(4)   Post Evacuate Collection Set: 1.5ms
[2023-02-09T11:02:11.533+0800][5.958s] GC(4)   Other: 0.3ms
[2023-02-09T11:02:11.533+0800][5.958s] GC(4) Eden regions: 197->0(288)
[2023-02-09T11:02:11.533+0800][5.958s] GC(4) Survivor regions: 13->19(39)
[2023-02-09T11:02:11.533+0800][5.958s] GC(4) Old regions: 8->8
[2023-02-09T11:02:11.533+0800][5.958s] GC(4) Archive regions: 0->0
[2023-02-09T11:02:11.533+0800][5.958s] GC(4) Humongous regions: 4->4
[2023-02-09T11:02:11.533+0800][5.958s] GC(4) Metaspace: 35277K(35648K)->35277K(35648K) NonClass: 31118K(31360K)->31118K(31360K) Class: 4158K(4288K)->4158K(4288K)
[2023-02-09T11:02:11.534+0800][5.958s] GC(4) Pause Young (Concurrent Start) (Metadata GC Threshold) 221M->30M(512M) 10.360ms
[2023-02-09T11:02:11.534+0800][5.958s] GC(4) User=0.00s Sys=0.00s Real=0.01s
[2023-02-09T11:02:11.534+0800][5.958s] GC(5) Concurrent Mark Cycle
[2023-02-09T11:02:11.534+0800][5.958s] GC(5) Concurrent Clear Claimed Marks
[2023-02-09T11:02:11.534+0800][5.958s] GC(5) Concurrent Clear Claimed Marks 0.061ms
[2023-02-09T11:02:11.534+0800][5.958s] GC(5) Concurrent Scan Root Regions
[2023-02-09T11:02:11.540+0800][5.964s] GC(5) Concurrent Scan Root Regions 5.461ms
[2023-02-09T11:02:11.540+0800][5.964s] GC(5) Concurrent Mark
[2023-02-09T11:02:11.540+0800][5.964s] GC(5) Concurrent Mark From Roots
[2023-02-09T11:02:11.540+0800][5.964s] GC(5) Using 2 workers of 2 for marking
[2023-02-09T11:02:11.549+0800][5.973s] GC(5) Concurrent Mark From Roots 8.795ms
[2023-02-09T11:02:11.549+0800][5.973s] GC(5) Concurrent Preclean
[2023-02-09T11:02:11.549+0800][5.973s] GC(5) Concurrent Preclean 0.075ms
[2023-02-09T11:02:11.549+0800][5.973s] GC(5) Pause Remark
[2023-02-09T11:02:11.549+0800][5.974s] GC(5) Pause Remark 32M->32M(512M) 1.499ms
[2023-02-09T11:02:11.549+0800][5.975s] GC(5) User=0.00s Sys=0.00s Real=0.00s
[2023-02-09T11:02:11.549+0800][5.975s] GC(5) Concurrent Mark 10.616ms
[2023-02-09T11:02:11.549+0800][5.975s] GC(5) Concurrent Rebuild Remembered Sets
[2023-02-09T11:02:11.552+0800][5.977s] GC(5) Concurrent Rebuild Remembered Sets 2.847ms
[2023-02-09T11:02:11.552+0800][5.978s] GC(5) Pause Cleanup
[2023-02-09T11:02:11.552+0800][5.978s] GC(5) Pause Cleanup 32M->32M(512M) 0.065ms
[2023-02-09T11:02:11.552+0800][5.978s] GC(5) User=0.00s Sys=0.00s Real=0.00s
[2023-02-09T11:02:11.552+0800][5.978s] GC(5) Concurrent Cleanup for Next Mark
[2023-02-09T11:02:11.553+0800][5.978s] GC(5) Concurrent Cleanup for Next Mark 0.516ms
[2023-02-09T11:02:11.553+0800][5.978s] GC(5) Concurrent Mark Cycle 19.946ms
[2023-02-09T11:11:25.797+0800][560.222s] GC(6) Pause Young (Normal) (G1 Evacuation Pause)
[2023-02-09T11:11:25.797+0800][560.222s] GC(6) Using 8 workers of 8 for evacuation
[2023-02-09T11:11:25.813+0800][560.237s] GC(6)   Pre Evacuate Collection Set: 0.1ms
[2023-02-09T11:11:25.813+0800][560.237s] GC(6)   Merge Heap Roots: 0.1ms
[2023-02-09T11:11:25.813+0800][560.237s] GC(6)   Evacuate Collection Set: 12.9ms
[2023-02-09T11:11:25.813+0800][560.237s] GC(6)   Post Evacuate Collection Set: 1.8ms
[2023-02-09T11:11:25.813+0800][560.237s] GC(6)   Other: 0.4ms
[2023-02-09T11:11:25.813+0800][560.237s] GC(6) Eden regions: 288->0(278)
[2023-02-09T11:11:25.813+0800][560.237s] GC(6) Survivor regions: 19->29(39)
[2023-02-09T11:11:25.813+0800][560.237s] GC(6) Old regions: 8->8
[2023-02-09T11:11:25.813+0800][560.237s] GC(6) Archive regions: 0->0
[2023-02-09T11:11:25.813+0800][560.237s] GC(6) Humongous regions: 4->4
[2023-02-09T11:11:25.813+0800][560.237s] GC(6) Metaspace: 47835K(48256K)->47835K(48256K) NonClass: 42135K(42368K)->42135K(42368K) Class: 5699K(5888K)->5699K(5888K)
[2023-02-09T11:11:25.813+0800][560.237s] GC(6) Pause Young (Normal) (G1 Evacuation Pause) 318M->40M(512M) 15.413ms
[2023-02-09T11:11:25.813+0800][560.237s] GC(6) User=0.09s Sys=0.03s Real=0.02s
[2023-02-09T11:13:41.978+0800][696.402s] GC(7) Pause Young (Normal) (G1 Evacuation Pause)
[2023-02-09T11:13:41.978+0800][696.402s] GC(7) Using 8 workers of 8 for evacuation
[2023-02-09T11:13:41.995+0800][696.420s] GC(7)   Pre Evacuate Collection Set: 0.1ms
[2023-02-09T11:13:41.996+0800][696.420s] GC(7)   Merge Heap Roots: 0.1ms
[2023-02-09T11:13:41.996+0800][696.420s] GC(7)   Evacuate Collection Set: 16.1ms
[2023-02-09T11:13:41.996+0800][696.420s] GC(7)   Post Evacuate Collection Set: 1.3ms
[2023-02-09T11:13:41.996+0800][696.420s] GC(7)   Other: 0.2ms
[2023-02-09T11:13:41.996+0800][696.420s] GC(7) Eden regions: 278->0(277)
[2023-02-09T11:13:41.996+0800][696.420s] GC(7) Survivor regions: 29->30(39)
[2023-02-09T11:13:41.996+0800][696.420s] GC(7) Old regions: 8->20
[2023-02-09T11:13:41.996+0800][696.420s] GC(7) Archive regions: 0->0
[2023-02-09T11:13:41.996+0800][696.420s] GC(7) Humongous regions: 4->4
[2023-02-09T11:13:41.996+0800][696.420s] GC(7) Metaspace: 50391K(50816K)->50391K(50816K) NonClass: 44501K(44736K)->44501K(44736K) Class: 5889K(6080K)->5889K(6080K)
[2023-02-09T11:13:41.996+0800][696.420s] GC(7) Pause Young (Normal) (G1 Evacuation Pause) 318M->53M(512M) 17.957ms
[2023-02-09T11:13:41.996+0800][696.420s] GC(7) User=0.09s Sys=0.03s Real=0.02s
[2023-02-09T11:13:43.972+0800][698.397s] GC(8) Pause Young (Normal) (G1 Evacuation Pause)
[2023-02-09T11:13:43.972+0800][698.397s] GC(8) Using 8 workers of 8 for evacuation
[2023-02-09T11:13:43.988+0800][698.412s] GC(8)   Pre Evacuate Collection Set: 0.1ms
[2023-02-09T11:13:43.988+0800][698.412s] GC(8)   Merge Heap Roots: 0.1ms
[2023-02-09T11:13:43.988+0800][698.412s] GC(8)   Evacuate Collection Set: 14.1ms
[2023-02-09T11:13:43.988+0800][698.412s] GC(8)   Post Evacuate Collection Set: 0.9ms
[2023-02-09T11:13:43.988+0800][698.412s] GC(8)   Other: 0.2ms
[2023-02-09T11:13:43.988+0800][698.412s] GC(8) Eden regions: 277->0(275)
[2023-02-09T11:13:43.988+0800][698.412s] GC(8) Survivor regions: 30->32(39)
[2023-02-09T11:13:43.988+0800][698.412s] GC(8) Old regions: 20->35
[2023-02-09T11:13:43.988+0800][698.412s] GC(8) Archive regions: 0->0
[2023-02-09T11:13:43.988+0800][698.412s] GC(8) Humongous regions: 5->5
[2023-02-09T11:13:43.988+0800][698.412s] GC(8) Metaspace: 51305K(51776K)->51305K(51776K) NonClass: 45341K(45632K)->45341K(45632K) Class: 5964K(6144K)->5964K(6144K)
[2023-02-09T11:13:43.988+0800][698.412s] GC(8) Pause Young (Normal) (G1 Evacuation Pause) 331M->70M(512M) 15.488ms
[2023-02-09T11:13:43.988+0800][698.412s] GC(8) User=0.09s Sys=0.03s Real=0.02s
[2023-02-09T11:20:14.231+0800][1088.655s] Heap
[2023-02-09T11:20:14.231+0800][1088.655s]  garbage-first heap   total 524288K, used 259820K [0x00000000e0000000, 0x0000000100000000)
[2023-02-09T11:20:14.231+0800][1088.655s]   region size 1024K, 215 young (220160K), 32 survivors (32768K)
[2023-02-09T11:20:14.231+0800][1088.655s]  Metaspace       used 52493K, committed 53056K, reserved 1097728K
[2023-02-09T11:20:14.231+0800][1088.655s]   class space    used 6053K, committed 6336K, reserved 1048576K
