[2023-02-12T20:39:25.600+0800][0.014s] Using G1
[2023-02-12T20:39:25.759+0800][0.172s] Version: 16.0.1+9-24 (release)
[2023-02-12T20:39:25.759+0800][0.172s] CPUs: 8 total, 8 available
[2023-02-12T20:39:25.759+0800][0.172s] Memory: 16015M
[2023-02-12T20:39:25.759+0800][0.172s] Large Page Support: Disabled
[2023-02-12T20:39:25.759+0800][0.172s] NUMA Support: Disabled
[2023-02-12T20:39:25.759+0800][0.172s] Compressed Oops: Enabled (32-bit)
[2023-02-12T20:39:25.759+0800][0.172s] Heap Region Size: 1M
[2023-02-12T20:39:25.759+0800][0.172s] Heap Min Capacity: 512M
[2023-02-12T20:39:25.759+0800][0.172s] Heap Initial Capacity: 512M
[2023-02-12T20:39:25.759+0800][0.172s] Heap Max Capacity: 512M
[2023-02-12T20:39:25.759+0800][0.172s] Pre-touch: Enabled
[2023-02-12T20:39:25.760+0800][0.173s] Parallel Workers: 8
[2023-02-12T20:39:25.760+0800][0.173s] Concurrent Workers: 2
[2023-02-12T20:39:25.760+0800][0.173s] Concurrent Refinement Workers: 8
[2023-02-12T20:39:25.760+0800][0.173s] Periodic GC: Disabled
[2023-02-12T20:39:25.761+0800][0.174s] CDS archive(s) mapped at: [0x0000000800000000-0x0000000800bb0000-0x0000000800bb0000), size 12255232, SharedBaseAddress: 0x0000000800000000, ArchiveRelocationMode: 0.
[2023-02-12T20:39:25.761+0800][0.174s] Compressed class space mapped at: 0x0000000800c00000-0x0000000840c00000, reserved size: 1073741824
[2023-02-12T20:39:25.761+0800][0.174s] Narrow klass base: 0x0000000800000000, Narrow klass shift: 3, Narrow klass range: 0x100000000
[2023-02-12T20:39:26.422+0800][0.835s] GC(0) Pause Young (Normal) (G1 Evacuation Pause)
[2023-02-12T20:39:26.422+0800][0.836s] GC(0) Using 8 workers of 8 for evacuation
[2023-02-12T20:39:26.427+0800][0.841s] GC(0)   Pre Evacuate Collection Set: 0.1ms
[2023-02-12T20:39:26.427+0800][0.841s] GC(0)   Merge Heap Roots: 0.0ms
[2023-02-12T20:39:26.427+0800][0.841s] GC(0)   Evacuate Collection Set: 4.4ms
[2023-02-12T20:39:26.427+0800][0.841s] GC(0)   Post Evacuate Collection Set: 0.4ms
[2023-02-12T20:39:26.427+0800][0.841s] GC(0)   Other: 0.7ms
[2023-02-12T20:39:26.427+0800][0.841s] GC(0) Eden regions: 29->0(43)
[2023-02-12T20:39:26.427+0800][0.841s] GC(0) Survivor regions: 0->4(4)
[2023-02-12T20:39:26.427+0800][0.841s] GC(0) Old regions: 0->0
[2023-02-12T20:39:26.427+0800][0.841s] GC(0) Archive regions: 0->0
[2023-02-12T20:39:26.427+0800][0.841s] GC(0) Humongous regions: 0->0
[2023-02-12T20:39:26.427+0800][0.841s] GC(0) Metaspace: 5951K(6144K)->5951K(6144K) NonClass: 5296K(5376K)->5296K(5376K) Class: 654K(768K)->654K(768K)
[2023-02-12T20:39:26.427+0800][0.841s] GC(0) Pause Young (Normal) (G1 Evacuation Pause) 29M->3M(512M) 5.663ms
[2023-02-12T20:39:26.427+0800][0.841s] GC(0) User=0.09s Sys=0.00s Real=0.01s
[2023-02-12T20:39:27.070+0800][1.483s] GC(1) Pause Young (Normal) (G1 Evacuation Pause)
[2023-02-12T20:39:27.070+0800][1.483s] GC(1) Using 8 workers of 8 for evacuation
[2023-02-12T20:39:27.077+0800][1.490s] GC(1)   Pre Evacuate Collection Set: 0.1ms
[2023-02-12T20:39:27.077+0800][1.490s] GC(1)   Merge Heap Roots: 0.0ms
[2023-02-12T20:39:27.077+0800][1.490s] GC(1)   Evacuate Collection Set: 6.5ms
[2023-02-12T20:39:27.077+0800][1.490s] GC(1)   Post Evacuate Collection Set: 0.4ms
[2023-02-12T20:39:27.077+0800][1.490s] GC(1)   Other: 0.1ms
[2023-02-12T20:39:27.077+0800][1.490s] GC(1) Eden regions: 43->0(254)
[2023-02-12T20:39:27.077+0800][1.490s] GC(1) Survivor regions: 4->6(6)
[2023-02-12T20:39:27.077+0800][1.490s] GC(1) Old regions: 0->8
[2023-02-12T20:39:27.077+0800][1.490s] GC(1) Archive regions: 0->0
[2023-02-12T20:39:27.077+0800][1.490s] GC(1) Humongous regions: 4->4
[2023-02-12T20:39:27.077+0800][1.490s] GC(1) Metaspace: 16251K(16448K)->16251K(16448K) NonClass: 14385K(14464K)->14385K(14464K) Class: 1866K(1984K)->1866K(1984K)
[2023-02-12T20:39:27.077+0800][1.490s] GC(1) Pause Young (Normal) (G1 Evacuation Pause) 50M->17M(512M) 7.216ms
[2023-02-12T20:39:27.077+0800][1.490s] GC(1) User=0.00s Sys=0.00s Real=0.01s
[2023-02-12T20:39:27.819+0800][2.232s] GC(2) Pause Young (Concurrent Start) (Metadata GC Threshold)
[2023-02-12T20:39:27.819+0800][2.232s] GC(2) Using 8 workers of 8 for evacuation
[2023-02-12T20:39:27.825+0800][2.238s] GC(2)   Pre Evacuate Collection Set: 0.1ms
[2023-02-12T20:39:27.825+0800][2.238s] GC(2)   Merge Heap Roots: 0.0ms
[2023-02-12T20:39:27.825+0800][2.238s] GC(2)   Evacuate Collection Set: 5.0ms
[2023-02-12T20:39:27.825+0800][2.238s] GC(2)   Post Evacuate Collection Set: 0.7ms
[2023-02-12T20:39:27.825+0800][2.238s] GC(2)   Other: 0.4ms
[2023-02-12T20:39:27.825+0800][2.238s] GC(2) Eden regions: 137->0(294)
[2023-02-12T20:39:27.825+0800][2.238s] GC(2) Survivor regions: 6->13(29)
[2023-02-12T20:39:27.825+0800][2.238s] GC(2) Old regions: 8->8
[2023-02-12T20:39:27.825+0800][2.238s] GC(2) Archive regions: 0->0
[2023-02-12T20:39:27.825+0800][2.238s] GC(2) Humongous regions: 5->4
[2023-02-12T20:39:27.825+0800][2.238s] GC(2) Metaspace: 21025K(21248K)->21025K(21248K) NonClass: 18560K(18688K)->18560K(18688K) Class: 2464K(2560K)->2464K(2560K)
[2023-02-12T20:39:27.825+0800][2.238s] GC(2) Pause Young (Concurrent Start) (Metadata GC Threshold) 155M->24M(512M) 6.317ms
[2023-02-12T20:39:27.825+0800][2.238s] GC(2) User=0.00s Sys=0.00s Real=0.01s
[2023-02-12T20:39:27.825+0800][2.238s] GC(3) Concurrent Mark Cycle
[2023-02-12T20:39:27.825+0800][2.238s] GC(3) Concurrent Clear Claimed Marks
[2023-02-12T20:39:27.825+0800][2.238s] GC(3) Concurrent Clear Claimed Marks 0.023ms
[2023-02-12T20:39:27.825+0800][2.238s] GC(3) Concurrent Scan Root Regions
[2023-02-12T20:39:27.828+0800][2.240s] GC(3) Concurrent Scan Root Regions 2.478ms
[2023-02-12T20:39:27.828+0800][2.241s] GC(3) Concurrent Mark
[2023-02-12T20:39:27.828+0800][2.241s] GC(3) Concurrent Mark From Roots
[2023-02-12T20:39:27.828+0800][2.241s] GC(3) Using 2 workers of 2 for marking
[2023-02-12T20:39:27.835+0800][2.249s] GC(3) Concurrent Mark From Roots 7.999ms
[2023-02-12T20:39:27.836+0800][2.250s] GC(3) Concurrent Preclean
[2023-02-12T20:39:27.836+0800][2.250s] GC(3) Concurrent Preclean 0.128ms
[2023-02-12T20:39:27.836+0800][2.250s] GC(3) Pause Remark
[2023-02-12T20:39:27.837+0800][2.251s] GC(3) Pause Remark 26M->26M(512M) 1.090ms
[2023-02-12T20:39:27.837+0800][2.251s] GC(3) User=0.00s Sys=0.00s Real=0.00s
[2023-02-12T20:39:27.837+0800][2.251s] GC(3) Concurrent Mark 10.370ms
[2023-02-12T20:39:27.837+0800][2.251s] GC(3) Concurrent Rebuild Remembered Sets
[2023-02-12T20:39:27.841+0800][2.255s] GC(3) Concurrent Rebuild Remembered Sets 3.826ms
[2023-02-12T20:39:27.841+0800][2.255s] GC(3) Pause Cleanup
[2023-02-12T20:39:27.841+0800][2.255s] GC(3) Pause Cleanup 27M->27M(512M) 0.089ms
[2023-02-12T20:39:27.841+0800][2.255s] GC(3) User=0.00s Sys=0.00s Real=0.00s
[2023-02-12T20:39:27.841+0800][2.255s] GC(3) Concurrent Cleanup for Next Mark
[2023-02-12T20:39:27.842+0800][2.256s] GC(3) Concurrent Cleanup for Next Mark 0.706ms
[2023-02-12T20:39:27.842+0800][2.256s] GC(3) Concurrent Mark Cycle 17.808ms
[2023-02-12T20:39:29.040+0800][3.454s] GC(4) Pause Young (Concurrent Start) (Metadata GC Threshold)
[2023-02-12T20:39:29.040+0800][3.454s] GC(4) Using 8 workers of 8 for evacuation
[2023-02-12T20:39:29.048+0800][3.461s] GC(4)   Pre Evacuate Collection Set: 0.1ms
[2023-02-12T20:39:29.048+0800][3.461s] GC(4)   Merge Heap Roots: 0.0ms
[2023-02-12T20:39:29.048+0800][3.461s] GC(4)   Evacuate Collection Set: 6.7ms
[2023-02-12T20:39:29.048+0800][3.461s] GC(4)   Post Evacuate Collection Set: 0.7ms
[2023-02-12T20:39:29.048+0800][3.461s] GC(4)   Other: 0.2ms
[2023-02-12T20:39:29.048+0800][3.461s] GC(4) Eden regions: 185->0(288)
[2023-02-12T20:39:29.048+0800][3.461s] GC(4) Survivor regions: 13->19(39)
[2023-02-12T20:39:29.048+0800][3.461s] GC(4) Old regions: 8->8
[2023-02-12T20:39:29.048+0800][3.461s] GC(4) Archive regions: 0->0
[2023-02-12T20:39:29.048+0800][3.461s] GC(4) Humongous regions: 4->4
[2023-02-12T20:39:29.048+0800][3.461s] GC(4) Metaspace: 35410K(35776K)->35410K(35776K) NonClass: 31248K(31424K)->31248K(31424K) Class: 4162K(4352K)->4162K(4352K)
[2023-02-12T20:39:29.048+0800][3.461s] GC(4) Pause Young (Concurrent Start) (Metadata GC Threshold) 209M->29M(512M) 7.926ms
[2023-02-12T20:39:29.048+0800][3.462s] GC(4) User=0.00s Sys=0.00s Real=0.01s
[2023-02-12T20:39:29.048+0800][3.462s] GC(5) Concurrent Mark Cycle
[2023-02-12T20:39:29.048+0800][3.462s] GC(5) Concurrent Clear Claimed Marks
[2023-02-12T20:39:29.048+0800][3.462s] GC(5) Concurrent Clear Claimed Marks 0.040ms
[2023-02-12T20:39:29.048+0800][3.462s] GC(5) Concurrent Scan Root Regions
[2023-02-12T20:39:29.053+0800][3.466s] GC(5) Concurrent Scan Root Regions 4.241ms
[2023-02-12T20:39:29.053+0800][3.466s] GC(5) Concurrent Mark
[2023-02-12T20:39:29.053+0800][3.466s] GC(5) Concurrent Mark From Roots
[2023-02-12T20:39:29.053+0800][3.466s] GC(5) Using 2 workers of 2 for marking
[2023-02-12T20:39:29.058+0800][3.471s] GC(5) Concurrent Mark From Roots 5.513ms
[2023-02-12T20:39:29.058+0800][3.471s] GC(5) Concurrent Preclean
[2023-02-12T20:39:29.058+0800][3.472s] GC(5) Concurrent Preclean 0.056ms
[2023-02-12T20:39:29.059+0800][3.472s] GC(5) Pause Remark
[2023-02-12T20:39:29.060+0800][3.473s] GC(5) Pause Remark 32M->32M(512M) 1.228ms
[2023-02-12T20:39:29.060+0800][3.473s] GC(5) User=0.00s Sys=0.00s Real=0.00s
[2023-02-12T20:39:29.060+0800][3.473s] GC(5) Concurrent Mark 7.048ms
[2023-02-12T20:39:29.060+0800][3.473s] GC(5) Concurrent Rebuild Remembered Sets
[2023-02-12T20:39:29.064+0800][3.477s] GC(5) Concurrent Rebuild Remembered Sets 4.170ms
[2023-02-12T20:39:29.064+0800][3.478s] GC(5) Pause Cleanup
[2023-02-12T20:39:29.064+0800][3.478s] GC(5) Pause Cleanup 33M->33M(512M) 0.074ms
[2023-02-12T20:39:29.064+0800][3.478s] GC(5) User=0.00s Sys=0.00s Real=0.00s
[2023-02-12T20:39:29.064+0800][3.478s] GC(5) Concurrent Cleanup for Next Mark
[2023-02-12T20:39:29.065+0800][3.479s] GC(5) Concurrent Cleanup for Next Mark 0.853ms
[2023-02-12T20:39:29.065+0800][3.479s] GC(5) Concurrent Mark Cycle 16.969ms
[2023-02-12T20:40:54.397+0800][88.811s] GC(6) Pause Young (Normal) (G1 Evacuation Pause)
[2023-02-12T20:40:54.397+0800][88.811s] GC(6) Using 8 workers of 8 for evacuation
[2023-02-12T20:40:54.415+0800][88.829s] GC(6)   Pre Evacuate Collection Set: 0.1ms
[2023-02-12T20:40:54.415+0800][88.829s] GC(6)   Merge Heap Roots: 0.1ms
[2023-02-12T20:40:54.415+0800][88.829s] GC(6)   Evacuate Collection Set: 15.8ms
[2023-02-12T20:40:54.416+0800][88.829s] GC(6)   Post Evacuate Collection Set: 1.7ms
[2023-02-12T20:40:54.416+0800][88.829s] GC(6)   Other: 0.3ms
[2023-02-12T20:40:54.416+0800][88.829s] GC(6) Eden regions: 288->0(274)
[2023-02-12T20:40:54.416+0800][88.829s] GC(6) Survivor regions: 19->33(39)
[2023-02-12T20:40:54.416+0800][88.829s] GC(6) Old regions: 8->8
[2023-02-12T20:40:54.416+0800][88.829s] GC(6) Archive regions: 0->0
[2023-02-12T20:40:54.416+0800][88.829s] GC(6) Humongous regions: 4->4
[2023-02-12T20:40:54.416+0800][88.829s] GC(6) Metaspace: 47045K(47552K)->47045K(47552K) NonClass: 41374K(41664K)->41374K(41664K) Class: 5671K(5888K)->5671K(5888K)
[2023-02-12T20:40:54.416+0800][88.829s] GC(6) Pause Young (Normal) (G1 Evacuation Pause) 317M->44M(512M) 18.244ms
[2023-02-12T20:40:54.416+0800][88.829s] GC(6) User=0.08s Sys=0.00s Real=0.02s
[2023-02-12T22:21:05.059+0800][6099.472s] GC(7) Pause Young (Normal) (G1 Evacuation Pause)
[2023-02-12T22:21:05.059+0800][6099.472s] GC(7) Using 8 workers of 8 for evacuation
[2023-02-12T22:21:05.087+0800][6099.500s] GC(7)   Pre Evacuate Collection Set: 0.1ms
[2023-02-12T22:21:05.087+0800][6099.500s] GC(7)   Merge Heap Roots: 0.1ms
[2023-02-12T22:21:05.087+0800][6099.500s] GC(7)   Evacuate Collection Set: 25.7ms
[2023-02-12T22:21:05.087+0800][6099.500s] GC(7)   Post Evacuate Collection Set: 1.7ms
[2023-02-12T22:21:05.087+0800][6099.500s] GC(7)   Other: 0.3ms
[2023-02-12T22:21:05.087+0800][6099.500s] GC(7) Eden regions: 274->0(284)
[2023-02-12T22:21:05.087+0800][6099.500s] GC(7) Survivor regions: 33->23(39)
[2023-02-12T22:21:05.087+0800][6099.500s] GC(7) Old regions: 8->26
[2023-02-12T22:21:05.087+0800][6099.500s] GC(7) Archive regions: 0->0
[2023-02-12T22:21:05.087+0800][6099.500s] GC(7) Humongous regions: 4->4
[2023-02-12T22:21:05.087+0800][6099.500s] GC(7) Metaspace: 51202K(51776K)->51202K(51776K) NonClass: 45185K(45504K)->45185K(45504K) Class: 6017K(6272K)->6017K(6272K)
[2023-02-12T22:21:05.087+0800][6099.500s] GC(7) Pause Young (Normal) (G1 Evacuation Pause) 318M->51M(512M) 28.073ms
[2023-02-12T22:21:05.087+0800][6099.500s] GC(7) User=0.12s Sys=0.09s Real=0.03s
[2023-02-12T22:27:43.389+0800][6497.802s] GC(8) Pause Young (Normal) (G1 Evacuation Pause)
[2023-02-12T22:27:43.389+0800][6497.802s] GC(8) Using 8 workers of 8 for evacuation
[2023-02-12T22:27:43.397+0800][6497.811s] GC(8)   Pre Evacuate Collection Set: 0.1ms
[2023-02-12T22:27:43.397+0800][6497.811s] GC(8)   Merge Heap Roots: 0.1ms
[2023-02-12T22:27:43.397+0800][6497.811s] GC(8)   Evacuate Collection Set: 7.9ms
[2023-02-12T22:27:43.397+0800][6497.811s] GC(8)   Post Evacuate Collection Set: 1.0ms
[2023-02-12T22:27:43.397+0800][6497.811s] GC(8)   Other: 0.2ms
[2023-02-12T22:27:43.397+0800][6497.811s] GC(8) Eden regions: 284->0(299)
[2023-02-12T22:27:43.397+0800][6497.811s] GC(8) Survivor regions: 23->8(39)
[2023-02-12T22:27:43.397+0800][6497.811s] GC(8) Old regions: 26->40
[2023-02-12T22:27:43.397+0800][6497.811s] GC(8) Archive regions: 0->0
[2023-02-12T22:27:43.397+0800][6497.811s] GC(8) Humongous regions: 4->4
[2023-02-12T22:27:43.397+0800][6497.811s] GC(8) Metaspace: 51941K(52480K)->51941K(52480K) NonClass: 45890K(46144K)->45890K(46144K) Class: 6050K(6336K)->6050K(6336K)
[2023-02-12T22:27:43.397+0800][6497.811s] GC(8) Pause Young (Normal) (G1 Evacuation Pause) 335M->51M(512M) 9.466ms
[2023-02-12T22:27:43.397+0800][6497.811s] GC(8) User=0.12s Sys=0.00s Real=0.01s
[2023-02-12T22:28:25.500+0800][6539.913s] GC(9) Pause Young (Normal) (G1 Evacuation Pause)
[2023-02-12T22:28:25.500+0800][6539.913s] GC(9) Using 8 workers of 8 for evacuation
[2023-02-12T22:28:25.503+0800][6539.917s] GC(9)   Pre Evacuate Collection Set: 0.2ms
[2023-02-12T22:28:25.504+0800][6539.917s] GC(9)   Merge Heap Roots: 0.1ms
[2023-02-12T22:28:25.504+0800][6539.917s] GC(9)   Evacuate Collection Set: 2.6ms
[2023-02-12T22:28:25.504+0800][6539.917s] GC(9)   Post Evacuate Collection Set: 0.6ms
[2023-02-12T22:28:25.504+0800][6539.917s] GC(9)   Other: 0.2ms
[2023-02-12T22:28:25.504+0800][6539.917s] GC(9) Eden regions: 299->0(301)
[2023-02-12T22:28:25.504+0800][6539.917s] GC(9) Survivor regions: 8->6(39)
[2023-02-12T22:28:25.504+0800][6539.917s] GC(9) Old regions: 40->40
[2023-02-12T22:28:25.504+0800][6539.917s] GC(9) Archive regions: 0->0
[2023-02-12T22:28:25.504+0800][6539.917s] GC(9) Humongous regions: 4->4
[2023-02-12T22:28:25.504+0800][6539.917s] GC(9) Metaspace: 52553K(53120K)->52553K(53120K) NonClass: 46458K(46784K)->46458K(46784K) Class: 6094K(6336K)->6094K(6336K)
[2023-02-12T22:28:25.504+0800][6539.917s] GC(9) Pause Young (Normal) (G1 Evacuation Pause) 350M->49M(512M) 3.790ms
[2023-02-12T22:28:25.504+0800][6539.917s] GC(9) User=0.00s Sys=0.02s Real=0.00s
[2023-02-12T22:36:24.148+0800][7018.561s] GC(10) Pause Young (Normal) (G1 Evacuation Pause)
[2023-02-12T22:36:24.148+0800][7018.561s] GC(10) Using 8 workers of 8 for evacuation
[2023-02-12T22:36:24.156+0800][7018.569s] GC(10)   Pre Evacuate Collection Set: 0.2ms
[2023-02-12T22:36:24.157+0800][7018.570s] GC(10)   Merge Heap Roots: 0.1ms
[2023-02-12T22:36:24.157+0800][7018.570s] GC(10)   Evacuate Collection Set: 6.7ms
[2023-02-12T22:36:24.157+0800][7018.570s] GC(10)   Post Evacuate Collection Set: 1.0ms
[2023-02-12T22:36:24.157+0800][7018.570s] GC(10)   Other: 0.2ms
[2023-02-12T22:36:24.157+0800][7018.570s] GC(10) Eden regions: 301->0(281)
[2023-02-12T22:36:24.157+0800][7018.570s] GC(10) Survivor regions: 6->26(39)
[2023-02-12T22:36:24.157+0800][7018.570s] GC(10) Old regions: 40->40
[2023-02-12T22:36:24.157+0800][7018.570s] GC(10) Archive regions: 0->0
[2023-02-12T22:36:24.157+0800][7018.570s] GC(10) Humongous regions: 85->23
[2023-02-12T22:36:24.157+0800][7018.570s] GC(10) Metaspace: 53961K(54528K)->53961K(54528K) NonClass: 47761K(48064K)->47761K(48064K) Class: 6200K(6464K)->6200K(6464K)
[2023-02-12T22:36:24.157+0800][7018.570s] GC(10) Pause Young (Normal) (G1 Evacuation Pause) 431M->87M(512M) 8.415ms
[2023-02-12T22:36:24.157+0800][7018.570s] GC(10) User=0.00s Sys=0.00s Real=0.01s
[2023-02-12T22:36:25.432+0800][7019.846s] GC(11) Pause Young (Normal) (G1 Evacuation Pause)
[2023-02-12T22:36:25.432+0800][7019.846s] GC(11) Using 8 workers of 8 for evacuation
[2023-02-12T22:36:25.442+0800][7019.856s] GC(11)   Pre Evacuate Collection Set: 0.1ms
[2023-02-12T22:36:25.442+0800][7019.856s] GC(11)   Merge Heap Roots: 0.2ms
[2023-02-12T22:36:25.442+0800][7019.856s] GC(11)   Evacuate Collection Set: 8.5ms
[2023-02-12T22:36:25.442+0800][7019.856s] GC(11)   Post Evacuate Collection Set: 0.9ms
[2023-02-12T22:36:25.442+0800][7019.856s] GC(11)   Other: 0.2ms
[2023-02-12T22:36:25.442+0800][7019.856s] GC(11) Eden regions: 281->0(287)
[2023-02-12T22:36:25.442+0800][7019.856s] GC(11) Survivor regions: 26->20(39)
[2023-02-12T22:36:25.442+0800][7019.856s] GC(11) Old regions: 40->64
[2023-02-12T22:36:25.442+0800][7019.856s] GC(11) Archive regions: 0->0
[2023-02-12T22:36:25.442+0800][7019.856s] GC(11) Humongous regions: 79->23
[2023-02-12T22:36:25.442+0800][7019.856s] GC(11) Metaspace: 53970K(54528K)->53970K(54528K) NonClass: 47770K(48064K)->47770K(48064K) Class: 6200K(6464K)->6200K(6464K)
[2023-02-12T22:36:25.442+0800][7019.856s] GC(11) Pause Young (Normal) (G1 Evacuation Pause) 424M->105M(512M) 10.064ms
[2023-02-12T22:36:25.442+0800][7019.856s] GC(11) User=0.11s Sys=0.00s Real=0.01s
[2023-02-12T22:36:26.763+0800][7021.176s] GC(12) Pause Young (Normal) (G1 Evacuation Pause)
[2023-02-12T22:36:26.763+0800][7021.176s] GC(12) Using 8 workers of 8 for evacuation
[2023-02-12T22:36:26.771+0800][7021.183s] GC(12)   Pre Evacuate Collection Set: 0.1ms
[2023-02-12T22:36:26.771+0800][7021.184s] GC(12)   Merge Heap Roots: 0.2ms
[2023-02-12T22:36:26.771+0800][7021.184s] GC(12)   Evacuate Collection Set: 6.7ms
[2023-02-12T22:36:26.771+0800][7021.184s] GC(12)   Post Evacuate Collection Set: 0.7ms
[2023-02-12T22:36:26.771+0800][7021.184s] GC(12)   Other: 0.2ms
[2023-02-12T22:36:26.771+0800][7021.184s] GC(12) Eden regions: 287->0(269)
[2023-02-12T22:36:26.771+0800][7021.184s] GC(12) Survivor regions: 20->38(39)
[2023-02-12T22:36:26.771+0800][7021.184s] GC(12) Old regions: 64->64
[2023-02-12T22:36:26.771+0800][7021.184s] GC(12) Archive regions: 0->0
[2023-02-12T22:36:26.771+0800][7021.184s] GC(12) Humongous regions: 96->35
[2023-02-12T22:36:26.771+0800][7021.184s] GC(12) Metaspace: 53972K(54528K)->53972K(54528K) NonClass: 47771K(48064K)->47771K(48064K) Class: 6200K(6464K)->6200K(6464K)
[2023-02-12T22:36:26.771+0800][7021.184s] GC(12) Pause Young (Normal) (G1 Evacuation Pause) 465M->135M(512M) 7.977ms
[2023-02-12T22:36:26.771+0800][7021.184s] GC(12) User=0.09s Sys=0.03s Real=0.01s
[2023-02-12T22:36:28.924+0800][7023.337s] GC(13) Pause Young (Normal) (G1 Evacuation Pause)
[2023-02-12T22:36:28.924+0800][7023.337s] GC(13) Using 8 workers of 8 for evacuation
[2023-02-12T22:36:28.937+0800][7023.350s] GC(13)   Pre Evacuate Collection Set: 0.1ms
[2023-02-12T22:36:28.937+0800][7023.350s] GC(13)   Merge Heap Roots: 0.1ms
[2023-02-12T22:36:28.937+0800][7023.350s] GC(13)   Evacuate Collection Set: 11.4ms
[2023-02-12T22:36:28.937+0800][7023.350s] GC(13)   Post Evacuate Collection Set: 0.7ms
[2023-02-12T22:36:28.937+0800][7023.350s] GC(13)   Other: 0.3ms
[2023-02-12T22:36:28.937+0800][7023.350s] GC(13) Eden regions: 269->0(255)
[2023-02-12T22:36:28.937+0800][7023.350s] GC(13) Survivor regions: 38->19(39)
[2023-02-12T22:36:28.937+0800][7023.350s] GC(13) Old regions: 64->97
[2023-02-12T22:36:28.937+0800][7023.350s] GC(13) Archive regions: 0->0
[2023-02-12T22:36:28.937+0800][7023.350s] GC(13) Humongous regions: 84->42
[2023-02-12T22:36:28.937+0800][7023.350s] GC(13) Metaspace: 54322K(54912K)->54322K(54912K) NonClass: 48088K(48384K)->48088K(48384K) Class: 6233K(6528K)->6233K(6528K)
[2023-02-12T22:36:28.937+0800][7023.350s] GC(13) Pause Young (Normal) (G1 Evacuation Pause) 453M->157M(512M) 12.779ms
[2023-02-12T22:36:28.937+0800][7023.350s] GC(13) User=0.11s Sys=0.00s Real=0.01s
[2023-02-12T22:36:29.807+0800][7024.220s] GC(14) Pause Young (Normal) (G1 Evacuation Pause)
[2023-02-12T22:36:29.807+0800][7024.220s] GC(14) Using 8 workers of 8 for evacuation
[2023-02-12T22:36:29.811+0800][7024.224s] GC(14)   Pre Evacuate Collection Set: 0.1ms
[2023-02-12T22:36:29.811+0800][7024.224s] GC(14)   Merge Heap Roots: 0.1ms
[2023-02-12T22:36:29.811+0800][7024.224s] GC(14)   Evacuate Collection Set: 3.5ms
[2023-02-12T22:36:29.811+0800][7024.224s] GC(14)   Post Evacuate Collection Set: 0.6ms
[2023-02-12T22:36:29.811+0800][7024.224s] GC(14)   Other: 0.2ms
[2023-02-12T22:36:29.811+0800][7024.224s] GC(14) Eden regions: 255->0(262)
[2023-02-12T22:36:29.811+0800][7024.224s] GC(14) Survivor regions: 19->1(35)
[2023-02-12T22:36:29.811+0800][7024.224s] GC(14) Old regions: 97->116
[2023-02-12T22:36:29.811+0800][7024.224s] GC(14) Archive regions: 0->0
[2023-02-12T22:36:29.811+0800][7024.224s] GC(14) Humongous regions: 42->42
[2023-02-12T22:36:29.811+0800][7024.224s] GC(14) Metaspace: 54352K(54912K)->54352K(54912K) NonClass: 48117K(48384K)->48117K(48384K) Class: 6235K(6528K)->6235K(6528K)
[2023-02-12T22:36:29.811+0800][7024.224s] GC(14) Pause Young (Normal) (G1 Evacuation Pause) 412M->157M(512M) 4.490ms
[2023-02-12T22:36:29.811+0800][7024.224s] GC(14) User=0.00s Sys=0.00s Real=0.00s
[2023-02-12T22:36:30.280+0800][7024.693s] GC(15) Pause Young (Normal) (G1 Evacuation Pause)
[2023-02-12T22:36:30.280+0800][7024.693s] GC(15) Using 8 workers of 8 for evacuation
[2023-02-12T22:36:30.281+0800][7024.694s] GC(15)   Pre Evacuate Collection Set: 0.2ms
[2023-02-12T22:36:30.281+0800][7024.694s] GC(15)   Merge Heap Roots: 0.1ms
[2023-02-12T22:36:30.281+0800][7024.694s] GC(15)   Evacuate Collection Set: 0.5ms
[2023-02-12T22:36:30.281+0800][7024.694s] GC(15)   Post Evacuate Collection Set: 0.7ms
[2023-02-12T22:36:30.281+0800][7024.694s] GC(15)   Other: 0.1ms
[2023-02-12T22:36:30.281+0800][7024.694s] GC(15) Eden regions: 262->0(269)
[2023-02-12T22:36:30.281+0800][7024.694s] GC(15) Survivor regions: 1->1(33)
[2023-02-12T22:36:30.281+0800][7024.694s] GC(15) Old regions: 116->116
[2023-02-12T22:36:30.281+0800][7024.694s] GC(15) Archive regions: 0->0
[2023-02-12T22:36:30.281+0800][7024.694s] GC(15) Humongous regions: 42->42
[2023-02-12T22:36:30.281+0800][7024.694s] GC(15) Metaspace: 54352K(54912K)->54352K(54912K) NonClass: 48117K(48384K)->48117K(48384K) Class: 6235K(6528K)->6235K(6528K)
[2023-02-12T22:36:30.281+0800][7024.694s] GC(15) Pause Young (Normal) (G1 Evacuation Pause) 419M->157M(512M) 1.649ms
[2023-02-12T22:36:30.281+0800][7024.695s] GC(15) User=0.00s Sys=0.00s Real=0.00s
[2023-02-12T22:36:30.721+0800][7025.134s] GC(16) Pause Young (Normal) (G1 Evacuation Pause)
[2023-02-12T22:36:30.721+0800][7025.134s] GC(16) Using 8 workers of 8 for evacuation
[2023-02-12T22:36:30.723+0800][7025.136s] GC(16)   Pre Evacuate Collection Set: 0.2ms
[2023-02-12T22:36:30.723+0800][7025.136s] GC(16)   Merge Heap Roots: 0.2ms
[2023-02-12T22:36:30.723+0800][7025.136s] GC(16)   Evacuate Collection Set: 0.5ms
[2023-02-12T22:36:30.723+0800][7025.136s] GC(16)   Post Evacuate Collection Set: 0.7ms
[2023-02-12T22:36:30.723+0800][7025.136s] GC(16)   Other: 0.1ms
[2023-02-12T22:36:30.723+0800][7025.136s] GC(16) Eden regions: 269->0(275)
[2023-02-12T22:36:30.723+0800][7025.136s] GC(16) Survivor regions: 1->1(34)
[2023-02-12T22:36:30.723+0800][7025.136s] GC(16) Old regions: 116->116
[2023-02-12T22:36:30.723+0800][7025.136s] GC(16) Archive regions: 0->0
[2023-02-12T22:36:30.723+0800][7025.136s] GC(16) Humongous regions: 42->42
[2023-02-12T22:36:30.723+0800][7025.136s] GC(16) Metaspace: 54354K(54912K)->54354K(54912K) NonClass: 48119K(48384K)->48119K(48384K) Class: 6235K(6528K)->6235K(6528K)
[2023-02-12T22:36:30.723+0800][7025.136s] GC(16) Pause Young (Normal) (G1 Evacuation Pause) 426M->157M(512M) 1.764ms
[2023-02-12T22:36:30.723+0800][7025.136s] GC(16) User=0.09s Sys=0.00s Real=0.00s
[2023-02-12T22:36:31.610+0800][7026.023s] GC(17) Pause Young (Concurrent Start) (G1 Humongous Allocation)
[2023-02-12T22:36:31.610+0800][7026.023s] GC(17) Using 8 workers of 8 for evacuation
[2023-02-12T22:36:31.620+0800][7026.033s] GC(17) To-space exhausted
[2023-02-12T22:36:31.620+0800][7026.033s] GC(17)   Pre Evacuate Collection Set: 0.1ms
[2023-02-12T22:36:31.620+0800][7026.033s] GC(17)   Merge Heap Roots: 0.1ms
[2023-02-12T22:36:31.620+0800][7026.033s] GC(17)   Evacuate Collection Set: 2.6ms
[2023-02-12T22:36:31.620+0800][7026.033s] GC(17)   Post Evacuate Collection Set: 6.1ms
[2023-02-12T22:36:31.620+0800][7026.033s] GC(17)   Other: 0.5ms
[2023-02-12T22:36:31.620+0800][7026.033s] GC(17) Eden regions: 268->0(143)
[2023-02-12T22:36:31.620+0800][7026.033s] GC(17) Survivor regions: 1->12(12)
[2023-02-12T22:36:31.620+0800][7026.033s] GC(17) Old regions: 116->220
[2023-02-12T22:36:31.620+0800][7026.033s] GC(17) Archive regions: 0->0
[2023-02-12T22:36:31.620+0800][7026.033s] GC(17) Humongous regions: 115->67
[2023-02-12T22:36:31.620+0800][7026.033s] GC(17) Metaspace: 54356K(54912K)->54356K(54912K) NonClass: 48121K(48384K)->48121K(48384K) Class: 6235K(6528K)->6235K(6528K)
[2023-02-12T22:36:31.620+0800][7026.033s] GC(17) Pause Young (Concurrent Start) (G1 Humongous Allocation) 498M->299M(512M) 9.519ms
[2023-02-12T22:36:31.620+0800][7026.033s] GC(17) User=0.00s Sys=0.02s Real=0.01s
[2023-02-12T22:36:31.620+0800][7026.033s] GC(18) Concurrent Mark Cycle
[2023-02-12T22:36:31.620+0800][7026.033s] GC(18) Concurrent Clear Claimed Marks
[2023-02-12T22:36:31.620+0800][7026.033s] GC(18) Concurrent Clear Claimed Marks 0.079ms
[2023-02-12T22:36:31.620+0800][7026.033s] GC(18) Concurrent Scan Root Regions
[2023-02-12T22:36:31.621+0800][7026.034s] GC(18) Concurrent Scan Root Regions 1.132ms
[2023-02-12T22:36:31.621+0800][7026.034s] GC(18) Concurrent Mark
[2023-02-12T22:36:31.621+0800][7026.034s] GC(18) Concurrent Mark From Roots
[2023-02-12T22:36:31.621+0800][7026.034s] GC(18) Using 2 workers of 2 for marking
[2023-02-12T22:36:31.653+0800][7026.066s] GC(18) Concurrent Mark From Roots 31.633ms
[2023-02-12T22:36:31.653+0800][7026.066s] GC(18) Concurrent Preclean
[2023-02-12T22:36:31.654+0800][7026.067s] GC(18) Concurrent Preclean 0.444ms
[2023-02-12T22:36:31.654+0800][7026.067s] GC(18) Pause Remark
[2023-02-12T22:36:31.678+0800][7026.091s] GC(18) Pause Remark 313M->313M(512M) 24.405ms
[2023-02-12T22:36:31.678+0800][7026.091s] GC(18) User=0.09s Sys=0.08s Real=0.02s
[2023-02-12T22:36:31.679+0800][7026.091s] GC(18) Concurrent Mark 56.929ms
[2023-02-12T22:36:31.679+0800][7026.091s] GC(18) Concurrent Rebuild Remembered Sets
[2023-02-12T22:36:31.693+0800][7026.106s] GC(18) Concurrent Rebuild Remembered Sets 14.915ms
[2023-02-12T22:36:31.693+0800][7026.107s] GC(18) Pause Cleanup
[2023-02-12T22:36:31.693+0800][7026.107s] GC(18) Pause Cleanup 316M->316M(512M) 0.168ms
[2023-02-12T22:36:31.693+0800][7026.107s] GC(18) User=0.00s Sys=0.00s Real=0.00s
[2023-02-12T22:36:31.693+0800][7026.107s] GC(18) Concurrent Cleanup for Next Mark
[2023-02-12T22:36:31.695+0800][7026.108s] GC(18) Concurrent Cleanup for Next Mark 1.593ms
[2023-02-12T22:36:31.695+0800][7026.108s] GC(18) Concurrent Mark Cycle 75.337ms
[2023-02-12T22:36:32.327+0800][7026.741s] GC(19) Pause Young (Prepare Mixed) (G1 Evacuation Pause)
[2023-02-12T22:36:32.328+0800][7026.741s] GC(19) Using 8 workers of 8 for evacuation
[2023-02-12T22:36:32.336+0800][7026.749s] GC(19) To-space exhausted
[2023-02-12T22:36:32.336+0800][7026.749s] GC(19)   Pre Evacuate Collection Set: 0.1ms
[2023-02-12T22:36:32.336+0800][7026.749s] GC(19)   Merge Heap Roots: 0.2ms
[2023-02-12T22:36:32.336+0800][7026.749s] GC(19)   Evacuate Collection Set: 4.3ms
[2023-02-12T22:36:32.336+0800][7026.749s] GC(19)   Post Evacuate Collection Set: 3.4ms
[2023-02-12T22:36:32.336+0800][7026.749s] GC(19)   Other: 0.2ms
[2023-02-12T22:36:32.336+0800][7026.749s] GC(19) Eden regions: 143->0(16)
[2023-02-12T22:36:32.336+0800][7026.749s] GC(19) Survivor regions: 12->9(20)
[2023-02-12T22:36:32.336+0800][7026.749s] GC(19) Old regions: 220->281
[2023-02-12T22:36:32.336+0800][7026.749s] GC(19) Archive regions: 0->0
[2023-02-12T22:36:32.336+0800][7026.749s] GC(19) Humongous regions: 117->61
[2023-02-12T22:36:32.336+0800][7026.749s] GC(19) Metaspace: 54016K(54912K)->54016K(54912K) NonClass: 47858K(48384K)->47858K(48384K) Class: 6158K(6528K)->6158K(6528K)
[2023-02-12T22:36:32.336+0800][7026.749s] GC(19) Pause Young (Prepare Mixed) (G1 Evacuation Pause) 492M->351M(512M) 8.331ms
[2023-02-12T22:36:32.336+0800][7026.749s] GC(19) User=0.12s Sys=0.00s Real=0.01s
[2023-02-12T22:36:32.655+0800][7027.068s] GC(20) Pause Young (Mixed) (G1 Evacuation Pause)
[2023-02-12T22:36:32.655+0800][7027.068s] GC(20) Using 8 workers of 8 for evacuation
[2023-02-12T22:36:32.658+0800][7027.072s] GC(20)   Pre Evacuate Collection Set: 0.1ms
[2023-02-12T22:36:32.658+0800][7027.072s] GC(20)   Merge Heap Roots: 0.1ms
[2023-02-12T22:36:32.658+0800][7027.072s] GC(20)   Evacuate Collection Set: 2.9ms
[2023-02-12T22:36:32.658+0800][7027.072s] GC(20)   Post Evacuate Collection Set: 0.4ms
[2023-02-12T22:36:32.658+0800][7027.072s] GC(20)   Other: 0.2ms
[2023-02-12T22:36:32.658+0800][7027.072s] GC(20) Eden regions: 16->0(23)
[2023-02-12T22:36:32.658+0800][7027.072s] GC(20) Survivor regions: 9->2(4)
[2023-02-12T22:36:32.658+0800][7027.072s] GC(20) Old regions: 281->239
[2023-02-12T22:36:32.659+0800][7027.072s] GC(20) Archive regions: 0->0
[2023-02-12T22:36:32.659+0800][7027.072s] GC(20) Humongous regions: 61->61
[2023-02-12T22:36:32.659+0800][7027.072s] GC(20) Metaspace: 54024K(54912K)->54024K(54912K) NonClass: 47864K(48384K)->47864K(48384K) Class: 6160K(6528K)->6160K(6528K)
[2023-02-12T22:36:32.659+0800][7027.072s] GC(20) Pause Young (Mixed) (G1 Evacuation Pause) 367M->301M(512M) 3.969ms
[2023-02-12T22:36:32.659+0800][7027.072s] GC(20) User=0.00s Sys=0.00s Real=0.00s
[2023-02-12T22:36:32.782+0800][7027.195s] GC(21) Pause Young (Mixed) (G1 Evacuation Pause)
[2023-02-12T22:36:32.782+0800][7027.195s] GC(21) Using 8 workers of 8 for evacuation
[2023-02-12T22:36:32.784+0800][7027.197s] GC(21)   Pre Evacuate Collection Set: 0.1ms
[2023-02-12T22:36:32.784+0800][7027.197s] GC(21)   Merge Heap Roots: 0.1ms
[2023-02-12T22:36:32.784+0800][7027.197s] GC(21)   Evacuate Collection Set: 1.2ms
[2023-02-12T22:36:32.784+0800][7027.197s] GC(21)   Post Evacuate Collection Set: 0.5ms
[2023-02-12T22:36:32.784+0800][7027.197s] GC(21)   Other: 0.2ms
[2023-02-12T22:36:32.784+0800][7027.197s] GC(21) Eden regions: 23->0(181)
[2023-02-12T22:36:32.784+0800][7027.197s] GC(21) Survivor regions: 2->3(4)
[2023-02-12T22:36:32.784+0800][7027.197s] GC(21) Old regions: 239->190
[2023-02-12T22:36:32.784+0800][7027.197s] GC(21) Archive regions: 0->0
[2023-02-12T22:36:32.784+0800][7027.197s] GC(21) Humongous regions: 61->61
[2023-02-12T22:36:32.784+0800][7027.197s] GC(21) Metaspace: 54024K(54912K)->54024K(54912K) NonClass: 47864K(48384K)->47864K(48384K) Class: 6160K(6528K)->6160K(6528K)
[2023-02-12T22:36:32.784+0800][7027.197s] GC(21) Pause Young (Mixed) (G1 Evacuation Pause) 324M->252M(512M) 2.027ms
[2023-02-12T22:36:32.784+0800][7027.197s] GC(21) User=0.00s Sys=0.00s Real=0.00s
[2023-02-12T22:36:32.952+0800][7027.365s] GC(22) Pause Young (Concurrent Start) (G1 Evacuation Pause)
[2023-02-12T22:36:32.952+0800][7027.366s] GC(22) Using 8 workers of 8 for evacuation
[2023-02-12T22:36:32.954+0800][7027.367s] GC(22)   Pre Evacuate Collection Set: 0.1ms
[2023-02-12T22:36:32.954+0800][7027.367s] GC(22)   Merge Heap Roots: 0.0ms
[2023-02-12T22:36:32.954+0800][7027.367s] GC(22)   Evacuate Collection Set: 0.8ms
[2023-02-12T22:36:32.954+0800][7027.367s] GC(22)   Post Evacuate Collection Set: 0.4ms
[2023-02-12T22:36:32.954+0800][7027.367s] GC(22)   Other: 0.2ms
[2023-02-12T22:36:32.954+0800][7027.367s] GC(22) Eden regions: 181->0(186)
[2023-02-12T22:36:32.954+0800][7027.367s] GC(22) Survivor regions: 3->3(23)
[2023-02-12T22:36:32.954+0800][7027.367s] GC(22) Old regions: 190->190
[2023-02-12T22:36:32.954+0800][7027.367s] GC(22) Archive regions: 0->0
[2023-02-12T22:36:32.954+0800][7027.367s] GC(22) Humongous regions: 61->61
[2023-02-12T22:36:32.954+0800][7027.367s] GC(22) Metaspace: 54024K(54912K)->54024K(54912K) NonClass: 47864K(48384K)->47864K(48384K) Class: 6160K(6528K)->6160K(6528K)
[2023-02-12T22:36:32.954+0800][7027.367s] GC(22) Pause Young (Concurrent Start) (G1 Evacuation Pause) 433M->252M(512M) 1.659ms
[2023-02-12T22:36:32.954+0800][7027.367s] GC(22) User=0.00s Sys=0.00s Real=0.00s
[2023-02-12T22:36:32.954+0800][7027.367s] GC(23) Concurrent Mark Cycle
[2023-02-12T22:36:32.954+0800][7027.367s] GC(23) Concurrent Clear Claimed Marks
[2023-02-12T22:36:32.954+0800][7027.367s] GC(23) Concurrent Clear Claimed Marks 0.015ms
[2023-02-12T22:36:32.954+0800][7027.367s] GC(23) Concurrent Scan Root Regions
[2023-02-12T22:36:32.954+0800][7027.368s] GC(23) Concurrent Scan Root Regions 0.322ms
[2023-02-12T22:36:32.954+0800][7027.368s] GC(23) Concurrent Mark
[2023-02-12T22:36:32.954+0800][7027.368s] GC(23) Concurrent Mark From Roots
[2023-02-12T22:36:32.955+0800][7027.368s] GC(23) Using 2 workers of 2 for marking
[2023-02-12T22:36:32.982+0800][7027.395s] GC(23) Concurrent Mark From Roots 27.510ms
[2023-02-12T22:36:32.982+0800][7027.395s] GC(23) Concurrent Preclean
[2023-02-12T22:36:32.982+0800][7027.395s] GC(23) Concurrent Preclean 0.159ms
[2023-02-12T22:36:32.982+0800][7027.395s] GC(23) Pause Remark
[2023-02-12T22:36:32.985+0800][7027.398s] GC(23) Pause Remark 270M->212M(512M) 2.280ms
[2023-02-12T22:36:32.985+0800][7027.398s] GC(23) User=0.00s Sys=0.00s Real=0.00s
[2023-02-12T22:36:32.985+0800][7027.398s] GC(23) Concurrent Mark 30.265ms
[2023-02-12T22:36:32.985+0800][7027.398s] GC(23) Concurrent Rebuild Remembered Sets
[2023-02-12T22:36:32.999+0800][7027.412s] GC(23) Concurrent Rebuild Remembered Sets 14.469ms
[2023-02-12T22:36:33.000+0800][7027.412s] GC(23) Pause Cleanup
[2023-02-12T22:36:33.000+0800][7027.413s] GC(23) Pause Cleanup 222M->222M(512M) 0.136ms
[2023-02-12T22:36:33.000+0800][7027.413s] GC(23) User=0.00s Sys=0.00s Real=0.00s
[2023-02-12T22:36:33.000+0800][7027.413s] GC(23) Concurrent Cleanup for Next Mark
[2023-02-12T22:36:33.001+0800][7027.414s] GC(23) Concurrent Cleanup for Next Mark 0.986ms
[2023-02-12T22:36:33.001+0800][7027.414s] GC(23) Concurrent Mark Cycle 46.553ms
[2023-02-12T22:36:33.153+0800][7027.566s] GC(24) Pause Young (Prepare Mixed) (G1 Evacuation Pause)
[2023-02-12T22:36:33.153+0800][7027.566s] GC(24) Using 8 workers of 8 for evacuation
[2023-02-12T22:36:33.154+0800][7027.568s] GC(24)   Pre Evacuate Collection Set: 0.1ms
[2023-02-12T22:36:33.154+0800][7027.568s] GC(24)   Merge Heap Roots: 0.1ms
[2023-02-12T22:36:33.154+0800][7027.568s] GC(24)   Evacuate Collection Set: 0.7ms
[2023-02-12T22:36:33.154+0800][7027.568s] GC(24)   Post Evacuate Collection Set: 0.5ms
[2023-02-12T22:36:33.154+0800][7027.568s] GC(24)   Other: 0.1ms
[2023-02-12T22:36:33.154+0800][7027.568s] GC(24) Eden regions: 186->0(22)
[2023-02-12T22:36:33.154+0800][7027.568s] GC(24) Survivor regions: 3->3(24)
[2023-02-12T22:36:33.154+0800][7027.568s] GC(24) Old regions: 170->170
[2023-02-12T22:36:33.154+0800][7027.568s] GC(24) Archive regions: 0->0
[2023-02-12T22:36:33.154+0800][7027.568s] GC(24) Humongous regions: 23->23
[2023-02-12T22:36:33.154+0800][7027.568s] GC(24) Metaspace: 54024K(54912K)->54024K(54912K) NonClass: 47864K(48384K)->47864K(48384K) Class: 6160K(6528K)->6160K(6528K)
[2023-02-12T22:36:33.154+0800][7027.568s] GC(24) Pause Young (Prepare Mixed) (G1 Evacuation Pause) 380M->194M(512M) 1.563ms
[2023-02-12T22:36:33.154+0800][7027.568s] GC(24) User=0.00s Sys=0.00s Real=0.00s
[2023-02-12T22:36:33.176+0800][7027.590s] GC(25) Pause Young (Mixed) (G1 Evacuation Pause)
[2023-02-12T22:36:33.177+0800][7027.590s] GC(25) Using 8 workers of 8 for evacuation
[2023-02-12T22:36:33.178+0800][7027.591s] GC(25)   Pre Evacuate Collection Set: 0.1ms
[2023-02-12T22:36:33.178+0800][7027.592s] GC(25)   Merge Heap Roots: 0.1ms
[2023-02-12T22:36:33.178+0800][7027.592s] GC(25)   Evacuate Collection Set: 0.8ms
[2023-02-12T22:36:33.178+0800][7027.592s] GC(25)   Post Evacuate Collection Set: 0.5ms
[2023-02-12T22:36:33.178+0800][7027.592s] GC(25)   Other: 0.2ms
[2023-02-12T22:36:33.178+0800][7027.592s] GC(25) Eden regions: 22->0(24)
[2023-02-12T22:36:33.178+0800][7027.592s] GC(25) Survivor regions: 3->1(4)
[2023-02-12T22:36:33.178+0800][7027.592s] GC(25) Old regions: 170->121
[2023-02-12T22:36:33.178+0800][7027.592s] GC(25) Archive regions: 0->0
[2023-02-12T22:36:33.178+0800][7027.592s] GC(25) Humongous regions: 23->23
[2023-02-12T22:36:33.178+0800][7027.592s] GC(25) Metaspace: 54024K(54912K)->54024K(54912K) NonClass: 47864K(48384K)->47864K(48384K) Class: 6160K(6528K)->6160K(6528K)
[2023-02-12T22:36:33.178+0800][7027.592s] GC(25) Pause Young (Mixed) (G1 Evacuation Pause) 216M->144M(512M) 1.803ms
[2023-02-12T22:36:33.178+0800][7027.592s] GC(25) User=0.00s Sys=0.00s Real=0.00s
[2023-02-12T22:36:33.202+0800][7027.616s] GC(26) Pause Young (Mixed) (G1 Evacuation Pause)
[2023-02-12T22:36:33.202+0800][7027.616s] GC(26) Using 8 workers of 8 for evacuation
[2023-02-12T22:36:33.205+0800][7027.618s] GC(26)   Pre Evacuate Collection Set: 0.2ms
[2023-02-12T22:36:33.205+0800][7027.618s] GC(26)   Merge Heap Roots: 0.1ms
[2023-02-12T22:36:33.205+0800][7027.618s] GC(26)   Evacuate Collection Set: 1.6ms
[2023-02-12T22:36:33.205+0800][7027.618s] GC(26)   Post Evacuate Collection Set: 0.6ms
[2023-02-12T22:36:33.205+0800][7027.618s] GC(26)   Other: 0.1ms
[2023-02-12T22:36:33.205+0800][7027.618s] GC(26) Eden regions: 24->0(306)
[2023-02-12T22:36:33.205+0800][7027.618s] GC(26) Survivor regions: 1->1(4)
[2023-02-12T22:36:33.205+0800][7027.618s] GC(26) Old regions: 121->75
[2023-02-12T22:36:33.205+0800][7027.618s] GC(26) Archive regions: 0->0
[2023-02-12T22:36:33.205+0800][7027.618s] GC(26) Humongous regions: 23->23
[2023-02-12T22:36:33.205+0800][7027.618s] GC(26) Metaspace: 54024K(54912K)->54024K(54912K) NonClass: 47864K(48384K)->47864K(48384K) Class: 6160K(6528K)->6160K(6528K)
[2023-02-12T22:36:33.205+0800][7027.618s] GC(26) Pause Young (Mixed) (G1 Evacuation Pause) 168M->98M(512M) 2.827ms
[2023-02-12T22:36:33.205+0800][7027.618s] GC(26) User=0.00s Sys=0.00s Real=0.00s
[2023-02-12T22:36:35.038+0800][7029.451s] GC(27) Pause Young (Normal) (G1 Evacuation Pause)
[2023-02-12T22:36:35.038+0800][7029.451s] GC(27) Using 8 workers of 8 for evacuation
[2023-02-12T22:36:35.040+0800][7029.453s] GC(27)   Pre Evacuate Collection Set: 0.1ms
[2023-02-12T22:36:35.040+0800][7029.453s] GC(27)   Merge Heap Roots: 0.1ms
[2023-02-12T22:36:35.040+0800][7029.453s] GC(27)   Evacuate Collection Set: 1.1ms
[2023-02-12T22:36:35.040+0800][7029.453s] GC(27)   Post Evacuate Collection Set: 0.7ms
[2023-02-12T22:36:35.040+0800][7029.453s] GC(27)   Other: 0.1ms
[2023-02-12T22:36:35.040+0800][7029.453s] GC(27) Eden regions: 306->0(300)
[2023-02-12T22:36:35.040+0800][7029.453s] GC(27) Survivor regions: 1->7(39)
[2023-02-12T22:36:35.040+0800][7029.453s] GC(27) Old regions: 75->75
[2023-02-12T22:36:35.040+0800][7029.453s] GC(27) Archive regions: 0->0
[2023-02-12T22:36:35.040+0800][7029.453s] GC(27) Humongous regions: 25->25
[2023-02-12T22:36:35.040+0800][7029.453s] GC(27) Metaspace: 54037K(54912K)->54037K(54912K) NonClass: 47873K(48384K)->47873K(48384K) Class: 6163K(6528K)->6163K(6528K)
[2023-02-12T22:36:35.040+0800][7029.453s] GC(27) Pause Young (Normal) (G1 Evacuation Pause) 406M->106M(512M) 2.233ms
[2023-02-12T22:36:35.040+0800][7029.453s] GC(27) User=0.00s Sys=0.00s Real=0.00s
[2023-02-12T22:36:42.835+0800][7037.248s] GC(28) Pause Young (Normal) (G1 Evacuation Pause)
[2023-02-12T22:36:42.835+0800][7037.249s] GC(28) Using 8 workers of 8 for evacuation
[2023-02-12T22:36:42.839+0800][7037.253s] GC(28)   Pre Evacuate Collection Set: 0.1ms
[2023-02-12T22:36:42.839+0800][7037.253s] GC(28)   Merge Heap Roots: 0.1ms
[2023-02-12T22:36:42.839+0800][7037.253s] GC(28)   Evacuate Collection Set: 3.3ms
[2023-02-12T22:36:42.839+0800][7037.253s] GC(28)   Post Evacuate Collection Set: 0.6ms
[2023-02-12T22:36:42.839+0800][7037.253s] GC(28)   Other: 0.2ms
[2023-02-12T22:36:42.839+0800][7037.253s] GC(28) Eden regions: 300->0(296)
[2023-02-12T22:36:42.839+0800][7037.253s] GC(28) Survivor regions: 7->11(39)
[2023-02-12T22:36:42.839+0800][7037.253s] GC(28) Old regions: 75->75
[2023-02-12T22:36:42.839+0800][7037.253s] GC(28) Archive regions: 0->0
[2023-02-12T22:36:42.839+0800][7037.253s] GC(28) Humongous regions: 27->25
[2023-02-12T22:36:42.839+0800][7037.253s] GC(28) Metaspace: 54135K(54976K)->54135K(54976K) NonClass: 47969K(48448K)->47969K(48448K) Class: 6166K(6528K)->6166K(6528K)
[2023-02-12T22:36:42.839+0800][7037.253s] GC(28) Pause Young (Normal) (G1 Evacuation Pause) 408M->110M(512M) 4.405ms
[2023-02-12T22:36:42.839+0800][7037.253s] GC(28) User=0.00s Sys=0.00s Real=0.00s
[2023-02-12T22:41:27.654+0800][7322.068s] GC(29) Pause Young (Normal) (G1 Evacuation Pause)
[2023-02-12T22:41:27.654+0800][7322.068s] GC(29) Using 8 workers of 8 for evacuation
[2023-02-12T22:41:27.659+0800][7322.072s] GC(29)   Pre Evacuate Collection Set: 0.1ms
[2023-02-12T22:41:27.659+0800][7322.072s] GC(29)   Merge Heap Roots: 0.1ms
[2023-02-12T22:41:27.659+0800][7322.072s] GC(29)   Evacuate Collection Set: 3.3ms
[2023-02-12T22:41:27.659+0800][7322.072s] GC(29)   Post Evacuate Collection Set: 0.7ms
[2023-02-12T22:41:27.659+0800][7322.072s] GC(29)   Other: 0.2ms
[2023-02-12T22:41:27.659+0800][7322.072s] GC(29) Eden regions: 296->0(301)
[2023-02-12T22:41:27.659+0800][7322.072s] GC(29) Survivor regions: 11->6(39)
[2023-02-12T22:41:27.659+0800][7322.072s] GC(29) Old regions: 75->75
[2023-02-12T22:41:27.659+0800][7322.072s] GC(29) Archive regions: 0->0
[2023-02-12T22:41:27.659+0800][7322.072s] GC(29) Humongous regions: 27->23
[2023-02-12T22:41:27.659+0800][7322.073s] GC(29) Metaspace: 54390K(55040K)->54390K(55040K) NonClass: 48214K(48512K)->48214K(48512K) Class: 6176K(6528K)->6176K(6528K)
[2023-02-12T22:41:27.659+0800][7322.073s] GC(29) Pause Young (Normal) (G1 Evacuation Pause) 408M->103M(512M) 4.668ms
[2023-02-12T22:41:27.659+0800][7322.073s] GC(29) User=0.00s Sys=0.00s Real=0.00s
[2023-02-12T22:56:22.122+0800][8216.536s] GC(30) Pause Young (Normal) (G1 Evacuation Pause)
[2023-02-12T22:56:22.122+0800][8216.536s] GC(30) Using 8 workers of 8 for evacuation
[2023-02-12T22:56:22.127+0800][8216.540s] GC(30)   Pre Evacuate Collection Set: 0.1ms
[2023-02-12T22:56:22.127+0800][8216.540s] GC(30)   Merge Heap Roots: 0.1ms
[2023-02-12T22:56:22.127+0800][8216.540s] GC(30)   Evacuate Collection Set: 3.7ms
[2023-02-12T22:56:22.127+0800][8216.540s] GC(30)   Post Evacuate Collection Set: 0.7ms
[2023-02-12T22:56:22.127+0800][8216.540s] GC(30)   Other: 0.2ms
[2023-02-12T22:56:22.127+0800][8216.540s] GC(30) Eden regions: 301->0(298)
[2023-02-12T22:56:22.127+0800][8216.540s] GC(30) Survivor regions: 6->9(39)
[2023-02-12T22:56:22.127+0800][8216.540s] GC(30) Old regions: 75->75
[2023-02-12T22:56:22.127+0800][8216.540s] GC(30) Archive regions: 0->0
[2023-02-12T22:56:22.127+0800][8216.540s] GC(30) Humongous regions: 25->23
[2023-02-12T22:56:22.127+0800][8216.540s] GC(30) Metaspace: 54566K(55104K)->54566K(55104K) NonClass: 48370K(48576K)->48370K(48576K) Class: 6195K(6528K)->6195K(6528K)
[2023-02-12T22:56:22.127+0800][8216.540s] GC(30) Pause Young (Normal) (G1 Evacuation Pause) 406M->106M(512M) 4.872ms
[2023-02-12T22:56:22.127+0800][8216.540s] GC(30) User=0.00s Sys=0.00s Real=0.01s
[2023-02-12T22:58:32.295+0800][8346.708s] GC(31) Pause Young (Normal) (G1 Evacuation Pause)
[2023-02-12T22:58:32.295+0800][8346.708s] GC(31) Using 8 workers of 8 for evacuation
[2023-02-12T22:58:32.303+0800][8346.716s] GC(31)   Pre Evacuate Collection Set: 0.1ms
[2023-02-12T22:58:32.303+0800][8346.716s] GC(31)   Merge Heap Roots: 0.1ms
[2023-02-12T22:58:32.303+0800][8346.716s] GC(31)   Evacuate Collection Set: 7.0ms
[2023-02-12T22:58:32.303+0800][8346.716s] GC(31)   Post Evacuate Collection Set: 0.7ms
[2023-02-12T22:58:32.303+0800][8346.716s] GC(31)   Other: 0.1ms
[2023-02-12T22:58:32.303+0800][8346.716s] GC(31) Eden regions: 298->0(282)
[2023-02-12T22:58:32.303+0800][8346.716s] GC(31) Survivor regions: 9->25(39)
[2023-02-12T22:58:32.303+0800][8346.716s] GC(31) Old regions: 75->75
[2023-02-12T22:58:32.303+0800][8346.716s] GC(31) Archive regions: 0->0
[2023-02-12T22:58:32.303+0800][8346.716s] GC(31) Humongous regions: 23->23
[2023-02-12T22:58:32.303+0800][8346.716s] GC(31) Metaspace: 54701K(55296K)->54701K(55296K) NonClass: 48488K(48768K)->48488K(48768K) Class: 6212K(6528K)->6212K(6528K)
[2023-02-12T22:58:32.303+0800][8346.716s] GC(31) Pause Young (Normal) (G1 Evacuation Pause) 404M->122M(512M) 8.088ms
[2023-02-12T22:58:32.303+0800][8346.716s] GC(31) User=0.12s Sys=0.00s Real=0.01s
[2023-02-12T22:58:33.478+0800][8347.892s] GC(32) Pause Young (Normal) (G1 Evacuation Pause)
[2023-02-12T22:58:33.478+0800][8347.892s] GC(32) Using 8 workers of 8 for evacuation
[2023-02-12T22:58:33.489+0800][8347.902s] GC(32)   Pre Evacuate Collection Set: 0.1ms
[2023-02-12T22:58:33.489+0800][8347.902s] GC(32)   Merge Heap Roots: 0.1ms
[2023-02-12T22:58:33.489+0800][8347.902s] GC(32)   Evacuate Collection Set: 9.4ms
[2023-02-12T22:58:33.489+0800][8347.902s] GC(32)   Post Evacuate Collection Set: 0.7ms
[2023-02-12T22:58:33.489+0800][8347.902s] GC(32)   Other: 0.1ms
[2023-02-12T22:58:33.489+0800][8347.902s] GC(32) Eden regions: 282->0(277)
[2023-02-12T22:58:33.489+0800][8347.902s] GC(32) Survivor regions: 25->30(39)
[2023-02-12T22:58:33.489+0800][8347.902s] GC(32) Old regions: 75->81
[2023-02-12T22:58:33.489+0800][8347.902s] GC(32) Archive regions: 0->0
[2023-02-12T22:58:33.489+0800][8347.902s] GC(32) Humongous regions: 24->24
[2023-02-12T22:58:33.489+0800][8347.902s] GC(32) Metaspace: 54710K(55296K)->54710K(55296K) NonClass: 48496K(48768K)->48496K(48768K) Class: 6213K(6528K)->6213K(6528K)
[2023-02-12T22:58:33.489+0800][8347.902s] GC(32) Pause Young (Normal) (G1 Evacuation Pause) 405M->134M(512M) 10.620ms
[2023-02-12T22:58:33.489+0800][8347.902s] GC(32) User=0.09s Sys=0.00s Real=0.01s
[2023-02-12T22:59:12.068+0800][8386.481s] GC(33) Pause Young (Normal) (G1 Evacuation Pause)
[2023-02-12T22:59:12.068+0800][8386.481s] GC(33) Using 8 workers of 8 for evacuation
[2023-02-12T22:59:12.074+0800][8386.487s] GC(33)   Pre Evacuate Collection Set: 0.1ms
[2023-02-12T22:59:12.074+0800][8386.487s] GC(33)   Merge Heap Roots: 0.1ms
[2023-02-12T22:59:12.074+0800][8386.487s] GC(33)   Evacuate Collection Set: 4.6ms
[2023-02-12T22:59:12.074+0800][8386.487s] GC(33)   Post Evacuate Collection Set: 1.1ms
[2023-02-12T22:59:12.074+0800][8386.487s] GC(33)   Other: 0.2ms
[2023-02-12T22:59:12.074+0800][8386.487s] GC(33) Eden regions: 277->0(296)
[2023-02-12T22:59:12.074+0800][8386.487s] GC(33) Survivor regions: 30->11(39)
[2023-02-12T22:59:12.074+0800][8386.487s] GC(33) Old regions: 81->85
[2023-02-12T22:59:12.074+0800][8386.487s] GC(33) Archive regions: 0->0
[2023-02-12T22:59:12.074+0800][8386.487s] GC(33) Humongous regions: 26->25
[2023-02-12T22:59:12.074+0800][8386.487s] GC(33) Metaspace: 54780K(55296K)->54780K(55296K) NonClass: 48564K(48768K)->48564K(48768K) Class: 6216K(6528K)->6216K(6528K)
[2023-02-12T22:59:12.074+0800][8386.487s] GC(33) Pause Young (Normal) (G1 Evacuation Pause) 413M->120M(512M) 6.353ms
[2023-02-12T22:59:12.074+0800][8386.487s] GC(33) User=0.00s Sys=0.00s Real=0.01s
[2023-02-12T23:42:31.488+0800][10985.901s] GC(34) Pause Young (Normal) (G1 Evacuation Pause)
[2023-02-12T23:42:31.488+0800][10985.901s] GC(34) Using 8 workers of 8 for evacuation
[2023-02-12T23:42:31.519+0800][10985.931s] GC(34)   Pre Evacuate Collection Set: 0.4ms
[2023-02-12T23:42:31.519+0800][10985.931s] GC(34)   Merge Heap Roots: 0.1ms
[2023-02-12T23:42:31.519+0800][10985.931s] GC(34)   Evacuate Collection Set: 28.7ms
[2023-02-12T23:42:31.519+0800][10985.931s] GC(34)   Post Evacuate Collection Set: 1.2ms
[2023-02-12T23:42:31.519+0800][10985.931s] GC(34)   Other: 0.4ms
[2023-02-12T23:42:31.519+0800][10985.931s] GC(34) Eden regions: 296->0(294)
[2023-02-12T23:42:31.519+0800][10985.931s] GC(34) Survivor regions: 11->13(39)
[2023-02-12T23:42:31.519+0800][10985.931s] GC(34) Old regions: 85->85
[2023-02-12T23:42:31.519+0800][10985.932s] GC(34) Archive regions: 0->0
[2023-02-12T23:42:31.519+0800][10985.932s] GC(34) Humongous regions: 25->23
[2023-02-12T23:42:31.519+0800][10985.932s] GC(34) Metaspace: 55212K(55808K)->55212K(55808K) NonClass: 48972K(49280K)->48972K(49280K) Class: 6240K(6528K)->6240K(6528K)
[2023-02-12T23:42:31.519+0800][10985.932s] GC(34) Pause Young (Normal) (G1 Evacuation Pause) 416M->120M(512M) 30.996ms
[2023-02-12T23:42:31.519+0800][10985.932s] GC(34) User=0.02s Sys=0.17s Real=0.03s
[2023-02-12T23:43:30.677+0800][11045.090s] GC(35) Pause Young (Normal) (G1 Evacuation Pause)
[2023-02-12T23:43:30.677+0800][11045.090s] GC(35) Using 8 workers of 8 for evacuation
[2023-02-12T23:43:30.683+0800][11045.096s] GC(35)   Pre Evacuate Collection Set: 0.1ms
[2023-02-12T23:43:30.683+0800][11045.096s] GC(35)   Merge Heap Roots: 0.1ms
[2023-02-12T23:43:30.683+0800][11045.096s] GC(35)   Evacuate Collection Set: 5.0ms
[2023-02-12T23:43:30.683+0800][11045.096s] GC(35)   Post Evacuate Collection Set: 1.2ms
[2023-02-12T23:43:30.683+0800][11045.096s] GC(35)   Other: 0.1ms
[2023-02-12T23:43:30.683+0800][11045.096s] GC(35) Eden regions: 294->0(294)
[2023-02-12T23:43:30.683+0800][11045.096s] GC(35) Survivor regions: 13->13(39)
[2023-02-12T23:43:30.683+0800][11045.096s] GC(35) Old regions: 85->85
[2023-02-12T23:43:30.683+0800][11045.096s] GC(35) Archive regions: 0->0
[2023-02-12T23:43:30.683+0800][11045.096s] GC(35) Humongous regions: 25->23
[2023-02-12T23:43:30.683+0800][11045.096s] GC(35) Metaspace: 55290K(55808K)->55290K(55808K) NonClass: 49048K(49280K)->49048K(49280K) Class: 6242K(6528K)->6242K(6528K)
[2023-02-12T23:43:30.683+0800][11045.096s] GC(35) Pause Young (Normal) (G1 Evacuation Pause) 416M->120M(512M) 6.678ms
[2023-02-12T23:43:30.683+0800][11045.096s] GC(35) User=0.00s Sys=0.00s Real=0.01s
[2023-02-12T23:43:31.723+0800][11046.137s] GC(36) Pause Young (Normal) (G1 Evacuation Pause)
[2023-02-12T23:43:31.723+0800][11046.137s] GC(36) Using 8 workers of 8 for evacuation
[2023-02-12T23:43:31.733+0800][11046.147s] GC(36)   Pre Evacuate Collection Set: 0.1ms
[2023-02-12T23:43:31.733+0800][11046.147s] GC(36)   Merge Heap Roots: 0.1ms
[2023-02-12T23:43:31.733+0800][11046.147s] GC(36)   Evacuate Collection Set: 8.6ms
[2023-02-12T23:43:31.733+0800][11046.147s] GC(36)   Post Evacuate Collection Set: 0.6ms
[2023-02-12T23:43:31.733+0800][11046.147s] GC(36)   Other: 0.3ms
[2023-02-12T23:43:31.733+0800][11046.147s] GC(36) Eden regions: 294->0(290)
[2023-02-12T23:43:31.733+0800][11046.147s] GC(36) Survivor regions: 13->17(39)
[2023-02-12T23:43:31.733+0800][11046.147s] GC(36) Old regions: 85->85
[2023-02-12T23:43:31.733+0800][11046.147s] GC(36) Archive regions: 0->0
[2023-02-12T23:43:31.733+0800][11046.147s] GC(36) Humongous regions: 25->23
[2023-02-12T23:43:31.733+0800][11046.147s] GC(36) Metaspace: 55341K(55872K)->55341K(55872K) NonClass: 49099K(49344K)->49099K(49344K) Class: 6242K(6528K)->6242K(6528K)
[2023-02-12T23:43:31.733+0800][11046.147s] GC(36) Pause Young (Normal) (G1 Evacuation Pause) 416M->124M(512M) 9.948ms
[2023-02-12T23:43:31.733+0800][11046.147s] GC(36) User=0.00s Sys=0.00s Real=0.01s
[2023-02-12T23:44:36.381+0800][11110.794s] Heap
[2023-02-12T23:44:36.381+0800][11110.794s]  garbage-first heap   total 524288K, used 348012K [0x00000000e0000000, 0x0000000100000000)
[2023-02-12T23:44:36.381+0800][11110.794s]   region size 1024K, 231 young (236544K), 17 survivors (17408K)
[2023-02-12T23:44:36.381+0800][11110.794s]  Metaspace       used 55514K, committed 56064K, reserved 1105920K
[2023-02-12T23:44:36.381+0800][11110.794s]   class space    used 6268K, committed 6528K, reserved 1048576K
