[2023-03-25T22:53:05.498+0800][0.025s] Using G1
[2023-03-25T22:53:05.615+0800][0.142s] Version: 16.0.1+9-24 (release)
[2023-03-25T22:53:05.615+0800][0.142s] CPUs: 8 total, 8 available
[2023-03-25T22:53:05.615+0800][0.142s] Memory: 16015M
[2023-03-25T22:53:05.615+0800][0.142s] Large Page Support: Disabled
[2023-03-25T22:53:05.615+0800][0.142s] NUMA Support: Disabled
[2023-03-25T22:53:05.615+0800][0.142s] Compressed Oops: Enabled (32-bit)
[2023-03-25T22:53:05.615+0800][0.142s] Heap Region Size: 1M
[2023-03-25T22:53:05.615+0800][0.142s] Heap Min Capacity: 512M
[2023-03-25T22:53:05.615+0800][0.142s] Heap Initial Capacity: 512M
[2023-03-25T22:53:05.615+0800][0.142s] Heap Max Capacity: 512M
[2023-03-25T22:53:05.615+0800][0.142s] Pre-touch: Enabled
[2023-03-25T22:53:05.616+0800][0.143s] Parallel Workers: 8
[2023-03-25T22:53:05.616+0800][0.143s] Concurrent Workers: 2
[2023-03-25T22:53:05.616+0800][0.143s] Concurrent Refinement Workers: 8
[2023-03-25T22:53:05.616+0800][0.143s] Periodic GC: Disabled
[2023-03-25T22:53:05.617+0800][0.144s] CDS archive(s) mapped at: [0x0000000800000000-0x0000000800bb0000-0x0000000800bb0000), size 12255232, SharedBaseAddress: 0x0000000800000000, ArchiveRelocationMode: 0.
[2023-03-25T22:53:05.617+0800][0.144s] Compressed class space mapped at: 0x0000000800c00000-0x0000000840c00000, reserved size: 1073741824
[2023-03-25T22:53:05.617+0800][0.144s] Narrow klass base: 0x0000000800000000, Narrow klass shift: 3, Narrow klass range: 0x100000000
[2023-03-25T22:53:07.869+0800][2.396s] GC(0) Pause Young (Normal) (G1 Evacuation Pause)
[2023-03-25T22:53:07.870+0800][2.397s] GC(0) Using 8 workers of 8 for evacuation
[2023-03-25T22:53:07.873+0800][2.400s] GC(0)   Pre Evacuate Collection Set: 0.1ms
[2023-03-25T22:53:07.873+0800][2.400s] GC(0)   Merge Heap Roots: 0.0ms
[2023-03-25T22:53:07.873+0800][2.400s] GC(0)   Evacuate Collection Set: 1.9ms
[2023-03-25T22:53:07.873+0800][2.400s] GC(0)   Post Evacuate Collection Set: 0.6ms
[2023-03-25T22:53:07.873+0800][2.400s] GC(0)   Other: 1.2ms
[2023-03-25T22:53:07.873+0800][2.400s] GC(0) Eden regions: 29->0(43)
[2023-03-25T22:53:07.873+0800][2.400s] GC(0) Survivor regions: 0->4(4)
[2023-03-25T22:53:07.873+0800][2.400s] GC(0) Old regions: 0->0
[2023-03-25T22:53:07.873+0800][2.400s] GC(0) Archive regions: 0->0
[2023-03-25T22:53:07.873+0800][2.400s] GC(0) Humongous regions: 0->0
[2023-03-25T22:53:07.873+0800][2.400s] GC(0) Metaspace: 4788K(4992K)->4788K(4992K) NonClass: 4307K(4416K)->4307K(4416K) Class: 480K(576K)->480K(576K)
[2023-03-25T22:53:07.873+0800][2.400s] GC(0) Pause Young (Normal) (G1 Evacuation Pause) 29M->3M(512M) 3.700ms
[2023-03-25T22:53:07.873+0800][2.400s] GC(0) User=0.00s Sys=0.00s Real=0.00s
[2023-03-25T22:53:08.636+0800][3.162s] GC(1) Pause Young (Normal) (G1 Evacuation Pause)
[2023-03-25T22:53:08.636+0800][3.162s] GC(1) Using 8 workers of 8 for evacuation
[2023-03-25T22:53:08.643+0800][3.169s] GC(1)   Pre Evacuate Collection Set: 0.1ms
[2023-03-25T22:53:08.643+0800][3.169s] GC(1)   Merge Heap Roots: 0.0ms
[2023-03-25T22:53:08.643+0800][3.169s] GC(1)   Evacuate Collection Set: 6.2ms
[2023-03-25T22:53:08.643+0800][3.169s] GC(1)   Post Evacuate Collection Set: 0.4ms
[2023-03-25T22:53:08.643+0800][3.169s] GC(1)   Other: 0.1ms
[2023-03-25T22:53:08.643+0800][3.169s] GC(1) Eden regions: 43->0(301)
[2023-03-25T22:53:08.643+0800][3.169s] GC(1) Survivor regions: 4->6(6)
[2023-03-25T22:53:08.643+0800][3.169s] GC(1) Old regions: 0->8
[2023-03-25T22:53:08.643+0800][3.169s] GC(1) Archive regions: 0->0
[2023-03-25T22:53:08.643+0800][3.169s] GC(1) Humongous regions: 4->4
[2023-03-25T22:53:08.643+0800][3.169s] GC(1) Metaspace: 14810K(15104K)->14810K(15104K) NonClass: 13107K(13248K)->13107K(13248K) Class: 1702K(1856K)->1702K(1856K)
[2023-03-25T22:53:08.643+0800][3.169s] GC(1) Pause Young (Normal) (G1 Evacuation Pause) 50M->17M(512M) 6.974ms
[2023-03-25T22:53:08.643+0800][3.169s] GC(1) User=0.00s Sys=0.00s Real=0.01s
[2023-03-25T22:53:10.050+0800][4.577s] GC(2) Pause Young (Normal) (G1 Evacuation Pause)
[2023-03-25T22:53:10.050+0800][4.577s] GC(2) Using 8 workers of 8 for evacuation
[2023-03-25T22:53:10.056+0800][4.583s] GC(2)   Pre Evacuate Collection Set: 0.0ms
[2023-03-25T22:53:10.056+0800][4.583s] GC(2)   Merge Heap Roots: 0.0ms
[2023-03-25T22:53:10.056+0800][4.583s] GC(2)   Evacuate Collection Set: 3.9ms
[2023-03-25T22:53:10.056+0800][4.583s] GC(2)   Post Evacuate Collection Set: 1.0ms
[2023-03-25T22:53:10.056+0800][4.583s] GC(2)   Other: 0.3ms
[2023-03-25T22:53:10.056+0800][4.583s] GC(2) Eden regions: 301->0(294)
[2023-03-25T22:53:10.056+0800][4.583s] GC(2) Survivor regions: 6->13(39)
[2023-03-25T22:53:10.056+0800][4.583s] GC(2) Old regions: 8->8
[2023-03-25T22:53:10.056+0800][4.583s] GC(2) Archive regions: 0->0
[2023-03-25T22:53:10.056+0800][4.583s] GC(2) Humongous regions: 5->4
[2023-03-25T22:53:10.056+0800][4.583s] GC(2) Metaspace: 20895K(21184K)->20895K(21184K) NonClass: 18453K(18624K)->18453K(18624K) Class: 2441K(2560K)->2441K(2560K)
[2023-03-25T22:53:10.056+0800][4.583s] GC(2) Pause Young (Normal) (G1 Evacuation Pause) 319M->24M(512M) 5.610ms
[2023-03-25T22:53:10.056+0800][4.583s] GC(2) User=0.12s Sys=0.00s Real=0.01s
[2023-03-25T22:53:10.104+0800][4.631s] GC(3) Pause Young (Concurrent Start) (Metadata GC Threshold)
[2023-03-25T22:53:10.104+0800][4.631s] GC(3) Using 8 workers of 8 for evacuation
[2023-03-25T22:53:10.109+0800][4.635s] GC(3)   Pre Evacuate Collection Set: 0.1ms
[2023-03-25T22:53:10.109+0800][4.635s] GC(3)   Merge Heap Roots: 0.1ms
[2023-03-25T22:53:10.109+0800][4.635s] GC(3)   Evacuate Collection Set: 3.7ms
[2023-03-25T22:53:10.109+0800][4.635s] GC(3)   Post Evacuate Collection Set: 0.7ms
[2023-03-25T22:53:10.109+0800][4.635s] GC(3)   Other: 0.2ms
[2023-03-25T22:53:10.109+0800][4.635s] GC(3) Eden regions: 6->0(294)
[2023-03-25T22:53:10.109+0800][4.635s] GC(3) Survivor regions: 13->13(39)
[2023-03-25T22:53:10.109+0800][4.635s] GC(3) Old regions: 8->8
[2023-03-25T22:53:10.109+0800][4.635s] GC(3) Archive regions: 0->0
[2023-03-25T22:53:10.109+0800][4.635s] GC(3) Humongous regions: 4->4
[2023-03-25T22:53:10.109+0800][4.635s] GC(3) Metaspace: 20997K(21248K)->20997K(21248K) NonClass: 18543K(18688K)->18543K(18688K) Class: 2454K(2560K)->2454K(2560K)
[2023-03-25T22:53:10.109+0800][4.635s] GC(3) Pause Young (Concurrent Start) (Metadata GC Threshold) 30M->24M(512M) 4.821ms
[2023-03-25T22:53:10.109+0800][4.635s] GC(3) User=0.00s Sys=0.00s Real=0.00s
[2023-03-25T22:53:10.109+0800][4.635s] GC(4) Concurrent Mark Cycle
[2023-03-25T22:53:10.109+0800][4.635s] GC(4) Concurrent Clear Claimed Marks
[2023-03-25T22:53:10.109+0800][4.635s] GC(4) Concurrent Clear Claimed Marks 0.015ms
[2023-03-25T22:53:10.109+0800][4.635s] GC(4) Concurrent Scan Root Regions
[2023-03-25T22:53:10.111+0800][4.638s] GC(4) Concurrent Scan Root Regions 2.093ms
[2023-03-25T22:53:10.111+0800][4.638s] GC(4) Concurrent Mark
[2023-03-25T22:53:10.111+0800][4.638s] GC(4) Concurrent Mark From Roots
[2023-03-25T22:53:10.111+0800][4.638s] GC(4) Using 2 workers of 2 for marking
[2023-03-25T22:53:10.117+0800][4.643s] GC(4) Concurrent Mark From Roots 5.680ms
[2023-03-25T22:53:10.117+0800][4.643s] GC(4) Concurrent Preclean
[2023-03-25T22:53:10.117+0800][4.643s] GC(4) Concurrent Preclean 0.056ms
[2023-03-25T22:53:10.117+0800][4.643s] GC(4) Pause Remark
[2023-03-25T22:53:10.119+0800][4.646s] GC(4) Pause Remark 27M->27M(512M) 2.017ms
[2023-03-25T22:53:10.119+0800][4.646s] GC(4) User=0.02s Sys=0.02s Real=0.00s
[2023-03-25T22:53:10.119+0800][4.646s] GC(4) Concurrent Mark 7.996ms
[2023-03-25T22:53:10.119+0800][4.646s] GC(4) Concurrent Rebuild Remembered Sets
[2023-03-25T22:53:10.122+0800][4.649s] GC(4) Concurrent Rebuild Remembered Sets 3.454ms
[2023-03-25T22:53:10.123+0800][4.649s] GC(4) Pause Cleanup
[2023-03-25T22:53:10.123+0800][4.649s] GC(4) Pause Cleanup 29M->29M(512M) 0.119ms
[2023-03-25T22:53:10.123+0800][4.649s] GC(4) User=0.00s Sys=0.00s Real=0.00s
[2023-03-25T22:53:10.123+0800][4.649s] GC(4) Concurrent Cleanup for Next Mark
[2023-03-25T22:53:10.124+0800][4.650s] GC(4) Concurrent Cleanup for Next Mark 0.867ms
[2023-03-25T22:53:10.124+0800][4.650s] GC(4) Concurrent Mark Cycle 14.966ms
[2023-03-25T22:53:11.945+0800][6.472s] GC(5) Pause Young (Normal) (G1 Evacuation Pause)
[2023-03-25T22:53:11.945+0800][6.472s] GC(5) Using 8 workers of 8 for evacuation
[2023-03-25T22:53:11.953+0800][6.480s] GC(5)   Pre Evacuate Collection Set: 0.1ms
[2023-03-25T22:53:11.953+0800][6.480s] GC(5)   Merge Heap Roots: 0.1ms
[2023-03-25T22:53:11.953+0800][6.480s] GC(5)   Evacuate Collection Set: 6.9ms
[2023-03-25T22:53:11.953+0800][6.480s] GC(5)   Post Evacuate Collection Set: 0.9ms
[2023-03-25T22:53:11.953+0800][6.480s] GC(5)   Other: 0.2ms
[2023-03-25T22:53:11.953+0800][6.480s] GC(5) Eden regions: 294->0(289)
[2023-03-25T22:53:11.953+0800][6.480s] GC(5) Survivor regions: 13->18(39)
[2023-03-25T22:53:11.953+0800][6.480s] GC(5) Old regions: 8->8
[2023-03-25T22:53:11.953+0800][6.480s] GC(5) Archive regions: 0->0
[2023-03-25T22:53:11.953+0800][6.480s] GC(5) Humongous regions: 4->4
[2023-03-25T22:53:11.953+0800][6.480s] GC(5) Metaspace: 33713K(34048K)->33713K(34048K) NonClass: 29778K(29952K)->29778K(29952K) Class: 3935K(4096K)->3935K(4096K)
[2023-03-25T22:53:11.953+0800][6.480s] GC(5) Pause Young (Normal) (G1 Evacuation Pause) 318M->28M(512M) 8.166ms
[2023-03-25T22:53:11.953+0800][6.480s] GC(5) User=0.12s Sys=0.00s Real=0.01s
[2023-03-25T22:53:12.195+0800][6.721s] GC(6) Pause Young (Concurrent Start) (Metadata GC Threshold)
[2023-03-25T22:53:12.195+0800][6.721s] GC(6) Using 8 workers of 8 for evacuation
[2023-03-25T22:53:12.202+0800][6.728s] GC(6)   Pre Evacuate Collection Set: 0.1ms
[2023-03-25T22:53:12.202+0800][6.728s] GC(6)   Merge Heap Roots: 0.0ms
[2023-03-25T22:53:12.202+0800][6.728s] GC(6)   Evacuate Collection Set: 6.0ms
[2023-03-25T22:53:12.202+0800][6.728s] GC(6)   Post Evacuate Collection Set: 0.7ms
[2023-03-25T22:53:12.202+0800][6.728s] GC(6)   Other: 0.3ms
[2023-03-25T22:53:12.202+0800][6.728s] GC(6) Eden regions: 49->0(289)
[2023-03-25T22:53:12.202+0800][6.728s] GC(6) Survivor regions: 18->18(39)
[2023-03-25T22:53:12.202+0800][6.728s] GC(6) Old regions: 8->8
[2023-03-25T22:53:12.202+0800][6.728s] GC(6) Archive regions: 0->0
[2023-03-25T22:53:12.202+0800][6.728s] GC(6) Humongous regions: 4->4
[2023-03-25T22:53:12.202+0800][6.728s] GC(6) Metaspace: 35175K(35520K)->35175K(35520K) NonClass: 31031K(31232K)->31031K(31232K) Class: 4144K(4288K)->4144K(4288K)
[2023-03-25T22:53:12.202+0800][6.728s] GC(6) Pause Young (Concurrent Start) (Metadata GC Threshold) 77M->29M(512M) 7.351ms
[2023-03-25T22:53:12.202+0800][6.728s] GC(6) User=0.12s Sys=0.00s Real=0.01s
[2023-03-25T22:53:12.202+0800][6.728s] GC(7) Concurrent Mark Cycle
[2023-03-25T22:53:12.202+0800][6.728s] GC(7) Concurrent Clear Claimed Marks
[2023-03-25T22:53:12.202+0800][6.728s] GC(7) Concurrent Clear Claimed Marks 0.047ms
[2023-03-25T22:53:12.202+0800][6.728s] GC(7) Concurrent Scan Root Regions
[2023-03-25T22:53:12.206+0800][6.733s] GC(7) Concurrent Scan Root Regions 4.257ms
[2023-03-25T22:53:12.206+0800][6.733s] GC(7) Concurrent Mark
[2023-03-25T22:53:12.207+0800][6.733s] GC(7) Concurrent Mark From Roots
[2023-03-25T22:53:12.207+0800][6.733s] GC(7) Using 2 workers of 2 for marking
[2023-03-25T22:53:12.214+0800][6.740s] GC(7) Concurrent Mark From Roots 7.535ms
[2023-03-25T22:53:12.214+0800][6.740s] GC(7) Concurrent Preclean
[2023-03-25T22:53:12.214+0800][6.741s] GC(7) Concurrent Preclean 0.097ms
[2023-03-25T22:53:12.214+0800][6.741s] GC(7) Pause Remark
[2023-03-25T22:53:12.216+0800][6.742s] GC(7) Pause Remark 32M->32M(512M) 1.386ms
[2023-03-25T22:53:12.216+0800][6.742s] GC(7) User=0.00s Sys=0.00s Real=0.00s
[2023-03-25T22:53:12.216+0800][6.742s] GC(7) Concurrent Mark 9.308ms
[2023-03-25T22:53:12.216+0800][6.742s] GC(7) Concurrent Rebuild Remembered Sets
[2023-03-25T22:53:12.221+0800][6.747s] GC(7) Concurrent Rebuild Remembered Sets 4.740ms
[2023-03-25T22:53:12.221+0800][6.747s] GC(7) Pause Cleanup
[2023-03-25T22:53:12.221+0800][6.747s] GC(7) Pause Cleanup 34M->34M(512M) 0.083ms
[2023-03-25T22:53:12.221+0800][6.747s] GC(7) User=0.00s Sys=0.00s Real=0.00s
[2023-03-25T22:53:12.221+0800][6.747s] GC(7) Concurrent Cleanup for Next Mark
[2023-03-25T22:53:12.222+0800][6.748s] GC(7) Concurrent Cleanup for Next Mark 0.861ms
[2023-03-25T22:53:12.222+0800][6.748s] GC(7) Concurrent Mark Cycle 19.819ms
[2023-03-25T22:53:13.827+0800][8.354s] GC(8) Pause Young (Normal) (G1 Evacuation Pause)
[2023-03-25T22:53:13.827+0800][8.354s] GC(8) Using 8 workers of 8 for evacuation
[2023-03-25T22:53:13.837+0800][8.363s] GC(8)   Pre Evacuate Collection Set: 0.1ms
[2023-03-25T22:53:13.837+0800][8.364s] GC(8)   Merge Heap Roots: 0.1ms
[2023-03-25T22:53:13.837+0800][8.364s] GC(8)   Evacuate Collection Set: 8.2ms
[2023-03-25T22:53:13.837+0800][8.364s] GC(8)   Post Evacuate Collection Set: 1.1ms
[2023-03-25T22:53:13.837+0800][8.364s] GC(8)   Other: 0.2ms
[2023-03-25T22:53:13.837+0800][8.364s] GC(8) Eden regions: 289->0(281)
[2023-03-25T22:53:13.837+0800][8.364s] GC(8) Survivor regions: 18->26(39)
[2023-03-25T22:53:13.837+0800][8.364s] GC(8) Old regions: 8->8
[2023-03-25T22:53:13.837+0800][8.364s] GC(8) Archive regions: 0->0
[2023-03-25T22:53:13.837+0800][8.364s] GC(8) Humongous regions: 4->4
[2023-03-25T22:53:13.837+0800][8.364s] GC(8) Metaspace: 43541K(43840K)->43541K(43840K) NonClass: 38365K(38528K)->38365K(38528K) Class: 5175K(5312K)->5175K(5312K)
[2023-03-25T22:53:13.837+0800][8.364s] GC(8) Pause Young (Normal) (G1 Evacuation Pause) 318M->37M(512M) 9.800ms
[2023-03-25T22:53:13.837+0800][8.364s] GC(8) User=0.11s Sys=0.00s Real=0.01s
[2023-03-25T23:45:06.499+0800][3121.026s] GC(9) Pause Young (Normal) (G1 Evacuation Pause)
[2023-03-25T23:45:06.499+0800][3121.026s] GC(9) Using 8 workers of 8 for evacuation
[2023-03-25T23:45:06.511+0800][3121.038s] GC(9)   Pre Evacuate Collection Set: 0.2ms
[2023-03-25T23:45:06.511+0800][3121.038s] GC(9)   Merge Heap Roots: 0.1ms
[2023-03-25T23:45:06.511+0800][3121.038s] GC(9)   Evacuate Collection Set: 9.9ms
[2023-03-25T23:45:06.511+0800][3121.038s] GC(9)   Post Evacuate Collection Set: 1.3ms
[2023-03-25T23:45:06.511+0800][3121.038s] GC(9)   Other: 0.2ms
[2023-03-25T23:45:06.511+0800][3121.038s] GC(9) Eden regions: 281->0(283)
[2023-03-25T23:45:06.511+0800][3121.038s] GC(9) Survivor regions: 26->24(39)
[2023-03-25T23:45:06.511+0800][3121.038s] GC(9) Old regions: 8->14
[2023-03-25T23:45:06.511+0800][3121.038s] GC(9) Archive regions: 0->0
[2023-03-25T23:45:06.511+0800][3121.038s] GC(9) Humongous regions: 4->4
[2023-03-25T23:45:06.511+0800][3121.038s] GC(9) Metaspace: 48718K(49152K)->48718K(49152K) NonClass: 42883K(43136K)->42883K(43136K) Class: 5835K(6016K)->5835K(6016K)
[2023-03-25T23:45:06.511+0800][3121.038s] GC(9) Pause Young (Normal) (G1 Evacuation Pause) 318M->40M(512M) 11.812ms
[2023-03-25T23:45:06.511+0800][3121.038s] GC(9) User=0.09s Sys=0.00s Real=0.01s
[2023-03-25T23:46:39.105+0800][3213.632s] GC(10) Pause Young (Normal) (G1 Evacuation Pause)
[2023-03-25T23:46:39.105+0800][3213.632s] GC(10) Using 8 workers of 8 for evacuation
[2023-03-25T23:46:39.113+0800][3213.640s] GC(10)   Pre Evacuate Collection Set: 0.1ms
[2023-03-25T23:46:39.113+0800][3213.640s] GC(10)   Merge Heap Roots: 0.2ms
[2023-03-25T23:46:39.113+0800][3213.640s] GC(10)   Evacuate Collection Set: 6.3ms
[2023-03-25T23:46:39.113+0800][3213.640s] GC(10)   Post Evacuate Collection Set: 1.4ms
[2023-03-25T23:46:39.113+0800][3213.640s] GC(10)   Other: 0.2ms
[2023-03-25T23:46:39.113+0800][3213.640s] GC(10) Eden regions: 283->0(291)
[2023-03-25T23:46:39.113+0800][3213.640s] GC(10) Survivor regions: 24->16(39)
[2023-03-25T23:46:39.113+0800][3213.640s] GC(10) Old regions: 14->20
[2023-03-25T23:46:39.113+0800][3213.640s] GC(10) Archive regions: 0->0
[2023-03-25T23:46:39.113+0800][3213.640s] GC(10) Humongous regions: 4->4
[2023-03-25T23:46:39.113+0800][3213.640s] GC(10) Metaspace: 48824K(49280K)->48824K(49280K) NonClass: 42988K(43264K)->42988K(43264K) Class: 5835K(6016K)->5835K(6016K)
[2023-03-25T23:46:39.113+0800][3213.640s] GC(10) Pause Young (Normal) (G1 Evacuation Pause) 323M->39M(512M) 8.284ms
[2023-03-25T23:46:39.113+0800][3213.640s] GC(10) User=0.00s Sys=0.00s Real=0.01s
[2023-03-25T23:49:20.135+0800][3374.662s] GC(11) Pause Young (Normal) (G1 Evacuation Pause)
[2023-03-25T23:49:20.179+0800][3374.706s] GC(11) Using 8 workers of 8 for evacuation
[2023-03-25T23:49:20.187+0800][3374.714s] GC(11)   Pre Evacuate Collection Set: 0.1ms
[2023-03-25T23:49:20.187+0800][3374.714s] GC(11)   Merge Heap Roots: 0.2ms
[2023-03-25T23:49:20.187+0800][3374.714s] GC(11)   Evacuate Collection Set: 6.2ms
[2023-03-25T23:49:20.187+0800][3374.714s] GC(11)   Post Evacuate Collection Set: 1.2ms
[2023-03-25T23:49:20.187+0800][3374.714s] GC(11)   Other: 44.2ms
[2023-03-25T23:49:20.187+0800][3374.714s] GC(11) Eden regions: 291->0(291)
[2023-03-25T23:49:20.187+0800][3374.714s] GC(11) Survivor regions: 16->16(39)
[2023-03-25T23:49:20.187+0800][3374.714s] GC(11) Old regions: 20->20
[2023-03-25T23:49:20.187+0800][3374.714s] GC(11) Archive regions: 0->0
[2023-03-25T23:49:20.187+0800][3374.714s] GC(11) Humongous regions: 4->4
[2023-03-25T23:49:20.187+0800][3374.714s] GC(11) Metaspace: 48974K(49344K)->48974K(49344K) NonClass: 43139K(43328K)->43139K(43328K) Class: 5835K(6016K)->5835K(6016K)
[2023-03-25T23:49:20.187+0800][3374.714s] GC(11) Pause Young (Normal) (G1 Evacuation Pause) 330M->39M(512M) 52.185ms
[2023-03-25T23:49:20.187+0800][3374.714s] GC(11) User=0.00s Sys=0.02s Real=0.05s
[2023-03-25T23:50:45.950+0800][3460.477s] GC(12) Pause Young (Normal) (G1 Evacuation Pause)
[2023-03-25T23:50:45.950+0800][3460.477s] GC(12) Using 8 workers of 8 for evacuation
[2023-03-25T23:50:45.956+0800][3460.483s] GC(12)   Pre Evacuate Collection Set: 0.2ms
[2023-03-25T23:50:45.956+0800][3460.483s] GC(12)   Merge Heap Roots: 0.1ms
[2023-03-25T23:50:45.956+0800][3460.483s] GC(12)   Evacuate Collection Set: 4.8ms
[2023-03-25T23:50:45.956+0800][3460.483s] GC(12)   Post Evacuate Collection Set: 1.0ms
[2023-03-25T23:50:45.956+0800][3460.483s] GC(12)   Other: 0.1ms
[2023-03-25T23:50:45.956+0800][3460.483s] GC(12) Eden regions: 291->0(291)
[2023-03-25T23:50:45.956+0800][3460.483s] GC(12) Survivor regions: 16->16(39)
[2023-03-25T23:50:45.956+0800][3460.483s] GC(12) Old regions: 20->20
[2023-03-25T23:50:45.956+0800][3460.483s] GC(12) Archive regions: 0->0
[2023-03-25T23:50:45.956+0800][3460.483s] GC(12) Humongous regions: 4->4
[2023-03-25T23:50:45.956+0800][3460.483s] GC(12) Metaspace: 49067K(49472K)->49067K(49472K) NonClass: 43231K(43456K)->43231K(43456K) Class: 5836K(6016K)->5836K(6016K)
[2023-03-25T23:50:45.957+0800][3460.483s] GC(12) Pause Young (Normal) (G1 Evacuation Pause) 330M->39M(512M) 6.313ms
[2023-03-25T23:50:45.957+0800][3460.483s] GC(12) User=0.00s Sys=0.00s Real=0.01s
[2023-03-25T23:52:18.213+0800][3552.740s] GC(13) Pause Young (Normal) (G1 Evacuation Pause)
[2023-03-25T23:52:18.213+0800][3552.740s] GC(13) Using 8 workers of 8 for evacuation
[2023-03-25T23:52:18.222+0800][3552.748s] GC(13)   Pre Evacuate Collection Set: 0.1ms
[2023-03-25T23:52:18.222+0800][3552.748s] GC(13)   Merge Heap Roots: 0.1ms
[2023-03-25T23:52:18.222+0800][3552.748s] GC(13)   Evacuate Collection Set: 7.4ms
[2023-03-25T23:52:18.222+0800][3552.749s] GC(13)   Post Evacuate Collection Set: 1.2ms
[2023-03-25T23:52:18.222+0800][3552.749s] GC(13)   Other: 0.2ms
[2023-03-25T23:52:18.222+0800][3552.749s] GC(13) Eden regions: 291->0(289)
[2023-03-25T23:52:18.222+0800][3552.749s] GC(13) Survivor regions: 16->18(39)
[2023-03-25T23:52:18.222+0800][3552.749s] GC(13) Old regions: 20->20
[2023-03-25T23:52:18.222+0800][3552.749s] GC(13) Archive regions: 0->0
[2023-03-25T23:52:18.222+0800][3552.749s] GC(13) Humongous regions: 4->4
[2023-03-25T23:52:18.222+0800][3552.749s] GC(13) Metaspace: 49478K(49856K)->49478K(49856K) NonClass: 43617K(43840K)->43617K(43840K) Class: 5860K(6016K)->5860K(6016K)
[2023-03-25T23:52:18.222+0800][3552.749s] GC(13) Pause Young (Normal) (G1 Evacuation Pause) 330M->41M(512M) 8.963ms
[2023-03-25T23:52:18.222+0800][3552.749s] GC(13) User=0.00s Sys=0.00s Real=0.01s
[2023-03-26T00:13:08.798+0800][4803.326s] GC(14) Pause Young (Normal) (G1 Evacuation Pause)
[2023-03-26T00:13:08.799+0800][4803.326s] GC(14) Using 8 workers of 8 for evacuation
[2023-03-26T00:13:08.806+0800][4803.334s] GC(14)   Pre Evacuate Collection Set: 0.2ms
[2023-03-26T00:13:08.806+0800][4803.334s] GC(14)   Merge Heap Roots: 0.1ms
[2023-03-26T00:13:08.806+0800][4803.334s] GC(14)   Evacuate Collection Set: 5.9ms
[2023-03-26T00:13:08.806+0800][4803.334s] GC(14)   Post Evacuate Collection Set: 1.6ms
[2023-03-26T00:13:08.806+0800][4803.334s] GC(14)   Other: 0.2ms
[2023-03-26T00:13:08.806+0800][4803.334s] GC(14) Eden regions: 289->0(288)
[2023-03-26T00:13:08.806+0800][4803.334s] GC(14) Survivor regions: 18->19(39)
[2023-03-26T00:13:08.806+0800][4803.334s] GC(14) Old regions: 20->20
[2023-03-26T00:13:08.806+0800][4803.334s] GC(14) Archive regions: 0->0
[2023-03-26T00:13:08.806+0800][4803.334s] GC(14) Humongous regions: 4->4
[2023-03-26T00:13:08.806+0800][4803.334s] GC(14) Metaspace: 50269K(50752K)->50269K(50752K) NonClass: 44366K(44608K)->44366K(44608K) Class: 5902K(6144K)->5902K(6144K)
[2023-03-26T00:13:08.807+0800][4803.334s] GC(14) Pause Young (Normal) (G1 Evacuation Pause) 330M->42M(512M) 8.010ms
[2023-03-26T00:13:08.807+0800][4803.334s] GC(14) User=0.12s Sys=0.00s Real=0.01s
[2023-03-26T00:32:32.625+0800][5967.152s] GC(15) Pause Young (Normal) (G1 Evacuation Pause)
[2023-03-26T00:32:32.625+0800][5967.152s] GC(15) Using 8 workers of 8 for evacuation
[2023-03-26T00:32:32.633+0800][5967.160s] GC(15)   Pre Evacuate Collection Set: 0.2ms
[2023-03-26T00:32:32.633+0800][5967.160s] GC(15)   Merge Heap Roots: 0.2ms
[2023-03-26T00:32:32.633+0800][5967.160s] GC(15)   Evacuate Collection Set: 5.9ms
[2023-03-26T00:32:32.633+0800][5967.160s] GC(15)   Post Evacuate Collection Set: 1.3ms
[2023-03-26T00:32:32.633+0800][5967.160s] GC(15)   Other: 0.2ms
[2023-03-26T00:32:32.633+0800][5967.160s] GC(15) Eden regions: 288->0(287)
[2023-03-26T00:32:32.633+0800][5967.160s] GC(15) Survivor regions: 19->20(39)
[2023-03-26T00:32:32.633+0800][5967.160s] GC(15) Old regions: 20->20
[2023-03-26T00:32:32.633+0800][5967.160s] GC(15) Archive regions: 0->0
[2023-03-26T00:32:32.633+0800][5967.160s] GC(15) Humongous regions: 4->4
[2023-03-26T00:32:32.633+0800][5967.160s] GC(15) Metaspace: 50696K(51200K)->50696K(51200K) NonClass: 44793K(45056K)->44793K(45056K) Class: 5903K(6144K)->5903K(6144K)
[2023-03-26T00:32:32.633+0800][5967.160s] GC(15) Pause Young (Normal) (G1 Evacuation Pause) 330M->43M(512M) 7.955ms
[2023-03-26T00:32:32.633+0800][5967.160s] GC(15) User=0.12s Sys=0.00s Real=0.01s
[2023-03-26T01:01:51.226+0800][7725.753s] GC(16) Pause Young (Normal) (G1 Evacuation Pause)
[2023-03-26T01:01:51.227+0800][7725.753s] GC(16) Using 8 workers of 8 for evacuation
[2023-03-26T01:01:51.234+0800][7725.760s] GC(16)   Pre Evacuate Collection Set: 0.1ms
[2023-03-26T01:01:51.234+0800][7725.761s] GC(16)   Merge Heap Roots: 0.1ms
[2023-03-26T01:01:51.234+0800][7725.761s] GC(16)   Evacuate Collection Set: 6.0ms
[2023-03-26T01:01:51.234+0800][7725.761s] GC(16)   Post Evacuate Collection Set: 0.9ms
[2023-03-26T01:01:51.234+0800][7725.761s] GC(16)   Other: 0.3ms
[2023-03-26T01:01:51.234+0800][7725.761s] GC(16) Eden regions: 287->0(288)
[2023-03-26T01:01:51.234+0800][7725.761s] GC(16) Survivor regions: 20->19(39)
[2023-03-26T01:01:51.234+0800][7725.761s] GC(16) Old regions: 20->20
[2023-03-26T01:01:51.234+0800][7725.761s] GC(16) Archive regions: 0->0
[2023-03-26T01:01:51.234+0800][7725.761s] GC(16) Humongous regions: 4->4
[2023-03-26T01:01:51.234+0800][7725.761s] GC(16) Metaspace: 50740K(51200K)->50740K(51200K) NonClass: 44836K(45056K)->44836K(45056K) Class: 5903K(6144K)->5903K(6144K)
[2023-03-26T01:01:51.234+0800][7725.761s] GC(16) Pause Young (Normal) (G1 Evacuation Pause) 330M->42M(512M) 7.392ms
[2023-03-26T01:01:51.234+0800][7725.761s] GC(16) User=0.00s Sys=0.02s Real=0.01s
[2023-03-26T01:11:56.726+0800][8331.253s] Heap
[2023-03-26T01:11:56.727+0800][8331.253s]  garbage-first heap   total 524288K, used 201179K [0x00000000e0000000, 0x0000000100000000)
[2023-03-26T01:11:56.727+0800][8331.253s]   region size 1024K, 173 young (177152K), 19 survivors (19456K)
[2023-03-26T01:11:56.727+0800][8331.253s]  Metaspace       used 51089K, committed 51584K, reserved 1097728K
[2023-03-26T01:11:56.727+0800][8331.253s]   class space    used 5939K, committed 6208K, reserved 1048576K
