[2023-02-14T14:22:29.502+0800][0.010s] Using G1
[2023-02-14T14:22:29.643+0800][0.157s] Version: 16.0.1+9-24 (release)
[2023-02-14T14:22:29.643+0800][0.157s] CPUs: 8 total, 8 available
[2023-02-14T14:22:29.643+0800][0.157s] Memory: 16015M
[2023-02-14T14:22:29.643+0800][0.157s] Large Page Support: Disabled
[2023-02-14T14:22:29.643+0800][0.157s] NUMA Support: Disabled
[2023-02-14T14:22:29.643+0800][0.157s] Compressed Oops: Enabled (32-bit)
[2023-02-14T14:22:29.643+0800][0.157s] Heap Region Size: 1M
[2023-02-14T14:22:29.643+0800][0.157s] Heap Min Capacity: 512M
[2023-02-14T14:22:29.643+0800][0.157s] Heap Initial Capacity: 512M
[2023-02-14T14:22:29.643+0800][0.157s] Heap Max Capacity: 512M
[2023-02-14T14:22:29.643+0800][0.157s] Pre-touch: Enabled
[2023-02-14T14:22:29.643+0800][0.158s] Parallel Workers: 8
[2023-02-14T14:22:29.643+0800][0.158s] Concurrent Workers: 2
[2023-02-14T14:22:29.643+0800][0.158s] Concurrent Refinement Workers: 8
[2023-02-14T14:22:29.643+0800][0.158s] Periodic GC: Disabled
[2023-02-14T14:22:29.652+0800][0.159s] CDS archive(s) mapped at: [0x0000000800000000-0x0000000800bb0000-0x0000000800bb0000), size 12255232, SharedBaseAddress: 0x0000000800000000, ArchiveRelocationMode: 0.
[2023-02-14T14:22:29.652+0800][0.159s] Compressed class space mapped at: 0x0000000800c00000-0x0000000840c00000, reserved size: 1073741824
[2023-02-14T14:22:29.652+0800][0.159s] Narrow klass base: 0x0000000800000000, Narrow klass shift: 3, Narrow klass range: 0x100000000
[2023-02-14T14:22:31.352+0800][1.860s] GC(0) Pause Young (Normal) (G1 Evacuation Pause)
[2023-02-14T14:22:31.352+0800][1.860s] GC(0) Using 8 workers of 8 for evacuation
[2023-02-14T14:22:31.352+0800][1.863s] GC(0)   Pre Evacuate Collection Set: 0.2ms
[2023-02-14T14:22:31.352+0800][1.863s] GC(0)   Merge Heap Roots: 0.0ms
[2023-02-14T14:22:31.352+0800][1.863s] GC(0)   Evacuate Collection Set: 1.8ms
[2023-02-14T14:22:31.352+0800][1.863s] GC(0)   Post Evacuate Collection Set: 0.5ms
[2023-02-14T14:22:31.352+0800][1.864s] GC(0)   Other: 1.5ms
[2023-02-14T14:22:31.352+0800][1.864s] GC(0) Eden regions: 29->0(43)
[2023-02-14T14:22:31.352+0800][1.864s] GC(0) Survivor regions: 0->4(4)
[2023-02-14T14:22:31.352+0800][1.864s] GC(0) Old regions: 0->0
[2023-02-14T14:22:31.352+0800][1.864s] GC(0) Archive regions: 0->0
[2023-02-14T14:22:31.352+0800][1.864s] GC(0) Humongous regions: 0->0
[2023-02-14T14:22:31.352+0800][1.864s] GC(0) Metaspace: 5863K(6016K)->5863K(6016K) NonClass: 5227K(5312K)->5227K(5312K) Class: 636K(704K)->636K(704K)
[2023-02-14T14:22:31.352+0800][1.864s] GC(0) Pause Young (Normal) (G1 Evacuation Pause) 29M->3M(512M) 3.925ms
[2023-02-14T14:22:31.352+0800][1.864s] GC(0) User=0.00s Sys=0.00s Real=0.00s
[2023-02-14T14:22:32.172+0800][2.683s] GC(1) Pause Young (Normal) (G1 Evacuation Pause)
[2023-02-14T14:22:32.172+0800][2.683s] GC(1) Using 8 workers of 8 for evacuation
[2023-02-14T14:22:32.182+0800][2.691s] GC(1)   Pre Evacuate Collection Set: 0.1ms
[2023-02-14T14:22:32.182+0800][2.691s] GC(1)   Merge Heap Roots: 0.0ms
[2023-02-14T14:22:32.182+0800][2.691s] GC(1)   Evacuate Collection Set: 6.6ms
[2023-02-14T14:22:32.182+0800][2.691s] GC(1)   Post Evacuate Collection Set: 0.6ms
[2023-02-14T14:22:32.182+0800][2.691s] GC(1)   Other: 0.1ms
[2023-02-14T14:22:32.182+0800][2.691s] GC(1) Eden regions: 43->0(294)
[2023-02-14T14:22:32.182+0800][2.691s] GC(1) Survivor regions: 4->6(6)
[2023-02-14T14:22:32.182+0800][2.691s] GC(1) Old regions: 0->8
[2023-02-14T14:22:32.182+0800][2.691s] GC(1) Archive regions: 0->0
[2023-02-14T14:22:32.182+0800][2.691s] GC(1) Humongous regions: 4->4
[2023-02-14T14:22:32.182+0800][2.691s] GC(1) Metaspace: 16276K(16512K)->16276K(16512K) NonClass: 14411K(14528K)->14411K(14528K) Class: 1865K(1984K)->1865K(1984K)
[2023-02-14T14:22:32.182+0800][2.691s] GC(1) Pause Young (Normal) (G1 Evacuation Pause) 50M->17M(512M) 7.612ms
[2023-02-14T14:22:32.182+0800][2.691s] GC(1) User=0.11s Sys=0.00s Real=0.01s
[2023-02-14T14:22:33.143+0800][3.651s] GC(2) Pause Young (Concurrent Start) (Metadata GC Threshold)
[2023-02-14T14:22:33.143+0800][3.651s] GC(2) Using 8 workers of 8 for evacuation
[2023-02-14T14:22:33.143+0800][3.657s] GC(2)   Pre Evacuate Collection Set: 0.1ms
[2023-02-14T14:22:33.143+0800][3.657s] GC(2)   Merge Heap Roots: 0.1ms
[2023-02-14T14:22:33.143+0800][3.657s] GC(2)   Evacuate Collection Set: 4.2ms
[2023-02-14T14:22:33.143+0800][3.657s] GC(2)   Post Evacuate Collection Set: 0.9ms
[2023-02-14T14:22:33.143+0800][3.657s] GC(2)   Other: 0.5ms
[2023-02-14T14:22:33.143+0800][3.657s] GC(2) Eden regions: 137->0(294)
[2023-02-14T14:22:33.143+0800][3.657s] GC(2) Survivor regions: 6->13(36)
[2023-02-14T14:22:33.143+0800][3.657s] GC(2) Old regions: 8->8
[2023-02-14T14:22:33.143+0800][3.657s] GC(2) Archive regions: 0->0
[2023-02-14T14:22:33.143+0800][3.657s] GC(2) Humongous regions: 5->4
[2023-02-14T14:22:33.143+0800][3.657s] GC(2) Metaspace: 21052K(21248K)->21052K(21248K) NonClass: 18589K(18688K)->18589K(18688K) Class: 2462K(2560K)->2462K(2560K)
[2023-02-14T14:22:33.143+0800][3.657s] GC(2) Pause Young (Concurrent Start) (Metadata GC Threshold) 155M->24M(512M) 5.880ms
[2023-02-14T14:22:33.143+0800][3.657s] GC(2) User=0.00s Sys=0.00s Real=0.00s
[2023-02-14T14:22:33.143+0800][3.657s] GC(3) Concurrent Mark Cycle
[2023-02-14T14:22:33.143+0800][3.657s] GC(3) Concurrent Clear Claimed Marks
[2023-02-14T14:22:33.143+0800][3.657s] GC(3) Concurrent Clear Claimed Marks 0.017ms
[2023-02-14T14:22:33.143+0800][3.657s] GC(3) Concurrent Scan Root Regions
[2023-02-14T14:22:33.152+0800][3.659s] GC(3) Concurrent Scan Root Regions 2.255ms
[2023-02-14T14:22:33.152+0800][3.659s] GC(3) Concurrent Mark
[2023-02-14T14:22:33.152+0800][3.659s] GC(3) Concurrent Mark From Roots
[2023-02-14T14:22:33.152+0800][3.659s] GC(3) Using 2 workers of 2 for marking
[2023-02-14T14:22:33.152+0800][3.664s] GC(3) Concurrent Mark From Roots 5.009ms
[2023-02-14T14:22:33.152+0800][3.664s] GC(3) Concurrent Preclean
[2023-02-14T14:22:33.152+0800][3.664s] GC(3) Concurrent Preclean 0.071ms
[2023-02-14T14:22:33.152+0800][3.665s] GC(3) Pause Remark
[2023-02-14T14:22:33.152+0800][3.666s] GC(3) Pause Remark 25M->25M(512M) 1.517ms
[2023-02-14T14:22:33.152+0800][3.666s] GC(3) User=0.00s Sys=0.00s Real=0.00s
[2023-02-14T14:22:33.152+0800][3.666s] GC(3) Concurrent Mark 7.042ms
[2023-02-14T14:22:33.152+0800][3.666s] GC(3) Concurrent Rebuild Remembered Sets
[2023-02-14T14:22:33.162+0800][3.670s] GC(3) Concurrent Rebuild Remembered Sets 3.784ms
[2023-02-14T14:22:33.162+0800][3.670s] GC(3) Pause Cleanup
[2023-02-14T14:22:33.162+0800][3.670s] GC(3) Pause Cleanup 26M->26M(512M) 0.098ms
[2023-02-14T14:22:33.162+0800][3.670s] GC(3) User=0.00s Sys=0.00s Real=0.00s
[2023-02-14T14:22:33.162+0800][3.670s] GC(3) Concurrent Cleanup for Next Mark
[2023-02-14T14:22:33.162+0800][3.671s] GC(3) Concurrent Cleanup for Next Mark 0.557ms
[2023-02-14T14:22:33.162+0800][3.671s] GC(3) Concurrent Mark Cycle 14.087ms
[2023-02-14T14:22:34.775+0800][5.281s] GC(4) Pause Young (Concurrent Start) (Metadata GC Threshold)
[2023-02-14T14:22:34.775+0800][5.281s] GC(4) Using 8 workers of 8 for evacuation
[2023-02-14T14:22:34.783+0800][5.289s] GC(4)   Pre Evacuate Collection Set: 0.1ms
[2023-02-14T14:22:34.783+0800][5.289s] GC(4)   Merge Heap Roots: 0.0ms
[2023-02-14T14:22:34.783+0800][5.289s] GC(4)   Evacuate Collection Set: 6.7ms
[2023-02-14T14:22:34.783+0800][5.289s] GC(4)   Post Evacuate Collection Set: 0.6ms
[2023-02-14T14:22:34.783+0800][5.289s] GC(4)   Other: 0.2ms
[2023-02-14T14:22:34.783+0800][5.289s] GC(4) Eden regions: 193->0(288)
[2023-02-14T14:22:34.783+0800][5.289s] GC(4) Survivor regions: 13->19(39)
[2023-02-14T14:22:34.783+0800][5.289s] GC(4) Old regions: 8->8
[2023-02-14T14:22:34.783+0800][5.289s] GC(4) Archive regions: 0->0
[2023-02-14T14:22:34.783+0800][5.289s] GC(4) Humongous regions: 4->4
[2023-02-14T14:22:34.783+0800][5.289s] GC(4) Metaspace: 35478K(35840K)->35478K(35840K) NonClass: 31302K(31488K)->31302K(31488K) Class: 4176K(4352K)->4176K(4352K)
[2023-02-14T14:22:34.783+0800][5.289s] GC(4) Pause Young (Concurrent Start) (Metadata GC Threshold) 217M->30M(512M) 7.820ms
[2023-02-14T14:22:34.783+0800][5.289s] GC(4) User=0.00s Sys=0.00s Real=0.01s
[2023-02-14T14:22:34.783+0800][5.289s] GC(5) Concurrent Mark Cycle
[2023-02-14T14:22:34.783+0800][5.289s] GC(5) Concurrent Clear Claimed Marks
[2023-02-14T14:22:34.783+0800][5.289s] GC(5) Concurrent Clear Claimed Marks 0.054ms
[2023-02-14T14:22:34.783+0800][5.289s] GC(5) Concurrent Scan Root Regions
[2023-02-14T14:22:34.785+0800][5.293s] GC(5) Concurrent Scan Root Regions 3.902ms
[2023-02-14T14:22:34.785+0800][5.293s] GC(5) Concurrent Mark
[2023-02-14T14:22:34.785+0800][5.293s] GC(5) Concurrent Mark From Roots
[2023-02-14T14:22:34.785+0800][5.293s] GC(5) Using 2 workers of 2 for marking
[2023-02-14T14:22:34.792+0800][5.299s] GC(5) Concurrent Mark From Roots 6.187ms
[2023-02-14T14:22:34.792+0800][5.299s] GC(5) Concurrent Preclean
[2023-02-14T14:22:34.792+0800][5.299s] GC(5) Concurrent Preclean 0.080ms
[2023-02-14T14:22:34.792+0800][5.300s] GC(5) Pause Remark
[2023-02-14T14:22:34.792+0800][5.301s] GC(5) Pause Remark 33M->33M(512M) 1.119ms
[2023-02-14T14:22:34.792+0800][5.301s] GC(5) User=0.00s Sys=0.00s Real=0.00s
[2023-02-14T14:22:34.792+0800][5.301s] GC(5) Concurrent Mark 8.076ms
[2023-02-14T14:22:34.792+0800][5.301s] GC(5) Concurrent Rebuild Remembered Sets
[2023-02-14T14:22:34.800+0800][5.305s] GC(5) Concurrent Rebuild Remembered Sets 4.344ms
[2023-02-14T14:22:34.800+0800][5.306s] GC(5) Pause Cleanup
[2023-02-14T14:22:34.800+0800][5.306s] GC(5) Pause Cleanup 34M->34M(512M) 0.079ms
[2023-02-14T14:22:34.800+0800][5.306s] GC(5) User=0.00s Sys=0.00s Real=0.00s
[2023-02-14T14:22:34.800+0800][5.306s] GC(5) Concurrent Cleanup for Next Mark
[2023-02-14T14:22:34.801+0800][5.306s] GC(5) Concurrent Cleanup for Next Mark 0.760ms
[2023-02-14T14:22:34.801+0800][5.307s] GC(5) Concurrent Mark Cycle 17.794ms
[2023-02-14T14:24:13.776+0800][104.281s] GC(6) Pause Young (Normal) (G1 Evacuation Pause)
[2023-02-14T14:24:13.776+0800][104.281s] GC(6) Using 8 workers of 8 for evacuation
[2023-02-14T14:24:13.793+0800][104.298s] GC(6)   Pre Evacuate Collection Set: 0.1ms
[2023-02-14T14:24:13.793+0800][104.298s] GC(6)   Merge Heap Roots: 0.1ms
[2023-02-14T14:24:13.793+0800][104.298s] GC(6)   Evacuate Collection Set: 15.0ms
[2023-02-14T14:24:13.793+0800][104.298s] GC(6)   Post Evacuate Collection Set: 1.3ms
[2023-02-14T14:24:13.793+0800][104.298s] GC(6)   Other: 0.2ms
[2023-02-14T14:24:13.793+0800][104.298s] GC(6) Eden regions: 288->0(272)
[2023-02-14T14:24:13.793+0800][104.298s] GC(6) Survivor regions: 19->35(39)
[2023-02-14T14:24:13.793+0800][104.298s] GC(6) Old regions: 8->8
[2023-02-14T14:24:13.793+0800][104.298s] GC(6) Archive regions: 0->0
[2023-02-14T14:24:13.793+0800][104.298s] GC(6) Humongous regions: 4->4
[2023-02-14T14:24:13.793+0800][104.298s] GC(6) Metaspace: 47205K(47616K)->47205K(47616K) NonClass: 41497K(41728K)->41497K(41728K) Class: 5708K(5888K)->5708K(5888K)
[2023-02-14T14:24:13.793+0800][104.298s] GC(6) Pause Young (Normal) (G1 Evacuation Pause) 318M->46M(512M) 16.855ms
[2023-02-14T14:24:13.793+0800][104.298s] GC(6) User=0.12s Sys=0.00s Real=0.02s
[2023-02-14T14:33:33.555+0800][664.060s] GC(7) Pause Young (Normal) (G1 Evacuation Pause)
[2023-02-14T14:33:33.555+0800][664.060s] GC(7) Using 8 workers of 8 for evacuation
[2023-02-14T14:33:33.573+0800][664.078s] GC(7)   Pre Evacuate Collection Set: 0.1ms
[2023-02-14T14:33:33.573+0800][664.078s] GC(7)   Merge Heap Roots: 0.2ms
[2023-02-14T14:33:33.573+0800][664.078s] GC(7)   Evacuate Collection Set: 15.8ms
[2023-02-14T14:33:33.573+0800][664.078s] GC(7)   Post Evacuate Collection Set: 1.9ms
[2023-02-14T14:33:33.573+0800][664.078s] GC(7)   Other: 0.2ms
[2023-02-14T14:33:33.573+0800][664.078s] GC(7) Eden regions: 272->0(282)
[2023-02-14T14:33:33.573+0800][664.078s] GC(7) Survivor regions: 35->25(39)
[2023-02-14T14:33:33.573+0800][664.078s] GC(7) Old regions: 8->26
[2023-02-14T14:33:33.573+0800][664.078s] GC(7) Archive regions: 0->0
[2023-02-14T14:33:33.573+0800][664.078s] GC(7) Humongous regions: 4->4
[2023-02-14T14:33:33.573+0800][664.078s] GC(7) Metaspace: 48651K(49152K)->48651K(49152K) NonClass: 42867K(43136K)->42867K(43136K) Class: 5783K(6016K)->5783K(6016K)
[2023-02-14T14:33:33.573+0800][664.078s] GC(7) Pause Young (Normal) (G1 Evacuation Pause) 318M->54M(512M) 18.177ms
[2023-02-14T14:33:33.573+0800][664.078s] GC(7) User=0.09s Sys=0.03s Real=0.02s
[2023-02-14T14:46:58.344+0800][1468.850s] GC(8) Pause Young (Normal) (G1 Evacuation Pause)
[2023-02-14T14:46:58.344+0800][1468.850s] GC(8) Using 8 workers of 8 for evacuation
[2023-02-14T14:46:58.355+0800][1468.861s] GC(8)   Pre Evacuate Collection Set: 0.1ms
[2023-02-14T14:46:58.355+0800][1468.861s] GC(8)   Merge Heap Roots: 0.1ms
[2023-02-14T14:46:58.355+0800][1468.861s] GC(8)   Evacuate Collection Set: 10.2ms
[2023-02-14T14:46:58.355+0800][1468.861s] GC(8)   Post Evacuate Collection Set: 0.8ms
[2023-02-14T14:46:58.355+0800][1468.861s] GC(8)   Other: 0.2ms
[2023-02-14T14:46:58.355+0800][1468.861s] GC(8) Eden regions: 282->0(291)
[2023-02-14T14:46:58.355+0800][1468.861s] GC(8) Survivor regions: 25->16(39)
[2023-02-14T14:46:58.355+0800][1468.861s] GC(8) Old regions: 26->43
[2023-02-14T14:46:58.355+0800][1468.861s] GC(8) Archive regions: 0->0
[2023-02-14T14:46:58.355+0800][1468.861s] GC(8) Humongous regions: 7->6
[2023-02-14T14:46:58.355+0800][1468.861s] GC(8) Metaspace: 52128K(52736K)->52128K(52736K) NonClass: 46040K(46336K)->46040K(46336K) Class: 6087K(6400K)->6087K(6400K)
[2023-02-14T14:46:58.355+0800][1468.861s] GC(8) Pause Young (Normal) (G1 Evacuation Pause) 338M->64M(512M) 11.389ms
[2023-02-14T14:46:58.355+0800][1468.861s] GC(8) User=0.11s Sys=0.02s Real=0.01s
[2023-02-14T14:46:59.858+0800][1470.364s] GC(9) Pause Young (Normal) (G1 Evacuation Pause)
[2023-02-14T14:46:59.858+0800][1470.364s] GC(9) Using 8 workers of 8 for evacuation
[2023-02-14T14:46:59.866+0800][1470.372s] GC(9)   Pre Evacuate Collection Set: 0.1ms
[2023-02-14T14:46:59.866+0800][1470.372s] GC(9)   Merge Heap Roots: 0.0ms
[2023-02-14T14:46:59.866+0800][1470.372s] GC(9)   Evacuate Collection Set: 6.7ms
[2023-02-14T14:46:59.866+0800][1470.372s] GC(9)   Post Evacuate Collection Set: 1.1ms
[2023-02-14T14:46:59.866+0800][1470.372s] GC(9)   Other: 0.2ms
[2023-02-14T14:46:59.866+0800][1470.372s] GC(9) Eden regions: 291->0(271)
[2023-02-14T14:46:59.866+0800][1470.372s] GC(9) Survivor regions: 16->36(39)
[2023-02-14T14:46:59.866+0800][1470.372s] GC(9) Old regions: 43->43
[2023-02-14T14:46:59.866+0800][1470.372s] GC(9) Archive regions: 0->0
[2023-02-14T14:46:59.866+0800][1470.372s] GC(9) Humongous regions: 112->23
[2023-02-14T14:46:59.866+0800][1470.372s] GC(9) Metaspace: 52328K(52928K)->52328K(52928K) NonClass: 46238K(46528K)->46238K(46528K) Class: 6089K(6400K)->6089K(6400K)
[2023-02-14T14:46:59.866+0800][1470.372s] GC(9) Pause Young (Normal) (G1 Evacuation Pause) 461M->101M(512M) 8.221ms
[2023-02-14T14:46:59.866+0800][1470.372s] GC(9) User=0.12s Sys=0.00s Real=0.01s
[2023-02-14T14:47:01.111+0800][1471.616s] GC(10) Pause Young (Normal) (G1 Evacuation Pause)
[2023-02-14T14:47:01.111+0800][1471.616s] GC(10) Using 8 workers of 8 for evacuation
[2023-02-14T14:47:01.121+0800][1471.627s] GC(10)   Pre Evacuate Collection Set: 0.2ms
[2023-02-14T14:47:01.121+0800][1471.627s] GC(10)   Merge Heap Roots: 0.1ms
[2023-02-14T14:47:01.121+0800][1471.627s] GC(10)   Evacuate Collection Set: 9.5ms
[2023-02-14T14:47:01.121+0800][1471.627s] GC(10)   Post Evacuate Collection Set: 0.8ms
[2023-02-14T14:47:01.121+0800][1471.627s] GC(10)   Other: 0.1ms
[2023-02-14T14:47:01.121+0800][1471.627s] GC(10) Eden regions: 271->0(273)
[2023-02-14T14:47:01.121+0800][1471.627s] GC(10) Survivor regions: 36->24(39)
[2023-02-14T14:47:01.121+0800][1471.627s] GC(10) Old regions: 43->75
[2023-02-14T14:47:01.121+0800][1471.627s] GC(10) Archive regions: 0->0
[2023-02-14T14:47:01.121+0800][1471.627s] GC(10) Humongous regions: 102->34
[2023-02-14T14:47:01.121+0800][1471.627s] GC(10) Metaspace: 52338K(52928K)->52338K(52928K) NonClass: 46248K(46528K)->46248K(46528K) Class: 6090K(6400K)->6090K(6400K)
[2023-02-14T14:47:01.121+0800][1471.627s] GC(10) Pause Young (Normal) (G1 Evacuation Pause) 451M->132M(512M) 10.844ms
[2023-02-14T14:47:01.121+0800][1471.627s] GC(10) User=0.11s Sys=0.02s Real=0.01s
[2023-02-14T14:47:02.382+0800][1472.887s] GC(11) Pause Young (Normal) (G1 Evacuation Pause)
[2023-02-14T14:47:02.382+0800][1472.887s] GC(11) Using 8 workers of 8 for evacuation
[2023-02-14T14:47:02.402+0800][1472.908s] GC(11) To-space exhausted
[2023-02-14T14:47:02.402+0800][1472.908s] GC(11)   Pre Evacuate Collection Set: 0.1ms
[2023-02-14T14:47:02.402+0800][1472.908s] GC(11)   Merge Heap Roots: 0.2ms
[2023-02-14T14:47:02.403+0800][1472.908s] GC(11)   Evacuate Collection Set: 6.1ms
[2023-02-14T14:47:02.403+0800][1472.908s] GC(11)   Post Evacuate Collection Set: 14.0ms
[2023-02-14T14:47:02.403+0800][1472.908s] GC(11)   Other: 0.3ms
[2023-02-14T14:47:02.403+0800][1472.908s] GC(11) Eden regions: 273->0(15)
[2023-02-14T14:47:02.403+0800][1472.908s] GC(11) Survivor regions: 24->16(35)
[2023-02-14T14:47:02.403+0800][1472.908s] GC(11) Old regions: 75->371
[2023-02-14T14:47:02.403+0800][1472.908s] GC(11) Archive regions: 0->0
[2023-02-14T14:47:02.403+0800][1472.908s] GC(11) Humongous regions: 105->42
[2023-02-14T14:47:02.403+0800][1472.908s] GC(11) Metaspace: 52341K(52928K)->52341K(52928K) NonClass: 46251K(46528K)->46251K(46528K) Class: 6090K(6400K)->6090K(6400K)
[2023-02-14T14:47:02.403+0800][1472.908s] GC(11) Pause Young (Normal) (G1 Evacuation Pause) 476M->429M(512M) 20.762ms
[2023-02-14T14:47:02.403+0800][1472.908s] GC(11) User=0.12s Sys=0.00s Real=0.02s
[2023-02-14T14:47:02.462+0800][1472.967s] GC(12) Pause Young (Concurrent Start) (G1 Evacuation Pause)
[2023-02-14T14:47:02.462+0800][1472.967s] GC(12) Using 8 workers of 8 for evacuation
[2023-02-14T14:47:02.466+0800][1472.971s] GC(12)   Pre Evacuate Collection Set: 0.2ms
[2023-02-14T14:47:02.466+0800][1472.971s] GC(12)   Merge Heap Roots: 0.1ms
[2023-02-14T14:47:02.466+0800][1472.971s] GC(12)   Evacuate Collection Set: 3.0ms
[2023-02-14T14:47:02.466+0800][1472.971s] GC(12)   Post Evacuate Collection Set: 0.6ms
[2023-02-14T14:47:02.466+0800][1472.971s] GC(12)   Other: 0.2ms
[2023-02-14T14:47:02.466+0800][1472.971s] GC(12) Eden regions: 15->0(22)
[2023-02-14T14:47:02.466+0800][1472.971s] GC(12) Survivor regions: 16->3(4)
[2023-02-14T14:47:02.466+0800][1472.971s] GC(12) Old regions: 371->387
[2023-02-14T14:47:02.466+0800][1472.971s] GC(12) Archive regions: 0->0
[2023-02-14T14:47:02.466+0800][1472.971s] GC(12) Humongous regions: 42->42
[2023-02-14T14:47:02.466+0800][1472.972s] GC(12) Metaspace: 52341K(52928K)->52341K(52928K) NonClass: 46251K(46528K)->46251K(46528K) Class: 6090K(6400K)->6090K(6400K)
[2023-02-14T14:47:02.466+0800][1472.972s] GC(12) Pause Young (Concurrent Start) (G1 Evacuation Pause) 444M->431M(512M) 4.128ms
[2023-02-14T14:47:02.466+0800][1472.972s] GC(12) User=0.00s Sys=0.00s Real=0.00s
[2023-02-14T14:47:02.466+0800][1472.972s] GC(13) Concurrent Mark Cycle
[2023-02-14T14:47:02.466+0800][1472.972s] GC(13) Concurrent Clear Claimed Marks
[2023-02-14T14:47:02.466+0800][1472.972s] GC(13) Concurrent Clear Claimed Marks 0.031ms
[2023-02-14T14:47:02.466+0800][1472.972s] GC(13) Concurrent Scan Root Regions
[2023-02-14T14:47:02.467+0800][1472.973s] GC(13) Concurrent Scan Root Regions 1.662ms
[2023-02-14T14:47:02.467+0800][1472.973s] GC(13) Concurrent Mark
[2023-02-14T14:47:02.467+0800][1472.973s] GC(13) Concurrent Mark From Roots
[2023-02-14T14:47:02.467+0800][1472.973s] GC(13) Using 2 workers of 2 for marking
[2023-02-14T14:47:02.491+0800][1472.997s] GC(13) Concurrent Mark From Roots 23.332ms
[2023-02-14T14:47:02.491+0800][1472.997s] GC(13) Concurrent Preclean
[2023-02-14T14:47:02.491+0800][1472.997s] GC(13) Concurrent Preclean 0.580ms
[2023-02-14T14:47:02.492+0800][1472.998s] GC(13) Pause Remark
[2023-02-14T14:47:02.508+0800][1473.014s] GC(13) Pause Remark 437M->437M(512M) 16.023ms
[2023-02-14T14:47:02.508+0800][1473.014s] GC(13) User=0.00s Sys=0.00s Real=0.02s
[2023-02-14T14:47:02.508+0800][1473.014s] GC(13) Concurrent Mark 40.432ms
[2023-02-14T14:47:02.508+0800][1473.014s] GC(13) Concurrent Rebuild Remembered Sets
[2023-02-14T14:47:02.523+0800][1473.029s] GC(13) Concurrent Rebuild Remembered Sets 14.894ms
[2023-02-14T14:47:02.523+0800][1473.029s] GC(13) Pause Cleanup
[2023-02-14T14:47:02.524+0800][1473.029s] GC(13) Pause Cleanup 440M->440M(512M) 0.195ms
[2023-02-14T14:47:02.524+0800][1473.029s] GC(13) User=0.00s Sys=0.00s Real=0.00s
[2023-02-14T14:47:02.524+0800][1473.029s] GC(13) Concurrent Cleanup for Next Mark
[2023-02-14T14:47:02.525+0800][1473.030s] GC(13) Concurrent Cleanup for Next Mark 0.937ms
[2023-02-14T14:47:02.525+0800][1473.030s] GC(13) Concurrent Mark Cycle 58.781ms
[2023-02-14T14:47:02.577+0800][1473.082s] GC(14) Pause Young (Prepare Mixed) (G1 Evacuation Pause)
[2023-02-14T14:47:02.577+0800][1473.082s] GC(14) Using 8 workers of 8 for evacuation
[2023-02-14T14:47:02.579+0800][1473.084s] GC(14)   Pre Evacuate Collection Set: 0.1ms
[2023-02-14T14:47:02.579+0800][1473.084s] GC(14)   Merge Heap Roots: 0.2ms
[2023-02-14T14:47:02.579+0800][1473.084s] GC(14)   Evacuate Collection Set: 1.2ms
[2023-02-14T14:47:02.579+0800][1473.084s] GC(14)   Post Evacuate Collection Set: 0.5ms
[2023-02-14T14:47:02.579+0800][1473.084s] GC(14)   Other: 0.1ms
[2023-02-14T14:47:02.579+0800][1473.084s] GC(14) Eden regions: 22->0(21)
[2023-02-14T14:47:02.579+0800][1473.084s] GC(14) Survivor regions: 3->4(4)
[2023-02-14T14:47:02.579+0800][1473.084s] GC(14) Old regions: 387->387
[2023-02-14T14:47:02.579+0800][1473.084s] GC(14) Archive regions: 0->0
[2023-02-14T14:47:02.579+0800][1473.084s] GC(14) Humongous regions: 42->42
[2023-02-14T14:47:02.579+0800][1473.084s] GC(14) Metaspace: 51908K(52928K)->51908K(52928K) NonClass: 45911K(46528K)->45911K(46528K) Class: 5996K(6400K)->5996K(6400K)
[2023-02-14T14:47:02.579+0800][1473.084s] GC(14) Pause Young (Prepare Mixed) (G1 Evacuation Pause) 453M->431M(512M) 2.253ms
[2023-02-14T14:47:02.579+0800][1473.084s] GC(14) User=0.00s Sys=0.00s Real=0.00s
[2023-02-14T14:47:03.508+0800][1474.013s] GC(15) Pause Young (Mixed) (G1 Evacuation Pause)
[2023-02-14T14:47:03.508+0800][1474.013s] GC(15) Using 8 workers of 8 for evacuation
[2023-02-14T14:47:03.510+0800][1474.015s] GC(15)   Pre Evacuate Collection Set: 0.2ms
[2023-02-14T14:47:03.510+0800][1474.015s] GC(15)   Merge Heap Roots: 0.1ms
[2023-02-14T14:47:03.510+0800][1474.015s] GC(15)   Evacuate Collection Set: 1.1ms
[2023-02-14T14:47:03.510+0800][1474.015s] GC(15)   Post Evacuate Collection Set: 0.6ms
[2023-02-14T14:47:03.510+0800][1474.015s] GC(15)   Other: 0.2ms
[2023-02-14T14:47:03.510+0800][1474.015s] GC(15) Eden regions: 21->0(22)
[2023-02-14T14:47:03.510+0800][1474.015s] GC(15) Survivor regions: 4->3(4)
[2023-02-14T14:47:03.510+0800][1474.015s] GC(15) Old regions: 387->336
[2023-02-14T14:47:03.510+0800][1474.015s] GC(15) Archive regions: 0->0
[2023-02-14T14:47:03.510+0800][1474.015s] GC(15) Humongous regions: 42->42
[2023-02-14T14:47:03.510+0800][1474.015s] GC(15) Metaspace: 52487K(53184K)->52487K(53184K) NonClass: 46433K(46784K)->46433K(46784K) Class: 6054K(6400K)->6054K(6400K)
[2023-02-14T14:47:03.510+0800][1474.015s] GC(15) Pause Young (Mixed) (G1 Evacuation Pause) 452M->379M(512M) 2.143ms
[2023-02-14T14:47:03.510+0800][1474.016s] GC(15) User=0.00s Sys=0.00s Real=0.00s
[2023-02-14T14:47:03.605+0800][1474.110s] GC(16) Pause Young (Mixed) (G1 Evacuation Pause)
[2023-02-14T14:47:03.605+0800][1474.110s] GC(16) Using 8 workers of 8 for evacuation
[2023-02-14T14:47:03.606+0800][1474.111s] GC(16)   Pre Evacuate Collection Set: 0.1ms
[2023-02-14T14:47:03.606+0800][1474.111s] GC(16)   Merge Heap Roots: 0.0ms
[2023-02-14T14:47:03.606+0800][1474.111s] GC(16)   Evacuate Collection Set: 0.8ms
[2023-02-14T14:47:03.606+0800][1474.111s] GC(16)   Post Evacuate Collection Set: 0.3ms
[2023-02-14T14:47:03.606+0800][1474.111s] GC(16)   Other: 0.1ms
[2023-02-14T14:47:03.606+0800][1474.112s] GC(16) Eden regions: 22->0(24)
[2023-02-14T14:47:03.606+0800][1474.112s] GC(16) Survivor regions: 3->1(4)
[2023-02-14T14:47:03.606+0800][1474.112s] GC(16) Old regions: 336->286
[2023-02-14T14:47:03.606+0800][1474.112s] GC(16) Archive regions: 0->0
[2023-02-14T14:47:03.606+0800][1474.112s] GC(16) Humongous regions: 42->42
[2023-02-14T14:47:03.606+0800][1474.112s] GC(16) Metaspace: 52573K(53184K)->52573K(53184K) NonClass: 46515K(46784K)->46515K(46784K) Class: 6057K(6400K)->6057K(6400K)
[2023-02-14T14:47:03.606+0800][1474.112s] GC(16) Pause Young (Mixed) (G1 Evacuation Pause) 401M->328M(512M) 1.456ms
[2023-02-14T14:47:03.606+0800][1474.112s] GC(16) User=0.00s Sys=0.00s Real=0.00s
[2023-02-14T14:47:03.669+0800][1474.174s] GC(17) Pause Young (Mixed) (G1 Evacuation Pause)
[2023-02-14T14:47:03.669+0800][1474.175s] GC(17) Using 8 workers of 8 for evacuation
[2023-02-14T14:47:03.670+0800][1474.176s] GC(17)   Pre Evacuate Collection Set: 0.1ms
[2023-02-14T14:47:03.670+0800][1474.176s] GC(17)   Merge Heap Roots: 0.0ms
[2023-02-14T14:47:03.670+0800][1474.176s] GC(17)   Evacuate Collection Set: 1.0ms
[2023-02-14T14:47:03.670+0800][1474.176s] GC(17)   Post Evacuate Collection Set: 0.3ms
[2023-02-14T14:47:03.670+0800][1474.176s] GC(17)   Other: 0.1ms
[2023-02-14T14:47:03.671+0800][1474.176s] GC(17) Eden regions: 24->0(24)
[2023-02-14T14:47:03.671+0800][1474.176s] GC(17) Survivor regions: 1->1(4)
[2023-02-14T14:47:03.671+0800][1474.176s] GC(17) Old regions: 286->234
[2023-02-14T14:47:03.671+0800][1474.176s] GC(17) Archive regions: 0->0
[2023-02-14T14:47:03.671+0800][1474.176s] GC(17) Humongous regions: 42->42
[2023-02-14T14:47:03.671+0800][1474.176s] GC(17) Metaspace: 52586K(53184K)->52586K(53184K) NonClass: 46528K(46784K)->46528K(46784K) Class: 6057K(6400K)->6057K(6400K)
[2023-02-14T14:47:03.671+0800][1474.176s] GC(17) Pause Young (Mixed) (G1 Evacuation Pause) 352M->276M(512M) 1.650ms
[2023-02-14T14:47:03.671+0800][1474.176s] GC(17) User=0.00s Sys=0.00s Real=0.00s
[2023-02-14T14:47:03.719+0800][1474.225s] GC(18) Pause Young (Mixed) (G1 Evacuation Pause)
[2023-02-14T14:47:03.719+0800][1474.225s] GC(18) Using 8 workers of 8 for evacuation
[2023-02-14T14:47:03.721+0800][1474.227s] GC(18)   Pre Evacuate Collection Set: 0.1ms
[2023-02-14T14:47:03.721+0800][1474.227s] GC(18)   Merge Heap Roots: 0.0ms
[2023-02-14T14:47:03.721+0800][1474.227s] GC(18)   Evacuate Collection Set: 1.3ms
[2023-02-14T14:47:03.721+0800][1474.227s] GC(18)   Post Evacuate Collection Set: 0.3ms
[2023-02-14T14:47:03.721+0800][1474.227s] GC(18)   Other: 0.2ms
[2023-02-14T14:47:03.721+0800][1474.227s] GC(18) Eden regions: 24->0(24)
[2023-02-14T14:47:03.721+0800][1474.227s] GC(18) Survivor regions: 1->1(4)
[2023-02-14T14:47:03.721+0800][1474.227s] GC(18) Old regions: 234->184
[2023-02-14T14:47:03.721+0800][1474.227s] GC(18) Archive regions: 0->0
[2023-02-14T14:47:03.721+0800][1474.227s] GC(18) Humongous regions: 42->42
[2023-02-14T14:47:03.721+0800][1474.227s] GC(18) Metaspace: 52596K(53248K)->52596K(53248K) NonClass: 46538K(46848K)->46538K(46848K) Class: 6057K(6400K)->6057K(6400K)
[2023-02-14T14:47:03.721+0800][1474.227s] GC(18) Pause Young (Mixed) (G1 Evacuation Pause) 300M->226M(512M) 2.083ms
[2023-02-14T14:47:03.721+0800][1474.227s] GC(18) User=0.00s Sys=0.00s Real=0.00s
[2023-02-14T14:47:03.766+0800][1474.271s] GC(19) Pause Young (Mixed) (G1 Evacuation Pause)
[2023-02-14T14:47:03.766+0800][1474.271s] GC(19) Using 8 workers of 8 for evacuation
[2023-02-14T14:47:03.768+0800][1474.273s] GC(19)   Pre Evacuate Collection Set: 0.1ms
[2023-02-14T14:47:03.768+0800][1474.273s] GC(19)   Merge Heap Roots: 0.0ms
[2023-02-14T14:47:03.768+0800][1474.273s] GC(19)   Evacuate Collection Set: 0.9ms
[2023-02-14T14:47:03.768+0800][1474.273s] GC(19)   Post Evacuate Collection Set: 0.3ms
[2023-02-14T14:47:03.768+0800][1474.273s] GC(19)   Other: 0.2ms
[2023-02-14T14:47:03.768+0800][1474.273s] GC(19) Eden regions: 24->0(243)
[2023-02-14T14:47:03.768+0800][1474.273s] GC(19) Survivor regions: 1->1(4)
[2023-02-14T14:47:03.768+0800][1474.273s] GC(19) Old regions: 184->135
[2023-02-14T14:47:03.768+0800][1474.273s] GC(19) Archive regions: 0->0
[2023-02-14T14:47:03.768+0800][1474.273s] GC(19) Humongous regions: 42->42
[2023-02-14T14:47:03.768+0800][1474.273s] GC(19) Metaspace: 52602K(53248K)->52602K(53248K) NonClass: 46544K(46848K)->46544K(46848K) Class: 6057K(6400K)->6057K(6400K)
[2023-02-14T14:47:03.768+0800][1474.273s] GC(19) Pause Young (Mixed) (G1 Evacuation Pause) 250M->177M(512M) 1.643ms
[2023-02-14T14:47:03.768+0800][1474.273s] GC(19) User=0.00s Sys=0.00s Real=0.00s
[2023-02-14T14:47:04.333+0800][1474.838s] GC(20) Pause Young (Normal) (G1 Evacuation Pause)
[2023-02-14T14:47:04.333+0800][1474.838s] GC(20) Using 8 workers of 8 for evacuation
[2023-02-14T14:47:04.333+0800][1474.839s] GC(20)   Pre Evacuate Collection Set: 0.0ms
[2023-02-14T14:47:04.333+0800][1474.839s] GC(20)   Merge Heap Roots: 0.0ms
[2023-02-14T14:47:04.333+0800][1474.839s] GC(20)   Evacuate Collection Set: 0.4ms
[2023-02-14T14:47:04.333+0800][1474.839s] GC(20)   Post Evacuate Collection Set: 0.2ms
[2023-02-14T14:47:04.333+0800][1474.839s] GC(20)   Other: 0.1ms
[2023-02-14T14:47:04.333+0800][1474.839s] GC(20) Eden regions: 243->0(249)
[2023-02-14T14:47:04.333+0800][1474.839s] GC(20) Survivor regions: 1->2(31)
[2023-02-14T14:47:04.333+0800][1474.839s] GC(20) Old regions: 135->135
[2023-02-14T14:47:04.333+0800][1474.839s] GC(20) Archive regions: 0->0
[2023-02-14T14:47:04.333+0800][1474.839s] GC(20) Humongous regions: 42->42
[2023-02-14T14:47:04.333+0800][1474.839s] GC(20) Metaspace: 52606K(53248K)->52606K(53248K) NonClass: 46549K(46848K)->46549K(46848K) Class: 6057K(6400K)->6057K(6400K)
[2023-02-14T14:47:04.334+0800][1474.839s] GC(20) Pause Young (Normal) (G1 Evacuation Pause) 420M->177M(512M) 0.936ms
[2023-02-14T14:47:04.334+0800][1474.839s] GC(20) User=0.00s Sys=0.00s Real=0.00s
[2023-02-14T14:47:04.760+0800][1475.265s] GC(21) Pause Young (Normal) (G1 Evacuation Pause)
[2023-02-14T14:47:04.760+0800][1475.265s] GC(21) Using 8 workers of 8 for evacuation
[2023-02-14T14:47:04.761+0800][1475.266s] GC(21)   Pre Evacuate Collection Set: 0.1ms
[2023-02-14T14:47:04.761+0800][1475.266s] GC(21)   Merge Heap Roots: 0.1ms
[2023-02-14T14:47:04.761+0800][1475.266s] GC(21)   Evacuate Collection Set: 0.5ms
[2023-02-14T14:47:04.761+0800][1475.266s] GC(21)   Post Evacuate Collection Set: 0.6ms
[2023-02-14T14:47:04.761+0800][1475.266s] GC(21)   Other: 0.1ms
[2023-02-14T14:47:04.761+0800][1475.266s] GC(21) Eden regions: 249->0(255)
[2023-02-14T14:47:04.761+0800][1475.266s] GC(21) Survivor regions: 2->2(32)
[2023-02-14T14:47:04.761+0800][1475.266s] GC(21) Old regions: 135->135
[2023-02-14T14:47:04.761+0800][1475.266s] GC(21) Archive regions: 0->0
[2023-02-14T14:47:04.761+0800][1475.266s] GC(21) Humongous regions: 42->42
[2023-02-14T14:47:04.761+0800][1475.267s] GC(21) Metaspace: 52606K(53248K)->52606K(53248K) NonClass: 46549K(46848K)->46549K(46848K) Class: 6057K(6400K)->6057K(6400K)
[2023-02-14T14:47:04.761+0800][1475.267s] GC(21) Pause Young (Normal) (G1 Evacuation Pause) 426M->177M(512M) 1.434ms
[2023-02-14T14:47:04.761+0800][1475.267s] GC(21) User=0.00s Sys=0.00s Real=0.00s
[2023-02-14T14:47:05.334+0800][1475.839s] GC(22) Pause Young (Normal) (G1 Evacuation Pause)
[2023-02-14T14:47:05.334+0800][1475.839s] GC(22) Using 8 workers of 8 for evacuation
[2023-02-14T14:47:05.336+0800][1475.841s] GC(22)   Pre Evacuate Collection Set: 0.1ms
[2023-02-14T14:47:05.336+0800][1475.841s] GC(22)   Merge Heap Roots: 0.1ms
[2023-02-14T14:47:05.336+0800][1475.841s] GC(22)   Evacuate Collection Set: 1.0ms
[2023-02-14T14:47:05.336+0800][1475.841s] GC(22)   Post Evacuate Collection Set: 0.4ms
[2023-02-14T14:47:05.336+0800][1475.841s] GC(22)   Other: 0.3ms
[2023-02-14T14:47:05.336+0800][1475.841s] GC(22) Eden regions: 255->0(253)
[2023-02-14T14:47:05.336+0800][1475.841s] GC(22) Survivor regions: 2->5(33)
[2023-02-14T14:47:05.336+0800][1475.841s] GC(22) Old regions: 135->135
[2023-02-14T14:47:05.336+0800][1475.841s] GC(22) Archive regions: 0->0
[2023-02-14T14:47:05.336+0800][1475.841s] GC(22) Humongous regions: 43->43
[2023-02-14T14:47:05.336+0800][1475.841s] GC(22) Metaspace: 52693K(53312K)->52693K(53312K) NonClass: 46627K(46912K)->46627K(46912K) Class: 6066K(6400K)->6066K(6400K)
[2023-02-14T14:47:05.336+0800][1475.841s] GC(22) Pause Young (Normal) (G1 Evacuation Pause) 433M->181M(512M) 1.874ms
[2023-02-14T14:47:05.336+0800][1475.841s] GC(22) User=0.00s Sys=0.00s Real=0.00s
[2023-02-14T14:47:05.822+0800][1476.327s] GC(23) Pause Young (Concurrent Start) (G1 Humongous Allocation)
[2023-02-14T14:47:05.822+0800][1476.327s] GC(23) Using 8 workers of 8 for evacuation
[2023-02-14T14:47:05.826+0800][1476.331s] GC(23)   Pre Evacuate Collection Set: 0.1ms
[2023-02-14T14:47:05.826+0800][1476.331s] GC(23)   Merge Heap Roots: 0.2ms
[2023-02-14T14:47:05.826+0800][1476.331s] GC(23)   Evacuate Collection Set: 2.8ms
[2023-02-14T14:47:05.826+0800][1476.331s] GC(23)   Post Evacuate Collection Set: 0.4ms
[2023-02-14T14:47:05.826+0800][1476.331s] GC(23)   Other: 0.1ms
[2023-02-14T14:47:05.826+0800][1476.331s] GC(23) Eden regions: 148->0(218)
[2023-02-14T14:47:05.826+0800][1476.331s] GC(23) Survivor regions: 5->16(33)
[2023-02-14T14:47:05.826+0800][1476.331s] GC(23) Old regions: 135->135
[2023-02-14T14:47:05.826+0800][1476.331s] GC(23) Archive regions: 0->0
[2023-02-14T14:47:05.826+0800][1476.331s] GC(23) Humongous regions: 96->58
[2023-02-14T14:47:05.826+0800][1476.331s] GC(23) Metaspace: 52694K(53312K)->52694K(53312K) NonClass: 46627K(46912K)->46627K(46912K) Class: 6066K(6400K)->6066K(6400K)
[2023-02-14T14:47:05.826+0800][1476.331s] GC(23) Pause Young (Concurrent Start) (G1 Humongous Allocation) 382M->207M(512M) 3.820ms
[2023-02-14T14:47:05.826+0800][1476.331s] GC(23) User=0.00s Sys=0.00s Real=0.00s
[2023-02-14T14:47:05.826+0800][1476.331s] GC(24) Concurrent Undo Cycle
[2023-02-14T14:47:05.826+0800][1476.331s] GC(24) Concurrent Cleanup for Next Mark
[2023-02-14T14:47:05.827+0800][1476.332s] GC(24) Concurrent Cleanup for Next Mark 0.842ms
[2023-02-14T14:47:05.827+0800][1476.332s] GC(24) Concurrent Undo Cycle 0.915ms
[2023-02-14T14:47:06.033+0800][1476.538s] GC(25) Pause Young (Concurrent Start) (G1 Humongous Allocation)
[2023-02-14T14:47:06.033+0800][1476.538s] GC(25) Using 8 workers of 8 for evacuation
[2023-02-14T14:47:06.038+0800][1476.543s] GC(25)   Pre Evacuate Collection Set: 0.2ms
[2023-02-14T14:47:06.038+0800][1476.543s] GC(25)   Merge Heap Roots: 0.1ms
[2023-02-14T14:47:06.038+0800][1476.543s] GC(25)   Evacuate Collection Set: 3.4ms
[2023-02-14T14:47:06.038+0800][1476.543s] GC(25)   Post Evacuate Collection Set: 0.7ms
[2023-02-14T14:47:06.038+0800][1476.543s] GC(25)   Other: 0.1ms
[2023-02-14T14:47:06.038+0800][1476.543s] GC(25) Eden regions: 52->0(198)
[2023-02-14T14:47:06.038+0800][1476.543s] GC(25) Survivor regions: 16->21(30)
[2023-02-14T14:47:06.038+0800][1476.543s] GC(25) Old regions: 135->135
[2023-02-14T14:47:06.038+0800][1476.543s] GC(25) Archive regions: 0->0
[2023-02-14T14:47:06.038+0800][1476.543s] GC(25) Humongous regions: 95->71
[2023-02-14T14:47:06.038+0800][1476.543s] GC(25) Metaspace: 52694K(53312K)->52694K(53312K) NonClass: 46628K(46912K)->46628K(46912K) Class: 6066K(6400K)->6066K(6400K)
[2023-02-14T14:47:06.038+0800][1476.543s] GC(25) Pause Young (Concurrent Start) (G1 Humongous Allocation) 295M->225M(512M) 4.640ms
[2023-02-14T14:47:06.038+0800][1476.543s] GC(25) User=0.12s Sys=0.00s Real=0.01s
[2023-02-14T14:47:06.038+0800][1476.543s] GC(26) Concurrent Undo Cycle
[2023-02-14T14:47:06.038+0800][1476.543s] GC(26) Concurrent Cleanup for Next Mark
[2023-02-14T14:47:06.039+0800][1476.544s] GC(26) Concurrent Cleanup for Next Mark 0.747ms
[2023-02-14T14:47:06.039+0800][1476.544s] GC(26) Concurrent Undo Cycle 0.821ms
[2023-02-14T14:47:06.271+0800][1476.777s] GC(27) Pause Young (Concurrent Start) (G1 Humongous Allocation)
[2023-02-14T14:47:06.271+0800][1476.777s] GC(27) Using 8 workers of 8 for evacuation
[2023-02-14T14:47:06.277+0800][1476.782s] GC(27)   Pre Evacuate Collection Set: 0.2ms
[2023-02-14T14:47:06.277+0800][1476.782s] GC(27)   Merge Heap Roots: 0.1ms
[2023-02-14T14:47:06.277+0800][1476.782s] GC(27)   Evacuate Collection Set: 4.3ms
[2023-02-14T14:47:06.277+0800][1476.782s] GC(27)   Post Evacuate Collection Set: 0.6ms
[2023-02-14T14:47:06.277+0800][1476.782s] GC(27)   Other: 0.1ms
[2023-02-14T14:47:06.277+0800][1476.782s] GC(27) Eden regions: 61->0(197)
[2023-02-14T14:47:06.277+0800][1476.782s] GC(27) Survivor regions: 21->12(28)
[2023-02-14T14:47:06.277+0800][1476.782s] GC(27) Old regions: 135->149
[2023-02-14T14:47:06.277+0800][1476.782s] GC(27) Archive regions: 0->0
[2023-02-14T14:47:06.277+0800][1476.782s] GC(27) Humongous regions: 95->67
[2023-02-14T14:47:06.277+0800][1476.782s] GC(27) Metaspace: 52694K(53312K)->52694K(53312K) NonClass: 46628K(46912K)->46628K(46912K) Class: 6066K(6400K)->6066K(6400K)
[2023-02-14T14:47:06.277+0800][1476.782s] GC(27) Pause Young (Concurrent Start) (G1 Humongous Allocation) 309M->226M(512M) 5.459ms
[2023-02-14T14:47:06.277+0800][1476.782s] GC(27) User=0.00s Sys=0.00s Real=0.01s
[2023-02-14T14:47:06.277+0800][1476.782s] GC(28) Concurrent Undo Cycle
[2023-02-14T14:47:06.277+0800][1476.782s] GC(28) Concurrent Cleanup for Next Mark
[2023-02-14T14:47:06.278+0800][1476.783s] GC(28) Concurrent Cleanup for Next Mark 0.907ms
[2023-02-14T14:47:06.278+0800][1476.783s] GC(28) Concurrent Undo Cycle 1.004ms
[2023-02-14T14:47:07.295+0800][1477.800s] GC(29) Pause Young (Normal) (G1 Evacuation Pause)
[2023-02-14T14:47:07.295+0800][1477.800s] GC(29) Using 8 workers of 8 for evacuation
[2023-02-14T14:47:07.298+0800][1477.804s] GC(29)   Pre Evacuate Collection Set: 0.1ms
[2023-02-14T14:47:07.298+0800][1477.804s] GC(29)   Merge Heap Roots: 0.1ms
[2023-02-14T14:47:07.298+0800][1477.804s] GC(29)   Evacuate Collection Set: 2.3ms
[2023-02-14T14:47:07.298+0800][1477.804s] GC(29)   Post Evacuate Collection Set: 0.8ms
[2023-02-14T14:47:07.298+0800][1477.804s] GC(29)   Other: 0.2ms
[2023-02-14T14:47:07.298+0800][1477.804s] GC(29) Eden regions: 197->0(203)
[2023-02-14T14:47:07.298+0800][1477.804s] GC(29) Survivor regions: 12->14(27)
[2023-02-14T14:47:07.298+0800][1477.804s] GC(29) Old regions: 149->149
[2023-02-14T14:47:07.298+0800][1477.804s] GC(29) Archive regions: 0->0
[2023-02-14T14:47:07.298+0800][1477.804s] GC(29) Humongous regions: 75->61
[2023-02-14T14:47:07.298+0800][1477.804s] GC(29) Metaspace: 52741K(53312K)->52741K(53312K) NonClass: 46672K(46912K)->46672K(46912K) Class: 6068K(6400K)->6068K(6400K)
[2023-02-14T14:47:07.298+0800][1477.804s] GC(29) Pause Young (Normal) (G1 Evacuation Pause) 431M->222M(512M) 3.534ms
[2023-02-14T14:47:07.298+0800][1477.804s] GC(29) User=0.00s Sys=0.00s Real=0.00s
[2023-02-14T14:47:08.085+0800][1478.590s] GC(30) Pause Young (Normal) (G1 Evacuation Pause)
[2023-02-14T14:47:08.085+0800][1478.591s] GC(30) Using 8 workers of 8 for evacuation
[2023-02-14T14:47:08.088+0800][1478.594s] GC(30)   Pre Evacuate Collection Set: 0.2ms
[2023-02-14T14:47:08.088+0800][1478.594s] GC(30)   Merge Heap Roots: 0.1ms
[2023-02-14T14:47:08.088+0800][1478.594s] GC(30)   Evacuate Collection Set: 2.1ms
[2023-02-14T14:47:08.088+0800][1478.594s] GC(30)   Post Evacuate Collection Set: 0.6ms
[2023-02-14T14:47:08.088+0800][1478.594s] GC(30)   Other: 0.1ms
[2023-02-14T14:47:08.088+0800][1478.594s] GC(30) Eden regions: 203->0(208)
[2023-02-14T14:47:08.088+0800][1478.594s] GC(30) Survivor regions: 14->14(28)
[2023-02-14T14:47:08.088+0800][1478.594s] GC(30) Old regions: 149->149
[2023-02-14T14:47:08.088+0800][1478.594s] GC(30) Archive regions: 0->0
[2023-02-14T14:47:08.088+0800][1478.594s] GC(30) Humongous regions: 61->61
[2023-02-14T14:47:08.088+0800][1478.594s] GC(30) Metaspace: 52741K(53312K)->52741K(53312K) NonClass: 46673K(46912K)->46673K(46912K) Class: 6068K(6400K)->6068K(6400K)
[2023-02-14T14:47:08.088+0800][1478.594s] GC(30) Pause Young (Normal) (G1 Evacuation Pause) 425M->222M(512M) 3.228ms
[2023-02-14T14:47:08.088+0800][1478.594s] GC(30) User=0.00s Sys=0.00s Real=0.00s
[2023-02-14T14:47:10.089+0800][1480.595s] GC(31) Pause Young (Normal) (G1 Evacuation Pause)
[2023-02-14T14:47:10.089+0800][1480.595s] GC(31) Using 8 workers of 8 for evacuation
[2023-02-14T14:47:10.093+0800][1480.599s] GC(31)   Pre Evacuate Collection Set: 0.1ms
[2023-02-14T14:47:10.093+0800][1480.599s] GC(31)   Merge Heap Roots: 0.1ms
[2023-02-14T14:47:10.093+0800][1480.599s] GC(31)   Evacuate Collection Set: 2.7ms
[2023-02-14T14:47:10.093+0800][1480.599s] GC(31)   Post Evacuate Collection Set: 0.5ms
[2023-02-14T14:47:10.093+0800][1480.599s] GC(31)   Other: 0.2ms
[2023-02-14T14:47:10.093+0800][1480.599s] GC(31) Eden regions: 208->0(211)
[2023-02-14T14:47:10.093+0800][1480.599s] GC(31) Survivor regions: 14->15(28)
[2023-02-14T14:47:10.093+0800][1480.599s] GC(31) Old regions: 149->149
[2023-02-14T14:47:10.093+0800][1480.599s] GC(31) Archive regions: 0->0
[2023-02-14T14:47:10.093+0800][1480.599s] GC(31) Humongous regions: 61->61
[2023-02-14T14:47:10.093+0800][1480.599s] GC(31) Metaspace: 52857K(53376K)->52857K(53376K) NonClass: 46777K(46976K)->46777K(46976K) Class: 6079K(6400K)->6079K(6400K)
[2023-02-14T14:47:10.093+0800][1480.599s] GC(31) Pause Young (Normal) (G1 Evacuation Pause) 430M->224M(512M) 3.743ms
[2023-02-14T14:47:10.093+0800][1480.599s] GC(31) User=0.00s Sys=0.00s Real=0.00s
[2023-02-14T14:47:14.807+0800][1485.312s] GC(32) Pause Young (Normal) (G1 Evacuation Pause)
[2023-02-14T14:47:14.807+0800][1485.312s] GC(32) Using 8 workers of 8 for evacuation
[2023-02-14T14:47:14.813+0800][1485.318s] GC(32)   Pre Evacuate Collection Set: 0.1ms
[2023-02-14T14:47:14.813+0800][1485.318s] GC(32)   Merge Heap Roots: 0.1ms
[2023-02-14T14:47:14.813+0800][1485.318s] GC(32)   Evacuate Collection Set: 4.6ms
[2023-02-14T14:47:14.813+0800][1485.318s] GC(32)   Post Evacuate Collection Set: 0.6ms
[2023-02-14T14:47:14.813+0800][1485.318s] GC(32)   Other: 0.1ms
[2023-02-14T14:47:14.813+0800][1485.318s] GC(32) Eden regions: 211->0(205)
[2023-02-14T14:47:14.813+0800][1485.318s] GC(32) Survivor regions: 15->17(29)
[2023-02-14T14:47:14.813+0800][1485.318s] GC(32) Old regions: 149->153
[2023-02-14T14:47:14.813+0800][1485.318s] GC(32) Archive regions: 0->0
[2023-02-14T14:47:14.813+0800][1485.318s] GC(32) Humongous regions: 61->61
[2023-02-14T14:47:14.813+0800][1485.318s] GC(32) Metaspace: 52953K(53504K)->52953K(53504K) NonClass: 46869K(47104K)->46869K(47104K) Class: 6084K(6400K)->6084K(6400K)
[2023-02-14T14:47:14.813+0800][1485.318s] GC(32) Pause Young (Normal) (G1 Evacuation Pause) 435M->230M(512M) 5.637ms
[2023-02-14T14:47:14.813+0800][1485.318s] GC(32) User=0.00s Sys=0.00s Real=0.01s
[2023-02-14T14:47:15.401+0800][1485.907s] GC(33) Pause Young (Normal) (G1 Evacuation Pause)
[2023-02-14T14:47:15.401+0800][1485.907s] GC(33) Using 8 workers of 8 for evacuation
[2023-02-14T14:47:15.406+0800][1485.912s] GC(33)   Pre Evacuate Collection Set: 0.1ms
[2023-02-14T14:47:15.406+0800][1485.912s] GC(33)   Merge Heap Roots: 0.1ms
[2023-02-14T14:47:15.406+0800][1485.912s] GC(33)   Evacuate Collection Set: 3.6ms
[2023-02-14T14:47:15.406+0800][1485.912s] GC(33)   Post Evacuate Collection Set: 0.6ms
[2023-02-14T14:47:15.406+0800][1485.912s] GC(33)   Other: 0.1ms
[2023-02-14T14:47:15.406+0800][1485.912s] GC(33) Eden regions: 205->0(206)
[2023-02-14T14:47:15.406+0800][1485.912s] GC(33) Survivor regions: 17->11(28)
[2023-02-14T14:47:15.406+0800][1485.912s] GC(33) Old regions: 153->159
[2023-02-14T14:47:15.406+0800][1485.912s] GC(33) Archive regions: 0->0
[2023-02-14T14:47:15.406+0800][1485.912s] GC(33) Humongous regions: 63->61
[2023-02-14T14:47:15.406+0800][1485.912s] GC(33) Metaspace: 53054K(53568K)->53054K(53568K) NonClass: 46968K(47168K)->46968K(47168K) Class: 6085K(6400K)->6085K(6400K)
[2023-02-14T14:47:15.406+0800][1485.912s] GC(33) Pause Young (Normal) (G1 Evacuation Pause) 437M->230M(512M) 4.662ms
[2023-02-14T14:47:15.406+0800][1485.912s] GC(33) User=0.00s Sys=0.00s Real=0.00s
[2023-02-14T14:47:17.321+0800][1487.827s] GC(34) Pause Young (Normal) (G1 Evacuation Pause)
[2023-02-14T14:47:17.321+0800][1487.827s] GC(34) Using 8 workers of 8 for evacuation
[2023-02-14T14:47:17.324+0800][1487.830s] GC(34)   Pre Evacuate Collection Set: 0.1ms
[2023-02-14T14:47:17.324+0800][1487.830s] GC(34)   Merge Heap Roots: 0.1ms
[2023-02-14T14:47:17.324+0800][1487.830s] GC(34)   Evacuate Collection Set: 2.7ms
[2023-02-14T14:47:17.324+0800][1487.830s] GC(34)   Post Evacuate Collection Set: 0.6ms
[2023-02-14T14:47:17.324+0800][1487.830s] GC(34)   Other: 0.2ms
[2023-02-14T14:47:17.324+0800][1487.830s] GC(34) Eden regions: 206->0(211)
[2023-02-14T14:47:17.324+0800][1487.830s] GC(34) Survivor regions: 11->9(28)
[2023-02-14T14:47:17.324+0800][1487.830s] GC(34) Old regions: 159->159
[2023-02-14T14:47:17.324+0800][1487.830s] GC(34) Archive regions: 0->0
[2023-02-14T14:47:17.324+0800][1487.830s] GC(34) Humongous regions: 63->61
[2023-02-14T14:47:17.324+0800][1487.830s] GC(34) Metaspace: 53131K(53632K)->53131K(53632K) NonClass: 47044K(47232K)->47044K(47232K) Class: 6087K(6400K)->6087K(6400K)
[2023-02-14T14:47:17.324+0800][1487.830s] GC(34) Pause Young (Normal) (G1 Evacuation Pause) 438M->228M(512M) 3.870ms
[2023-02-14T14:47:17.324+0800][1487.831s] GC(34) User=0.00s Sys=0.00s Real=0.00s
[2023-02-14T14:47:17.882+0800][1488.388s] GC(35) Pause Young (Normal) (G1 Evacuation Pause)
[2023-02-14T14:47:17.882+0800][1488.388s] GC(35) Using 8 workers of 8 for evacuation
[2023-02-14T14:47:17.889+0800][1488.394s] GC(35)   Pre Evacuate Collection Set: 0.1ms
[2023-02-14T14:47:17.889+0800][1488.394s] GC(35)   Merge Heap Roots: 0.1ms
[2023-02-14T14:47:17.889+0800][1488.394s] GC(35)   Evacuate Collection Set: 5.5ms
[2023-02-14T14:47:17.889+0800][1488.394s] GC(35)   Post Evacuate Collection Set: 0.7ms
[2023-02-14T14:47:17.889+0800][1488.394s] GC(35)   Other: 0.1ms
[2023-02-14T14:47:17.889+0800][1488.394s] GC(35) Eden regions: 211->0(204)
[2023-02-14T14:47:17.889+0800][1488.394s] GC(35) Survivor regions: 9->16(28)
[2023-02-14T14:47:17.889+0800][1488.394s] GC(35) Old regions: 159->159
[2023-02-14T14:47:17.889+0800][1488.394s] GC(35) Archive regions: 0->0
[2023-02-14T14:47:17.889+0800][1488.394s] GC(35) Humongous regions: 61->61
[2023-02-14T14:47:17.889+0800][1488.394s] GC(35) Metaspace: 53254K(53760K)->53254K(53760K) NonClass: 47162K(47360K)->47162K(47360K) Class: 6091K(6400K)->6091K(6400K)
[2023-02-14T14:47:17.889+0800][1488.394s] GC(35) Pause Young (Normal) (G1 Evacuation Pause) 439M->235M(512M) 6.622ms
[2023-02-14T14:47:17.889+0800][1488.394s] GC(35) User=0.00s Sys=0.00s Real=0.01s
[2023-02-14T14:50:17.260+0800][1667.765s] GC(36) Pause Young (Normal) (G1 Evacuation Pause)
[2023-02-14T14:50:17.260+0800][1667.765s] GC(36) Using 8 workers of 8 for evacuation
[2023-02-14T14:50:17.266+0800][1667.771s] GC(36)   Pre Evacuate Collection Set: 0.1ms
[2023-02-14T14:50:17.266+0800][1667.771s] GC(36)   Merge Heap Roots: 0.1ms
[2023-02-14T14:50:17.266+0800][1667.771s] GC(36)   Evacuate Collection Set: 5.4ms
[2023-02-14T14:50:17.266+0800][1667.771s] GC(36)   Post Evacuate Collection Set: 0.7ms
[2023-02-14T14:50:17.266+0800][1667.771s] GC(36)   Other: 0.1ms
[2023-02-14T14:50:17.266+0800][1667.772s] GC(36) Eden regions: 204->0(203)
[2023-02-14T14:50:17.266+0800][1667.772s] GC(36) Survivor regions: 16->17(28)
[2023-02-14T14:50:17.266+0800][1667.772s] GC(36) Old regions: 159->161
[2023-02-14T14:50:17.266+0800][1667.772s] GC(36) Archive regions: 0->0
[2023-02-14T14:50:17.266+0800][1667.772s] GC(36) Humongous regions: 61->61
[2023-02-14T14:50:17.266+0800][1667.772s] GC(36) Metaspace: 53835K(54272K)->53835K(54272K) NonClass: 47679K(47872K)->47679K(47872K) Class: 6156K(6400K)->6156K(6400K)
[2023-02-14T14:50:17.266+0800][1667.772s] GC(36) Pause Young (Normal) (G1 Evacuation Pause) 439M->238M(512M) 6.627ms
[2023-02-14T14:50:17.266+0800][1667.772s] GC(36) User=0.00s Sys=0.00s Real=0.01s
[2023-02-14T14:50:18.213+0800][1668.719s] GC(37) Pause Young (Normal) (G1 Evacuation Pause)
[2023-02-14T14:50:18.213+0800][1668.719s] GC(37) Using 8 workers of 8 for evacuation
[2023-02-14T14:50:18.220+0800][1668.725s] GC(37)   Pre Evacuate Collection Set: 0.2ms
[2023-02-14T14:50:18.220+0800][1668.725s] GC(37)   Merge Heap Roots: 0.1ms
[2023-02-14T14:50:18.220+0800][1668.725s] GC(37)   Evacuate Collection Set: 5.7ms
[2023-02-14T14:50:18.220+0800][1668.725s] GC(37)   Post Evacuate Collection Set: 0.7ms
[2023-02-14T14:50:18.220+0800][1668.725s] GC(37)   Other: 0.1ms
[2023-02-14T14:50:18.220+0800][1668.725s] GC(37) Eden regions: 203->0(197)
[2023-02-14T14:50:18.220+0800][1668.726s] GC(37) Survivor regions: 17->19(28)
[2023-02-14T14:50:18.220+0800][1668.726s] GC(37) Old regions: 161->164
[2023-02-14T14:50:18.220+0800][1668.726s] GC(37) Archive regions: 0->0
[2023-02-14T14:50:18.220+0800][1668.726s] GC(37) Humongous regions: 61->61
[2023-02-14T14:50:18.220+0800][1668.726s] GC(37) Metaspace: 53855K(54336K)->53855K(54336K) NonClass: 47699K(47936K)->47699K(47936K) Class: 6156K(6400K)->6156K(6400K)
[2023-02-14T14:50:18.220+0800][1668.726s] GC(37) Pause Young (Normal) (G1 Evacuation Pause) 441M->243M(512M) 7.047ms
[2023-02-14T14:50:18.220+0800][1668.726s] GC(37) User=0.00s Sys=0.00s Real=0.01s
[2023-02-14T15:08:50.857+0800][2781.362s] GC(38) Pause Young (Normal) (G1 Evacuation Pause)
[2023-02-14T15:08:50.857+0800][2781.362s] GC(38) Using 8 workers of 8 for evacuation
[2023-02-14T15:08:50.865+0800][2781.370s] GC(38)   Pre Evacuate Collection Set: 0.2ms
[2023-02-14T15:08:50.865+0800][2781.370s] GC(38)   Merge Heap Roots: 0.1ms
[2023-02-14T15:08:50.865+0800][2781.370s] GC(38)   Evacuate Collection Set: 6.4ms
[2023-02-14T15:08:50.865+0800][2781.370s] GC(38)   Post Evacuate Collection Set: 1.1ms
[2023-02-14T15:08:50.865+0800][2781.370s] GC(38)   Other: 0.2ms
[2023-02-14T15:08:50.865+0800][2781.370s] GC(38) Eden regions: 197->0(176)
[2023-02-14T15:08:50.865+0800][2781.370s] GC(38) Survivor regions: 19->21(27)
[2023-02-14T15:08:50.865+0800][2781.370s] GC(38) Old regions: 164->173
[2023-02-14T15:08:50.865+0800][2781.370s] GC(38) Archive regions: 0->0
[2023-02-14T15:08:50.865+0800][2781.370s] GC(38) Humongous regions: 67->65
[2023-02-14T15:08:50.865+0800][2781.370s] GC(38) Metaspace: 54520K(54976K)->54520K(54976K) NonClass: 48345K(48576K)->48345K(48576K) Class: 6174K(6400K)->6174K(6400K)
[2023-02-14T15:08:50.865+0800][2781.370s] GC(38) Pause Young (Normal) (G1 Evacuation Pause) 446M->258M(512M) 8.102ms
[2023-02-14T15:08:50.865+0800][2781.370s] GC(38) User=0.02s Sys=0.00s Real=0.01s
[2023-02-14T15:08:51.016+0800][2781.522s] GC(39) Pause Young (Concurrent Start) (G1 Humongous Allocation)
[2023-02-14T15:08:51.016+0800][2781.522s] GC(39) Using 8 workers of 8 for evacuation
[2023-02-14T15:08:51.022+0800][2781.528s] GC(39)   Pre Evacuate Collection Set: 0.2ms
[2023-02-14T15:08:51.022+0800][2781.528s] GC(39)   Merge Heap Roots: 0.1ms
[2023-02-14T15:08:51.022+0800][2781.528s] GC(39)   Evacuate Collection Set: 4.7ms
[2023-02-14T15:08:51.022+0800][2781.528s] GC(39)   Post Evacuate Collection Set: 0.7ms
[2023-02-14T15:08:51.022+0800][2781.528s] GC(39)   Other: 0.2ms
[2023-02-14T15:08:51.022+0800][2781.528s] GC(39) Eden regions: 59->0(157)
[2023-02-14T15:08:51.022+0800][2781.528s] GC(39) Survivor regions: 21->14(25)
[2023-02-14T15:08:51.022+0800][2781.528s] GC(39) Old regions: 173->187
[2023-02-14T15:08:51.022+0800][2781.528s] GC(39) Archive regions: 0->0
[2023-02-14T15:08:51.022+0800][2781.528s] GC(39) Humongous regions: 65->65
[2023-02-14T15:08:51.022+0800][2781.528s] GC(39) Metaspace: 54520K(54976K)->54520K(54976K) NonClass: 48345K(48576K)->48345K(48576K) Class: 6174K(6400K)->6174K(6400K)
[2023-02-14T15:08:51.022+0800][2781.528s] GC(39) Pause Young (Concurrent Start) (G1 Humongous Allocation) 316M->264M(512M) 5.929ms
[2023-02-14T15:08:51.022+0800][2781.528s] GC(39) User=0.12s Sys=0.00s Real=0.01s
[2023-02-14T15:08:51.022+0800][2781.528s] GC(40) Concurrent Mark Cycle
[2023-02-14T15:08:51.022+0800][2781.528s] GC(40) Concurrent Clear Claimed Marks
[2023-02-14T15:08:51.022+0800][2781.528s] GC(40) Concurrent Clear Claimed Marks 0.029ms
[2023-02-14T15:08:51.022+0800][2781.528s] GC(40) Concurrent Scan Root Regions
[2023-02-14T15:08:51.025+0800][2781.531s] GC(40) Concurrent Scan Root Regions 3.011ms
[2023-02-14T15:08:51.026+0800][2781.532s] GC(40) Concurrent Mark
[2023-02-14T15:08:51.026+0800][2781.532s] GC(40) Concurrent Mark From Roots
[2023-02-14T15:08:51.026+0800][2781.532s] GC(40) Using 2 workers of 2 for marking
[2023-02-14T15:08:51.048+0800][2781.554s] GC(40) Concurrent Mark From Roots 22.290ms
[2023-02-14T15:08:51.048+0800][2781.554s] GC(40) Concurrent Preclean
[2023-02-14T15:08:51.048+0800][2781.554s] GC(40) Concurrent Preclean 0.289ms
[2023-02-14T15:08:51.049+0800][2781.554s] GC(40) Pause Remark
[2023-02-14T15:08:51.061+0800][2781.566s] GC(40) Pause Remark 283M->135M(512M) 11.930ms
[2023-02-14T15:08:51.061+0800][2781.566s] GC(40) User=0.00s Sys=0.02s Real=0.01s
[2023-02-14T15:08:51.061+0800][2781.567s] GC(40) Concurrent Mark 35.028ms
[2023-02-14T15:08:51.061+0800][2781.567s] GC(40) Concurrent Rebuild Remembered Sets
[2023-02-14T15:08:51.081+0800][2781.586s] GC(40) Concurrent Rebuild Remembered Sets 19.235ms
[2023-02-14T15:08:51.081+0800][2781.586s] GC(40) Pause Cleanup
[2023-02-14T15:08:51.081+0800][2781.586s] GC(40) Pause Cleanup 139M->139M(512M) 0.122ms
[2023-02-14T15:08:51.081+0800][2781.586s] GC(40) User=0.00s Sys=0.00s Real=0.00s
[2023-02-14T15:08:51.081+0800][2781.586s] GC(40) Concurrent Cleanup for Next Mark
[2023-02-14T15:08:51.082+0800][2781.587s] GC(40) Concurrent Cleanup for Next Mark 1.083ms
[2023-02-14T15:08:51.082+0800][2781.587s] GC(40) Concurrent Mark Cycle 58.918ms
[2023-02-14T15:08:51.759+0800][2782.265s] GC(41) Pause Young (Prepare Mixed) (G1 Evacuation Pause)
[2023-02-14T15:08:51.759+0800][2782.265s] GC(41) Using 8 workers of 8 for evacuation
[2023-02-14T15:08:51.763+0800][2782.269s] GC(41)   Pre Evacuate Collection Set: 0.1ms
[2023-02-14T15:08:51.763+0800][2782.269s] GC(41)   Merge Heap Roots: 0.2ms
[2023-02-14T15:08:51.763+0800][2782.269s] GC(41)   Evacuate Collection Set: 3.2ms
[2023-02-14T15:08:51.763+0800][2782.269s] GC(41)   Post Evacuate Collection Set: 0.6ms
[2023-02-14T15:08:51.763+0800][2782.269s] GC(41)   Other: 0.1ms
[2023-02-14T15:08:51.763+0800][2782.269s] GC(41) Eden regions: 157->0(5)
[2023-02-14T15:08:51.763+0800][2782.269s] GC(41) Survivor regions: 14->20(22)
[2023-02-14T15:08:51.763+0800][2782.269s] GC(41) Old regions: 96->96
[2023-02-14T15:08:51.763+0800][2782.269s] GC(41) Archive regions: 0->0
[2023-02-14T15:08:51.763+0800][2782.269s] GC(41) Humongous regions: 98->24
[2023-02-14T15:08:51.763+0800][2782.269s] GC(41) Metaspace: 54452K(54976K)->54452K(54976K) NonClass: 48289K(48576K)->48289K(48576K) Class: 6163K(6400K)->6163K(6400K)
[2023-02-14T15:08:51.763+0800][2782.269s] GC(41) Pause Young (Prepare Mixed) (G1 Evacuation Pause) 363M->139M(512M) 4.277ms
[2023-02-14T15:08:51.763+0800][2782.269s] GC(41) User=0.00s Sys=0.00s Real=0.00s
[2023-02-14T15:08:51.790+0800][2782.295s] GC(42) Pause Young (Mixed) (G1 Evacuation Pause)
[2023-02-14T15:08:51.790+0800][2782.295s] GC(42) Using 8 workers of 8 for evacuation
[2023-02-14T15:08:51.800+0800][2782.305s] GC(42)   Pre Evacuate Collection Set: 0.2ms
[2023-02-14T15:08:51.800+0800][2782.305s] GC(42)   Merge Heap Roots: 0.2ms
[2023-02-14T15:08:51.800+0800][2782.305s] GC(42)   Evacuate Collection Set: 8.9ms
[2023-02-14T15:08:51.800+0800][2782.305s] GC(42)   Post Evacuate Collection Set: 0.7ms
[2023-02-14T15:08:51.800+0800][2782.305s] GC(42)   Other: 0.1ms
[2023-02-14T15:08:51.800+0800][2782.305s] GC(42) Eden regions: 5->0(287)
[2023-02-14T15:08:51.800+0800][2782.305s] GC(42) Survivor regions: 20->1(4)
[2023-02-14T15:08:51.800+0800][2782.305s] GC(42) Old regions: 96->79
[2023-02-14T15:08:51.800+0800][2782.305s] GC(42) Archive regions: 0->0
[2023-02-14T15:08:51.800+0800][2782.305s] GC(42) Humongous regions: 52->38
[2023-02-14T15:08:51.800+0800][2782.305s] GC(42) Metaspace: 54452K(54976K)->54452K(54976K) NonClass: 48289K(48576K)->48289K(48576K) Class: 6163K(6400K)->6163K(6400K)
[2023-02-14T15:08:51.800+0800][2782.305s] GC(42) Pause Young (Mixed) (G1 Evacuation Pause) 172M->117M(512M) 10.184ms
[2023-02-14T15:08:51.800+0800][2782.305s] GC(42) User=0.00s Sys=0.00s Real=0.01s
[2023-02-14T15:08:52.956+0800][2783.462s] GC(43) Pause Young (Concurrent Start) (G1 Humongous Allocation)
[2023-02-14T15:08:52.956+0800][2783.462s] GC(43) Using 8 workers of 8 for evacuation
[2023-02-14T15:08:52.973+0800][2783.480s] GC(43) To-space exhausted
[2023-02-14T15:08:52.974+0800][2783.480s] GC(43)   Pre Evacuate Collection Set: 0.2ms
[2023-02-14T15:08:52.974+0800][2783.480s] GC(43)   Merge Heap Roots: 0.1ms
[2023-02-14T15:08:52.974+0800][2783.480s] GC(43)   Evacuate Collection Set: 3.1ms
[2023-02-14T15:08:52.974+0800][2783.480s] GC(43)   Post Evacuate Collection Set: 13.8ms
[2023-02-14T15:08:52.974+0800][2783.480s] GC(43)   Other: 0.2ms
[2023-02-14T15:08:52.974+0800][2783.480s] GC(43) Eden regions: 270->0(43)
[2023-02-14T15:08:52.974+0800][2783.480s] GC(43) Survivor regions: 1->12(12)
[2023-02-14T15:08:52.974+0800][2783.480s] GC(43) Old regions: 79->345
[2023-02-14T15:08:52.974+0800][2783.480s] GC(43) Archive regions: 0->0
[2023-02-14T15:08:52.974+0800][2783.480s] GC(43) Humongous regions: 150->46
[2023-02-14T15:08:52.974+0800][2783.480s] GC(43) Metaspace: 54452K(54976K)->54452K(54976K) NonClass: 48289K(48576K)->48289K(48576K) Class: 6163K(6400K)->6163K(6400K)
[2023-02-14T15:08:52.974+0800][2783.480s] GC(43) Pause Young (Concurrent Start) (G1 Humongous Allocation) 499M->402M(512M) 17.542ms
[2023-02-14T15:08:52.974+0800][2783.480s] GC(43) User=0.16s Sys=0.00s Real=0.02s
[2023-02-14T15:08:52.974+0800][2783.480s] GC(44) Concurrent Mark Cycle
[2023-02-14T15:08:52.974+0800][2783.480s] GC(44) Concurrent Clear Claimed Marks
[2023-02-14T15:08:52.974+0800][2783.480s] GC(44) Concurrent Clear Claimed Marks 0.074ms
[2023-02-14T15:08:52.974+0800][2783.480s] GC(44) Concurrent Scan Root Regions
[2023-02-14T15:08:52.976+0800][2783.482s] GC(44) Concurrent Scan Root Regions 1.666ms
[2023-02-14T15:08:52.976+0800][2783.482s] GC(44) Concurrent Mark
[2023-02-14T15:08:52.976+0800][2783.482s] GC(44) Concurrent Mark From Roots
[2023-02-14T15:08:52.976+0800][2783.482s] GC(44) Using 2 workers of 2 for marking
[2023-02-14T15:08:52.998+0800][2783.504s] GC(44) Concurrent Mark From Roots 22.568ms
[2023-02-14T15:08:52.998+0800][2783.504s] GC(44) Concurrent Preclean
[2023-02-14T15:08:52.999+0800][2783.505s] GC(44) Concurrent Preclean 0.265ms
[2023-02-14T15:08:52.999+0800][2783.505s] GC(44) Pause Remark
[2023-02-14T15:08:53.009+0800][2783.515s] GC(44) Pause Remark 416M->416M(512M) 9.930ms
[2023-02-14T15:08:53.009+0800][2783.515s] GC(44) User=0.12s Sys=0.00s Real=0.01s
[2023-02-14T15:08:53.009+0800][2783.515s] GC(44) Concurrent Mark 33.288ms
[2023-02-14T15:08:53.009+0800][2783.515s] GC(44) Concurrent Rebuild Remembered Sets
[2023-02-14T15:08:53.026+0800][2783.532s] GC(44) Concurrent Rebuild Remembered Sets 16.695ms
[2023-02-14T15:08:53.026+0800][2783.532s] GC(44) Pause Cleanup
[2023-02-14T15:08:53.026+0800][2783.532s] GC(44) Pause Cleanup 418M->418M(512M) 0.177ms
[2023-02-14T15:08:53.026+0800][2783.532s] GC(44) User=0.00s Sys=0.00s Real=0.00s
[2023-02-14T15:08:53.026+0800][2783.532s] GC(44) Concurrent Cleanup for Next Mark
[2023-02-14T15:08:53.027+0800][2783.533s] GC(44) Concurrent Cleanup for Next Mark 0.644ms
[2023-02-14T15:08:53.027+0800][2783.533s] GC(44) Concurrent Mark Cycle 53.025ms
[2023-02-14T15:08:53.192+0800][2783.698s] GC(45) Pause Young (Prepare Mixed) (G1 Evacuation Pause)
[2023-02-14T15:08:53.192+0800][2783.698s] GC(45) Using 8 workers of 8 for evacuation
[2023-02-14T15:08:53.196+0800][2783.701s] GC(45)   Pre Evacuate Collection Set: 0.2ms
[2023-02-14T15:08:53.196+0800][2783.701s] GC(45)   Merge Heap Roots: 0.1ms
[2023-02-14T15:08:53.196+0800][2783.701s] GC(45)   Evacuate Collection Set: 2.9ms
[2023-02-14T15:08:53.196+0800][2783.702s] GC(45)   Post Evacuate Collection Set: 0.6ms
[2023-02-14T15:08:53.196+0800][2783.702s] GC(45)   Other: 0.1ms
[2023-02-14T15:08:53.196+0800][2783.702s] GC(45) Eden regions: 43->0(20)
[2023-02-14T15:08:53.196+0800][2783.702s] GC(45) Survivor regions: 12->5(7)
[2023-02-14T15:08:53.196+0800][2783.702s] GC(45) Old regions: 345->357
[2023-02-14T15:08:53.196+0800][2783.702s] GC(45) Archive regions: 0->0
[2023-02-14T15:08:53.196+0800][2783.702s] GC(45) Humongous regions: 56->42
[2023-02-14T15:08:53.196+0800][2783.702s] GC(45) Metaspace: 54363K(54976K)->54363K(54976K) NonClass: 48217K(48576K)->48217K(48576K) Class: 6146K(6400K)->6146K(6400K)
[2023-02-14T15:08:53.196+0800][2783.702s] GC(45) Pause Young (Prepare Mixed) (G1 Evacuation Pause) 455M->402M(512M) 4.037ms
[2023-02-14T15:08:53.196+0800][2783.702s] GC(45) User=0.00s Sys=0.00s Real=0.00s
[2023-02-14T15:08:53.286+0800][2783.791s] GC(46) Pause Young (Mixed) (G1 Evacuation Pause)
[2023-02-14T15:08:53.286+0800][2783.791s] GC(46) Using 8 workers of 8 for evacuation
[2023-02-14T15:08:53.288+0800][2783.793s] GC(46)   Pre Evacuate Collection Set: 0.2ms
[2023-02-14T15:08:53.288+0800][2783.793s] GC(46)   Merge Heap Roots: 0.2ms
[2023-02-14T15:08:53.288+0800][2783.793s] GC(46)   Evacuate Collection Set: 1.2ms
[2023-02-14T15:08:53.288+0800][2783.793s] GC(46)   Post Evacuate Collection Set: 0.6ms
[2023-02-14T15:08:53.288+0800][2783.793s] GC(46)   Other: 0.1ms
[2023-02-14T15:08:53.288+0800][2783.793s] GC(46) Eden regions: 20->0(23)
[2023-02-14T15:08:53.288+0800][2783.793s] GC(46) Survivor regions: 5->2(4)
[2023-02-14T15:08:53.288+0800][2783.793s] GC(46) Old regions: 357->310
[2023-02-14T15:08:53.288+0800][2783.793s] GC(46) Archive regions: 0->0
[2023-02-14T15:08:53.288+0800][2783.793s] GC(46) Humongous regions: 70->70
[2023-02-14T15:08:53.288+0800][2783.793s] GC(46) Metaspace: 54363K(54976K)->54363K(54976K) NonClass: 48217K(48576K)->48217K(48576K) Class: 6146K(6400K)->6146K(6400K)
[2023-02-14T15:08:53.288+0800][2783.793s] GC(46) Pause Young (Mixed) (G1 Evacuation Pause) 450M->380M(512M) 2.341ms
[2023-02-14T15:08:53.288+0800][2783.793s] GC(46) User=0.00s Sys=0.00s Real=0.00s
[2023-02-14T15:08:53.376+0800][2783.883s] GC(47) Pause Young (Mixed) (G1 Evacuation Pause)
[2023-02-14T15:08:53.377+0800][2783.883s] GC(47) Using 8 workers of 8 for evacuation
[2023-02-14T15:08:53.378+0800][2783.884s] GC(47)   Pre Evacuate Collection Set: 0.2ms
[2023-02-14T15:08:53.378+0800][2783.884s] GC(47)   Merge Heap Roots: 0.1ms
[2023-02-14T15:08:53.378+0800][2783.884s] GC(47)   Evacuate Collection Set: 0.8ms
[2023-02-14T15:08:53.378+0800][2783.884s] GC(47)   Post Evacuate Collection Set: 0.5ms
[2023-02-14T15:08:53.378+0800][2783.884s] GC(47)   Other: 0.1ms
[2023-02-14T15:08:53.378+0800][2783.884s] GC(47) Eden regions: 23->0(21)
[2023-02-14T15:08:53.378+0800][2783.884s] GC(47) Survivor regions: 2->4(4)
[2023-02-14T15:08:53.378+0800][2783.884s] GC(47) Old regions: 310->258
[2023-02-14T15:08:53.378+0800][2783.884s] GC(47) Archive regions: 0->0
[2023-02-14T15:08:53.378+0800][2783.884s] GC(47) Humongous regions: 70->70
[2023-02-14T15:08:53.378+0800][2783.884s] GC(47) Metaspace: 54363K(54976K)->54363K(54976K) NonClass: 48217K(48576K)->48217K(48576K) Class: 6146K(6400K)->6146K(6400K)
[2023-02-14T15:08:53.378+0800][2783.884s] GC(47) Pause Young (Mixed) (G1 Evacuation Pause) 403M->330M(512M) 1.859ms
[2023-02-14T15:08:53.378+0800][2783.884s] GC(47) User=0.00s Sys=0.00s Real=0.00s
[2023-02-14T15:08:53.457+0800][2783.963s] GC(48) Pause Young (Mixed) (G1 Evacuation Pause)
[2023-02-14T15:08:53.457+0800][2783.963s] GC(48) Using 8 workers of 8 for evacuation
[2023-02-14T15:08:53.459+0800][2783.965s] GC(48)   Pre Evacuate Collection Set: 0.1ms
[2023-02-14T15:08:53.459+0800][2783.965s] GC(48)   Merge Heap Roots: 0.1ms
[2023-02-14T15:08:53.459+0800][2783.965s] GC(48)   Evacuate Collection Set: 1.2ms
[2023-02-14T15:08:53.459+0800][2783.965s] GC(48)   Post Evacuate Collection Set: 0.5ms
[2023-02-14T15:08:53.459+0800][2783.965s] GC(48)   Other: 0.2ms
[2023-02-14T15:08:53.459+0800][2783.965s] GC(48) Eden regions: 21->0(21)
[2023-02-14T15:08:53.459+0800][2783.965s] GC(48) Survivor regions: 4->4(4)
[2023-02-14T15:08:53.459+0800][2783.965s] GC(48) Old regions: 258->209
[2023-02-14T15:08:53.459+0800][2783.965s] GC(48) Archive regions: 0->0
[2023-02-14T15:08:53.459+0800][2783.965s] GC(48) Humongous regions: 70->70
[2023-02-14T15:08:53.459+0800][2783.965s] GC(48) Metaspace: 54363K(54976K)->54363K(54976K) NonClass: 48217K(48576K)->48217K(48576K) Class: 6146K(6400K)->6146K(6400K)
[2023-02-14T15:08:53.459+0800][2783.965s] GC(48) Pause Young (Mixed) (G1 Evacuation Pause) 351M->281M(512M) 2.147ms
[2023-02-14T15:08:53.459+0800][2783.965s] GC(48) User=0.00s Sys=0.00s Real=0.00s
[2023-02-14T15:08:53.542+0800][2784.048s] GC(49) Pause Young (Mixed) (G1 Evacuation Pause)
[2023-02-14T15:08:53.542+0800][2784.048s] GC(49) Using 8 workers of 8 for evacuation
[2023-02-14T15:08:53.544+0800][2784.050s] GC(49)   Pre Evacuate Collection Set: 0.1ms
[2023-02-14T15:08:53.544+0800][2784.050s] GC(49)   Merge Heap Roots: 0.1ms
[2023-02-14T15:08:53.544+0800][2784.050s] GC(49)   Evacuate Collection Set: 1.3ms
[2023-02-14T15:08:53.544+0800][2784.050s] GC(49)   Post Evacuate Collection Set: 0.6ms
[2023-02-14T15:08:53.544+0800][2784.050s] GC(49)   Other: 0.2ms
[2023-02-14T15:08:53.544+0800][2784.050s] GC(49) Eden regions: 21->0(21)
[2023-02-14T15:08:53.544+0800][2784.050s] GC(49) Survivor regions: 4->4(4)
[2023-02-14T15:08:53.544+0800][2784.050s] GC(49) Old regions: 209->162
[2023-02-14T15:08:53.544+0800][2784.050s] GC(49) Archive regions: 0->0
[2023-02-14T15:08:53.544+0800][2784.050s] GC(49) Humongous regions: 70->70
[2023-02-14T15:08:53.544+0800][2784.050s] GC(49) Metaspace: 54363K(54976K)->54363K(54976K) NonClass: 48217K(48576K)->48217K(48576K) Class: 6146K(6400K)->6146K(6400K)
[2023-02-14T15:08:53.544+0800][2784.050s] GC(49) Pause Young (Mixed) (G1 Evacuation Pause) 302M->234M(512M) 2.384ms
[2023-02-14T15:08:53.544+0800][2784.050s] GC(49) User=0.00s Sys=0.00s Real=0.00s
[2023-02-14T15:08:53.630+0800][2784.136s] GC(50) Pause Young (Mixed) (G1 Evacuation Pause)
[2023-02-14T15:08:53.630+0800][2784.136s] GC(50) Using 8 workers of 8 for evacuation
[2023-02-14T15:08:53.633+0800][2784.138s] GC(50)   Pre Evacuate Collection Set: 0.1ms
[2023-02-14T15:08:53.633+0800][2784.138s] GC(50)   Merge Heap Roots: 0.2ms
[2023-02-14T15:08:53.633+0800][2784.138s] GC(50)   Evacuate Collection Set: 1.4ms
[2023-02-14T15:08:53.633+0800][2784.138s] GC(50)   Post Evacuate Collection Set: 0.6ms
[2023-02-14T15:08:53.633+0800][2784.138s] GC(50)   Other: 0.1ms
[2023-02-14T15:08:53.633+0800][2784.138s] GC(50) Eden regions: 21->0(230)
[2023-02-14T15:08:53.633+0800][2784.138s] GC(50) Survivor regions: 4->4(4)
[2023-02-14T15:08:53.633+0800][2784.138s] GC(50) Old regions: 162->115
[2023-02-14T15:08:53.633+0800][2784.138s] GC(50) Archive regions: 0->0
[2023-02-14T15:08:53.633+0800][2784.138s] GC(50) Humongous regions: 70->70
[2023-02-14T15:08:53.633+0800][2784.138s] GC(50) Metaspace: 54363K(54976K)->54363K(54976K) NonClass: 48217K(48576K)->48217K(48576K) Class: 6146K(6400K)->6146K(6400K)
[2023-02-14T15:08:53.633+0800][2784.138s] GC(50) Pause Young (Mixed) (G1 Evacuation Pause) 255M->187M(512M) 2.588ms
[2023-02-14T15:08:53.633+0800][2784.138s] GC(50) User=0.00s Sys=0.00s Real=0.00s
[2023-02-14T15:08:54.757+0800][2785.262s] GC(51) Pause Young (Normal) (G1 Evacuation Pause)
[2023-02-14T15:08:54.757+0800][2785.262s] GC(51) Using 8 workers of 8 for evacuation
[2023-02-14T15:08:54.760+0800][2785.266s] GC(51)   Pre Evacuate Collection Set: 0.2ms
[2023-02-14T15:08:54.760+0800][2785.266s] GC(51)   Merge Heap Roots: 0.2ms
[2023-02-14T15:08:54.760+0800][2785.266s] GC(51)   Evacuate Collection Set: 1.9ms
[2023-02-14T15:08:54.760+0800][2785.266s] GC(51)   Post Evacuate Collection Set: 1.2ms
[2023-02-14T15:08:54.760+0800][2785.266s] GC(51)   Other: 0.1ms
[2023-02-14T15:08:54.760+0800][2785.266s] GC(51) Eden regions: 230->0(191)
[2023-02-14T15:08:54.760+0800][2785.266s] GC(51) Survivor regions: 4->11(30)
[2023-02-14T15:08:54.760+0800][2785.266s] GC(51) Old regions: 115->115
[2023-02-14T15:08:54.760+0800][2785.266s] GC(51) Archive regions: 0->0
[2023-02-14T15:08:54.760+0800][2785.266s] GC(51) Humongous regions: 112->112
[2023-02-14T15:08:54.760+0800][2785.266s] GC(51) Metaspace: 54367K(54976K)->54367K(54976K) NonClass: 48221K(48576K)->48221K(48576K) Class: 6146K(6400K)->6146K(6400K)
[2023-02-14T15:08:54.760+0800][2785.266s] GC(51) Pause Young (Normal) (G1 Evacuation Pause) 459M->237M(512M) 3.591ms
[2023-02-14T15:08:54.760+0800][2785.266s] GC(51) User=0.00s Sys=0.00s Real=0.00s
[2023-02-14T15:08:54.997+0800][2785.502s] GC(52) Pause Young (Normal) (G1 Evacuation Pause)
[2023-02-14T15:08:54.997+0800][2785.502s] GC(52) Using 8 workers of 8 for evacuation
[2023-02-14T15:08:54.999+0800][2785.505s] GC(52)   Pre Evacuate Collection Set: 0.2ms
[2023-02-14T15:08:54.999+0800][2785.505s] GC(52)   Merge Heap Roots: 0.2ms
[2023-02-14T15:08:54.999+0800][2785.505s] GC(52)   Evacuate Collection Set: 1.7ms
[2023-02-14T15:08:54.999+0800][2785.505s] GC(52)   Post Evacuate Collection Set: 0.5ms
[2023-02-14T15:08:54.999+0800][2785.505s] GC(52)   Other: 0.1ms
[2023-02-14T15:08:54.999+0800][2785.505s] GC(52) Eden regions: 191->0(196)
[2023-02-14T15:08:55.000+0800][2785.505s] GC(52) Survivor regions: 11->12(26)
[2023-02-14T15:08:55.000+0800][2785.505s] GC(52) Old regions: 115->115
[2023-02-14T15:08:55.000+0800][2785.505s] GC(52) Archive regions: 0->0
[2023-02-14T15:08:55.000+0800][2785.505s] GC(52) Humongous regions: 112->112
[2023-02-14T15:08:55.000+0800][2785.505s] GC(52) Metaspace: 54367K(54976K)->54367K(54976K) NonClass: 48221K(48576K)->48221K(48576K) Class: 6146K(6400K)->6146K(6400K)
[2023-02-14T15:08:55.000+0800][2785.505s] GC(52) Pause Young (Normal) (G1 Evacuation Pause) 428M->237M(512M) 2.746ms
[2023-02-14T15:08:55.000+0800][2785.505s] GC(52) User=0.00s Sys=0.00s Real=0.00s
[2023-02-14T15:08:55.197+0800][2785.703s] GC(53) Pause Young (Concurrent Start) (G1 Evacuation Pause)
[2023-02-14T15:08:55.197+0800][2785.703s] GC(53) Using 8 workers of 8 for evacuation
[2023-02-14T15:08:55.200+0800][2785.706s] GC(53)   Pre Evacuate Collection Set: 0.2ms
[2023-02-14T15:08:55.200+0800][2785.706s] GC(53)   Merge Heap Roots: 0.1ms
[2023-02-14T15:08:55.200+0800][2785.706s] GC(53)   Evacuate Collection Set: 1.8ms
[2023-02-14T15:08:55.200+0800][2785.706s] GC(53)   Post Evacuate Collection Set: 0.6ms
[2023-02-14T15:08:55.200+0800][2785.706s] GC(53)   Other: 0.2ms
[2023-02-14T15:08:55.200+0800][2785.706s] GC(53) Eden regions: 196->0(201)
[2023-02-14T15:08:55.200+0800][2785.706s] GC(53) Survivor regions: 12->11(26)
[2023-02-14T15:08:55.200+0800][2785.706s] GC(53) Old regions: 115->115
[2023-02-14T15:08:55.200+0800][2785.706s] GC(53) Archive regions: 0->0
[2023-02-14T15:08:55.200+0800][2785.706s] GC(53) Humongous regions: 112->112
[2023-02-14T15:08:55.200+0800][2785.706s] GC(53) Metaspace: 54367K(54976K)->54367K(54976K) NonClass: 48221K(48576K)->48221K(48576K) Class: 6146K(6400K)->6146K(6400K)
[2023-02-14T15:08:55.200+0800][2785.706s] GC(53) Pause Young (Concurrent Start) (G1 Evacuation Pause) 433M->237M(512M) 3.002ms
[2023-02-14T15:08:55.200+0800][2785.706s] GC(53) User=0.00s Sys=0.00s Real=0.00s
[2023-02-14T15:08:55.200+0800][2785.706s] GC(54) Concurrent Mark Cycle
[2023-02-14T15:08:55.200+0800][2785.706s] GC(54) Concurrent Clear Claimed Marks
[2023-02-14T15:08:55.200+0800][2785.706s] GC(54) Concurrent Clear Claimed Marks 0.017ms
[2023-02-14T15:08:55.200+0800][2785.706s] GC(54) Concurrent Scan Root Regions
[2023-02-14T15:08:55.201+0800][2785.707s] GC(54) Concurrent Scan Root Regions 0.774ms
[2023-02-14T15:08:55.201+0800][2785.707s] GC(54) Concurrent Mark
[2023-02-14T15:08:55.201+0800][2785.707s] GC(54) Concurrent Mark From Roots
[2023-02-14T15:08:55.201+0800][2785.707s] GC(54) Using 2 workers of 2 for marking
[2023-02-14T15:08:55.223+0800][2785.729s] GC(54) Concurrent Mark From Roots 22.566ms
[2023-02-14T15:08:55.224+0800][2785.729s] GC(54) Concurrent Preclean
[2023-02-14T15:08:55.224+0800][2785.729s] GC(54) Concurrent Preclean 0.282ms
[2023-02-14T15:08:55.224+0800][2785.730s] GC(54) Pause Remark
[2023-02-14T15:08:55.227+0800][2785.733s] GC(54) Pause Remark 263M->207M(512M) 2.927ms
[2023-02-14T15:08:55.227+0800][2785.733s] GC(54) User=0.00s Sys=0.00s Real=0.00s
[2023-02-14T15:08:55.227+0800][2785.733s] GC(54) Concurrent Mark 26.090ms
[2023-02-14T15:08:55.227+0800][2785.733s] GC(54) Concurrent Rebuild Remembered Sets
[2023-02-14T15:08:55.241+0800][2785.747s] GC(54) Concurrent Rebuild Remembered Sets 13.800ms
[2023-02-14T15:08:55.241+0800][2785.747s] GC(54) Pause Cleanup
[2023-02-14T15:08:55.241+0800][2785.747s] GC(54) Pause Cleanup 217M->217M(512M) 0.124ms
[2023-02-14T15:08:55.241+0800][2785.747s] GC(54) User=0.00s Sys=0.00s Real=0.00s
[2023-02-14T15:08:55.241+0800][2785.747s] GC(54) Concurrent Cleanup for Next Mark
[2023-02-14T15:08:55.242+0800][2785.748s] GC(54) Concurrent Cleanup for Next Mark 0.895ms
[2023-02-14T15:08:55.242+0800][2785.748s] GC(54) Concurrent Mark Cycle 42.290ms
[2023-02-14T15:08:55.448+0800][2785.954s] GC(55) Pause Young (Normal) (G1 Evacuation Pause)
[2023-02-14T15:08:55.448+0800][2785.954s] GC(55) Using 8 workers of 8 for evacuation
[2023-02-14T15:08:55.451+0800][2785.956s] GC(55)   Pre Evacuate Collection Set: 0.1ms
[2023-02-14T15:08:55.451+0800][2785.956s] GC(55)   Merge Heap Roots: 0.1ms
[2023-02-14T15:08:55.451+0800][2785.956s] GC(55)   Evacuate Collection Set: 1.8ms
[2023-02-14T15:08:55.451+0800][2785.956s] GC(55)   Post Evacuate Collection Set: 0.5ms
[2023-02-14T15:08:55.451+0800][2785.956s] GC(55)   Other: 0.1ms
[2023-02-14T15:08:55.451+0800][2785.956s] GC(55) Eden regions: 201->0(256)
[2023-02-14T15:08:55.451+0800][2785.956s] GC(55) Survivor regions: 11->11(27)
[2023-02-14T15:08:55.451+0800][2785.956s] GC(55) Old regions: 115->115
[2023-02-14T15:08:55.451+0800][2785.956s] GC(55) Archive regions: 0->0
[2023-02-14T15:08:55.451+0800][2785.956s] GC(55) Humongous regions: 56->56
[2023-02-14T15:08:55.451+0800][2785.956s] GC(55) Metaspace: 54367K(54976K)->54367K(54976K) NonClass: 48221K(48576K)->48221K(48576K) Class: 6146K(6400K)->6146K(6400K)
[2023-02-14T15:08:55.451+0800][2785.956s] GC(55) Pause Young (Normal) (G1 Evacuation Pause) 382M->181M(512M) 2.720ms
[2023-02-14T15:08:55.451+0800][2785.956s] GC(55) User=0.00s Sys=0.00s Real=0.00s
[2023-02-14T15:08:55.771+0800][2786.277s] GC(56) Pause Young (Concurrent Start) (G1 Humongous Allocation)
[2023-02-14T15:08:55.771+0800][2786.277s] GC(56) Using 8 workers of 8 for evacuation
[2023-02-14T15:08:55.775+0800][2786.280s] GC(56)   Pre Evacuate Collection Set: 0.1ms
[2023-02-14T15:08:55.775+0800][2786.280s] GC(56)   Merge Heap Roots: 0.1ms
[2023-02-14T15:08:55.775+0800][2786.280s] GC(56)   Evacuate Collection Set: 2.6ms
[2023-02-14T15:08:55.775+0800][2786.280s] GC(56)   Post Evacuate Collection Set: 0.6ms
[2023-02-14T15:08:55.775+0800][2786.280s] GC(56)   Other: 0.2ms
[2023-02-14T15:08:55.775+0800][2786.280s] GC(56) Eden regions: 234->0(253)
[2023-02-14T15:08:55.775+0800][2786.280s] GC(56) Survivor regions: 11->15(34)
[2023-02-14T15:08:55.775+0800][2786.280s] GC(56) Old regions: 115->115
[2023-02-14T15:08:55.775+0800][2786.280s] GC(56) Archive regions: 0->0
[2023-02-14T15:08:55.775+0800][2786.280s] GC(56) Humongous regions: 56->56
[2023-02-14T15:08:55.775+0800][2786.280s] GC(56) Metaspace: 54368K(54976K)->54368K(54976K) NonClass: 48222K(48576K)->48222K(48576K) Class: 6146K(6400K)->6146K(6400K)
[2023-02-14T15:08:55.775+0800][2786.280s] GC(56) Pause Young (Concurrent Start) (G1 Humongous Allocation) 414M->185M(512M) 3.684ms
[2023-02-14T15:08:55.775+0800][2786.280s] GC(56) User=0.00s Sys=0.00s Real=0.00s
[2023-02-14T15:08:55.775+0800][2786.280s] GC(57) Concurrent Mark Cycle
[2023-02-14T15:08:55.775+0800][2786.280s] GC(57) Concurrent Clear Claimed Marks
[2023-02-14T15:08:55.775+0800][2786.280s] GC(57) Concurrent Clear Claimed Marks 0.043ms
[2023-02-14T15:08:55.775+0800][2786.280s] GC(57) Concurrent Scan Root Regions
[2023-02-14T15:08:55.776+0800][2786.281s] GC(57) Concurrent Scan Root Regions 0.976ms
[2023-02-14T15:08:55.776+0800][2786.281s] GC(57) Concurrent Mark
[2023-02-14T15:08:55.776+0800][2786.281s] GC(57) Concurrent Mark From Roots
[2023-02-14T15:08:55.776+0800][2786.282s] GC(57) Using 2 workers of 2 for marking
[2023-02-14T15:08:55.810+0800][2786.316s] GC(57) Concurrent Mark From Roots 34.822ms
[2023-02-14T15:08:55.810+0800][2786.316s] GC(57) Concurrent Preclean
[2023-02-14T15:08:55.811+0800][2786.317s] GC(57) Concurrent Preclean 0.293ms
[2023-02-14T15:08:55.811+0800][2786.317s] GC(57) Pause Remark
[2023-02-14T15:08:55.814+0800][2786.320s] GC(57) Pause Remark 195M->185M(512M) 3.612ms
[2023-02-14T15:08:55.814+0800][2786.321s] GC(57) User=0.00s Sys=0.00s Real=0.00s
[2023-02-14T15:08:55.815+0800][2786.321s] GC(57) Concurrent Mark 39.129ms
[2023-02-14T15:08:55.815+0800][2786.321s] GC(57) Concurrent Rebuild Remembered Sets
[2023-02-14T15:08:55.828+0800][2786.334s] GC(57) Concurrent Rebuild Remembered Sets 13.653ms
[2023-02-14T15:08:55.828+0800][2786.335s] GC(57) Pause Cleanup
[2023-02-14T15:08:55.829+0800][2786.335s] GC(57) Pause Cleanup 189M->189M(512M) 0.101ms
[2023-02-14T15:08:55.829+0800][2786.335s] GC(57) User=0.00s Sys=0.00s Real=0.00s
[2023-02-14T15:08:55.829+0800][2786.335s] GC(57) Concurrent Cleanup for Next Mark
[2023-02-14T15:08:55.829+0800][2786.335s] GC(57) Concurrent Cleanup for Next Mark 0.543ms
[2023-02-14T15:08:55.829+0800][2786.335s] GC(57) Concurrent Mark Cycle 54.870ms
[2023-02-14T15:08:55.839+0800][2786.345s] GC(58) Pause Young (Concurrent Start) (G1 Humongous Allocation)
[2023-02-14T15:08:55.839+0800][2786.345s] GC(58) Using 8 workers of 8 for evacuation
[2023-02-14T15:08:55.841+0800][2786.347s] GC(58)   Pre Evacuate Collection Set: 0.1ms
[2023-02-14T15:08:55.841+0800][2786.347s] GC(58)   Merge Heap Roots: 0.0ms
[2023-02-14T15:08:55.841+0800][2786.347s] GC(58)   Evacuate Collection Set: 1.5ms
[2023-02-14T15:08:55.841+0800][2786.347s] GC(58)   Post Evacuate Collection Set: 0.3ms
[2023-02-14T15:08:55.841+0800][2786.347s] GC(58)   Other: 0.1ms
[2023-02-14T15:08:55.841+0800][2786.347s] GC(58) Eden regions: 19->0(299)
[2023-02-14T15:08:55.841+0800][2786.347s] GC(58) Survivor regions: 15->8(34)
[2023-02-14T15:08:55.841+0800][2786.347s] GC(58) Old regions: 115->115
[2023-02-14T15:08:55.841+0800][2786.347s] GC(58) Archive regions: 0->0
[2023-02-14T15:08:55.841+0800][2786.347s] GC(58) Humongous regions: 48->6
[2023-02-14T15:08:55.841+0800][2786.347s] GC(58) Metaspace: 54368K(54976K)->54368K(54976K) NonClass: 48222K(48576K)->48222K(48576K) Class: 6146K(6400K)->6146K(6400K)
[2023-02-14T15:08:55.841+0800][2786.347s] GC(58) Pause Young (Concurrent Start) (G1 Humongous Allocation) 195M->128M(512M) 2.155ms
[2023-02-14T15:08:55.841+0800][2786.347s] GC(58) User=0.00s Sys=0.00s Real=0.00s
[2023-02-14T15:08:55.841+0800][2786.347s] GC(59) Concurrent Mark Cycle
[2023-02-14T15:08:55.841+0800][2786.347s] GC(59) Concurrent Clear Claimed Marks
[2023-02-14T15:08:55.841+0800][2786.347s] GC(59) Concurrent Clear Claimed Marks 0.016ms
[2023-02-14T15:08:55.841+0800][2786.347s] GC(59) Concurrent Scan Root Regions
[2023-02-14T15:08:55.842+0800][2786.348s] GC(59) Concurrent Scan Root Regions 0.577ms
[2023-02-14T15:08:55.842+0800][2786.348s] GC(59) Concurrent Mark
[2023-02-14T15:08:55.842+0800][2786.348s] GC(59) Concurrent Mark From Roots
[2023-02-14T15:08:55.842+0800][2786.348s] GC(59) Using 2 workers of 2 for marking
[2023-02-14T15:08:55.863+0800][2786.369s] GC(59) Concurrent Mark From Roots 20.892ms
[2023-02-14T15:08:55.863+0800][2786.369s] GC(59) Concurrent Preclean
[2023-02-14T15:08:55.863+0800][2786.369s] GC(59) Concurrent Preclean 0.223ms
[2023-02-14T15:08:55.863+0800][2786.369s] GC(59) Pause Remark
[2023-02-14T15:08:55.866+0800][2786.372s] GC(59) Pause Remark 143M->120M(512M) 2.599ms
[2023-02-14T15:08:55.866+0800][2786.372s] GC(59) User=0.00s Sys=0.00s Real=0.00s
[2023-02-14T15:08:55.866+0800][2786.372s] GC(59) Concurrent Mark 24.066ms
[2023-02-14T15:08:55.866+0800][2786.372s] GC(59) Concurrent Rebuild Remembered Sets
[2023-02-14T15:08:55.881+0800][2786.387s] GC(59) Concurrent Rebuild Remembered Sets 14.803ms
[2023-02-14T15:08:55.882+0800][2786.387s] GC(59) Pause Cleanup
[2023-02-14T15:08:55.882+0800][2786.387s] GC(59) Pause Cleanup 128M->128M(512M) 0.113ms
[2023-02-14T15:08:55.882+0800][2786.387s] GC(59) User=0.00s Sys=0.00s Real=0.00s
[2023-02-14T15:08:55.882+0800][2786.387s] GC(59) Concurrent Cleanup for Next Mark
[2023-02-14T15:08:55.882+0800][2786.387s] GC(59) Concurrent Cleanup for Next Mark 0.495ms
[2023-02-14T15:08:55.882+0800][2786.387s] GC(59) Concurrent Mark Cycle 40.480ms
[2023-02-14T15:08:56.779+0800][2787.285s] GC(60) Pause Young (Prepare Mixed) (G1 Evacuation Pause)
[2023-02-14T15:08:56.779+0800][2787.285s] GC(60) Using 8 workers of 8 for evacuation
[2023-02-14T15:08:56.800+0800][2787.305s] GC(60) To-space exhausted
[2023-02-14T15:08:56.800+0800][2787.305s] GC(60)   Pre Evacuate Collection Set: 0.2ms
[2023-02-14T15:08:56.800+0800][2787.305s] GC(60)   Merge Heap Roots: 0.1ms
[2023-02-14T15:08:56.800+0800][2787.305s] GC(60)   Evacuate Collection Set: 1.0ms
[2023-02-14T15:08:56.800+0800][2787.305s] GC(60)   Post Evacuate Collection Set: 19.1ms
[2023-02-14T15:08:56.800+0800][2787.305s] GC(60)   Other: 0.3ms
[2023-02-14T15:08:56.800+0800][2787.305s] GC(60) Eden regions: 274->0(25)
[2023-02-14T15:08:56.800+0800][2787.305s] GC(60) Survivor regions: 8->0(0)
[2023-02-14T15:08:56.800+0800][2787.305s] GC(60) Old regions: 92->354
[2023-02-14T15:08:56.800+0800][2787.305s] GC(60) Archive regions: 0->0
[2023-02-14T15:08:56.800+0800][2787.305s] GC(60) Humongous regions: 138->42
[2023-02-14T15:08:56.800+0800][2787.305s] GC(60) Metaspace: 54368K(54976K)->54368K(54976K) NonClass: 48222K(48576K)->48222K(48576K) Class: 6146K(6400K)->6146K(6400K)
[2023-02-14T15:08:56.800+0800][2787.305s] GC(60) Pause Young (Prepare Mixed) (G1 Evacuation Pause) 511M->395M(512M) 20.626ms
[2023-02-14T15:08:56.800+0800][2787.305s] GC(60) User=0.12s Sys=0.00s Real=0.02s
[2023-02-14T15:08:56.892+0800][2787.397s] GC(61) Pause Young (Mixed) (G1 Evacuation Pause)
[2023-02-14T15:08:56.892+0800][2787.397s] GC(61) Using 8 workers of 8 for evacuation
[2023-02-14T15:08:56.897+0800][2787.402s] GC(61)   Pre Evacuate Collection Set: 0.1ms
[2023-02-14T15:08:56.897+0800][2787.402s] GC(61)   Merge Heap Roots: 0.1ms
[2023-02-14T15:08:56.897+0800][2787.402s] GC(61)   Evacuate Collection Set: 4.3ms
[2023-02-14T15:08:56.897+0800][2787.402s] GC(61)   Post Evacuate Collection Set: 0.6ms
[2023-02-14T15:08:56.897+0800][2787.402s] GC(61)   Other: 0.1ms
[2023-02-14T15:08:56.897+0800][2787.402s] GC(61) Eden regions: 25->0(68)
[2023-02-14T15:08:56.897+0800][2787.402s] GC(61) Survivor regions: 0->2(4)
[2023-02-14T15:08:56.897+0800][2787.402s] GC(61) Old regions: 354->311
[2023-02-14T15:08:56.897+0800][2787.402s] GC(61) Archive regions: 0->0
[2023-02-14T15:08:56.897+0800][2787.402s] GC(61) Humongous regions: 70->70
[2023-02-14T15:08:56.897+0800][2787.402s] GC(61) Metaspace: 54368K(54976K)->54368K(54976K) NonClass: 48222K(48576K)->48222K(48576K) Class: 6146K(6400K)->6146K(6400K)
[2023-02-14T15:08:56.897+0800][2787.403s] GC(61) Pause Young (Mixed) (G1 Evacuation Pause) 448M->382M(512M) 5.443ms
[2023-02-14T15:08:56.897+0800][2787.403s] GC(61) User=0.12s Sys=0.00s Real=0.01s
[2023-02-14T15:08:57.110+0800][2787.616s] GC(62) Pause Young (Concurrent Start) (G1 Humongous Allocation)
[2023-02-14T15:08:57.110+0800][2787.616s] GC(62) Using 8 workers of 8 for evacuation
[2023-02-14T15:08:57.113+0800][2787.618s] GC(62)   Pre Evacuate Collection Set: 0.1ms
[2023-02-14T15:08:57.113+0800][2787.618s] GC(62)   Merge Heap Roots: 0.1ms
[2023-02-14T15:08:57.113+0800][2787.618s] GC(62)   Evacuate Collection Set: 1.6ms
[2023-02-14T15:08:57.113+0800][2787.618s] GC(62)   Post Evacuate Collection Set: 0.6ms
[2023-02-14T15:08:57.113+0800][2787.618s] GC(62)   Other: 0.2ms
[2023-02-14T15:08:57.113+0800][2787.618s] GC(62) Eden regions: 60->0(61)
[2023-02-14T15:08:57.113+0800][2787.618s] GC(62) Survivor regions: 2->7(9)
[2023-02-14T15:08:57.113+0800][2787.618s] GC(62) Old regions: 311->311
[2023-02-14T15:08:57.113+0800][2787.618s] GC(62) Archive regions: 0->0
[2023-02-14T15:08:57.113+0800][2787.618s] GC(62) Humongous regions: 70->70
[2023-02-14T15:08:57.113+0800][2787.618s] GC(62) Metaspace: 54368K(54976K)->54368K(54976K) NonClass: 48222K(48576K)->48222K(48576K) Class: 6146K(6400K)->6146K(6400K)
[2023-02-14T15:08:57.113+0800][2787.618s] GC(62) Pause Young (Concurrent Start) (G1 Humongous Allocation) 442M->387M(512M) 2.697ms
[2023-02-14T15:08:57.113+0800][2787.618s] GC(62) User=0.00s Sys=0.00s Real=0.00s
[2023-02-14T15:08:57.113+0800][2787.619s] GC(63) Concurrent Mark Cycle
[2023-02-14T15:08:57.113+0800][2787.619s] GC(63) Concurrent Clear Claimed Marks
[2023-02-14T15:08:57.113+0800][2787.619s] GC(63) Concurrent Clear Claimed Marks 0.029ms
[2023-02-14T15:08:57.113+0800][2787.619s] GC(63) Concurrent Scan Root Regions
[2023-02-14T15:08:57.114+0800][2787.620s] GC(63) Concurrent Scan Root Regions 0.943ms
[2023-02-14T15:08:57.114+0800][2787.620s] GC(63) Concurrent Mark
[2023-02-14T15:08:57.114+0800][2787.620s] GC(63) Concurrent Mark From Roots
[2023-02-14T15:08:57.114+0800][2787.620s] GC(63) Using 2 workers of 2 for marking
[2023-02-14T15:08:57.140+0800][2787.645s] GC(63) Concurrent Mark From Roots 25.505ms
[2023-02-14T15:08:57.140+0800][2787.645s] GC(63) Concurrent Preclean
[2023-02-14T15:08:57.140+0800][2787.645s] GC(63) Concurrent Preclean 0.253ms
[2023-02-14T15:08:57.140+0800][2787.646s] GC(63) Pause Remark
[2023-02-14T15:08:57.143+0800][2787.649s] GC(63) Pause Remark 419M->391M(512M) 2.846ms
[2023-02-14T15:08:57.143+0800][2787.649s] GC(63) User=0.00s Sys=0.00s Real=0.00s
[2023-02-14T15:08:57.143+0800][2787.649s] GC(63) Concurrent Mark 29.140ms
[2023-02-14T15:08:57.143+0800][2787.649s] GC(63) Concurrent Rebuild Remembered Sets
[2023-02-14T15:08:57.158+0800][2787.664s] GC(63) Concurrent Rebuild Remembered Sets 14.830ms
[2023-02-14T15:08:57.158+0800][2787.664s] GC(63) Pause Cleanup
[2023-02-14T15:08:57.158+0800][2787.664s] GC(63) Pause Cleanup 394M->394M(512M) 0.222ms
[2023-02-14T15:08:57.158+0800][2787.664s] GC(63) User=0.00s Sys=0.00s Real=0.00s
[2023-02-14T15:08:57.158+0800][2787.664s] GC(63) Concurrent Cleanup for Next Mark
[2023-02-14T15:08:57.159+0800][2787.665s] GC(63) Concurrent Cleanup for Next Mark 0.640ms
[2023-02-14T15:08:57.159+0800][2787.665s] GC(63) Concurrent Mark Cycle 46.373ms
[2023-02-14T15:08:57.364+0800][2787.870s] GC(64) Pause Young (Prepare Mixed) (G1 Evacuation Pause)
[2023-02-14T15:08:57.364+0800][2787.870s] GC(64) Using 8 workers of 8 for evacuation
[2023-02-14T15:08:57.367+0800][2787.873s] GC(64)   Pre Evacuate Collection Set: 0.1ms
[2023-02-14T15:08:57.367+0800][2787.873s] GC(64)   Merge Heap Roots: 0.2ms
[2023-02-14T15:08:57.367+0800][2787.873s] GC(64)   Evacuate Collection Set: 2.0ms
[2023-02-14T15:08:57.367+0800][2787.873s] GC(64)   Post Evacuate Collection Set: 0.7ms
[2023-02-14T15:08:57.367+0800][2787.873s] GC(64)   Other: 0.1ms
[2023-02-14T15:08:57.367+0800][2787.873s] GC(64) Eden regions: 61->0(19)
[2023-02-14T15:08:57.367+0800][2787.873s] GC(64) Survivor regions: 7->6(9)
[2023-02-14T15:08:57.367+0800][2787.873s] GC(64) Old regions: 311->317
[2023-02-14T15:08:57.367+0800][2787.873s] GC(64) Archive regions: 0->0
[2023-02-14T15:08:57.367+0800][2787.873s] GC(64) Humongous regions: 70->42
[2023-02-14T15:08:57.367+0800][2787.873s] GC(64) Metaspace: 54368K(54976K)->54368K(54976K) NonClass: 48222K(48576K)->48222K(48576K) Class: 6146K(6400K)->6146K(6400K)
[2023-02-14T15:08:57.367+0800][2787.873s] GC(64) Pause Young (Prepare Mixed) (G1 Evacuation Pause) 448M->363M(512M) 3.246ms
[2023-02-14T15:08:57.367+0800][2787.873s] GC(64) User=0.00s Sys=0.00s Real=0.00s
[2023-02-14T15:08:57.440+0800][2787.946s] GC(65) Pause Young (Mixed) (G1 Evacuation Pause)
[2023-02-14T15:08:57.440+0800][2787.946s] GC(65) Using 8 workers of 8 for evacuation
[2023-02-14T15:08:57.443+0800][2787.949s] GC(65)   Pre Evacuate Collection Set: 0.2ms
[2023-02-14T15:08:57.443+0800][2787.949s] GC(65)   Merge Heap Roots: 0.1ms
[2023-02-14T15:08:57.443+0800][2787.949s] GC(65)   Evacuate Collection Set: 1.6ms
[2023-02-14T15:08:57.443+0800][2787.949s] GC(65)   Post Evacuate Collection Set: 0.6ms
[2023-02-14T15:08:57.443+0800][2787.949s] GC(65)   Other: 0.1ms
[2023-02-14T15:08:57.443+0800][2787.949s] GC(65) Eden regions: 19->0(23)
[2023-02-14T15:08:57.443+0800][2787.949s] GC(65) Survivor regions: 6->2(4)
[2023-02-14T15:08:57.443+0800][2787.949s] GC(65) Old regions: 317->272
[2023-02-14T15:08:57.443+0800][2787.949s] GC(65) Archive regions: 0->0
[2023-02-14T15:08:57.443+0800][2787.949s] GC(65) Humongous regions: 70->56
[2023-02-14T15:08:57.443+0800][2787.949s] GC(65) Metaspace: 54368K(54976K)->54368K(54976K) NonClass: 48222K(48576K)->48222K(48576K) Class: 6146K(6400K)->6146K(6400K)
[2023-02-14T15:08:57.443+0800][2787.949s] GC(65) Pause Young (Mixed) (G1 Evacuation Pause) 410M->329M(512M) 2.771ms
[2023-02-14T15:08:57.443+0800][2787.949s] GC(65) User=0.11s Sys=0.00s Real=0.00s
[2023-02-14T15:08:57.529+0800][2788.035s] GC(66) Pause Young (Mixed) (G1 Evacuation Pause)
[2023-02-14T15:08:57.529+0800][2788.035s] GC(66) Using 8 workers of 8 for evacuation
[2023-02-14T15:08:57.531+0800][2788.037s] GC(66)   Pre Evacuate Collection Set: 0.2ms
[2023-02-14T15:08:57.532+0800][2788.037s] GC(66)   Merge Heap Roots: 0.1ms
[2023-02-14T15:08:57.532+0800][2788.037s] GC(66)   Evacuate Collection Set: 1.2ms
[2023-02-14T15:08:57.532+0800][2788.037s] GC(66)   Post Evacuate Collection Set: 0.5ms
[2023-02-14T15:08:57.532+0800][2788.037s] GC(66)   Other: 0.1ms
[2023-02-14T15:08:57.532+0800][2788.037s] GC(66) Eden regions: 23->0(21)
[2023-02-14T15:08:57.532+0800][2788.037s] GC(66) Survivor regions: 2->4(4)
[2023-02-14T15:08:57.532+0800][2788.037s] GC(66) Old regions: 272->224
[2023-02-14T15:08:57.532+0800][2788.037s] GC(66) Archive regions: 0->0
[2023-02-14T15:08:57.532+0800][2788.037s] GC(66) Humongous regions: 56->56
[2023-02-14T15:08:57.532+0800][2788.037s] GC(66) Metaspace: 54368K(54976K)->54368K(54976K) NonClass: 48222K(48576K)->48222K(48576K) Class: 6146K(6400K)->6146K(6400K)
[2023-02-14T15:08:57.532+0800][2788.037s] GC(66) Pause Young (Mixed) (G1 Evacuation Pause) 352M->282M(512M) 2.357ms
[2023-02-14T15:08:57.532+0800][2788.037s] GC(66) User=0.00s Sys=0.00s Real=0.00s
[2023-02-14T15:08:57.613+0800][2788.118s] GC(67) Pause Young (Mixed) (G1 Evacuation Pause)
[2023-02-14T15:08:57.613+0800][2788.119s] GC(67) Using 8 workers of 8 for evacuation
[2023-02-14T15:08:57.615+0800][2788.121s] GC(67)   Pre Evacuate Collection Set: 0.2ms
[2023-02-14T15:08:57.615+0800][2788.121s] GC(67)   Merge Heap Roots: 0.1ms
[2023-02-14T15:08:57.615+0800][2788.121s] GC(67)   Evacuate Collection Set: 1.5ms
[2023-02-14T15:08:57.615+0800][2788.121s] GC(67)   Post Evacuate Collection Set: 0.6ms
[2023-02-14T15:08:57.615+0800][2788.121s] GC(67)   Other: 0.1ms
[2023-02-14T15:08:57.615+0800][2788.121s] GC(67) Eden regions: 21->0(21)
[2023-02-14T15:08:57.615+0800][2788.121s] GC(67) Survivor regions: 4->4(4)
[2023-02-14T15:08:57.615+0800][2788.121s] GC(67) Old regions: 224->176
[2023-02-14T15:08:57.615+0800][2788.121s] GC(67) Archive regions: 0->0
[2023-02-14T15:08:57.615+0800][2788.121s] GC(67) Humongous regions: 56->56
[2023-02-14T15:08:57.615+0800][2788.121s] GC(67) Metaspace: 54368K(54976K)->54368K(54976K) NonClass: 48222K(48576K)->48222K(48576K) Class: 6146K(6400K)->6146K(6400K)
[2023-02-14T15:08:57.615+0800][2788.121s] GC(67) Pause Young (Mixed) (G1 Evacuation Pause) 303M->235M(512M) 2.653ms
[2023-02-14T15:08:57.615+0800][2788.121s] GC(67) User=0.00s Sys=0.00s Real=0.00s
[2023-02-14T15:08:57.698+0800][2788.204s] GC(68) Pause Young (Mixed) (G1 Evacuation Pause)
[2023-02-14T15:08:57.698+0800][2788.204s] GC(68) Using 8 workers of 8 for evacuation
[2023-02-14T15:08:57.701+0800][2788.207s] GC(68)   Pre Evacuate Collection Set: 0.2ms
[2023-02-14T15:08:57.701+0800][2788.207s] GC(68)   Merge Heap Roots: 0.2ms
[2023-02-14T15:08:57.701+0800][2788.207s] GC(68)   Evacuate Collection Set: 1.8ms
[2023-02-14T15:08:57.701+0800][2788.207s] GC(68)   Post Evacuate Collection Set: 0.5ms
[2023-02-14T15:08:57.701+0800][2788.207s] GC(68)   Other: 0.1ms
[2023-02-14T15:08:57.701+0800][2788.207s] GC(68) Eden regions: 21->0(21)
[2023-02-14T15:08:57.701+0800][2788.207s] GC(68) Survivor regions: 4->4(4)
[2023-02-14T15:08:57.701+0800][2788.207s] GC(68) Old regions: 176->131
[2023-02-14T15:08:57.701+0800][2788.207s] GC(68) Archive regions: 0->0
[2023-02-14T15:08:57.701+0800][2788.207s] GC(68) Humongous regions: 56->56
[2023-02-14T15:08:57.701+0800][2788.207s] GC(68) Metaspace: 54368K(54976K)->54368K(54976K) NonClass: 48222K(48576K)->48222K(48576K) Class: 6146K(6400K)->6146K(6400K)
[2023-02-14T15:08:57.701+0800][2788.207s] GC(68) Pause Young (Mixed) (G1 Evacuation Pause) 256M->190M(512M) 2.898ms
[2023-02-14T15:08:57.701+0800][2788.207s] GC(68) User=0.00s Sys=0.00s Real=0.00s
[2023-02-14T15:08:57.797+0800][2788.303s] GC(69) Pause Young (Mixed) (G1 Evacuation Pause)
[2023-02-14T15:08:57.797+0800][2788.303s] GC(69) Using 8 workers of 8 for evacuation
[2023-02-14T15:08:57.800+0800][2788.306s] GC(69)   Pre Evacuate Collection Set: 0.1ms
[2023-02-14T15:08:57.800+0800][2788.306s] GC(69)   Merge Heap Roots: 0.1ms
[2023-02-14T15:08:57.800+0800][2788.306s] GC(69)   Evacuate Collection Set: 2.6ms
[2023-02-14T15:08:57.800+0800][2788.306s] GC(69)   Post Evacuate Collection Set: 0.5ms
[2023-02-14T15:08:57.800+0800][2788.306s] GC(69)   Other: 0.1ms
[2023-02-14T15:08:57.800+0800][2788.306s] GC(69) Eden regions: 21->0(247)
[2023-02-14T15:08:57.800+0800][2788.306s] GC(69) Survivor regions: 4->4(4)
[2023-02-14T15:08:57.800+0800][2788.306s] GC(69) Old regions: 131->91
[2023-02-14T15:08:57.800+0800][2788.306s] GC(69) Archive regions: 0->0
[2023-02-14T15:08:57.800+0800][2788.306s] GC(69) Humongous regions: 84->84
[2023-02-14T15:08:57.800+0800][2788.306s] GC(69) Metaspace: 54368K(54976K)->54368K(54976K) NonClass: 48222K(48576K)->48222K(48576K) Class: 6146K(6400K)->6146K(6400K)
[2023-02-14T15:08:57.800+0800][2788.306s] GC(69) Pause Young (Mixed) (G1 Evacuation Pause) 239M->178M(512M) 3.502ms
[2023-02-14T15:08:57.800+0800][2788.306s] GC(69) User=0.00s Sys=0.00s Real=0.00s
[2023-02-14T15:08:59.436+0800][2789.942s] GC(70) Pause Young (Normal) (G1 Evacuation Pause)
[2023-02-14T15:08:59.436+0800][2789.942s] GC(70) Using 8 workers of 8 for evacuation
[2023-02-14T15:08:59.450+0800][2789.956s] GC(70) To-space exhausted
[2023-02-14T15:08:59.450+0800][2789.956s] GC(70)   Pre Evacuate Collection Set: 0.1ms
[2023-02-14T15:08:59.450+0800][2789.956s] GC(70)   Merge Heap Roots: 0.1ms
[2023-02-14T15:08:59.450+0800][2789.956s] GC(70)   Evacuate Collection Set: 0.9ms
[2023-02-14T15:08:59.450+0800][2789.956s] GC(70)   Post Evacuate Collection Set: 12.5ms
[2023-02-14T15:08:59.450+0800][2789.956s] GC(70)   Other: 0.2ms
[2023-02-14T15:08:59.450+0800][2789.956s] GC(70) Eden regions: 245->0(25)
[2023-02-14T15:08:59.450+0800][2789.956s] GC(70) Survivor regions: 4->0(0)
[2023-02-14T15:08:59.450+0800][2789.956s] GC(70) Old regions: 91->336
[2023-02-14T15:08:59.450+0800][2789.956s] GC(70) Archive regions: 0->0
[2023-02-14T15:08:59.450+0800][2789.956s] GC(70) Humongous regions: 172->106
[2023-02-14T15:08:59.450+0800][2789.956s] GC(70) Metaspace: 54371K(54976K)->54371K(54976K) NonClass: 48225K(48576K)->48225K(48576K) Class: 6146K(6400K)->6146K(6400K)
[2023-02-14T15:08:59.450+0800][2789.956s] GC(70) Pause Young (Normal) (G1 Evacuation Pause) 511M->441M(512M) 13.855ms
[2023-02-14T15:08:59.450+0800][2789.956s] GC(70) User=0.12s Sys=0.00s Real=0.01s
[2023-02-14T15:08:59.466+0800][2789.972s] GC(71) Pause Young (Concurrent Start) (G1 Evacuation Pause)
[2023-02-14T15:08:59.466+0800][2789.972s] GC(71) Using 8 workers of 8 for evacuation
[2023-02-14T15:08:59.467+0800][2789.973s] GC(71)   Pre Evacuate Collection Set: 0.1ms
[2023-02-14T15:08:59.467+0800][2789.973s] GC(71)   Merge Heap Roots: 0.1ms
[2023-02-14T15:08:59.467+0800][2789.973s] GC(71)   Evacuate Collection Set: 0.9ms
[2023-02-14T15:08:59.467+0800][2789.973s] GC(71)   Post Evacuate Collection Set: 0.5ms
[2023-02-14T15:08:59.467+0800][2789.973s] GC(71)   Other: 0.1ms
[2023-02-14T15:08:59.467+0800][2789.973s] GC(71) Eden regions: 25->0(24)
[2023-02-14T15:08:59.467+0800][2789.973s] GC(71) Survivor regions: 0->1(4)
[2023-02-14T15:08:59.467+0800][2789.973s] GC(71) Old regions: 336->336
[2023-02-14T15:08:59.467+0800][2789.973s] GC(71) Archive regions: 0->0
[2023-02-14T15:08:59.467+0800][2789.973s] GC(71) Humongous regions: 106->106
[2023-02-14T15:08:59.467+0800][2789.973s] GC(71) Metaspace: 54371K(54976K)->54371K(54976K) NonClass: 48225K(48576K)->48225K(48576K) Class: 6146K(6400K)->6146K(6400K)
[2023-02-14T15:08:59.467+0800][2789.973s] GC(71) Pause Young (Concurrent Start) (G1 Evacuation Pause) 466M->442M(512M) 1.750ms
[2023-02-14T15:08:59.467+0800][2789.973s] GC(71) User=0.00s Sys=0.00s Real=0.00s
[2023-02-14T15:08:59.467+0800][2789.973s] GC(72) Concurrent Mark Cycle
[2023-02-14T15:08:59.467+0800][2789.973s] GC(72) Concurrent Clear Claimed Marks
[2023-02-14T15:08:59.467+0800][2789.973s] GC(72) Concurrent Clear Claimed Marks 0.015ms
[2023-02-14T15:08:59.467+0800][2789.973s] GC(72) Concurrent Scan Root Regions
[2023-02-14T15:08:59.468+0800][2789.974s] GC(72) Concurrent Scan Root Regions 0.406ms
[2023-02-14T15:08:59.468+0800][2789.974s] GC(72) Concurrent Mark
[2023-02-14T15:08:59.468+0800][2789.974s] GC(72) Concurrent Mark From Roots
[2023-02-14T15:08:59.468+0800][2789.974s] GC(72) Using 2 workers of 2 for marking
[2023-02-14T15:08:59.488+0800][2789.994s] GC(73) Pause Young (Normal) (G1 Evacuation Pause)
[2023-02-14T15:08:59.488+0800][2789.994s] GC(73) Using 8 workers of 8 for evacuation
[2023-02-14T15:08:59.489+0800][2789.995s] GC(73)   Pre Evacuate Collection Set: 0.1ms
[2023-02-14T15:08:59.489+0800][2789.995s] GC(73)   Merge Heap Roots: 0.1ms
[2023-02-14T15:08:59.489+0800][2789.995s] GC(73)   Evacuate Collection Set: 0.5ms
[2023-02-14T15:08:59.489+0800][2789.995s] GC(73)   Post Evacuate Collection Set: 0.5ms
[2023-02-14T15:08:59.489+0800][2789.995s] GC(73)   Other: 0.1ms
[2023-02-14T15:08:59.489+0800][2789.995s] GC(73) Eden regions: 24->0(24)
[2023-02-14T15:08:59.489+0800][2789.995s] GC(73) Survivor regions: 1->1(4)
[2023-02-14T15:08:59.489+0800][2789.995s] GC(73) Old regions: 336->336
[2023-02-14T15:08:59.489+0800][2789.995s] GC(73) Archive regions: 0->0
[2023-02-14T15:08:59.489+0800][2789.995s] GC(73) Humongous regions: 106->106
[2023-02-14T15:08:59.489+0800][2789.995s] GC(73) Metaspace: 54371K(54976K)->54371K(54976K) NonClass: 48225K(48576K)->48225K(48576K) Class: 6146K(6400K)->6146K(6400K)
[2023-02-14T15:08:59.489+0800][2789.995s] GC(73) Pause Young (Normal) (G1 Evacuation Pause) 466M->442M(512M) 1.407ms
[2023-02-14T15:08:59.489+0800][2789.995s] GC(73) User=0.00s Sys=0.00s Real=0.00s
[2023-02-14T15:08:59.496+0800][2790.002s] GC(72) Concurrent Mark From Roots 27.817ms
[2023-02-14T15:08:59.496+0800][2790.002s] GC(72) Concurrent Preclean
[2023-02-14T15:08:59.496+0800][2790.002s] GC(72) Concurrent Preclean 0.245ms
[2023-02-14T15:08:59.496+0800][2790.002s] GC(72) Pause Remark
[2023-02-14T15:08:59.500+0800][2790.005s] GC(72) Pause Remark 451M->408M(512M) 2.784ms
[2023-02-14T15:08:59.500+0800][2790.005s] GC(72) User=0.00s Sys=0.00s Real=0.00s
[2023-02-14T15:08:59.500+0800][2790.005s] GC(72) Concurrent Mark 31.320ms
[2023-02-14T15:08:59.500+0800][2790.005s] GC(72) Concurrent Rebuild Remembered Sets
[2023-02-14T15:08:59.510+0800][2790.015s] GC(74) Pause Young (Normal) (G1 Evacuation Pause)
[2023-02-14T15:08:59.510+0800][2790.015s] GC(74) Using 8 workers of 8 for evacuation
[2023-02-14T15:08:59.511+0800][2790.016s] GC(74)   Pre Evacuate Collection Set: 0.1ms
[2023-02-14T15:08:59.511+0800][2790.016s] GC(74)   Merge Heap Roots: 0.1ms
[2023-02-14T15:08:59.511+0800][2790.016s] GC(74)   Evacuate Collection Set: 0.4ms
[2023-02-14T15:08:59.511+0800][2790.016s] GC(74)   Post Evacuate Collection Set: 0.5ms
[2023-02-14T15:08:59.511+0800][2790.016s] GC(74)   Other: 0.1ms
[2023-02-14T15:08:59.511+0800][2790.016s] GC(74) Eden regions: 24->0(53)
[2023-02-14T15:08:59.511+0800][2790.016s] GC(74) Survivor regions: 1->1(4)
[2023-02-14T15:08:59.511+0800][2790.016s] GC(74) Old regions: 335->335
[2023-02-14T15:08:59.511+0800][2790.016s] GC(74) Archive regions: 0->0
[2023-02-14T15:08:59.511+0800][2790.016s] GC(74) Humongous regions: 64->64
[2023-02-14T15:08:59.511+0800][2790.016s] GC(74) Metaspace: 54371K(54976K)->54371K(54976K) NonClass: 48225K(48576K)->48225K(48576K) Class: 6146K(6400K)->6146K(6400K)
[2023-02-14T15:08:59.511+0800][2790.016s] GC(74) Pause Young (Normal) (G1 Evacuation Pause) 423M->399M(512M) 1.327ms
[2023-02-14T15:08:59.511+0800][2790.016s] GC(74) User=0.00s Sys=0.00s Real=0.00s
[2023-02-14T15:08:59.517+0800][2790.022s] GC(72) Concurrent Rebuild Remembered Sets 17.049ms
[2023-02-14T15:08:59.517+0800][2790.022s] GC(72) Pause Cleanup
[2023-02-14T15:08:59.517+0800][2790.023s] GC(72) Pause Cleanup 407M->407M(512M) 0.182ms
[2023-02-14T15:08:59.517+0800][2790.023s] GC(72) User=0.00s Sys=0.00s Real=0.00s
[2023-02-14T15:08:59.517+0800][2790.023s] GC(72) Concurrent Cleanup for Next Mark
[2023-02-14T15:08:59.518+0800][2790.023s] GC(72) Concurrent Cleanup for Next Mark 0.697ms
[2023-02-14T15:08:59.518+0800][2790.024s] GC(72) Concurrent Mark Cycle 50.163ms
[2023-02-14T15:08:59.569+0800][2790.075s] GC(75) Pause Young (Prepare Mixed) (G1 Evacuation Pause)
[2023-02-14T15:08:59.569+0800][2790.075s] GC(75) Using 8 workers of 8 for evacuation
[2023-02-14T15:08:59.570+0800][2790.076s] GC(75)   Pre Evacuate Collection Set: 0.1ms
[2023-02-14T15:08:59.570+0800][2790.076s] GC(75)   Merge Heap Roots: 0.0ms
[2023-02-14T15:08:59.570+0800][2790.076s] GC(75)   Evacuate Collection Set: 0.5ms
[2023-02-14T15:08:59.570+0800][2790.076s] GC(75)   Post Evacuate Collection Set: 0.5ms
[2023-02-14T15:08:59.570+0800][2790.076s] GC(75)   Other: 0.2ms
[2023-02-14T15:08:59.570+0800][2790.076s] GC(75) Eden regions: 53->0(24)
[2023-02-14T15:08:59.570+0800][2790.076s] GC(75) Survivor regions: 1->1(7)
[2023-02-14T15:08:59.570+0800][2790.076s] GC(75) Old regions: 335->335
[2023-02-14T15:08:59.570+0800][2790.076s] GC(75) Archive regions: 0->0
[2023-02-14T15:08:59.570+0800][2790.076s] GC(75) Humongous regions: 64->64
[2023-02-14T15:08:59.570+0800][2790.076s] GC(75) Metaspace: 54371K(54976K)->54371K(54976K) NonClass: 48225K(48576K)->48225K(48576K) Class: 6146K(6400K)->6146K(6400K)
[2023-02-14T15:08:59.570+0800][2790.076s] GC(75) Pause Young (Prepare Mixed) (G1 Evacuation Pause) 452M->399M(512M) 1.324ms
[2023-02-14T15:08:59.570+0800][2790.076s] GC(75) User=0.00s Sys=0.00s Real=0.00s
[2023-02-14T15:08:59.597+0800][2790.103s] GC(76) Pause Young (Mixed) (G1 Evacuation Pause)
[2023-02-14T15:08:59.597+0800][2790.103s] GC(76) Using 8 workers of 8 for evacuation
[2023-02-14T15:08:59.599+0800][2790.105s] GC(76)   Pre Evacuate Collection Set: 0.2ms
[2023-02-14T15:08:59.599+0800][2790.105s] GC(76)   Merge Heap Roots: 0.1ms
[2023-02-14T15:08:59.599+0800][2790.105s] GC(76)   Evacuate Collection Set: 0.6ms
[2023-02-14T15:08:59.599+0800][2790.105s] GC(76)   Post Evacuate Collection Set: 0.6ms
[2023-02-14T15:08:59.599+0800][2790.105s] GC(76)   Other: 0.1ms
[2023-02-14T15:08:59.599+0800][2790.105s] GC(76) Eden regions: 24->0(24)
[2023-02-14T15:08:59.599+0800][2790.105s] GC(76) Survivor regions: 1->1(4)
[2023-02-14T15:08:59.599+0800][2790.105s] GC(76) Old regions: 335->285
[2023-02-14T15:08:59.599+0800][2790.105s] GC(76) Archive regions: 0->0
[2023-02-14T15:08:59.599+0800][2790.105s] GC(76) Humongous regions: 64->64
[2023-02-14T15:08:59.599+0800][2790.105s] GC(76) Metaspace: 54371K(54976K)->54371K(54976K) NonClass: 48225K(48576K)->48225K(48576K) Class: 6146K(6400K)->6146K(6400K)
[2023-02-14T15:08:59.599+0800][2790.105s] GC(76) Pause Young (Mixed) (G1 Evacuation Pause) 423M->348M(512M) 1.559ms
[2023-02-14T15:08:59.599+0800][2790.105s] GC(76) User=0.00s Sys=0.00s Real=0.00s
[2023-02-14T15:08:59.627+0800][2790.133s] GC(77) Pause Young (Mixed) (G1 Evacuation Pause)
[2023-02-14T15:08:59.627+0800][2790.133s] GC(77) Using 8 workers of 8 for evacuation
[2023-02-14T15:08:59.629+0800][2790.135s] GC(77)   Pre Evacuate Collection Set: 0.2ms
[2023-02-14T15:08:59.629+0800][2790.135s] GC(77)   Merge Heap Roots: 0.2ms
[2023-02-14T15:08:59.629+0800][2790.135s] GC(77)   Evacuate Collection Set: 0.6ms
[2023-02-14T15:08:59.629+0800][2790.135s] GC(77)   Post Evacuate Collection Set: 0.6ms
[2023-02-14T15:08:59.629+0800][2790.135s] GC(77)   Other: 0.1ms
[2023-02-14T15:08:59.629+0800][2790.135s] GC(77) Eden regions: 24->0(24)
[2023-02-14T15:08:59.629+0800][2790.135s] GC(77) Survivor regions: 1->1(4)
[2023-02-14T15:08:59.629+0800][2790.135s] GC(77) Old regions: 285->236
[2023-02-14T15:08:59.629+0800][2790.135s] GC(77) Archive regions: 0->0
[2023-02-14T15:08:59.629+0800][2790.135s] GC(77) Humongous regions: 64->64
[2023-02-14T15:08:59.629+0800][2790.135s] GC(77) Metaspace: 54371K(54976K)->54371K(54976K) NonClass: 48225K(48576K)->48225K(48576K) Class: 6146K(6400K)->6146K(6400K)
[2023-02-14T15:08:59.629+0800][2790.135s] GC(77) Pause Young (Mixed) (G1 Evacuation Pause) 372M->299M(512M) 1.821ms
[2023-02-14T15:08:59.629+0800][2790.135s] GC(77) User=0.00s Sys=0.00s Real=0.00s
[2023-02-14T15:08:59.658+0800][2790.164s] GC(78) Pause Young (Mixed) (G1 Evacuation Pause)
[2023-02-14T15:08:59.658+0800][2790.164s] GC(78) Using 8 workers of 8 for evacuation
[2023-02-14T15:08:59.661+0800][2790.166s] GC(78)   Pre Evacuate Collection Set: 0.1ms
[2023-02-14T15:08:59.661+0800][2790.166s] GC(78)   Merge Heap Roots: 0.1ms
[2023-02-14T15:08:59.661+0800][2790.166s] GC(78)   Evacuate Collection Set: 0.7ms
[2023-02-14T15:08:59.661+0800][2790.166s] GC(78)   Post Evacuate Collection Set: 1.4ms
[2023-02-14T15:08:59.661+0800][2790.166s] GC(78)   Other: 0.1ms
[2023-02-14T15:08:59.661+0800][2790.166s] GC(78) Eden regions: 24->0(24)
[2023-02-14T15:08:59.661+0800][2790.166s] GC(78) Survivor regions: 1->1(4)
[2023-02-14T15:08:59.661+0800][2790.166s] GC(78) Old regions: 236->187
[2023-02-14T15:08:59.661+0800][2790.166s] GC(78) Archive regions: 0->0
[2023-02-14T15:08:59.661+0800][2790.166s] GC(78) Humongous regions: 64->64
[2023-02-14T15:08:59.661+0800][2790.166s] GC(78) Metaspace: 54371K(54976K)->54371K(54976K) NonClass: 48225K(48576K)->48225K(48576K) Class: 6146K(6400K)->6146K(6400K)
[2023-02-14T15:08:59.661+0800][2790.166s] GC(78) Pause Young (Mixed) (G1 Evacuation Pause) 323M->250M(512M) 2.536ms
[2023-02-14T15:08:59.661+0800][2790.166s] GC(78) User=0.05s Sys=0.00s Real=0.00s
[2023-02-14T15:08:59.691+0800][2790.196s] GC(79) Pause Young (Mixed) (G1 Evacuation Pause)
[2023-02-14T15:08:59.691+0800][2790.196s] GC(79) Using 8 workers of 8 for evacuation
[2023-02-14T15:08:59.693+0800][2790.198s] GC(79)   Pre Evacuate Collection Set: 0.2ms
[2023-02-14T15:08:59.693+0800][2790.198s] GC(79)   Merge Heap Roots: 0.2ms
[2023-02-14T15:08:59.693+0800][2790.198s] GC(79)   Evacuate Collection Set: 1.0ms
[2023-02-14T15:08:59.693+0800][2790.198s] GC(79)   Post Evacuate Collection Set: 0.5ms
[2023-02-14T15:08:59.693+0800][2790.198s] GC(79)   Other: 0.2ms
[2023-02-14T15:08:59.693+0800][2790.198s] GC(79) Eden regions: 24->0(24)
[2023-02-14T15:08:59.693+0800][2790.198s] GC(79) Survivor regions: 1->1(4)
[2023-02-14T15:08:59.693+0800][2790.198s] GC(79) Old regions: 187->140
[2023-02-14T15:08:59.693+0800][2790.198s] GC(79) Archive regions: 0->0
[2023-02-14T15:08:59.693+0800][2790.198s] GC(79) Humongous regions: 64->64
[2023-02-14T15:08:59.693+0800][2790.198s] GC(79) Metaspace: 54371K(54976K)->54371K(54976K) NonClass: 48225K(48576K)->48225K(48576K) Class: 6146K(6400K)->6146K(6400K)
[2023-02-14T15:08:59.693+0800][2790.198s] GC(79) Pause Young (Mixed) (G1 Evacuation Pause) 274M->203M(512M) 2.109ms
[2023-02-14T15:08:59.693+0800][2790.198s] GC(79) User=0.12s Sys=0.00s Real=0.00s
[2023-02-14T15:08:59.723+0800][2790.229s] GC(80) Pause Young (Mixed) (G1 Evacuation Pause)
[2023-02-14T15:08:59.723+0800][2790.229s] GC(80) Using 8 workers of 8 for evacuation
[2023-02-14T15:08:59.728+0800][2790.234s] GC(80)   Pre Evacuate Collection Set: 0.2ms
[2023-02-14T15:08:59.728+0800][2790.234s] GC(80)   Merge Heap Roots: 0.2ms
[2023-02-14T15:08:59.728+0800][2790.234s] GC(80)   Evacuate Collection Set: 4.6ms
[2023-02-14T15:08:59.728+0800][2790.234s] GC(80)   Post Evacuate Collection Set: 0.6ms
[2023-02-14T15:08:59.728+0800][2790.234s] GC(80)   Other: 0.1ms
[2023-02-14T15:08:59.728+0800][2790.234s] GC(80) Eden regions: 24->0(265)
[2023-02-14T15:08:59.728+0800][2790.234s] GC(80) Survivor regions: 1->1(4)
[2023-02-14T15:08:59.728+0800][2790.234s] GC(80) Old regions: 140->111
[2023-02-14T15:08:59.728+0800][2790.234s] GC(80) Archive regions: 0->0
[2023-02-14T15:08:59.728+0800][2790.234s] GC(80) Humongous regions: 64->64
[2023-02-14T15:08:59.728+0800][2790.234s] GC(80) Metaspace: 54371K(54976K)->54371K(54976K) NonClass: 48225K(48576K)->48225K(48576K) Class: 6146K(6400K)->6146K(6400K)
[2023-02-14T15:08:59.729+0800][2790.235s] GC(80) Pause Young (Mixed) (G1 Evacuation Pause) 227M->174M(512M) 5.749ms
[2023-02-14T15:08:59.729+0800][2790.235s] GC(80) User=0.00s Sys=0.00s Real=0.01s
[2023-02-14T15:09:00.028+0800][2790.534s] GC(81) Pause Young (Normal) (G1 Evacuation Pause)
[2023-02-14T15:09:00.028+0800][2790.534s] GC(81) Using 8 workers of 8 for evacuation
[2023-02-14T15:09:00.031+0800][2790.537s] GC(81)   Pre Evacuate Collection Set: 0.1ms
[2023-02-14T15:09:00.031+0800][2790.537s] GC(81)   Merge Heap Roots: 0.1ms
[2023-02-14T15:09:00.031+0800][2790.537s] GC(81)   Evacuate Collection Set: 1.4ms
[2023-02-14T15:09:00.031+0800][2790.537s] GC(81)   Post Evacuate Collection Set: 0.9ms
[2023-02-14T15:09:00.031+0800][2790.537s] GC(81)   Other: 0.4ms
[2023-02-14T15:09:00.031+0800][2790.537s] GC(81) Eden regions: 265->0(268)
[2023-02-14T15:09:00.031+0800][2790.537s] GC(81) Survivor regions: 1->1(34)
[2023-02-14T15:09:00.031+0800][2790.537s] GC(81) Old regions: 111->111
[2023-02-14T15:09:00.031+0800][2790.537s] GC(81) Archive regions: 0->0
[2023-02-14T15:09:00.031+0800][2790.537s] GC(81) Humongous regions: 64->64
[2023-02-14T15:09:00.031+0800][2790.537s] GC(81) Metaspace: 54371K(54976K)->54371K(54976K) NonClass: 48225K(48576K)->48225K(48576K) Class: 6146K(6400K)->6146K(6400K)
[2023-02-14T15:09:00.031+0800][2790.537s] GC(81) Pause Young (Normal) (G1 Evacuation Pause) 439M->174M(512M) 3.028ms
[2023-02-14T15:09:00.031+0800][2790.537s] GC(81) User=0.00s Sys=0.00s Real=0.00s
[2023-02-14T15:09:00.369+0800][2790.874s] GC(82) Pause Young (Normal) (G1 Evacuation Pause)
[2023-02-14T15:09:00.369+0800][2790.874s] GC(82) Using 8 workers of 8 for evacuation
[2023-02-14T15:09:00.370+0800][2790.876s] GC(82)   Pre Evacuate Collection Set: 0.2ms
[2023-02-14T15:09:00.370+0800][2790.876s] GC(82)   Merge Heap Roots: 0.1ms
[2023-02-14T15:09:00.370+0800][2790.876s] GC(82)   Evacuate Collection Set: 0.5ms
[2023-02-14T15:09:00.370+0800][2790.876s] GC(82)   Post Evacuate Collection Set: 0.6ms
[2023-02-14T15:09:00.370+0800][2790.876s] GC(82)   Other: 0.1ms
[2023-02-14T15:09:00.370+0800][2790.876s] GC(82) Eden regions: 268->0(271)
[2023-02-14T15:09:00.370+0800][2790.876s] GC(82) Survivor regions: 1->1(34)
[2023-02-14T15:09:00.370+0800][2790.876s] GC(82) Old regions: 111->111
[2023-02-14T15:09:00.370+0800][2790.876s] GC(82) Archive regions: 0->0
[2023-02-14T15:09:00.370+0800][2790.876s] GC(82) Humongous regions: 64->64
[2023-02-14T15:09:00.370+0800][2790.876s] GC(82) Metaspace: 54371K(54976K)->54371K(54976K) NonClass: 48225K(48576K)->48225K(48576K) Class: 6146K(6400K)->6146K(6400K)
[2023-02-14T15:09:00.370+0800][2790.876s] GC(82) Pause Young (Normal) (G1 Evacuation Pause) 442M->175M(512M) 1.559ms
[2023-02-14T15:09:00.370+0800][2790.876s] GC(82) User=0.00s Sys=0.00s Real=0.00s
[2023-02-14T15:09:00.684+0800][2791.191s] GC(83) Pause Young (Concurrent Start) (G1 Humongous Allocation)
[2023-02-14T15:09:00.684+0800][2791.191s] GC(83) Using 8 workers of 8 for evacuation
[2023-02-14T15:09:00.687+0800][2791.193s] GC(83)   Pre Evacuate Collection Set: 0.2ms
[2023-02-14T15:09:00.687+0800][2791.193s] GC(83)   Merge Heap Roots: 0.1ms
[2023-02-14T15:09:00.687+0800][2791.193s] GC(83)   Evacuate Collection Set: 1.5ms
[2023-02-14T15:09:00.687+0800][2791.193s] GC(83)   Post Evacuate Collection Set: 0.4ms
[2023-02-14T15:09:00.687+0800][2791.193s] GC(83)   Other: 0.2ms
[2023-02-14T15:09:00.687+0800][2791.193s] GC(83) Eden regions: 170->0(265)
[2023-02-14T15:09:00.687+0800][2791.193s] GC(83) Survivor regions: 1->5(34)
[2023-02-14T15:09:00.687+0800][2791.193s] GC(83) Old regions: 111->111
[2023-02-14T15:09:00.687+0800][2791.193s] GC(83) Archive regions: 0->0
[2023-02-14T15:09:00.687+0800][2791.193s] GC(83) Humongous regions: 64->64
[2023-02-14T15:09:00.687+0800][2791.193s] GC(83) Metaspace: 54380K(54976K)->54380K(54976K) NonClass: 48234K(48576K)->48234K(48576K) Class: 6146K(6400K)->6146K(6400K)
[2023-02-14T15:09:00.687+0800][2791.193s] GC(83) Pause Young (Concurrent Start) (G1 Humongous Allocation) 344M->179M(512M) 2.614ms
[2023-02-14T15:09:00.687+0800][2791.193s] GC(83) User=0.00s Sys=0.00s Real=0.00s
[2023-02-14T15:09:00.687+0800][2791.193s] GC(84) Concurrent Mark Cycle
[2023-02-14T15:09:00.687+0800][2791.193s] GC(84) Concurrent Clear Claimed Marks
[2023-02-14T15:09:00.687+0800][2791.193s] GC(84) Concurrent Clear Claimed Marks 0.023ms
[2023-02-14T15:09:00.687+0800][2791.193s] GC(84) Concurrent Scan Root Regions
[2023-02-14T15:09:00.688+0800][2791.194s] GC(84) Concurrent Scan Root Regions 0.372ms
[2023-02-14T15:09:00.688+0800][2791.194s] GC(84) Concurrent Mark
[2023-02-14T15:09:00.688+0800][2791.194s] GC(84) Concurrent Mark From Roots
[2023-02-14T15:09:00.688+0800][2791.194s] GC(84) Using 2 workers of 2 for marking
[2023-02-14T15:09:00.718+0800][2791.224s] GC(84) Concurrent Mark From Roots 29.986ms
[2023-02-14T15:09:00.718+0800][2791.224s] GC(84) Concurrent Preclean
[2023-02-14T15:09:00.718+0800][2791.224s] GC(84) Concurrent Preclean 0.324ms
[2023-02-14T15:09:00.718+0800][2791.224s] GC(84) Pause Remark
[2023-02-14T15:09:00.723+0800][2791.229s] GC(84) Pause Remark 187M->157M(512M) 4.841ms
[2023-02-14T15:09:00.723+0800][2791.229s] GC(84) User=0.11s Sys=0.02s Real=0.01s
[2023-02-14T15:09:00.723+0800][2791.229s] GC(84) Concurrent Mark 35.459ms
[2023-02-14T15:09:00.723+0800][2791.229s] GC(84) Concurrent Rebuild Remembered Sets
[2023-02-14T15:09:00.743+0800][2791.248s] GC(84) Concurrent Rebuild Remembered Sets 18.982ms
[2023-02-14T15:09:00.743+0800][2791.248s] GC(84) Pause Cleanup
[2023-02-14T15:09:00.743+0800][2791.249s] GC(84) Pause Cleanup 163M->163M(512M) 0.138ms
[2023-02-14T15:09:00.743+0800][2791.249s] GC(84) User=0.00s Sys=0.00s Real=0.00s
[2023-02-14T15:09:00.743+0800][2791.249s] GC(84) Concurrent Cleanup for Next Mark
[2023-02-14T15:09:00.744+0800][2791.249s] GC(84) Concurrent Cleanup for Next Mark 0.757ms
[2023-02-14T15:09:00.744+0800][2791.249s] GC(84) Concurrent Mark Cycle 56.167ms
[2023-02-14T15:09:00.826+0800][2791.331s] GC(85) Pause Young (Concurrent Start) (G1 Humongous Allocation)
[2023-02-14T15:09:00.826+0800][2791.331s] GC(85) Using 8 workers of 8 for evacuation
[2023-02-14T15:09:00.828+0800][2791.334s] GC(85)   Pre Evacuate Collection Set: 0.1ms
[2023-02-14T15:09:00.828+0800][2791.334s] GC(85)   Merge Heap Roots: 0.0ms
[2023-02-14T15:09:00.828+0800][2791.334s] GC(85)   Evacuate Collection Set: 1.7ms
[2023-02-14T15:09:00.828+0800][2791.334s] GC(85)   Post Evacuate Collection Set: 0.4ms
[2023-02-14T15:09:00.828+0800][2791.334s] GC(85)   Other: 0.3ms
[2023-02-14T15:09:00.828+0800][2791.334s] GC(85) Eden regions: 43->0(269)
[2023-02-14T15:09:00.828+0800][2791.334s] GC(85) Survivor regions: 5->10(34)
[2023-02-14T15:09:00.828+0800][2791.334s] GC(85) Old regions: 111->111
[2023-02-14T15:09:00.828+0800][2791.334s] GC(85) Archive regions: 0->0
[2023-02-14T15:09:00.828+0800][2791.334s] GC(85) Humongous regions: 36->36
[2023-02-14T15:09:00.828+0800][2791.334s] GC(85) Metaspace: 54380K(54976K)->54380K(54976K) NonClass: 48234K(48576K)->48234K(48576K) Class: 6146K(6400K)->6146K(6400K)
[2023-02-14T15:09:00.828+0800][2791.334s] GC(85) Pause Young (Concurrent Start) (G1 Humongous Allocation) 193M->156M(512M) 2.614ms
[2023-02-14T15:09:00.828+0800][2791.334s] GC(85) User=0.00s Sys=0.00s Real=0.00s
[2023-02-14T15:09:00.828+0800][2791.334s] GC(86) Concurrent Mark Cycle
[2023-02-14T15:09:00.828+0800][2791.334s] GC(86) Concurrent Clear Claimed Marks
[2023-02-14T15:09:00.828+0800][2791.334s] GC(86) Concurrent Clear Claimed Marks 0.018ms
[2023-02-14T15:09:00.828+0800][2791.334s] GC(86) Concurrent Scan Root Regions
[2023-02-14T15:09:00.829+0800][2791.334s] GC(86) Concurrent Scan Root Regions 0.434ms
[2023-02-14T15:09:00.829+0800][2791.334s] GC(86) Concurrent Mark
[2023-02-14T15:09:00.829+0800][2791.334s] GC(86) Concurrent Mark From Roots
[2023-02-14T15:09:00.829+0800][2791.334s] GC(86) Using 2 workers of 2 for marking
[2023-02-14T15:09:00.854+0800][2791.359s] GC(86) Concurrent Mark From Roots 25.019ms
[2023-02-14T15:09:00.854+0800][2791.360s] GC(86) Concurrent Preclean
[2023-02-14T15:09:00.854+0800][2791.360s] GC(86) Concurrent Preclean 0.244ms
[2023-02-14T15:09:00.855+0800][2791.360s] GC(86) Pause Remark
[2023-02-14T15:09:00.857+0800][2791.363s] GC(86) Pause Remark 168M->133M(512M) 2.731ms
[2023-02-14T15:09:00.857+0800][2791.363s] GC(86) User=0.00s Sys=0.00s Real=0.00s
[2023-02-14T15:09:00.857+0800][2791.363s] GC(86) Concurrent Mark 28.357ms
[2023-02-14T15:09:00.857+0800][2791.363s] GC(86) Concurrent Rebuild Remembered Sets
[2023-02-14T15:09:00.872+0800][2791.378s] GC(86) Concurrent Rebuild Remembered Sets 14.748ms
[2023-02-14T15:09:00.872+0800][2791.378s] GC(86) Pause Cleanup
[2023-02-14T15:09:00.873+0800][2791.378s] GC(86) Pause Cleanup 135M->135M(512M) 0.183ms
[2023-02-14T15:09:00.873+0800][2791.378s] GC(86) User=0.00s Sys=0.00s Real=0.00s
[2023-02-14T15:09:00.873+0800][2791.378s] GC(86) Concurrent Cleanup for Next Mark
[2023-02-14T15:09:00.873+0800][2791.379s] GC(86) Concurrent Cleanup for Next Mark 0.548ms
[2023-02-14T15:09:00.873+0800][2791.379s] GC(86) Concurrent Mark Cycle 44.819ms
[2023-02-14T15:09:01.782+0800][2792.288s] GC(87) Pause Young (Prepare Mixed) (G1 Humongous Allocation)
[2023-02-14T15:09:01.782+0800][2792.288s] GC(87) Using 8 workers of 8 for evacuation
[2023-02-14T15:09:01.796+0800][2792.302s] GC(87) To-space exhausted
[2023-02-14T15:09:01.796+0800][2792.302s] GC(87)   Pre Evacuate Collection Set: 0.1ms
[2023-02-14T15:09:01.796+0800][2792.302s] GC(87)   Merge Heap Roots: 0.1ms
[2023-02-14T15:09:01.796+0800][2792.302s] GC(87)   Evacuate Collection Set: 1.3ms
[2023-02-14T15:09:01.796+0800][2792.302s] GC(87)   Post Evacuate Collection Set: 12.2ms
[2023-02-14T15:09:01.796+0800][2792.302s] GC(87)   Other: 0.2ms
[2023-02-14T15:09:01.796+0800][2792.302s] GC(87) Eden regions: 264->0(21)
[2023-02-14T15:09:01.796+0800][2792.302s] GC(87) Survivor regions: 10->4(4)
[2023-02-14T15:09:01.796+0800][2792.302s] GC(87) Old regions: 106->360
[2023-02-14T15:09:01.796+0800][2792.302s] GC(87) Archive regions: 0->0
[2023-02-14T15:09:01.796+0800][2792.302s] GC(87) Humongous regions: 128->38
[2023-02-14T15:09:01.796+0800][2792.302s] GC(87) Metaspace: 54380K(54976K)->54380K(54976K) NonClass: 48234K(48576K)->48234K(48576K) Class: 6146K(6400K)->6146K(6400K)
[2023-02-14T15:09:01.796+0800][2792.302s] GC(87) Pause Young (Prepare Mixed) (G1 Humongous Allocation) 507M->402M(512M) 14.036ms
[2023-02-14T15:09:01.796+0800][2792.302s] GC(87) User=0.12s Sys=0.00s Real=0.01s
[2023-02-14T15:09:01.926+0800][2792.432s] GC(88) Pause Young (Mixed) (G1 Evacuation Pause)
[2023-02-14T15:09:01.926+0800][2792.432s] GC(88) Using 8 workers of 8 for evacuation
[2023-02-14T15:09:01.930+0800][2792.436s] GC(88)   Pre Evacuate Collection Set: 0.2ms
[2023-02-14T15:09:01.930+0800][2792.436s] GC(88)   Merge Heap Roots: 0.1ms
[2023-02-14T15:09:01.930+0800][2792.436s] GC(88)   Evacuate Collection Set: 2.6ms
[2023-02-14T15:09:01.930+0800][2792.436s] GC(88)   Post Evacuate Collection Set: 0.6ms
[2023-02-14T15:09:01.930+0800][2792.436s] GC(88)   Other: 0.1ms
[2023-02-14T15:09:01.930+0800][2792.436s] GC(88) Eden regions: 21->0(73)
[2023-02-14T15:09:01.930+0800][2792.436s] GC(88) Survivor regions: 4->4(4)
[2023-02-14T15:09:01.930+0800][2792.436s] GC(88) Old regions: 360->314
[2023-02-14T15:09:01.930+0800][2792.436s] GC(88) Archive regions: 0->0
[2023-02-14T15:09:01.930+0800][2792.436s] GC(88) Humongous regions: 76->56
[2023-02-14T15:09:01.930+0800][2792.436s] GC(88) Metaspace: 54380K(54976K)->54380K(54976K) NonClass: 48234K(48576K)->48234K(48576K) Class: 6146K(6400K)->6146K(6400K)
[2023-02-14T15:09:01.930+0800][2792.436s] GC(88) Pause Young (Mixed) (G1 Evacuation Pause) 461M->373M(512M) 3.803ms
[2023-02-14T15:09:01.930+0800][2792.436s] GC(88) User=0.00s Sys=0.00s Real=0.00s
[2023-02-14T15:09:02.113+0800][2792.618s] GC(89) Pause Young (Concurrent Start) (G1 Humongous Allocation)
[2023-02-14T15:09:02.113+0800][2792.618s] GC(89) Using 8 workers of 8 for evacuation
[2023-02-14T15:09:02.116+0800][2792.621s] GC(89)   Pre Evacuate Collection Set: 0.2ms
[2023-02-14T15:09:02.116+0800][2792.621s] GC(89)   Merge Heap Roots: 0.1ms
[2023-02-14T15:09:02.116+0800][2792.621s] GC(89)   Evacuate Collection Set: 1.7ms
[2023-02-14T15:09:02.116+0800][2792.621s] GC(89)   Post Evacuate Collection Set: 0.6ms
[2023-02-14T15:09:02.116+0800][2792.621s] GC(89)   Other: 0.1ms
[2023-02-14T15:09:02.116+0800][2792.621s] GC(89) Eden regions: 52->0(69)
[2023-02-14T15:09:02.116+0800][2792.621s] GC(89) Survivor regions: 4->8(10)
[2023-02-14T15:09:02.116+0800][2792.621s] GC(89) Old regions: 314->314
[2023-02-14T15:09:02.116+0800][2792.621s] GC(89) Archive regions: 0->0
[2023-02-14T15:09:02.116+0800][2792.621s] GC(89) Humongous regions: 56->56
[2023-02-14T15:09:02.116+0800][2792.621s] GC(89) Metaspace: 54380K(54976K)->54380K(54976K) NonClass: 48234K(48576K)->48234K(48576K) Class: 6146K(6400K)->6146K(6400K)
[2023-02-14T15:09:02.116+0800][2792.621s] GC(89) Pause Young (Concurrent Start) (G1 Humongous Allocation) 425M->376M(512M) 2.810ms
[2023-02-14T15:09:02.116+0800][2792.621s] GC(89) User=0.12s Sys=0.00s Real=0.00s
[2023-02-14T15:09:02.116+0800][2792.621s] GC(90) Concurrent Mark Cycle
[2023-02-14T15:09:02.116+0800][2792.621s] GC(90) Concurrent Clear Claimed Marks
[2023-02-14T15:09:02.116+0800][2792.621s] GC(90) Concurrent Clear Claimed Marks 0.018ms
[2023-02-14T15:09:02.116+0800][2792.621s] GC(90) Concurrent Scan Root Regions
[2023-02-14T15:09:02.117+0800][2792.622s] GC(90) Concurrent Scan Root Regions 0.894ms
[2023-02-14T15:09:02.117+0800][2792.622s] GC(90) Concurrent Mark
[2023-02-14T15:09:02.117+0800][2792.622s] GC(90) Concurrent Mark From Roots
[2023-02-14T15:09:02.117+0800][2792.622s] GC(90) Using 2 workers of 2 for marking
[2023-02-14T15:09:02.142+0800][2792.647s] GC(90) Concurrent Mark From Roots 24.871ms
[2023-02-14T15:09:02.142+0800][2792.647s] GC(90) Concurrent Preclean
[2023-02-14T15:09:02.142+0800][2792.647s] GC(90) Concurrent Preclean 0.248ms
[2023-02-14T15:09:02.142+0800][2792.648s] GC(90) Pause Remark
[2023-02-14T15:09:02.145+0800][2792.651s] GC(90) Pause Remark 409M->395M(512M) 3.649ms
[2023-02-14T15:09:02.145+0800][2792.651s] GC(90) User=0.09s Sys=0.00s Real=0.00s
[2023-02-14T15:09:02.145+0800][2792.651s] GC(90) Concurrent Mark 29.346ms
[2023-02-14T15:09:02.145+0800][2792.652s] GC(90) Concurrent Rebuild Remembered Sets
[2023-02-14T15:09:02.160+0800][2792.666s] GC(90) Concurrent Rebuild Remembered Sets 14.581ms
[2023-02-14T15:09:02.160+0800][2792.666s] GC(90) Pause Cleanup
[2023-02-14T15:09:02.161+0800][2792.667s] GC(90) Pause Cleanup 398M->398M(512M) 0.166ms
[2023-02-14T15:09:02.161+0800][2792.667s] GC(90) User=0.00s Sys=0.00s Real=0.00s
[2023-02-14T15:09:02.161+0800][2792.667s] GC(90) Concurrent Cleanup for Next Mark
[2023-02-14T15:09:02.161+0800][2792.667s] GC(90) Concurrent Cleanup for Next Mark 0.658ms
[2023-02-14T15:09:02.161+0800][2792.667s] GC(90) Concurrent Mark Cycle 46.270ms
[2023-02-14T15:09:02.435+0800][2792.941s] GC(91) Pause Young (Prepare Mixed) (G1 Humongous Allocation)
[2023-02-14T15:09:02.435+0800][2792.941s] GC(91) Using 8 workers of 8 for evacuation
[2023-02-14T15:09:02.440+0800][2792.946s] GC(91) To-space exhausted
[2023-02-14T15:09:02.440+0800][2792.946s] GC(91)   Pre Evacuate Collection Set: 0.2ms
[2023-02-14T15:09:02.440+0800][2792.946s] GC(91)   Merge Heap Roots: 0.1ms
[2023-02-14T15:09:02.440+0800][2792.946s] GC(91)   Evacuate Collection Set: 2.4ms
[2023-02-14T15:09:02.440+0800][2792.946s] GC(91)   Post Evacuate Collection Set: 2.0ms
[2023-02-14T15:09:02.440+0800][2792.946s] GC(91)   Other: 0.2ms
[2023-02-14T15:09:02.440+0800][2792.946s] GC(91) Eden regions: 67->0(17)
[2023-02-14T15:09:02.440+0800][2792.946s] GC(91) Survivor regions: 8->8(10)
[2023-02-14T15:09:02.440+0800][2792.946s] GC(91) Old regions: 314->346
[2023-02-14T15:09:02.440+0800][2792.946s] GC(91) Archive regions: 0->0
[2023-02-14T15:09:02.440+0800][2792.946s] GC(91) Humongous regions: 112->42
[2023-02-14T15:09:02.440+0800][2792.946s] GC(91) Metaspace: 54380K(54976K)->54380K(54976K) NonClass: 48234K(48576K)->48234K(48576K) Class: 6146K(6400K)->6146K(6400K)
[2023-02-14T15:09:02.440+0800][2792.946s] GC(91) Pause Young (Prepare Mixed) (G1 Humongous Allocation) 499M->395M(512M) 4.925ms
[2023-02-14T15:09:02.440+0800][2792.946s] GC(91) User=0.00s Sys=0.00s Real=0.01s
[2023-02-14T15:09:02.506+0800][2793.011s] GC(92) Pause Young (Mixed) (G1 Evacuation Pause)
[2023-02-14T15:09:02.506+0800][2793.011s] GC(92) Using 8 workers of 8 for evacuation
[2023-02-14T15:09:02.508+0800][2793.014s] GC(92)   Pre Evacuate Collection Set: 0.1ms
[2023-02-14T15:09:02.508+0800][2793.014s] GC(92)   Merge Heap Roots: 0.1ms
[2023-02-14T15:09:02.508+0800][2793.014s] GC(92)   Evacuate Collection Set: 1.9ms
[2023-02-14T15:09:02.508+0800][2793.014s] GC(92)   Post Evacuate Collection Set: 0.4ms
[2023-02-14T15:09:02.508+0800][2793.014s] GC(92)   Other: 0.2ms
[2023-02-14T15:09:02.508+0800][2793.014s] GC(92) Eden regions: 17->0(23)
[2023-02-14T15:09:02.508+0800][2793.014s] GC(92) Survivor regions: 8->2(4)
[2023-02-14T15:09:02.508+0800][2793.014s] GC(92) Old regions: 346->304
[2023-02-14T15:09:02.508+0800][2793.014s] GC(92) Archive regions: 0->0
[2023-02-14T15:09:02.508+0800][2793.014s] GC(92) Humongous regions: 56->42
[2023-02-14T15:09:02.508+0800][2793.014s] GC(92) Metaspace: 54380K(54976K)->54380K(54976K) NonClass: 48234K(48576K)->48234K(48576K) Class: 6146K(6400K)->6146K(6400K)
[2023-02-14T15:09:02.508+0800][2793.014s] GC(92) Pause Young (Mixed) (G1 Evacuation Pause) 426M->346M(512M) 2.850ms
[2023-02-14T15:09:02.508+0800][2793.014s] GC(92) User=0.00s Sys=0.00s Real=0.00s
[2023-02-14T15:09:02.912+0800][2793.418s] GC(93) Pause Young (Mixed) (G1 Evacuation Pause)
[2023-02-14T15:09:02.912+0800][2793.418s] GC(93) Using 8 workers of 8 for evacuation
[2023-02-14T15:09:02.914+0800][2793.420s] GC(93)   Pre Evacuate Collection Set: 0.1ms
[2023-02-14T15:09:02.914+0800][2793.420s] GC(93)   Merge Heap Roots: 0.1ms
[2023-02-14T15:09:02.914+0800][2793.420s] GC(93)   Evacuate Collection Set: 1.2ms
[2023-02-14T15:09:02.914+0800][2793.420s] GC(93)   Post Evacuate Collection Set: 0.5ms
[2023-02-14T15:09:02.914+0800][2793.420s] GC(93)   Other: 0.1ms
[2023-02-14T15:09:02.914+0800][2793.420s] GC(93) Eden regions: 23->0(22)
[2023-02-14T15:09:02.914+0800][2793.420s] GC(93) Survivor regions: 2->3(4)
[2023-02-14T15:09:02.914+0800][2793.420s] GC(93) Old regions: 304->255
[2023-02-14T15:09:02.914+0800][2793.420s] GC(93) Archive regions: 0->0
[2023-02-14T15:09:02.914+0800][2793.420s] GC(93) Humongous regions: 42->42
[2023-02-14T15:09:02.914+0800][2793.420s] GC(93) Metaspace: 54389K(55040K)->54389K(55040K) NonClass: 48243K(48640K)->48243K(48640K) Class: 6146K(6400K)->6146K(6400K)
[2023-02-14T15:09:02.914+0800][2793.420s] GC(93) Pause Young (Mixed) (G1 Evacuation Pause) 369M->298M(512M) 2.198ms
[2023-02-14T15:09:02.914+0800][2793.420s] GC(93) User=0.00s Sys=0.00s Real=0.00s
[2023-02-14T15:09:02.972+0800][2793.478s] GC(94) Pause Young (Mixed) (G1 Evacuation Pause)
[2023-02-14T15:09:02.972+0800][2793.478s] GC(94) Using 8 workers of 8 for evacuation
[2023-02-14T15:09:02.974+0800][2793.480s] GC(94)   Pre Evacuate Collection Set: 0.1ms
[2023-02-14T15:09:02.974+0800][2793.480s] GC(94)   Merge Heap Roots: 0.2ms
[2023-02-14T15:09:02.974+0800][2793.480s] GC(94)   Evacuate Collection Set: 1.1ms
[2023-02-14T15:09:02.974+0800][2793.480s] GC(94)   Post Evacuate Collection Set: 0.5ms
[2023-02-14T15:09:02.974+0800][2793.480s] GC(94)   Other: 0.1ms
[2023-02-14T15:09:02.974+0800][2793.480s] GC(94) Eden regions: 22->0(23)
[2023-02-14T15:09:02.974+0800][2793.480s] GC(94) Survivor regions: 3->2(4)
[2023-02-14T15:09:02.974+0800][2793.480s] GC(94) Old regions: 255->208
[2023-02-14T15:09:02.974+0800][2793.480s] GC(94) Archive regions: 0->0
[2023-02-14T15:09:02.974+0800][2793.480s] GC(94) Humongous regions: 42->42
[2023-02-14T15:09:02.974+0800][2793.480s] GC(94) Metaspace: 54389K(55040K)->54389K(55040K) NonClass: 48243K(48640K)->48243K(48640K) Class: 6146K(6400K)->6146K(6400K)
[2023-02-14T15:09:02.974+0800][2793.480s] GC(94) Pause Young (Mixed) (G1 Evacuation Pause) 320M->249M(512M) 2.119ms
[2023-02-14T15:09:02.974+0800][2793.480s] GC(94) User=0.12s Sys=0.00s Real=0.00s
[2023-02-14T15:09:03.039+0800][2793.544s] GC(95) Pause Young (Mixed) (G1 Evacuation Pause)
[2023-02-14T15:09:03.039+0800][2793.544s] GC(95) Using 8 workers of 8 for evacuation
[2023-02-14T15:09:03.041+0800][2793.546s] GC(95)   Pre Evacuate Collection Set: 0.2ms
[2023-02-14T15:09:03.041+0800][2793.547s] GC(95)   Merge Heap Roots: 0.2ms
[2023-02-14T15:09:03.041+0800][2793.547s] GC(95)   Evacuate Collection Set: 1.0ms
[2023-02-14T15:09:03.041+0800][2793.547s] GC(95)   Post Evacuate Collection Set: 0.6ms
[2023-02-14T15:09:03.041+0800][2793.547s] GC(95)   Other: 0.1ms
[2023-02-14T15:09:03.041+0800][2793.547s] GC(95) Eden regions: 23->0(23)
[2023-02-14T15:09:03.041+0800][2793.547s] GC(95) Survivor regions: 2->2(4)
[2023-02-14T15:09:03.041+0800][2793.547s] GC(95) Old regions: 208->160
[2023-02-14T15:09:03.041+0800][2793.547s] GC(95) Archive regions: 0->0
[2023-02-14T15:09:03.041+0800][2793.547s] GC(95) Humongous regions: 42->42
[2023-02-14T15:09:03.041+0800][2793.547s] GC(95) Metaspace: 54389K(55040K)->54389K(55040K) NonClass: 48243K(48640K)->48243K(48640K) Class: 6146K(6400K)->6146K(6400K)
[2023-02-14T15:09:03.041+0800][2793.547s] GC(95) Pause Young (Mixed) (G1 Evacuation Pause) 272M->202M(512M) 2.280ms
[2023-02-14T15:09:03.041+0800][2793.547s] GC(95) User=0.00s Sys=0.00s Real=0.00s
[2023-02-14T15:09:03.118+0800][2793.623s] GC(96) Pause Young (Mixed) (G1 Evacuation Pause)
[2023-02-14T15:09:03.118+0800][2793.623s] GC(96) Using 8 workers of 8 for evacuation
[2023-02-14T15:09:03.121+0800][2793.627s] GC(96)   Pre Evacuate Collection Set: 0.2ms
[2023-02-14T15:09:03.121+0800][2793.627s] GC(96)   Merge Heap Roots: 0.1ms
[2023-02-14T15:09:03.121+0800][2793.627s] GC(96)   Evacuate Collection Set: 2.5ms
[2023-02-14T15:09:03.121+0800][2793.627s] GC(96)   Post Evacuate Collection Set: 0.6ms
[2023-02-14T15:09:03.121+0800][2793.627s] GC(96)   Other: 0.2ms
[2023-02-14T15:09:03.121+0800][2793.627s] GC(96) Eden regions: 23->0(270)
[2023-02-14T15:09:03.121+0800][2793.627s] GC(96) Survivor regions: 2->2(4)
[2023-02-14T15:09:03.121+0800][2793.627s] GC(96) Old regions: 160->117
[2023-02-14T15:09:03.121+0800][2793.627s] GC(96) Archive regions: 0->0
[2023-02-14T15:09:03.121+0800][2793.627s] GC(96) Humongous regions: 42->42
[2023-02-14T15:09:03.121+0800][2793.627s] GC(96) Metaspace: 54389K(55040K)->54389K(55040K) NonClass: 48243K(48640K)->48243K(48640K) Class: 6146K(6400K)->6146K(6400K)
[2023-02-14T15:09:03.121+0800][2793.627s] GC(96) Pause Young (Mixed) (G1 Evacuation Pause) 225M->159M(512M) 3.621ms
[2023-02-14T15:09:03.121+0800][2793.627s] GC(96) User=0.00s Sys=0.00s Real=0.00s
[2023-02-14T15:09:04.030+0800][2794.535s] GC(97) Pause Young (Normal) (G1 Evacuation Pause)
[2023-02-14T15:09:04.030+0800][2794.535s] GC(97) Using 8 workers of 8 for evacuation
[2023-02-14T15:09:04.031+0800][2794.537s] GC(97)   Pre Evacuate Collection Set: 0.2ms
[2023-02-14T15:09:04.031+0800][2794.537s] GC(97)   Merge Heap Roots: 0.1ms
[2023-02-14T15:09:04.031+0800][2794.537s] GC(97)   Evacuate Collection Set: 0.6ms
[2023-02-14T15:09:04.031+0800][2794.537s] GC(97)   Post Evacuate Collection Set: 0.7ms
[2023-02-14T15:09:04.031+0800][2794.537s] GC(97)   Other: 0.1ms
[2023-02-14T15:09:04.031+0800][2794.537s] GC(97) Eden regions: 270->0(276)
[2023-02-14T15:09:04.031+0800][2794.537s] GC(97) Survivor regions: 2->2(34)
[2023-02-14T15:09:04.031+0800][2794.537s] GC(97) Old regions: 117->117
[2023-02-14T15:09:04.031+0800][2794.537s] GC(97) Archive regions: 0->0
[2023-02-14T15:09:04.031+0800][2794.537s] GC(97) Humongous regions: 42->42
[2023-02-14T15:09:04.031+0800][2794.537s] GC(97) Metaspace: 54389K(55040K)->54389K(55040K) NonClass: 48243K(48640K)->48243K(48640K) Class: 6146K(6400K)->6146K(6400K)
[2023-02-14T15:09:04.031+0800][2794.537s] GC(97) Pause Young (Normal) (G1 Evacuation Pause) 429M->159M(512M) 1.834ms
[2023-02-14T15:09:04.031+0800][2794.537s] GC(97) User=0.00s Sys=0.00s Real=0.00s
[2023-02-14T15:09:04.957+0800][2795.462s] GC(98) Pause Young (Normal) (G1 Evacuation Pause)
[2023-02-14T15:09:04.957+0800][2795.462s] GC(98) Using 8 workers of 8 for evacuation
[2023-02-14T15:09:04.958+0800][2795.464s] GC(98)   Pre Evacuate Collection Set: 0.2ms
[2023-02-14T15:09:04.958+0800][2795.464s] GC(98)   Merge Heap Roots: 0.1ms
[2023-02-14T15:09:04.958+0800][2795.464s] GC(98)   Evacuate Collection Set: 0.6ms
[2023-02-14T15:09:04.958+0800][2795.464s] GC(98)   Post Evacuate Collection Set: 0.4ms
[2023-02-14T15:09:04.958+0800][2795.464s] GC(98)   Other: 0.1ms
[2023-02-14T15:09:04.958+0800][2795.464s] GC(98) Eden regions: 276->0(280)
[2023-02-14T15:09:04.958+0800][2795.464s] GC(98) Survivor regions: 2->2(35)
[2023-02-14T15:09:04.958+0800][2795.464s] GC(98) Old regions: 117->117
[2023-02-14T15:09:04.958+0800][2795.464s] GC(98) Archive regions: 0->0
[2023-02-14T15:09:04.958+0800][2795.464s] GC(98) Humongous regions: 42->42
[2023-02-14T15:09:04.958+0800][2795.464s] GC(98) Metaspace: 54389K(55040K)->54389K(55040K) NonClass: 48243K(48640K)->48243K(48640K) Class: 6146K(6400K)->6146K(6400K)
[2023-02-14T15:09:04.958+0800][2795.464s] GC(98) Pause Young (Normal) (G1 Evacuation Pause) 435M->159M(512M) 1.588ms
[2023-02-14T15:09:04.958+0800][2795.464s] GC(98) User=0.00s Sys=0.00s Real=0.00s
[2023-02-14T15:09:05.920+0800][2796.426s] GC(99) Pause Young (Concurrent Start) (G1 Evacuation Pause)
[2023-02-14T15:09:05.920+0800][2796.426s] GC(99) Using 8 workers of 8 for evacuation
[2023-02-14T15:09:05.922+0800][2796.428s] GC(99)   Pre Evacuate Collection Set: 0.1ms
[2023-02-14T15:09:05.922+0800][2796.428s] GC(99)   Merge Heap Roots: 0.2ms
[2023-02-14T15:09:05.922+0800][2796.428s] GC(99)   Evacuate Collection Set: 0.7ms
[2023-02-14T15:09:05.922+0800][2796.428s] GC(99)   Post Evacuate Collection Set: 0.8ms
[2023-02-14T15:09:05.922+0800][2796.428s] GC(99)   Other: 0.2ms
[2023-02-14T15:09:05.922+0800][2796.428s] GC(99) Eden regions: 280->0(284)
[2023-02-14T15:09:05.922+0800][2796.428s] GC(99) Survivor regions: 2->2(36)
[2023-02-14T15:09:05.922+0800][2796.428s] GC(99) Old regions: 117->117
[2023-02-14T15:09:05.922+0800][2796.428s] GC(99) Archive regions: 0->0
[2023-02-14T15:09:05.922+0800][2796.428s] GC(99) Humongous regions: 42->42
[2023-02-14T15:09:05.922+0800][2796.428s] GC(99) Metaspace: 54389K(55040K)->54389K(55040K) NonClass: 48243K(48640K)->48243K(48640K) Class: 6146K(6400K)->6146K(6400K)
[2023-02-14T15:09:05.922+0800][2796.428s] GC(99) Pause Young (Concurrent Start) (G1 Evacuation Pause) 439M->159M(512M) 2.009ms
[2023-02-14T15:09:05.922+0800][2796.428s] GC(99) User=0.00s Sys=0.00s Real=0.00s
[2023-02-14T15:09:05.922+0800][2796.428s] GC(100) Concurrent Mark Cycle
[2023-02-14T15:09:05.922+0800][2796.428s] GC(100) Concurrent Clear Claimed Marks
[2023-02-14T15:09:05.922+0800][2796.428s] GC(100) Concurrent Clear Claimed Marks 0.012ms
[2023-02-14T15:09:05.922+0800][2796.428s] GC(100) Concurrent Scan Root Regions
[2023-02-14T15:09:05.923+0800][2796.429s] GC(100) Concurrent Scan Root Regions 0.439ms
[2023-02-14T15:09:05.923+0800][2796.429s] GC(100) Concurrent Mark
[2023-02-14T15:09:05.923+0800][2796.429s] GC(100) Concurrent Mark From Roots
[2023-02-14T15:09:05.923+0800][2796.429s] GC(100) Using 2 workers of 2 for marking
[2023-02-14T15:09:05.948+0800][2796.454s] GC(100) Concurrent Mark From Roots 25.105ms
[2023-02-14T15:09:05.948+0800][2796.454s] GC(100) Concurrent Preclean
[2023-02-14T15:09:05.948+0800][2796.454s] GC(100) Concurrent Preclean 0.233ms
[2023-02-14T15:09:05.948+0800][2796.454s] GC(100) Pause Remark
[2023-02-14T15:09:05.951+0800][2796.457s] GC(100) Pause Remark 167M->167M(512M) 2.796ms
[2023-02-14T15:09:05.951+0800][2796.457s] GC(100) User=0.00s Sys=0.00s Real=0.00s
[2023-02-14T15:09:05.951+0800][2796.457s] GC(100) Concurrent Mark 28.629ms
[2023-02-14T15:09:05.951+0800][2796.457s] GC(100) Concurrent Rebuild Remembered Sets
[2023-02-14T15:09:05.970+0800][2796.476s] GC(100) Concurrent Rebuild Remembered Sets 18.252ms
[2023-02-14T15:09:05.970+0800][2796.476s] GC(100) Pause Cleanup
[2023-02-14T15:09:05.971+0800][2796.476s] GC(100) Pause Cleanup 171M->171M(512M) 0.199ms
[2023-02-14T15:09:05.971+0800][2796.476s] GC(100) User=0.00s Sys=0.00s Real=0.00s
[2023-02-14T15:09:05.971+0800][2796.476s] GC(100) Concurrent Cleanup for Next Mark
[2023-02-14T15:09:05.971+0800][2796.477s] GC(100) Concurrent Cleanup for Next Mark 0.600ms
[2023-02-14T15:09:05.971+0800][2796.477s] GC(100) Concurrent Mark Cycle 48.684ms
[2023-02-14T15:09:08.262+0800][2798.767s] GC(101) Pause Young (Prepare Mixed) (G1 Evacuation Pause)
[2023-02-14T15:09:08.262+0800][2798.767s] GC(101) Using 8 workers of 8 for evacuation
[2023-02-14T15:09:08.264+0800][2798.770s] GC(101)   Pre Evacuate Collection Set: 0.2ms
[2023-02-14T15:09:08.264+0800][2798.770s] GC(101)   Merge Heap Roots: 0.1ms
[2023-02-14T15:09:08.264+0800][2798.770s] GC(101)   Evacuate Collection Set: 1.4ms
[2023-02-14T15:09:08.264+0800][2798.770s] GC(101)   Post Evacuate Collection Set: 0.6ms
[2023-02-14T15:09:08.264+0800][2798.770s] GC(101)   Other: 0.1ms
[2023-02-14T15:09:08.264+0800][2798.770s] GC(101) Eden regions: 284->0(16)
[2023-02-14T15:09:08.264+0800][2798.770s] GC(101) Survivor regions: 2->9(36)
[2023-02-14T15:09:08.264+0800][2798.770s] GC(101) Old regions: 117->117
[2023-02-14T15:09:08.264+0800][2798.770s] GC(101) Archive regions: 0->0
[2023-02-14T15:09:08.264+0800][2798.770s] GC(101) Humongous regions: 45->44
[2023-02-14T15:09:08.264+0800][2798.770s] GC(101) Metaspace: 54400K(55040K)->54400K(55040K) NonClass: 48253K(48640K)->48253K(48640K) Class: 6147K(6400K)->6147K(6400K)
[2023-02-14T15:09:08.264+0800][2798.770s] GC(101) Pause Young (Prepare Mixed) (G1 Evacuation Pause) 446M->169M(512M) 2.525ms
[2023-02-14T15:09:08.264+0800][2798.770s] GC(101) User=0.00s Sys=0.00s Real=0.00s
[2023-02-14T15:09:08.296+0800][2798.802s] GC(102) Pause Young (Mixed) (G1 Evacuation Pause)
[2023-02-14T15:09:08.296+0800][2798.802s] GC(102) Using 8 workers of 8 for evacuation
[2023-02-14T15:09:08.300+0800][2798.806s] GC(102)   Pre Evacuate Collection Set: 0.1ms
[2023-02-14T15:09:08.300+0800][2798.806s] GC(102)   Merge Heap Roots: 0.1ms
[2023-02-14T15:09:08.300+0800][2798.806s] GC(102)   Evacuate Collection Set: 3.3ms
[2023-02-14T15:09:08.300+0800][2798.806s] GC(102)   Post Evacuate Collection Set: 0.7ms
[2023-02-14T15:09:08.300+0800][2798.806s] GC(102)   Other: 0.1ms
[2023-02-14T15:09:08.300+0800][2798.806s] GC(102) Eden regions: 16->0(296)
[2023-02-14T15:09:08.300+0800][2798.806s] GC(102) Survivor regions: 9->1(4)
[2023-02-14T15:09:08.300+0800][2798.806s] GC(102) Old regions: 117->99
[2023-02-14T15:09:08.300+0800][2798.806s] GC(102) Archive regions: 0->0
[2023-02-14T15:09:08.300+0800][2798.806s] GC(102) Humongous regions: 44->44
[2023-02-14T15:09:08.300+0800][2798.806s] GC(102) Metaspace: 54400K(55040K)->54400K(55040K) NonClass: 48253K(48640K)->48253K(48640K) Class: 6147K(6400K)->6147K(6400K)
[2023-02-14T15:09:08.300+0800][2798.806s] GC(102) Pause Young (Mixed) (G1 Evacuation Pause) 185M->143M(512M) 4.398ms
[2023-02-14T15:09:08.300+0800][2798.806s] GC(102) User=0.00s Sys=0.00s Real=0.00s
[2023-02-14T15:09:25.349+0800][2815.855s] GC(103) Pause Young (Normal) (G1 Evacuation Pause)
[2023-02-14T15:09:25.349+0800][2815.855s] GC(103) Using 8 workers of 8 for evacuation
[2023-02-14T15:09:25.353+0800][2815.858s] GC(103)   Pre Evacuate Collection Set: 0.1ms
[2023-02-14T15:09:25.353+0800][2815.858s] GC(103)   Merge Heap Roots: 0.1ms
[2023-02-14T15:09:25.353+0800][2815.858s] GC(103)   Evacuate Collection Set: 2.3ms
[2023-02-14T15:09:25.353+0800][2815.858s] GC(103)   Post Evacuate Collection Set: 0.6ms
[2023-02-14T15:09:25.353+0800][2815.858s] GC(103)   Other: 0.1ms
[2023-02-14T15:09:25.353+0800][2815.858s] GC(103) Eden regions: 296->0(285)
[2023-02-14T15:09:25.353+0800][2815.858s] GC(103) Survivor regions: 1->7(38)
[2023-02-14T15:09:25.353+0800][2815.858s] GC(103) Old regions: 99->99
[2023-02-14T15:09:25.353+0800][2815.858s] GC(103) Archive regions: 0->0
[2023-02-14T15:09:25.353+0800][2815.858s] GC(103) Humongous regions: 49->49
[2023-02-14T15:09:25.353+0800][2815.858s] GC(103) Metaspace: 54459K(55040K)->54459K(55040K) NonClass: 48308K(48640K)->48308K(48640K) Class: 6150K(6400K)->6150K(6400K)
[2023-02-14T15:09:25.353+0800][2815.858s] GC(103) Pause Young (Normal) (G1 Evacuation Pause) 444M->154M(512M) 3.357ms
[2023-02-14T15:09:25.353+0800][2815.858s] GC(103) User=0.00s Sys=0.00s Real=0.00s
[2023-02-14T15:09:25.578+0800][2816.084s] GC(104) Pause Young (Concurrent Start) (G1 Humongous Allocation)
[2023-02-14T15:09:25.578+0800][2816.084s] GC(104) Using 8 workers of 8 for evacuation
[2023-02-14T15:09:25.582+0800][2816.087s] GC(104)   Pre Evacuate Collection Set: 0.1ms
[2023-02-14T15:09:25.582+0800][2816.087s] GC(104)   Merge Heap Roots: 0.2ms
[2023-02-14T15:09:25.582+0800][2816.087s] GC(104)   Evacuate Collection Set: 2.1ms
[2023-02-14T15:09:25.582+0800][2816.087s] GC(104)   Post Evacuate Collection Set: 0.7ms
[2023-02-14T15:09:25.582+0800][2816.087s] GC(104)   Other: 0.1ms
[2023-02-14T15:09:25.582+0800][2816.087s] GC(104) Eden regions: 93->0(276)
[2023-02-14T15:09:25.582+0800][2816.087s] GC(104) Survivor regions: 7->12(37)
[2023-02-14T15:09:25.582+0800][2816.087s] GC(104) Old regions: 99->99
[2023-02-14T15:09:25.582+0800][2816.087s] GC(104) Archive regions: 0->0
[2023-02-14T15:09:25.582+0800][2816.087s] GC(104) Humongous regions: 49->49
[2023-02-14T15:09:25.582+0800][2816.087s] GC(104) Metaspace: 54460K(55040K)->54460K(55040K) NonClass: 48310K(48640K)->48310K(48640K) Class: 6150K(6400K)->6150K(6400K)
[2023-02-14T15:09:25.582+0800][2816.087s] GC(104) Pause Young (Concurrent Start) (G1 Humongous Allocation) 246M->158M(512M) 3.369ms
[2023-02-14T15:09:25.582+0800][2816.087s] GC(104) User=0.00s Sys=0.00s Real=0.00s
[2023-02-14T15:09:25.582+0800][2816.087s] GC(105) Concurrent Mark Cycle
[2023-02-14T15:09:25.582+0800][2816.087s] GC(105) Concurrent Clear Claimed Marks
[2023-02-14T15:09:25.582+0800][2816.087s] GC(105) Concurrent Clear Claimed Marks 0.020ms
[2023-02-14T15:09:25.582+0800][2816.087s] GC(105) Concurrent Scan Root Regions
[2023-02-14T15:09:25.583+0800][2816.089s] GC(105) Concurrent Scan Root Regions 1.305ms
[2023-02-14T15:09:25.583+0800][2816.089s] GC(105) Concurrent Mark
[2023-02-14T15:09:25.583+0800][2816.089s] GC(105) Concurrent Mark From Roots
[2023-02-14T15:09:25.583+0800][2816.089s] GC(105) Using 2 workers of 2 for marking
[2023-02-14T15:09:25.604+0800][2816.109s] GC(105) Concurrent Mark From Roots 20.265ms
[2023-02-14T15:09:25.604+0800][2816.109s] GC(105) Concurrent Preclean
[2023-02-14T15:09:25.604+0800][2816.109s] GC(105) Concurrent Preclean 0.214ms
[2023-02-14T15:09:25.604+0800][2816.110s] GC(105) Pause Remark
[2023-02-14T15:09:25.609+0800][2816.115s] GC(105) Pause Remark 166M->100M(512M) 5.284ms
[2023-02-14T15:09:25.609+0800][2816.115s] GC(105) User=0.00s Sys=0.00s Real=0.00s
[2023-02-14T15:09:25.609+0800][2816.115s] GC(105) Concurrent Mark 26.238ms
[2023-02-14T15:09:25.609+0800][2816.115s] GC(105) Concurrent Rebuild Remembered Sets
[2023-02-14T15:09:25.621+0800][2816.128s] GC(105) Concurrent Rebuild Remembered Sets 12.596ms
[2023-02-14T15:09:25.622+0800][2816.128s] GC(105) Pause Cleanup
[2023-02-14T15:09:25.623+0800][2816.128s] GC(105) Pause Cleanup 106M->106M(512M) 0.206ms
[2023-02-14T15:09:25.623+0800][2816.128s] GC(105) User=0.00s Sys=0.00s Real=0.00s
[2023-02-14T15:09:25.623+0800][2816.128s] GC(105) Concurrent Cleanup for Next Mark
[2023-02-14T15:09:25.623+0800][2816.129s] GC(105) Concurrent Cleanup for Next Mark 0.593ms
[2023-02-14T15:09:25.623+0800][2816.129s] GC(105) Concurrent Mark Cycle 41.509ms
[2023-02-14T15:09:25.739+0800][2816.245s] GC(106) Pause Young (Concurrent Start) (G1 Humongous Allocation)
[2023-02-14T15:09:25.739+0800][2816.245s] GC(106) Using 8 workers of 8 for evacuation
[2023-02-14T15:09:25.742+0800][2816.248s] GC(106)   Pre Evacuate Collection Set: 0.2ms
[2023-02-14T15:09:25.742+0800][2816.248s] GC(106)   Merge Heap Roots: 0.1ms
[2023-02-14T15:09:25.742+0800][2816.248s] GC(106)   Evacuate Collection Set: 2.1ms
[2023-02-14T15:09:25.742+0800][2816.248s] GC(106)   Post Evacuate Collection Set: 0.7ms
[2023-02-14T15:09:25.742+0800][2816.248s] GC(106)   Other: 0.1ms
[2023-02-14T15:09:25.742+0800][2816.248s] GC(106) Eden regions: 73->0(297)
[2023-02-14T15:09:25.742+0800][2816.248s] GC(106) Survivor regions: 12->10(36)
[2023-02-14T15:09:25.742+0800][2816.248s] GC(106) Old regions: 73->73
[2023-02-14T15:09:25.742+0800][2816.248s] GC(106) Archive regions: 0->0
[2023-02-14T15:09:25.742+0800][2816.248s] GC(106) Humongous regions: 10->5
[2023-02-14T15:09:25.742+0800][2816.248s] GC(106) Metaspace: 54460K(55040K)->54460K(55040K) NonClass: 48310K(48640K)->48310K(48640K) Class: 6150K(6400K)->6150K(6400K)
[2023-02-14T15:09:25.742+0800][2816.248s] GC(106) Pause Young (Concurrent Start) (G1 Humongous Allocation) 166M->87M(512M) 3.315ms
[2023-02-14T15:09:25.742+0800][2816.248s] GC(106) User=0.00s Sys=0.00s Real=0.00s
[2023-02-14T15:09:25.742+0800][2816.248s] GC(107) Concurrent Mark Cycle
[2023-02-14T15:09:25.742+0800][2816.248s] GC(107) Concurrent Clear Claimed Marks
[2023-02-14T15:09:25.742+0800][2816.248s] GC(107) Concurrent Clear Claimed Marks 0.022ms
[2023-02-14T15:09:25.742+0800][2816.248s] GC(107) Concurrent Scan Root Regions
[2023-02-14T15:09:25.743+0800][2816.249s] GC(107) Concurrent Scan Root Regions 1.330ms
[2023-02-14T15:09:25.743+0800][2816.249s] GC(107) Concurrent Mark
[2023-02-14T15:09:25.743+0800][2816.249s] GC(107) Concurrent Mark From Roots
[2023-02-14T15:09:25.743+0800][2816.249s] GC(107) Using 2 workers of 2 for marking
[2023-02-14T15:09:25.765+0800][2816.271s] GC(107) Concurrent Mark From Roots 21.979ms
[2023-02-14T15:09:25.766+0800][2816.271s] GC(107) Concurrent Preclean
[2023-02-14T15:09:25.766+0800][2816.272s] GC(107) Concurrent Preclean 0.214ms
[2023-02-14T15:09:25.766+0800][2816.272s] GC(107) Pause Remark
[2023-02-14T15:09:25.772+0800][2816.277s] GC(107) Pause Remark 96M->91M(512M) 5.433ms
[2023-02-14T15:09:25.772+0800][2816.277s] GC(107) User=0.00s Sys=0.00s Real=0.01s
[2023-02-14T15:09:25.772+0800][2816.278s] GC(107) Concurrent Mark 28.179ms
[2023-02-14T15:09:25.772+0800][2816.278s] GC(107) Concurrent Rebuild Remembered Sets
[2023-02-14T15:09:25.785+0800][2816.290s] GC(107) Concurrent Rebuild Remembered Sets 12.556ms
[2023-02-14T15:09:25.785+0800][2816.290s] GC(107) Pause Cleanup
[2023-02-14T15:09:25.785+0800][2816.291s] GC(107) Pause Cleanup 96M->96M(512M) 0.186ms
[2023-02-14T15:09:25.785+0800][2816.291s] GC(107) User=0.00s Sys=0.00s Real=0.00s
[2023-02-14T15:09:25.785+0800][2816.291s] GC(107) Concurrent Cleanup for Next Mark
[2023-02-14T15:09:25.786+0800][2816.291s] GC(107) Concurrent Cleanup for Next Mark 0.597ms
[2023-02-14T15:09:25.786+0800][2816.291s] GC(107) Concurrent Mark Cycle 43.360ms
[2023-02-14T15:09:26.019+0800][2816.525s] GC(108) Pause Young (Concurrent Start) (G1 Humongous Allocation)
[2023-02-14T15:09:26.019+0800][2816.525s] GC(108) Using 8 workers of 8 for evacuation
[2023-02-14T15:09:26.024+0800][2816.530s] GC(108)   Pre Evacuate Collection Set: 0.1ms
[2023-02-14T15:09:26.024+0800][2816.530s] GC(108)   Merge Heap Roots: 0.1ms
[2023-02-14T15:09:26.024+0800][2816.530s] GC(108)   Evacuate Collection Set: 3.5ms
[2023-02-14T15:09:26.024+0800][2816.530s] GC(108)   Post Evacuate Collection Set: 0.6ms
[2023-02-14T15:09:26.024+0800][2816.530s] GC(108)   Other: 0.2ms
[2023-02-14T15:09:26.024+0800][2816.530s] GC(108) Eden regions: 148->0(290)
[2023-02-14T15:09:26.024+0800][2816.530s] GC(108) Survivor regions: 10->17(39)
[2023-02-14T15:09:26.024+0800][2816.530s] GC(108) Old regions: 68->68
[2023-02-14T15:09:26.024+0800][2816.530s] GC(108) Archive regions: 0->0
[2023-02-14T15:09:26.024+0800][2816.530s] GC(108) Humongous regions: 7->6
[2023-02-14T15:09:26.024+0800][2816.530s] GC(108) Metaspace: 54502K(55040K)->54502K(55040K) NonClass: 48351K(48640K)->48351K(48640K) Class: 6151K(6400K)->6151K(6400K)
[2023-02-14T15:09:26.024+0800][2816.530s] GC(108) Pause Young (Concurrent Start) (G1 Humongous Allocation) 232M->90M(512M) 4.606ms
[2023-02-14T15:09:26.024+0800][2816.530s] GC(108) User=0.02s Sys=0.02s Real=0.00s
[2023-02-14T15:09:26.024+0800][2816.530s] GC(109) Concurrent Mark Cycle
[2023-02-14T15:09:26.024+0800][2816.530s] GC(109) Concurrent Clear Claimed Marks
[2023-02-14T15:09:26.024+0800][2816.530s] GC(109) Concurrent Clear Claimed Marks 0.062ms
[2023-02-14T15:09:26.024+0800][2816.530s] GC(109) Concurrent Scan Root Regions
[2023-02-14T15:09:26.026+0800][2816.532s] GC(109) Concurrent Scan Root Regions 2.029ms
[2023-02-14T15:09:26.026+0800][2816.532s] GC(109) Concurrent Mark
[2023-02-14T15:09:26.026+0800][2816.532s] GC(109) Concurrent Mark From Roots
[2023-02-14T15:09:26.026+0800][2816.532s] GC(109) Using 2 workers of 2 for marking
[2023-02-14T15:09:26.050+0800][2816.555s] GC(109) Concurrent Mark From Roots 23.297ms
[2023-02-14T15:09:26.050+0800][2816.555s] GC(109) Concurrent Preclean
[2023-02-14T15:09:26.050+0800][2816.556s] GC(109) Concurrent Preclean 0.243ms
[2023-02-14T15:09:26.050+0800][2816.556s] GC(109) Pause Remark
[2023-02-14T15:09:26.052+0800][2816.558s] GC(109) Pause Remark 109M->109M(512M) 2.434ms
[2023-02-14T15:09:26.053+0800][2816.558s] GC(109) User=0.12s Sys=0.00s Real=0.00s
[2023-02-14T15:09:26.053+0800][2816.558s] GC(109) Concurrent Mark 26.322ms
[2023-02-14T15:09:26.053+0800][2816.558s] GC(109) Concurrent Rebuild Remembered Sets
[2023-02-14T15:09:26.068+0800][2816.574s] GC(109) Concurrent Rebuild Remembered Sets 15.443ms
[2023-02-14T15:09:26.068+0800][2816.574s] GC(109) Pause Cleanup
[2023-02-14T15:09:26.068+0800][2816.574s] GC(109) Pause Cleanup 118M->118M(512M) 0.108ms
[2023-02-14T15:09:26.068+0800][2816.574s] GC(109) User=0.00s Sys=0.00s Real=0.00s
[2023-02-14T15:09:26.068+0800][2816.574s] GC(109) Concurrent Cleanup for Next Mark
[2023-02-14T15:09:26.069+0800][2816.575s] GC(109) Concurrent Cleanup for Next Mark 0.632ms
[2023-02-14T15:09:26.069+0800][2816.575s] GC(109) Concurrent Mark Cycle 45.021ms
[2023-02-14T15:19:23.519+0800][3414.025s] GC(110) Pause Young (Normal) (G1 Evacuation Pause)
[2023-02-14T15:19:23.519+0800][3414.025s] GC(110) Using 8 workers of 8 for evacuation
[2023-02-14T15:19:23.523+0800][3414.028s] GC(110)   Pre Evacuate Collection Set: 0.1ms
[2023-02-14T15:19:23.523+0800][3414.028s] GC(110)   Merge Heap Roots: 0.2ms
[2023-02-14T15:19:23.523+0800][3414.028s] GC(110)   Evacuate Collection Set: 2.2ms
[2023-02-14T15:19:23.523+0800][3414.028s] GC(110)   Post Evacuate Collection Set: 0.8ms
[2023-02-14T15:19:23.523+0800][3414.028s] GC(110)   Other: 0.1ms
[2023-02-14T15:19:23.523+0800][3414.028s] GC(110) Eden regions: 290->0(301)
[2023-02-14T15:19:23.523+0800][3414.028s] GC(110) Survivor regions: 17->6(39)
[2023-02-14T15:19:23.523+0800][3414.028s] GC(110) Old regions: 68->68
[2023-02-14T15:19:23.523+0800][3414.028s] GC(110) Archive regions: 0->0
[2023-02-14T15:19:23.523+0800][3414.028s] GC(110) Humongous regions: 11->4
[2023-02-14T15:19:23.523+0800][3414.028s] GC(110) Metaspace: 55381K(55808K)->55381K(55808K) NonClass: 49139K(49344K)->49139K(49344K) Class: 6241K(6464K)->6241K(6464K)
[2023-02-14T15:19:23.523+0800][3414.028s] GC(110) Pause Young (Normal) (G1 Evacuation Pause) 385M->77M(512M) 3.424ms
[2023-02-14T15:19:23.523+0800][3414.028s] GC(110) User=0.00s Sys=0.00s Real=0.00s
[2023-02-14T15:19:23.805+0800][3414.311s] GC(111) Pause Young (Concurrent Start) (G1 Humongous Allocation)
[2023-02-14T15:19:23.805+0800][3414.311s] GC(111) Using 8 workers of 8 for evacuation
[2023-02-14T15:19:23.809+0800][3414.315s] GC(111)   Pre Evacuate Collection Set: 0.2ms
[2023-02-14T15:19:23.809+0800][3414.315s] GC(111)   Merge Heap Roots: 0.1ms
[2023-02-14T15:19:23.809+0800][3414.315s] GC(111)   Evacuate Collection Set: 2.6ms
[2023-02-14T15:19:23.809+0800][3414.315s] GC(111)   Post Evacuate Collection Set: 0.8ms
[2023-02-14T15:19:23.809+0800][3414.315s] GC(111)   Other: 0.1ms
[2023-02-14T15:19:23.809+0800][3414.315s] GC(111) Eden regions: 117->0(297)
[2023-02-14T15:19:23.809+0800][3414.315s] GC(111) Survivor regions: 6->10(39)
[2023-02-14T15:19:23.809+0800][3414.315s] GC(111) Old regions: 68->68
[2023-02-14T15:19:23.809+0800][3414.315s] GC(111) Archive regions: 0->0
[2023-02-14T15:19:23.809+0800][3414.315s] GC(111) Humongous regions: 4->4
[2023-02-14T15:19:23.809+0800][3414.315s] GC(111) Metaspace: 55401K(55872K)->55401K(55872K) NonClass: 49159K(49408K)->49159K(49408K) Class: 6241K(6464K)->6241K(6464K)
[2023-02-14T15:19:23.809+0800][3414.315s] GC(111) Pause Young (Concurrent Start) (G1 Humongous Allocation) 194M->81M(512M) 4.050ms
[2023-02-14T15:19:23.809+0800][3414.315s] GC(111) User=0.00s Sys=0.00s Real=0.00s
[2023-02-14T15:19:23.809+0800][3414.315s] GC(112) Concurrent Mark Cycle
[2023-02-14T15:19:23.809+0800][3414.315s] GC(112) Concurrent Clear Claimed Marks
[2023-02-14T15:19:23.809+0800][3414.315s] GC(112) Concurrent Clear Claimed Marks 0.028ms
[2023-02-14T15:19:23.809+0800][3414.315s] GC(112) Concurrent Scan Root Regions
[2023-02-14T15:19:23.811+0800][3414.317s] GC(112) Concurrent Scan Root Regions 1.666ms
[2023-02-14T15:19:23.811+0800][3414.317s] GC(112) Concurrent Mark
[2023-02-14T15:19:23.811+0800][3414.317s] GC(112) Concurrent Mark From Roots
[2023-02-14T15:19:23.811+0800][3414.317s] GC(112) Using 2 workers of 2 for marking
[2023-02-14T15:19:23.834+0800][3414.340s] GC(112) Concurrent Mark From Roots 22.808ms
[2023-02-14T15:19:23.834+0800][3414.340s] GC(112) Concurrent Preclean
[2023-02-14T15:19:23.834+0800][3414.340s] GC(112) Concurrent Preclean 0.211ms
[2023-02-14T15:19:23.835+0800][3414.340s] GC(112) Pause Remark
[2023-02-14T15:19:23.840+0800][3414.345s] GC(112) Pause Remark 92M->92M(512M) 4.519ms
[2023-02-14T15:19:23.840+0800][3414.345s] GC(112) User=0.00s Sys=0.00s Real=0.00s
[2023-02-14T15:19:23.840+0800][3414.345s] GC(112) Concurrent Mark 28.170ms
[2023-02-14T15:19:23.840+0800][3414.345s] GC(112) Concurrent Rebuild Remembered Sets
[2023-02-14T15:19:23.851+0800][3414.358s] GC(112) Concurrent Rebuild Remembered Sets 12.464ms
[2023-02-14T15:19:23.852+0800][3414.358s] GC(112) Pause Cleanup
[2023-02-14T15:19:23.852+0800][3414.358s] GC(112) Pause Cleanup 97M->97M(512M) 0.204ms
[2023-02-14T15:19:23.852+0800][3414.358s] GC(112) User=0.00s Sys=0.00s Real=0.00s
[2023-02-14T15:19:23.852+0800][3414.358s] GC(112) Concurrent Cleanup for Next Mark
[2023-02-14T15:19:23.853+0800][3414.359s] GC(112) Concurrent Cleanup for Next Mark 0.536ms
[2023-02-14T15:19:23.853+0800][3414.359s] GC(112) Concurrent Mark Cycle 43.630ms
[2023-02-14T15:19:23.960+0800][3414.466s] GC(113) Pause Young (Concurrent Start) (G1 Humongous Allocation)
[2023-02-14T15:19:23.960+0800][3414.466s] GC(113) Using 8 workers of 8 for evacuation
[2023-02-14T15:19:23.963+0800][3414.469s] GC(113)   Pre Evacuate Collection Set: 0.2ms
[2023-02-14T15:19:23.963+0800][3414.469s] GC(113)   Merge Heap Roots: 0.1ms
[2023-02-14T15:19:23.964+0800][3414.469s] GC(113)   Evacuate Collection Set: 2.5ms
[2023-02-14T15:19:23.964+0800][3414.469s] GC(113)   Post Evacuate Collection Set: 0.6ms
[2023-02-14T15:19:23.964+0800][3414.469s] GC(113)   Other: 0.1ms
[2023-02-14T15:19:23.964+0800][3414.469s] GC(113) Eden regions: 73->0(294)
[2023-02-14T15:19:23.964+0800][3414.469s] GC(113) Survivor regions: 10->13(39)
[2023-02-14T15:19:23.964+0800][3414.469s] GC(113) Old regions: 68->68
[2023-02-14T15:19:23.964+0800][3414.469s] GC(113) Archive regions: 0->0
[2023-02-14T15:19:23.964+0800][3414.469s] GC(113) Humongous regions: 5->5
[2023-02-14T15:19:23.964+0800][3414.469s] GC(113) Metaspace: 55401K(55872K)->55401K(55872K) NonClass: 49159K(49408K)->49159K(49408K) Class: 6241K(6464K)->6241K(6464K)
[2023-02-14T15:19:23.964+0800][3414.469s] GC(113) Pause Young (Concurrent Start) (G1 Humongous Allocation) 155M->85M(512M) 3.603ms
[2023-02-14T15:19:23.964+0800][3414.469s] GC(113) User=0.00s Sys=0.00s Real=0.00s
[2023-02-14T15:19:23.964+0800][3414.469s] GC(114) Concurrent Mark Cycle
[2023-02-14T15:19:23.964+0800][3414.470s] GC(114) Concurrent Clear Claimed Marks
[2023-02-14T15:19:23.964+0800][3414.470s] GC(114) Concurrent Clear Claimed Marks 0.025ms
[2023-02-14T15:19:23.964+0800][3414.470s] GC(114) Concurrent Scan Root Regions
[2023-02-14T15:19:23.965+0800][3414.471s] GC(114) Concurrent Scan Root Regions 1.533ms
[2023-02-14T15:19:23.965+0800][3414.471s] GC(114) Concurrent Mark
[2023-02-14T15:19:23.965+0800][3414.471s] GC(114) Concurrent Mark From Roots
[2023-02-14T15:19:23.965+0800][3414.471s] GC(114) Using 2 workers of 2 for marking
[2023-02-14T15:19:23.986+0800][3414.492s] GC(114) Concurrent Mark From Roots 21.019ms
[2023-02-14T15:19:23.986+0800][3414.492s] GC(114) Concurrent Preclean
[2023-02-14T15:19:23.987+0800][3414.492s] GC(114) Concurrent Preclean 0.224ms
[2023-02-14T15:19:23.987+0800][3414.493s] GC(114) Pause Remark
[2023-02-14T15:19:23.991+0800][3414.497s] GC(114) Pause Remark 95M->95M(512M) 4.481ms
[2023-02-14T15:19:23.991+0800][3414.497s] GC(114) User=0.12s Sys=0.00s Real=0.00s
[2023-02-14T15:19:23.991+0800][3414.497s] GC(114) Concurrent Mark 26.283ms
[2023-02-14T15:19:23.991+0800][3414.497s] GC(114) Concurrent Rebuild Remembered Sets
[2023-02-14T15:19:24.005+0800][3414.511s] GC(114) Concurrent Rebuild Remembered Sets 13.366ms
[2023-02-14T15:19:24.005+0800][3414.511s] GC(114) Pause Cleanup
[2023-02-14T15:19:24.005+0800][3414.511s] GC(114) Pause Cleanup 99M->99M(512M) 0.177ms
[2023-02-14T15:19:24.005+0800][3414.511s] GC(114) User=0.00s Sys=0.00s Real=0.00s
[2023-02-14T15:19:24.005+0800][3414.511s] GC(114) Concurrent Cleanup for Next Mark
[2023-02-14T15:19:24.006+0800][3414.512s] GC(114) Concurrent Cleanup for Next Mark 0.620ms
[2023-02-14T15:19:24.006+0800][3414.512s] GC(114) Concurrent Mark Cycle 42.454ms
[2023-02-14T15:19:24.229+0800][3414.734s] GC(115) Pause Young (Concurrent Start) (G1 Humongous Allocation)
[2023-02-14T15:19:24.229+0800][3414.734s] GC(115) Using 8 workers of 8 for evacuation
[2023-02-14T15:19:24.233+0800][3414.739s] GC(115)   Pre Evacuate Collection Set: 0.2ms
[2023-02-14T15:19:24.233+0800][3414.739s] GC(115)   Merge Heap Roots: 0.1ms
[2023-02-14T15:19:24.233+0800][3414.739s] GC(115)   Evacuate Collection Set: 3.7ms
[2023-02-14T15:19:24.233+0800][3414.739s] GC(115)   Post Evacuate Collection Set: 0.6ms
[2023-02-14T15:19:24.233+0800][3414.739s] GC(115)   Other: 0.1ms
[2023-02-14T15:19:24.233+0800][3414.739s] GC(115) Eden regions: 128->0(290)
[2023-02-14T15:19:24.233+0800][3414.739s] GC(115) Survivor regions: 13->17(39)
[2023-02-14T15:19:24.233+0800][3414.739s] GC(115) Old regions: 68->68
[2023-02-14T15:19:24.233+0800][3414.739s] GC(115) Archive regions: 0->0
[2023-02-14T15:19:24.233+0800][3414.739s] GC(115) Humongous regions: 7->6
[2023-02-14T15:19:24.233+0800][3414.739s] GC(115) Metaspace: 55418K(55872K)->55418K(55872K) NonClass: 49174K(49408K)->49174K(49408K) Class: 6244K(6464K)->6244K(6464K)
[2023-02-14T15:19:24.233+0800][3414.739s] GC(115) Pause Young (Concurrent Start) (G1 Humongous Allocation) 214M->90M(512M) 4.891ms
[2023-02-14T15:19:24.233+0800][3414.739s] GC(115) User=0.00s Sys=0.00s Real=0.00s
[2023-02-14T15:19:24.233+0800][3414.739s] GC(116) Concurrent Mark Cycle
[2023-02-14T15:19:24.233+0800][3414.739s] GC(116) Concurrent Clear Claimed Marks
[2023-02-14T15:19:24.233+0800][3414.739s] GC(116) Concurrent Clear Claimed Marks 0.040ms
[2023-02-14T15:19:24.233+0800][3414.739s] GC(116) Concurrent Scan Root Regions
[2023-02-14T15:19:24.235+0800][3414.742s] GC(116) Concurrent Scan Root Regions 2.390ms
[2023-02-14T15:19:24.235+0800][3414.742s] GC(116) Concurrent Mark
[2023-02-14T15:19:24.235+0800][3414.742s] GC(116) Concurrent Mark From Roots
[2023-02-14T15:19:24.235+0800][3414.742s] GC(116) Using 2 workers of 2 for marking
[2023-02-14T15:19:24.268+0800][3414.774s] GC(116) Concurrent Mark From Roots 32.736ms
[2023-02-14T15:19:24.268+0800][3414.774s] GC(116) Concurrent Preclean
[2023-02-14T15:19:24.269+0800][3414.775s] GC(116) Concurrent Preclean 0.255ms
[2023-02-14T15:19:24.269+0800][3414.775s] GC(116) Pause Remark
[2023-02-14T15:19:24.274+0800][3414.780s] GC(116) Pause Remark 122M->122M(512M) 5.146ms
[2023-02-14T15:19:24.274+0800][3414.780s] GC(116) User=0.00s Sys=0.00s Real=0.00s
[2023-02-14T15:19:24.274+0800][3414.780s] GC(116) Concurrent Mark 38.451ms
[2023-02-14T15:19:24.274+0800][3414.780s] GC(116) Concurrent Rebuild Remembered Sets
[2023-02-14T15:19:24.289+0800][3414.795s] GC(116) Concurrent Rebuild Remembered Sets 15.175ms
[2023-02-14T15:19:24.290+0800][3414.796s] GC(116) Pause Cleanup
[2023-02-14T15:19:24.290+0800][3414.796s] GC(116) Pause Cleanup 130M->130M(512M) 0.141ms
[2023-02-14T15:19:24.290+0800][3414.796s] GC(116) User=0.00s Sys=0.00s Real=0.00s
[2023-02-14T15:19:24.290+0800][3414.796s] GC(116) Concurrent Cleanup for Next Mark
[2023-02-14T15:19:24.291+0800][3414.797s] GC(116) Concurrent Cleanup for Next Mark 0.909ms
[2023-02-14T15:19:24.291+0800][3414.797s] GC(116) Concurrent Mark Cycle 57.576ms
[2023-02-14T15:22:16.723+0800][3587.229s] GC(117) Pause Young (Normal) (G1 Evacuation Pause)
[2023-02-14T15:22:16.723+0800][3587.229s] GC(117) Using 8 workers of 8 for evacuation
[2023-02-14T15:22:16.727+0800][3587.233s] GC(117)   Pre Evacuate Collection Set: 0.1ms
[2023-02-14T15:22:16.727+0800][3587.233s] GC(117)   Merge Heap Roots: 0.1ms
[2023-02-14T15:22:16.727+0800][3587.233s] GC(117)   Evacuate Collection Set: 2.9ms
[2023-02-14T15:22:16.727+0800][3587.233s] GC(117)   Post Evacuate Collection Set: 0.6ms
[2023-02-14T15:22:16.727+0800][3587.233s] GC(117)   Other: 0.3ms
[2023-02-14T15:22:16.727+0800][3587.233s] GC(117) Eden regions: 290->0(302)
[2023-02-14T15:22:16.727+0800][3587.233s] GC(117) Survivor regions: 17->5(39)
[2023-02-14T15:22:16.727+0800][3587.233s] GC(117) Old regions: 68->68
[2023-02-14T15:22:16.727+0800][3587.233s] GC(117) Archive regions: 0->0
[2023-02-14T15:22:16.727+0800][3587.233s] GC(117) Humongous regions: 11->4
[2023-02-14T15:22:16.727+0800][3587.233s] GC(117) Metaspace: 55556K(56000K)->55556K(56000K) NonClass: 49301K(49536K)->49301K(49536K) Class: 6255K(6464K)->6255K(6464K)
[2023-02-14T15:22:16.728+0800][3587.234s] GC(117) Pause Young (Normal) (G1 Evacuation Pause) 385M->76M(512M) 4.160ms
[2023-02-14T15:22:16.728+0800][3587.234s] GC(117) User=0.00s Sys=0.00s Real=0.00s
[2023-02-14T15:23:58.277+0800][3688.782s] GC(118) Pause Young (Concurrent Start) (G1 Humongous Allocation)
[2023-02-14T15:23:58.277+0800][3688.782s] GC(118) Using 8 workers of 8 for evacuation
[2023-02-14T15:23:58.281+0800][3688.786s] GC(118)   Pre Evacuate Collection Set: 0.2ms
[2023-02-14T15:23:58.281+0800][3688.786s] GC(118)   Merge Heap Roots: 0.1ms
[2023-02-14T15:23:58.281+0800][3688.786s] GC(118)   Evacuate Collection Set: 3.1ms
[2023-02-14T15:23:58.281+0800][3688.786s] GC(118)   Post Evacuate Collection Set: 0.7ms
[2023-02-14T15:23:58.281+0800][3688.787s] GC(118)   Other: 0.1ms
[2023-02-14T15:23:58.281+0800][3688.787s] GC(118) Eden regions: 158->0(296)
[2023-02-14T15:23:58.281+0800][3688.787s] GC(118) Survivor regions: 5->11(39)
[2023-02-14T15:23:58.281+0800][3688.787s] GC(118) Old regions: 68->68
[2023-02-14T15:23:58.281+0800][3688.787s] GC(118) Archive regions: 0->0
[2023-02-14T15:23:58.281+0800][3688.787s] GC(118) Humongous regions: 4->4
[2023-02-14T15:23:58.281+0800][3688.787s] GC(118) Metaspace: 55594K(56000K)->55594K(56000K) NonClass: 49339K(49536K)->49339K(49536K) Class: 6255K(6464K)->6255K(6464K)
[2023-02-14T15:23:58.281+0800][3688.787s] GC(118) Pause Young (Concurrent Start) (G1 Humongous Allocation) 234M->82M(512M) 4.391ms
[2023-02-14T15:23:58.281+0800][3688.787s] GC(118) User=0.00s Sys=0.00s Real=0.00s
[2023-02-14T15:23:58.281+0800][3688.787s] GC(119) Concurrent Mark Cycle
[2023-02-14T15:23:58.281+0800][3688.787s] GC(119) Concurrent Clear Claimed Marks
[2023-02-14T15:23:58.281+0800][3688.787s] GC(119) Concurrent Clear Claimed Marks 0.025ms
[2023-02-14T15:23:58.281+0800][3688.787s] GC(119) Concurrent Scan Root Regions
[2023-02-14T15:23:58.283+0800][3688.789s] GC(119) Concurrent Scan Root Regions 1.862ms
[2023-02-14T15:23:58.283+0800][3688.789s] GC(119) Concurrent Mark
[2023-02-14T15:23:58.283+0800][3688.789s] GC(119) Concurrent Mark From Roots
[2023-02-14T15:23:58.283+0800][3688.789s] GC(119) Using 2 workers of 2 for marking
[2023-02-14T15:23:58.305+0800][3688.811s] GC(119) Concurrent Mark From Roots 22.246ms
[2023-02-14T15:23:58.305+0800][3688.811s] GC(119) Concurrent Preclean
[2023-02-14T15:23:58.305+0800][3688.811s] GC(119) Concurrent Preclean 0.212ms
[2023-02-14T15:23:58.306+0800][3688.812s] GC(119) Pause Remark
[2023-02-14T15:23:58.311+0800][3688.816s] GC(119) Pause Remark 90M->90M(512M) 4.505ms
[2023-02-14T15:23:58.311+0800][3688.816s] GC(119) User=0.00s Sys=0.00s Real=0.01s
[2023-02-14T15:23:58.311+0800][3688.816s] GC(119) Concurrent Mark 27.555ms
[2023-02-14T15:23:58.311+0800][3688.816s] GC(119) Concurrent Rebuild Remembered Sets
[2023-02-14T15:23:58.324+0800][3688.829s] GC(119) Concurrent Rebuild Remembered Sets 12.922ms
[2023-02-14T15:23:58.324+0800][3688.829s] GC(119) Pause Cleanup
[2023-02-14T15:23:58.324+0800][3688.830s] GC(119) Pause Cleanup 95M->95M(512M) 0.199ms
[2023-02-14T15:23:58.324+0800][3688.830s] GC(119) User=0.00s Sys=0.00s Real=0.00s
[2023-02-14T15:23:58.324+0800][3688.830s] GC(119) Concurrent Cleanup for Next Mark
[2023-02-14T15:23:58.325+0800][3688.831s] GC(119) Concurrent Cleanup for Next Mark 0.787ms
[2023-02-14T15:23:58.325+0800][3688.831s] GC(119) Concurrent Mark Cycle 43.943ms
[2023-02-14T15:23:58.440+0800][3688.946s] GC(120) Pause Young (Concurrent Start) (G1 Humongous Allocation)
[2023-02-14T15:23:58.440+0800][3688.946s] GC(120) Using 8 workers of 8 for evacuation
[2023-02-14T15:23:58.444+0800][3688.950s] GC(120)   Pre Evacuate Collection Set: 0.1ms
[2023-02-14T15:23:58.444+0800][3688.950s] GC(120)   Merge Heap Roots: 0.0ms
[2023-02-14T15:23:58.444+0800][3688.950s] GC(120)   Evacuate Collection Set: 3.3ms
[2023-02-14T15:23:58.444+0800][3688.950s] GC(120)   Post Evacuate Collection Set: 0.5ms
[2023-02-14T15:23:58.444+0800][3688.950s] GC(120)   Other: 0.2ms
[2023-02-14T15:23:58.444+0800][3688.950s] GC(120) Eden regions: 73->0(293)
[2023-02-14T15:23:58.444+0800][3688.950s] GC(120) Survivor regions: 11->14(39)
[2023-02-14T15:23:58.444+0800][3688.950s] GC(120) Old regions: 68->68
[2023-02-14T15:23:58.444+0800][3688.950s] GC(120) Archive regions: 0->0
[2023-02-14T15:23:58.444+0800][3688.950s] GC(120) Humongous regions: 5->5
[2023-02-14T15:23:58.444+0800][3688.950s] GC(120) Metaspace: 55594K(56000K)->55594K(56000K) NonClass: 49339K(49536K)->49339K(49536K) Class: 6255K(6464K)->6255K(6464K)
[2023-02-14T15:23:58.444+0800][3688.950s] GC(120) Pause Young (Concurrent Start) (G1 Humongous Allocation) 156M->86M(512M) 4.242ms
[2023-02-14T15:23:58.444+0800][3688.950s] GC(120) User=0.11s Sys=0.00s Real=0.00s
[2023-02-14T15:23:58.444+0800][3688.950s] GC(121) Concurrent Mark Cycle
[2023-02-14T15:23:58.444+0800][3688.950s] GC(121) Concurrent Clear Claimed Marks
[2023-02-14T15:23:58.444+0800][3688.950s] GC(121) Concurrent Clear Claimed Marks 0.046ms
[2023-02-14T15:23:58.444+0800][3688.950s] GC(121) Concurrent Scan Root Regions
[2023-02-14T15:23:58.446+0800][3688.952s] GC(121) Concurrent Scan Root Regions 1.739ms
[2023-02-14T15:23:58.446+0800][3688.952s] GC(121) Concurrent Mark
[2023-02-14T15:23:58.446+0800][3688.952s] GC(121) Concurrent Mark From Roots
[2023-02-14T15:23:58.446+0800][3688.952s] GC(121) Using 2 workers of 2 for marking
[2023-02-14T15:23:58.466+0800][3688.972s] GC(121) Concurrent Mark From Roots 20.297ms
[2023-02-14T15:23:58.466+0800][3688.972s] GC(121) Concurrent Preclean
[2023-02-14T15:23:58.466+0800][3688.972s] GC(121) Concurrent Preclean 0.208ms
[2023-02-14T15:23:58.467+0800][3688.973s] GC(121) Pause Remark
[2023-02-14T15:23:58.471+0800][3688.977s] GC(121) Pause Remark 97M->97M(512M) 3.851ms
[2023-02-14T15:23:58.471+0800][3688.977s] GC(121) User=0.00s Sys=0.00s Real=0.00s
[2023-02-14T15:23:58.471+0800][3688.977s] GC(121) Concurrent Mark 24.877ms
[2023-02-14T15:23:58.471+0800][3688.977s] GC(121) Concurrent Rebuild Remembered Sets
[2023-02-14T15:23:58.484+0800][3688.990s] GC(121) Concurrent Rebuild Remembered Sets 12.910ms
[2023-02-14T15:23:58.484+0800][3688.990s] GC(121) Pause Cleanup
[2023-02-14T15:23:58.484+0800][3688.990s] GC(121) Pause Cleanup 101M->101M(512M) 0.122ms
[2023-02-14T15:23:58.484+0800][3688.990s] GC(121) User=0.00s Sys=0.00s Real=0.00s
[2023-02-14T15:23:58.484+0800][3688.990s] GC(121) Concurrent Cleanup for Next Mark
[2023-02-14T15:23:58.485+0800][3688.991s] GC(121) Concurrent Cleanup for Next Mark 0.693ms
[2023-02-14T15:23:58.485+0800][3688.991s] GC(121) Concurrent Mark Cycle 40.918ms
[2023-02-14T15:23:58.703+0800][3689.209s] GC(122) Pause Young (Concurrent Start) (G1 Humongous Allocation)
[2023-02-14T15:23:58.703+0800][3689.209s] GC(122) Using 8 workers of 8 for evacuation
[2023-02-14T15:23:58.708+0800][3689.214s] GC(122)   Pre Evacuate Collection Set: 0.1ms
[2023-02-14T15:23:58.708+0800][3689.214s] GC(122)   Merge Heap Roots: 0.1ms
[2023-02-14T15:23:58.708+0800][3689.214s] GC(122)   Evacuate Collection Set: 4.2ms
[2023-02-14T15:23:58.708+0800][3689.214s] GC(122)   Post Evacuate Collection Set: 0.5ms
[2023-02-14T15:23:58.708+0800][3689.214s] GC(122)   Other: 0.2ms
[2023-02-14T15:23:58.708+0800][3689.214s] GC(122) Eden regions: 134->0(288)
[2023-02-14T15:23:58.708+0800][3689.214s] GC(122) Survivor regions: 14->19(39)
[2023-02-14T15:23:58.708+0800][3689.214s] GC(122) Old regions: 68->68
[2023-02-14T15:23:58.708+0800][3689.214s] GC(122) Archive regions: 0->0
[2023-02-14T15:23:58.708+0800][3689.214s] GC(122) Humongous regions: 7->6
[2023-02-14T15:23:58.708+0800][3689.214s] GC(122) Metaspace: 55602K(56064K)->55602K(56064K) NonClass: 49346K(49600K)->49346K(49600K) Class: 6256K(6464K)->6256K(6464K)
[2023-02-14T15:23:58.708+0800][3689.214s] GC(122) Pause Young (Concurrent Start) (G1 Humongous Allocation) 222M->92M(512M) 5.277ms
[2023-02-14T15:23:58.708+0800][3689.214s] GC(122) User=0.08s Sys=0.00s Real=0.00s
[2023-02-14T15:23:58.708+0800][3689.214s] GC(123) Concurrent Mark Cycle
[2023-02-14T15:23:58.708+0800][3689.214s] GC(123) Concurrent Clear Claimed Marks
[2023-02-14T15:23:58.708+0800][3689.215s] GC(123) Concurrent Clear Claimed Marks 0.075ms
[2023-02-14T15:23:58.709+0800][3689.215s] GC(123) Concurrent Scan Root Regions
[2023-02-14T15:23:58.711+0800][3689.217s] GC(123) Concurrent Scan Root Regions 2.812ms
[2023-02-14T15:23:58.711+0800][3689.217s] GC(123) Concurrent Mark
[2023-02-14T15:23:58.711+0800][3689.217s] GC(123) Concurrent Mark From Roots
[2023-02-14T15:23:58.711+0800][3689.217s] GC(123) Using 2 workers of 2 for marking
[2023-02-14T15:23:58.737+0800][3689.243s] GC(123) Concurrent Mark From Roots 25.659ms
[2023-02-14T15:23:58.737+0800][3689.243s] GC(123) Concurrent Preclean
[2023-02-14T15:23:58.737+0800][3689.243s] GC(123) Concurrent Preclean 0.229ms
[2023-02-14T15:23:58.738+0800][3689.244s] GC(123) Pause Remark
[2023-02-14T15:23:58.741+0800][3689.247s] GC(123) Pause Remark 116M->116M(512M) 3.602ms
[2023-02-14T15:23:58.741+0800][3689.247s] GC(123) User=0.00s Sys=0.00s Real=0.00s
[2023-02-14T15:23:58.741+0800][3689.248s] GC(123) Concurrent Mark 30.081ms
[2023-02-14T15:23:58.741+0800][3689.248s] GC(123) Concurrent Rebuild Remembered Sets
[2023-02-14T15:23:58.754+0800][3689.260s] GC(123) Concurrent Rebuild Remembered Sets 12.900ms
[2023-02-14T15:23:58.755+0800][3689.261s] GC(123) Pause Cleanup
[2023-02-14T15:23:58.755+0800][3689.261s] GC(123) Pause Cleanup 127M->127M(512M) 0.117ms
[2023-02-14T15:23:58.755+0800][3689.261s] GC(123) User=0.00s Sys=0.00s Real=0.00s
[2023-02-14T15:23:58.755+0800][3689.261s] GC(123) Concurrent Cleanup for Next Mark
[2023-02-14T15:23:58.755+0800][3689.262s] GC(123) Concurrent Cleanup for Next Mark 0.644ms
[2023-02-14T15:23:58.756+0800][3689.262s] GC(123) Concurrent Mark Cycle 47.176ms
[2023-02-14T15:38:35.040+0800][4565.546s] GC(124) Pause Young (Normal) (G1 Evacuation Pause)
[2023-02-14T15:38:35.040+0800][4565.546s] GC(124) Using 8 workers of 8 for evacuation
[2023-02-14T15:38:35.043+0800][4565.549s] GC(124)   Pre Evacuate Collection Set: 0.1ms
[2023-02-14T15:38:35.043+0800][4565.549s] GC(124)   Merge Heap Roots: 0.1ms
[2023-02-14T15:38:35.043+0800][4565.549s] GC(124)   Evacuate Collection Set: 2.5ms
[2023-02-14T15:38:35.043+0800][4565.549s] GC(124)   Post Evacuate Collection Set: 0.5ms
[2023-02-14T15:38:35.043+0800][4565.549s] GC(124)   Other: 0.3ms
[2023-02-14T15:38:35.043+0800][4565.549s] GC(124) Eden regions: 288->0(300)
[2023-02-14T15:38:35.043+0800][4565.549s] GC(124) Survivor regions: 19->7(39)
[2023-02-14T15:38:35.043+0800][4565.549s] GC(124) Old regions: 68->68
[2023-02-14T15:38:35.044+0800][4565.549s] GC(124) Archive regions: 0->0
[2023-02-14T15:38:35.044+0800][4565.549s] GC(124) Humongous regions: 11->4
[2023-02-14T15:38:35.044+0800][4565.549s] GC(124) Metaspace: 55820K(56384K)->55820K(56384K) NonClass: 49548K(49856K)->49548K(49856K) Class: 6272K(6528K)->6272K(6528K)
[2023-02-14T15:38:35.044+0800][4565.550s] GC(124) Pause Young (Normal) (G1 Evacuation Pause) 385M->78M(512M) 3.730ms
[2023-02-14T15:38:35.044+0800][4565.550s] GC(124) User=0.00s Sys=0.00s Real=0.00s
[2023-02-14T15:38:35.870+0800][4566.375s] GC(125) Pause Young (Normal) (G1 Evacuation Pause)
[2023-02-14T15:38:35.870+0800][4566.375s] GC(125) Using 8 workers of 8 for evacuation
[2023-02-14T15:38:35.876+0800][4566.381s] GC(125)   Pre Evacuate Collection Set: 0.2ms
[2023-02-14T15:38:35.876+0800][4566.381s] GC(125)   Merge Heap Roots: 0.1ms
[2023-02-14T15:38:35.876+0800][4566.381s] GC(125)   Evacuate Collection Set: 4.9ms
[2023-02-14T15:38:35.876+0800][4566.381s] GC(125)   Post Evacuate Collection Set: 0.6ms
[2023-02-14T15:38:35.876+0800][4566.381s] GC(125)   Other: 0.1ms
[2023-02-14T15:38:35.876+0800][4566.381s] GC(125) Eden regions: 300->0(289)
[2023-02-14T15:38:35.876+0800][4566.381s] GC(125) Survivor regions: 7->18(39)
[2023-02-14T15:38:35.876+0800][4566.381s] GC(125) Old regions: 68->68
[2023-02-14T15:38:35.876+0800][4566.381s] GC(125) Archive regions: 0->0
[2023-02-14T15:38:35.876+0800][4566.381s] GC(125) Humongous regions: 7->6
[2023-02-14T15:38:35.876+0800][4566.381s] GC(125) Metaspace: 55847K(56384K)->55847K(56384K) NonClass: 49573K(49856K)->49573K(49856K) Class: 6273K(6528K)->6273K(6528K)
[2023-02-14T15:38:35.876+0800][4566.381s] GC(125) Pause Young (Normal) (G1 Evacuation Pause) 381M->91M(512M) 6.056ms
[2023-02-14T15:38:35.876+0800][4566.381s] GC(125) User=0.00s Sys=0.00s Real=0.01s
[2023-02-14T15:38:35.985+0800][4566.490s] GC(126) Pause Young (Concurrent Start) (G1 Humongous Allocation)
[2023-02-14T15:38:35.985+0800][4566.490s] GC(126) Using 8 workers of 8 for evacuation
[2023-02-14T15:38:35.989+0800][4566.495s] GC(126)   Pre Evacuate Collection Set: 0.2ms
[2023-02-14T15:38:35.990+0800][4566.495s] GC(126)   Merge Heap Roots: 0.2ms
[2023-02-14T15:38:35.990+0800][4566.495s] GC(126)   Evacuate Collection Set: 4.1ms
[2023-02-14T15:38:35.990+0800][4566.495s] GC(126)   Post Evacuate Collection Set: 0.7ms
[2023-02-14T15:38:35.990+0800][4566.495s] GC(126)   Other: 0.2ms
[2023-02-14T15:38:35.990+0800][4566.495s] GC(126) Eden regions: 60->0(287)
[2023-02-14T15:38:35.990+0800][4566.495s] GC(126) Survivor regions: 18->20(39)
[2023-02-14T15:38:35.990+0800][4566.495s] GC(126) Old regions: 68->68
[2023-02-14T15:38:35.990+0800][4566.495s] GC(126) Archive regions: 0->0
[2023-02-14T15:38:35.990+0800][4566.495s] GC(126) Humongous regions: 9->9
[2023-02-14T15:38:35.990+0800][4566.496s] GC(126) Metaspace: 55849K(56384K)->55849K(56384K) NonClass: 49576K(49856K)->49576K(49856K) Class: 6273K(6528K)->6273K(6528K)
[2023-02-14T15:38:35.990+0800][4566.496s] GC(126) Pause Young (Concurrent Start) (G1 Humongous Allocation) 154M->96M(512M) 5.611ms
[2023-02-14T15:38:35.990+0800][4566.496s] GC(126) User=0.12s Sys=0.00s Real=0.01s
[2023-02-14T15:38:35.990+0800][4566.496s] GC(127) Concurrent Undo Cycle
[2023-02-14T15:38:35.990+0800][4566.496s] GC(127) Concurrent Cleanup for Next Mark
[2023-02-14T15:38:35.991+0800][4566.497s] GC(127) Concurrent Cleanup for Next Mark 1.087ms
[2023-02-14T15:38:35.991+0800][4566.497s] GC(127) Concurrent Undo Cycle 1.175ms
[2023-02-14T15:38:45.809+0800][4576.314s] GC(128) Pause Young (Concurrent Start) (G1 Humongous Allocation)
[2023-02-14T15:38:45.809+0800][4576.314s] GC(128) Using 8 workers of 8 for evacuation
[2023-02-14T15:38:45.812+0800][4576.317s] GC(128)   Pre Evacuate Collection Set: 0.1ms
[2023-02-14T15:38:45.812+0800][4576.317s] GC(128)   Merge Heap Roots: 0.1ms
[2023-02-14T15:38:45.812+0800][4576.317s] GC(128)   Evacuate Collection Set: 2.0ms
[2023-02-14T15:38:45.812+0800][4576.317s] GC(128)   Post Evacuate Collection Set: 0.7ms
[2023-02-14T15:38:45.812+0800][4576.317s] GC(128)   Other: 0.2ms
[2023-02-14T15:38:45.812+0800][4576.318s] GC(128) Eden regions: 217->0(298)
[2023-02-14T15:38:45.812+0800][4576.318s] GC(128) Survivor regions: 20->9(39)
[2023-02-14T15:38:45.812+0800][4576.318s] GC(128) Old regions: 68->69
[2023-02-14T15:38:45.812+0800][4576.318s] GC(128) Archive regions: 0->0
[2023-02-14T15:38:45.812+0800][4576.318s] GC(128) Humongous regions: 11->4
[2023-02-14T15:38:45.812+0800][4576.318s] GC(128) Metaspace: 55863K(56384K)->55863K(56384K) NonClass: 49589K(49856K)->49589K(49856K) Class: 6273K(6528K)->6273K(6528K)
[2023-02-14T15:38:45.812+0800][4576.318s] GC(128) Pause Young (Concurrent Start) (G1 Humongous Allocation) 314M->80M(512M) 3.197ms
[2023-02-14T15:38:45.812+0800][4576.318s] GC(128) User=0.00s Sys=0.00s Real=0.00s
[2023-02-14T15:38:45.812+0800][4576.318s] GC(129) Concurrent Undo Cycle
[2023-02-14T15:38:45.812+0800][4576.318s] GC(129) Concurrent Cleanup for Next Mark
[2023-02-14T15:38:45.813+0800][4576.318s] GC(129) Concurrent Cleanup for Next Mark 0.719ms
[2023-02-14T15:38:45.813+0800][4576.318s] GC(129) Concurrent Undo Cycle 0.785ms
[2023-02-14T15:38:45.980+0800][4576.485s] GC(130) Pause Young (Concurrent Start) (G1 Humongous Allocation)
[2023-02-14T15:38:45.980+0800][4576.485s] GC(130) Using 8 workers of 8 for evacuation
[2023-02-14T15:38:45.984+0800][4576.489s] GC(130)   Pre Evacuate Collection Set: 0.2ms
[2023-02-14T15:38:45.984+0800][4576.489s] GC(130)   Merge Heap Roots: 0.1ms
[2023-02-14T15:38:45.984+0800][4576.489s] GC(130)   Evacuate Collection Set: 3.2ms
[2023-02-14T15:38:45.984+0800][4576.489s] GC(130)   Post Evacuate Collection Set: 0.8ms
[2023-02-14T15:38:45.984+0800][4576.489s] GC(130)   Other: 0.1ms
[2023-02-14T15:38:45.984+0800][4576.489s] GC(130) Eden regions: 69->0(291)
[2023-02-14T15:38:45.984+0800][4576.489s] GC(130) Survivor regions: 9->16(39)
[2023-02-14T15:38:45.984+0800][4576.489s] GC(130) Old regions: 69->69
[2023-02-14T15:38:45.984+0800][4576.489s] GC(130) Archive regions: 0->0
[2023-02-14T15:38:45.984+0800][4576.489s] GC(130) Humongous regions: 10->9
[2023-02-14T15:38:45.984+0800][4576.489s] GC(130) Metaspace: 55863K(56384K)->55863K(56384K) NonClass: 49589K(49856K)->49589K(49856K) Class: 6273K(6528K)->6273K(6528K)
[2023-02-14T15:38:45.984+0800][4576.489s] GC(130) Pause Young (Concurrent Start) (G1 Humongous Allocation) 155M->92M(512M) 4.511ms
[2023-02-14T15:38:45.984+0800][4576.489s] GC(130) User=0.00s Sys=0.00s Real=0.00s
[2023-02-14T15:38:45.984+0800][4576.490s] GC(131) Concurrent Undo Cycle
[2023-02-14T15:38:45.984+0800][4576.490s] GC(131) Concurrent Cleanup for Next Mark
[2023-02-14T15:38:45.985+0800][4576.490s] GC(131) Concurrent Cleanup for Next Mark 0.718ms
[2023-02-14T15:38:45.985+0800][4576.490s] GC(131) Concurrent Undo Cycle 0.841ms
[2023-02-14T15:38:46.026+0800][4576.532s] GC(132) Pause Young (Concurrent Start) (G1 Humongous Allocation)
[2023-02-14T15:38:46.026+0800][4576.532s] GC(132) Using 8 workers of 8 for evacuation
[2023-02-14T15:38:46.031+0800][4576.536s] GC(132)   Pre Evacuate Collection Set: 0.3ms
[2023-02-14T15:38:46.031+0800][4576.536s] GC(132)   Merge Heap Roots: 0.1ms
[2023-02-14T15:38:46.031+0800][4576.536s] GC(132)   Evacuate Collection Set: 3.0ms
[2023-02-14T15:38:46.031+0800][4576.536s] GC(132)   Post Evacuate Collection Set: 0.8ms
[2023-02-14T15:38:46.031+0800][4576.536s] GC(132)   Other: 0.1ms
[2023-02-14T15:38:46.031+0800][4576.536s] GC(132) Eden regions: 13->0(294)
[2023-02-14T15:38:46.031+0800][4576.536s] GC(132) Survivor regions: 16->13(39)
[2023-02-14T15:38:46.031+0800][4576.536s] GC(132) Old regions: 69->69
[2023-02-14T15:38:46.031+0800][4576.536s] GC(132) Archive regions: 0->0
[2023-02-14T15:38:46.031+0800][4576.536s] GC(132) Humongous regions: 13->13
[2023-02-14T15:38:46.031+0800][4576.536s] GC(132) Metaspace: 55863K(56384K)->55863K(56384K) NonClass: 49589K(49856K)->49589K(49856K) Class: 6273K(6528K)->6273K(6528K)
[2023-02-14T15:38:46.031+0800][4576.536s] GC(132) Pause Young (Concurrent Start) (G1 Humongous Allocation) 109M->94M(512M) 4.443ms
[2023-02-14T15:38:46.031+0800][4576.536s] GC(132) User=0.00s Sys=0.00s Real=0.00s
[2023-02-14T15:38:46.031+0800][4576.536s] GC(133) Concurrent Mark Cycle
[2023-02-14T15:38:46.031+0800][4576.536s] GC(133) Concurrent Clear Claimed Marks
[2023-02-14T15:38:46.031+0800][4576.536s] GC(133) Concurrent Clear Claimed Marks 0.025ms
[2023-02-14T15:38:46.031+0800][4576.536s] GC(133) Concurrent Scan Root Regions
[2023-02-14T15:38:46.033+0800][4576.538s] GC(133) Concurrent Scan Root Regions 1.486ms
[2023-02-14T15:38:46.033+0800][4576.538s] GC(133) Concurrent Mark
[2023-02-14T15:38:46.033+0800][4576.538s] GC(133) Concurrent Mark From Roots
[2023-02-14T15:38:46.033+0800][4576.538s] GC(133) Using 2 workers of 2 for marking
[2023-02-14T15:38:46.061+0800][4576.566s] GC(133) Concurrent Mark From Roots 28.116ms
[2023-02-14T15:38:46.061+0800][4576.566s] GC(133) Concurrent Preclean
[2023-02-14T15:38:46.061+0800][4576.566s] GC(133) Concurrent Preclean 0.230ms
[2023-02-14T15:38:46.061+0800][4576.567s] GC(133) Pause Remark
[2023-02-14T15:38:46.071+0800][4576.577s] GC(133) Pause Remark 110M->110M(512M) 10.172ms
[2023-02-14T15:38:46.071+0800][4576.577s] GC(133) User=0.12s Sys=0.00s Real=0.01s
[2023-02-14T15:38:46.071+0800][4576.577s] GC(133) Concurrent Mark 39.043ms
[2023-02-14T15:38:46.071+0800][4576.577s] GC(133) Concurrent Rebuild Remembered Sets
[2023-02-14T15:38:46.085+0800][4576.591s] GC(133) Concurrent Rebuild Remembered Sets 13.998ms
[2023-02-14T15:38:46.086+0800][4576.591s] GC(133) Pause Cleanup
[2023-02-14T15:38:46.086+0800][4576.591s] GC(133) Pause Cleanup 112M->112M(512M) 0.191ms
[2023-02-14T15:38:46.086+0800][4576.591s] GC(133) User=0.00s Sys=0.00s Real=0.00s
[2023-02-14T15:38:46.086+0800][4576.591s] GC(133) Concurrent Cleanup for Next Mark
[2023-02-14T15:38:46.087+0800][4576.592s] GC(133) Concurrent Cleanup for Next Mark 0.718ms
[2023-02-14T15:38:46.087+0800][4576.592s] GC(133) Concurrent Mark Cycle 56.027ms
[2023-02-14T15:38:46.109+0800][4576.614s] GC(134) Pause Young (Concurrent Start) (G1 Humongous Allocation)
[2023-02-14T15:38:46.109+0800][4576.614s] GC(134) Using 8 workers of 8 for evacuation
[2023-02-14T15:38:46.112+0800][4576.618s] GC(134)   Pre Evacuate Collection Set: 0.1ms
[2023-02-14T15:38:46.112+0800][4576.618s] GC(134)   Merge Heap Roots: 0.1ms
[2023-02-14T15:38:46.112+0800][4576.618s] GC(134)   Evacuate Collection Set: 3.1ms
[2023-02-14T15:38:46.112+0800][4576.618s] GC(134)   Post Evacuate Collection Set: 0.6ms
[2023-02-14T15:38:46.112+0800][4576.618s] GC(134)   Other: 0.1ms
[2023-02-14T15:38:46.112+0800][4576.618s] GC(134) Eden regions: 14->0(292)
[2023-02-14T15:38:46.112+0800][4576.618s] GC(134) Survivor regions: 13->15(39)
[2023-02-14T15:38:46.112+0800][4576.618s] GC(134) Old regions: 69->69
[2023-02-14T15:38:46.112+0800][4576.618s] GC(134) Archive regions: 0->0
[2023-02-14T15:38:46.112+0800][4576.618s] GC(134) Humongous regions: 23->14
[2023-02-14T15:38:46.112+0800][4576.618s] GC(134) Metaspace: 55847K(56384K)->55847K(56384K) NonClass: 49576K(49856K)->49576K(49856K) Class: 6270K(6528K)->6270K(6528K)
[2023-02-14T15:38:46.112+0800][4576.618s] GC(134) Pause Young (Concurrent Start) (G1 Humongous Allocation) 118M->96M(512M) 4.170ms
[2023-02-14T15:38:46.112+0800][4576.618s] GC(134) User=0.00s Sys=0.00s Real=0.00s
[2023-02-14T15:38:46.112+0800][4576.618s] GC(135) Concurrent Mark Cycle
[2023-02-14T15:38:46.112+0800][4576.618s] GC(135) Concurrent Clear Claimed Marks
[2023-02-14T15:38:46.112+0800][4576.618s] GC(135) Concurrent Clear Claimed Marks 0.026ms
[2023-02-14T15:38:46.112+0800][4576.618s] GC(135) Concurrent Scan Root Regions
[2023-02-14T15:38:46.114+0800][4576.620s] GC(135) Concurrent Scan Root Regions 1.887ms
[2023-02-14T15:38:46.115+0800][4576.620s] GC(135) Concurrent Mark
[2023-02-14T15:38:46.115+0800][4576.620s] GC(135) Concurrent Mark From Roots
[2023-02-14T15:38:46.115+0800][4576.620s] GC(135) Using 2 workers of 2 for marking
[2023-02-14T15:38:46.136+0800][4576.641s] GC(135) Concurrent Mark From Roots 20.960ms
[2023-02-14T15:38:46.136+0800][4576.641s] GC(135) Concurrent Preclean
[2023-02-14T15:38:46.136+0800][4576.641s] GC(135) Concurrent Preclean 0.229ms
[2023-02-14T15:38:46.136+0800][4576.642s] GC(135) Pause Remark
[2023-02-14T15:38:46.141+0800][4576.647s] GC(135) Pause Remark 108M->108M(512M) 4.887ms
[2023-02-14T15:38:46.141+0800][4576.647s] GC(135) User=0.00s Sys=0.00s Real=0.01s
[2023-02-14T15:38:46.141+0800][4576.647s] GC(135) Concurrent Mark 26.659ms
[2023-02-14T15:38:46.141+0800][4576.647s] GC(135) Concurrent Rebuild Remembered Sets
[2023-02-14T15:38:46.153+0800][4576.659s] GC(135) Concurrent Rebuild Remembered Sets 11.883ms
[2023-02-14T15:38:46.153+0800][4576.659s] GC(135) Pause Cleanup
[2023-02-14T15:38:46.154+0800][4576.659s] GC(135) Pause Cleanup 111M->111M(512M) 0.190ms
[2023-02-14T15:38:46.154+0800][4576.659s] GC(135) User=0.00s Sys=0.00s Real=0.00s
[2023-02-14T15:38:46.154+0800][4576.659s] GC(135) Concurrent Cleanup for Next Mark
[2023-02-14T15:38:46.154+0800][4576.660s] GC(135) Concurrent Cleanup for Next Mark 0.599ms
[2023-02-14T15:38:46.154+0800][4576.660s] GC(135) Concurrent Mark Cycle 41.776ms
[2023-02-14T15:38:46.170+0800][4576.675s] GC(136) Pause Young (Concurrent Start) (G1 Humongous Allocation)
[2023-02-14T15:38:46.170+0800][4576.676s] GC(136) Using 8 workers of 8 for evacuation
[2023-02-14T15:38:46.173+0800][4576.680s] GC(136)   Pre Evacuate Collection Set: 0.2ms
[2023-02-14T15:38:46.173+0800][4576.680s] GC(136)   Merge Heap Roots: 0.1ms
[2023-02-14T15:38:46.173+0800][4576.680s] GC(136)   Evacuate Collection Set: 3.2ms
[2023-02-14T15:38:46.173+0800][4576.680s] GC(136)   Post Evacuate Collection Set: 0.5ms
[2023-02-14T15:38:46.174+0800][4576.680s] GC(136)   Other: 0.2ms
[2023-02-14T15:38:46.174+0800][4576.680s] GC(136) Eden regions: 12->0(258)
[2023-02-14T15:38:46.174+0800][4576.680s] GC(136) Survivor regions: 15->16(39)
[2023-02-14T15:38:46.174+0800][4576.680s] GC(136) Old regions: 69->69
[2023-02-14T15:38:46.174+0800][4576.680s] GC(136) Archive regions: 0->0
[2023-02-14T15:38:46.174+0800][4576.680s] GC(136) Humongous regions: 21->14
[2023-02-14T15:38:46.174+0800][4576.680s] GC(136) Metaspace: 55847K(56384K)->55847K(56384K) NonClass: 49576K(49856K)->49576K(49856K) Class: 6270K(6528K)->6270K(6528K)
[2023-02-14T15:38:46.174+0800][4576.680s] GC(136) Pause Young (Concurrent Start) (G1 Humongous Allocation) 115M->97M(512M) 4.281ms
[2023-02-14T15:38:46.174+0800][4576.680s] GC(136) User=0.00s Sys=0.00s Real=0.00s
[2023-02-14T15:38:46.174+0800][4576.680s] GC(137) Concurrent Mark Cycle
[2023-02-14T15:38:46.174+0800][4576.680s] GC(137) Concurrent Clear Claimed Marks
[2023-02-14T15:38:46.174+0800][4576.680s] GC(137) Concurrent Clear Claimed Marks 0.025ms
[2023-02-14T15:38:46.174+0800][4576.680s] GC(137) Concurrent Scan Root Regions
[2023-02-14T15:38:46.176+0800][4576.682s] GC(137) Concurrent Scan Root Regions 1.991ms
[2023-02-14T15:38:46.176+0800][4576.682s] GC(137) Concurrent Mark
[2023-02-14T15:38:46.176+0800][4576.682s] GC(137) Concurrent Mark From Roots
[2023-02-14T15:38:46.176+0800][4576.682s] GC(137) Using 2 workers of 2 for marking
[2023-02-14T15:38:46.196+0800][4576.703s] GC(137) Concurrent Mark From Roots 20.547ms
[2023-02-14T15:38:46.196+0800][4576.703s] GC(137) Concurrent Preclean
[2023-02-14T15:38:46.197+0800][4576.703s] GC(137) Concurrent Preclean 0.248ms
[2023-02-14T15:38:46.197+0800][4576.703s] GC(137) Pause Remark
[2023-02-14T15:38:46.206+0800][4576.711s] GC(137) Pause Remark 109M->109M(512M) 8.046ms
[2023-02-14T15:38:46.206+0800][4576.711s] GC(137) User=0.00s Sys=0.00s Real=0.01s
[2023-02-14T15:38:46.206+0800][4576.711s] GC(137) Concurrent Mark 29.326ms
[2023-02-14T15:38:46.206+0800][4576.711s] GC(137) Concurrent Rebuild Remembered Sets
[2023-02-14T15:38:46.219+0800][4576.724s] GC(137) Concurrent Rebuild Remembered Sets 12.422ms
[2023-02-14T15:38:46.219+0800][4576.724s] GC(137) Pause Cleanup
[2023-02-14T15:38:46.219+0800][4576.724s] GC(137) Pause Cleanup 111M->111M(512M) 0.199ms
[2023-02-14T15:38:46.219+0800][4576.724s] GC(137) User=0.00s Sys=0.00s Real=0.00s
[2023-02-14T15:38:46.219+0800][4576.724s] GC(137) Concurrent Cleanup for Next Mark
[2023-02-14T15:38:46.219+0800][4576.725s] GC(137) Concurrent Cleanup for Next Mark 0.621ms
[2023-02-14T15:38:46.219+0800][4576.725s] GC(137) Concurrent Mark Cycle 45.139ms
[2023-02-14T15:38:46.420+0800][4576.926s] GC(138) Pause Young (Concurrent Start) (G1 Humongous Allocation)
[2023-02-14T15:38:46.420+0800][4576.926s] GC(138) Using 8 workers of 8 for evacuation
[2023-02-14T15:38:46.425+0800][4576.931s] GC(138)   Pre Evacuate Collection Set: 0.2ms
[2023-02-14T15:38:46.425+0800][4576.931s] GC(138)   Merge Heap Roots: 0.1ms
[2023-02-14T15:38:46.425+0800][4576.931s] GC(138)   Evacuate Collection Set: 4.1ms
[2023-02-14T15:38:46.425+0800][4576.931s] GC(138)   Post Evacuate Collection Set: 0.5ms
[2023-02-14T15:38:46.425+0800][4576.931s] GC(138)   Other: 0.2ms
[2023-02-14T15:38:46.425+0800][4576.931s] GC(138) Eden regions: 63->0(259)
[2023-02-14T15:38:46.425+0800][4576.931s] GC(138) Survivor regions: 16->21(35)
[2023-02-14T15:38:46.425+0800][4576.931s] GC(138) Old regions: 69->69
[2023-02-14T15:38:46.425+0800][4576.931s] GC(138) Archive regions: 0->0
[2023-02-14T15:38:46.425+0800][4576.931s] GC(138) Humongous regions: 41->20
[2023-02-14T15:38:46.425+0800][4576.931s] GC(138) Metaspace: 55843K(56384K)->55843K(56384K) NonClass: 49573K(49856K)->49573K(49856K) Class: 6270K(6528K)->6270K(6528K)
[2023-02-14T15:38:46.425+0800][4576.931s] GC(138) Pause Young (Concurrent Start) (G1 Humongous Allocation) 187M->109M(512M) 5.122ms
[2023-02-14T15:38:46.425+0800][4576.931s] GC(138) User=0.00s Sys=0.00s Real=0.00s
[2023-02-14T15:38:46.425+0800][4576.931s] GC(139) Concurrent Undo Cycle
[2023-02-14T15:38:46.425+0800][4576.931s] GC(139) Concurrent Cleanup for Next Mark
[2023-02-14T15:38:46.426+0800][4576.932s] GC(139) Concurrent Cleanup for Next Mark 0.870ms
[2023-02-14T15:38:46.426+0800][4576.932s] GC(139) Concurrent Undo Cycle 0.976ms
[2023-02-14T15:38:46.538+0800][4577.043s] GC(140) Pause Young (Concurrent Start) (G1 Humongous Allocation)
[2023-02-14T15:38:46.538+0800][4577.043s] GC(140) Using 8 workers of 8 for evacuation
[2023-02-14T15:38:46.543+0800][4577.048s] GC(140)   Pre Evacuate Collection Set: 0.1ms
[2023-02-14T15:38:46.543+0800][4577.048s] GC(140)   Merge Heap Roots: 0.1ms
[2023-02-14T15:38:46.543+0800][4577.048s] GC(140)   Evacuate Collection Set: 4.2ms
[2023-02-14T15:38:46.543+0800][4577.048s] GC(140)   Post Evacuate Collection Set: 0.4ms
[2023-02-14T15:38:46.543+0800][4577.048s] GC(140)   Other: 0.2ms
[2023-02-14T15:38:46.543+0800][4577.048s] GC(140) Eden regions: 23->0(262)
[2023-02-14T15:38:46.543+0800][4577.048s] GC(140) Survivor regions: 21->20(35)
[2023-02-14T15:38:46.543+0800][4577.048s] GC(140) Old regions: 69->72
[2023-02-14T15:38:46.543+0800][4577.048s] GC(140) Archive regions: 0->0
[2023-02-14T15:38:46.543+0800][4577.048s] GC(140) Humongous regions: 35->25
[2023-02-14T15:38:46.543+0800][4577.048s] GC(140) Metaspace: 55843K(56384K)->55843K(56384K) NonClass: 49573K(49856K)->49573K(49856K) Class: 6270K(6528K)->6270K(6528K)
[2023-02-14T15:38:46.543+0800][4577.048s] GC(140) Pause Young (Concurrent Start) (G1 Humongous Allocation) 146M->115M(512M) 5.043ms
[2023-02-14T15:38:46.543+0800][4577.048s] GC(140) User=0.00s Sys=0.00s Real=0.00s
[2023-02-14T15:38:46.543+0800][4577.049s] GC(141) Concurrent Undo Cycle
[2023-02-14T15:38:46.543+0800][4577.049s] GC(141) Concurrent Cleanup for Next Mark
[2023-02-14T15:38:46.544+0800][4577.050s] GC(141) Concurrent Cleanup for Next Mark 1.007ms
[2023-02-14T15:38:46.544+0800][4577.050s] GC(141) Concurrent Undo Cycle 1.079ms
[2023-02-14T15:38:46.544+0800][4577.050s] GC(142) Pause Young (Concurrent Start) (G1 Humongous Allocation)
[2023-02-14T15:38:46.544+0800][4577.050s] GC(142) Using 8 workers of 8 for evacuation
[2023-02-14T15:38:46.548+0800][4577.054s] GC(142)   Pre Evacuate Collection Set: 0.1ms
[2023-02-14T15:38:46.548+0800][4577.054s] GC(142)   Merge Heap Roots: 0.1ms
[2023-02-14T15:38:46.548+0800][4577.054s] GC(142)   Evacuate Collection Set: 3.1ms
[2023-02-14T15:38:46.548+0800][4577.054s] GC(142)   Post Evacuate Collection Set: 0.4ms
[2023-02-14T15:38:46.548+0800][4577.054s] GC(142)   Other: 0.2ms
[2023-02-14T15:38:46.548+0800][4577.054s] GC(142) Eden regions: 0->0(254)
[2023-02-14T15:38:46.548+0800][4577.054s] GC(142) Survivor regions: 20->17(36)
[2023-02-14T15:38:46.548+0800][4577.054s] GC(142) Old regions: 72->75
[2023-02-14T15:38:46.548+0800][4577.054s] GC(142) Archive regions: 0->0
[2023-02-14T15:38:46.548+0800][4577.054s] GC(142) Humongous regions: 35->35
[2023-02-14T15:38:46.548+0800][4577.054s] GC(142) Metaspace: 55843K(56384K)->55843K(56384K) NonClass: 49573K(49856K)->49573K(49856K) Class: 6270K(6528K)->6270K(6528K)
[2023-02-14T15:38:46.548+0800][4577.054s] GC(142) Pause Young (Concurrent Start) (G1 Humongous Allocation) 125M->126M(512M) 3.957ms
[2023-02-14T15:38:46.548+0800][4577.054s] GC(142) User=0.00s Sys=0.00s Real=0.00s
[2023-02-14T15:38:46.548+0800][4577.054s] GC(143) Concurrent Mark Cycle
[2023-02-14T15:38:46.548+0800][4577.054s] GC(143) Concurrent Clear Claimed Marks
[2023-02-14T15:38:46.548+0800][4577.054s] GC(143) Concurrent Clear Claimed Marks 0.021ms
[2023-02-14T15:38:46.548+0800][4577.054s] GC(143) Concurrent Scan Root Regions
[2023-02-14T15:38:46.549+0800][4577.055s] GC(143) Concurrent Scan Root Regions 1.147ms
[2023-02-14T15:38:46.549+0800][4577.055s] GC(143) Concurrent Mark
[2023-02-14T15:38:46.549+0800][4577.055s] GC(143) Concurrent Mark From Roots
[2023-02-14T15:38:46.549+0800][4577.055s] GC(143) Using 2 workers of 2 for marking
[2023-02-14T15:38:46.571+0800][4577.077s] GC(143) Concurrent Mark From Roots 21.824ms
[2023-02-14T15:38:46.571+0800][4577.077s] GC(143) Concurrent Preclean
[2023-02-14T15:38:46.572+0800][4577.077s] GC(143) Concurrent Preclean 0.239ms
[2023-02-14T15:38:46.572+0800][4577.077s] GC(143) Pause Remark
[2023-02-14T15:38:46.580+0800][4577.086s] GC(143) Pause Remark 132M->132M(512M) 8.495ms
[2023-02-14T15:38:46.580+0800][4577.086s] GC(143) User=0.00s Sys=0.00s Real=0.01s
[2023-02-14T15:38:46.580+0800][4577.086s] GC(143) Concurrent Mark 31.089ms
[2023-02-14T15:38:46.580+0800][4577.086s] GC(143) Concurrent Rebuild Remembered Sets
[2023-02-14T15:38:46.596+0800][4577.102s] GC(143) Concurrent Rebuild Remembered Sets 15.480ms
[2023-02-14T15:38:46.596+0800][4577.102s] GC(143) Pause Cleanup
[2023-02-14T15:38:46.596+0800][4577.102s] GC(143) Pause Cleanup 136M->136M(512M) 0.147ms
[2023-02-14T15:38:46.596+0800][4577.102s] GC(143) User=0.00s Sys=0.00s Real=0.00s
[2023-02-14T15:38:46.596+0800][4577.102s] GC(143) Concurrent Cleanup for Next Mark
[2023-02-14T15:38:46.597+0800][4577.103s] GC(143) Concurrent Cleanup for Next Mark 0.587ms
[2023-02-14T15:38:46.597+0800][4577.103s] GC(143) Concurrent Mark Cycle 48.979ms
[2023-02-14T15:38:46.674+0800][4577.179s] GC(144) Pause Young (Concurrent Start) (G1 Humongous Allocation)
[2023-02-14T15:38:46.674+0800][4577.179s] GC(144) Using 8 workers of 8 for evacuation
[2023-02-14T15:38:46.678+0800][4577.183s] GC(144)   Pre Evacuate Collection Set: 0.1ms
[2023-02-14T15:38:46.678+0800][4577.183s] GC(144)   Merge Heap Roots: 0.1ms
[2023-02-14T15:38:46.678+0800][4577.183s] GC(144)   Evacuate Collection Set: 3.2ms
[2023-02-14T15:38:46.678+0800][4577.183s] GC(144)   Post Evacuate Collection Set: 0.6ms
[2023-02-14T15:38:46.678+0800][4577.183s] GC(144)   Other: 0.2ms
[2023-02-14T15:38:46.678+0800][4577.183s] GC(144) Eden regions: 25->0(259)
[2023-02-14T15:38:46.678+0800][4577.183s] GC(144) Survivor regions: 17->20(34)
[2023-02-14T15:38:46.678+0800][4577.183s] GC(144) Old regions: 75->75
[2023-02-14T15:38:46.678+0800][4577.183s] GC(144) Archive regions: 0->0
[2023-02-14T15:38:46.678+0800][4577.183s] GC(144) Humongous regions: 37->23
[2023-02-14T15:38:46.678+0800][4577.183s] GC(144) Metaspace: 55702K(56384K)->55702K(56384K) NonClass: 49458K(49856K)->49458K(49856K) Class: 6243K(6528K)->6243K(6528K)
[2023-02-14T15:38:46.678+0800][4577.183s] GC(144) Pause Young (Concurrent Start) (G1 Humongous Allocation) 153M->116M(512M) 4.242ms
[2023-02-14T15:38:46.678+0800][4577.183s] GC(144) User=0.12s Sys=0.00s Real=0.00s
[2023-02-14T15:38:46.678+0800][4577.184s] GC(145) Concurrent Mark Cycle
[2023-02-14T15:38:46.678+0800][4577.184s] GC(145) Concurrent Clear Claimed Marks
[2023-02-14T15:38:46.678+0800][4577.184s] GC(145) Concurrent Clear Claimed Marks 0.022ms
[2023-02-14T15:38:46.678+0800][4577.184s] GC(145) Concurrent Scan Root Regions
[2023-02-14T15:38:46.679+0800][4577.185s] GC(145) Concurrent Scan Root Regions 1.047ms
[2023-02-14T15:38:46.679+0800][4577.185s] GC(145) Concurrent Mark
[2023-02-14T15:38:46.679+0800][4577.185s] GC(145) Concurrent Mark From Roots
[2023-02-14T15:38:46.679+0800][4577.185s] GC(145) Using 2 workers of 2 for marking
[2023-02-14T15:38:46.709+0800][4577.214s] GC(145) Concurrent Mark From Roots 29.280ms
[2023-02-14T15:38:46.709+0800][4577.214s] GC(145) Concurrent Preclean
[2023-02-14T15:38:46.709+0800][4577.214s] GC(145) Concurrent Preclean 0.242ms
[2023-02-14T15:38:46.709+0800][4577.215s] GC(145) Pause Remark
[2023-02-14T15:38:46.712+0800][4577.219s] GC(145) Pause Remark 137M->137M(512M) 3.939ms
[2023-02-14T15:38:46.713+0800][4577.219s] GC(145) User=0.00s Sys=0.00s Real=0.00s
[2023-02-14T15:38:46.713+0800][4577.219s] GC(145) Concurrent Mark 34.035ms
[2023-02-14T15:38:46.713+0800][4577.219s] GC(145) Concurrent Rebuild Remembered Sets
[2023-02-14T15:38:46.727+0800][4577.233s] GC(145) Concurrent Rebuild Remembered Sets 13.736ms
[2023-02-14T15:38:46.727+0800][4577.233s] GC(145) Pause Cleanup
[2023-02-14T15:38:46.727+0800][4577.233s] GC(145) Pause Cleanup 140M->140M(512M) 0.182ms
[2023-02-14T15:38:46.727+0800][4577.233s] GC(145) User=0.00s Sys=0.00s Real=0.00s
[2023-02-14T15:38:46.727+0800][4577.233s] GC(145) Concurrent Cleanup for Next Mark
[2023-02-14T15:38:46.728+0800][4577.234s] GC(145) Concurrent Cleanup for Next Mark 0.633ms
[2023-02-14T15:38:46.728+0800][4577.234s] GC(145) Concurrent Mark Cycle 50.200ms
[2023-02-14T15:38:46.897+0800][4577.402s] GC(146) Pause Young (Concurrent Start) (G1 Humongous Allocation)
[2023-02-14T15:38:46.897+0800][4577.402s] GC(146) Using 8 workers of 8 for evacuation
[2023-02-14T15:38:46.901+0800][4577.407s] GC(146)   Pre Evacuate Collection Set: 0.2ms
[2023-02-14T15:38:46.901+0800][4577.407s] GC(146)   Merge Heap Roots: 0.1ms
[2023-02-14T15:38:46.901+0800][4577.407s] GC(146)   Evacuate Collection Set: 3.6ms
[2023-02-14T15:38:46.901+0800][4577.407s] GC(146)   Post Evacuate Collection Set: 0.6ms
[2023-02-14T15:38:46.901+0800][4577.407s] GC(146)   Other: 0.2ms
[2023-02-14T15:38:46.901+0800][4577.407s] GC(146) Eden regions: 59->0(257)
[2023-02-14T15:38:46.901+0800][4577.407s] GC(146) Survivor regions: 20->19(35)
[2023-02-14T15:38:46.901+0800][4577.407s] GC(146) Old regions: 75->79
[2023-02-14T15:38:46.901+0800][4577.407s] GC(146) Archive regions: 0->0
[2023-02-14T15:38:46.901+0800][4577.407s] GC(146) Humongous regions: 37->23
[2023-02-14T15:38:46.901+0800][4577.407s] GC(146) Metaspace: 55702K(56384K)->55702K(56384K) NonClass: 49458K(49856K)->49458K(49856K) Class: 6243K(6528K)->6243K(6528K)
[2023-02-14T15:38:46.901+0800][4577.407s] GC(146) Pause Young (Concurrent Start) (G1 Humongous Allocation) 188M->120M(512M) 4.806ms
[2023-02-14T15:38:46.901+0800][4577.407s] GC(146) User=0.00s Sys=0.00s Real=0.00s
[2023-02-14T15:38:46.901+0800][4577.407s] GC(147) Concurrent Mark Cycle
[2023-02-14T15:38:46.901+0800][4577.407s] GC(147) Concurrent Clear Claimed Marks
[2023-02-14T15:38:46.902+0800][4577.407s] GC(147) Concurrent Clear Claimed Marks 0.026ms
[2023-02-14T15:38:46.902+0800][4577.407s] GC(147) Concurrent Scan Root Regions
[2023-02-14T15:38:46.903+0800][4577.409s] GC(147) Concurrent Scan Root Regions 1.150ms
[2023-02-14T15:38:46.903+0800][4577.409s] GC(147) Concurrent Mark
[2023-02-14T15:38:46.903+0800][4577.409s] GC(147) Concurrent Mark From Roots
[2023-02-14T15:38:46.903+0800][4577.409s] GC(147) Using 2 workers of 2 for marking
[2023-02-14T15:38:46.935+0800][4577.440s] GC(147) Concurrent Mark From Roots 31.703ms
[2023-02-14T15:38:46.935+0800][4577.440s] GC(147) Concurrent Preclean
[2023-02-14T15:38:46.935+0800][4577.441s] GC(147) Concurrent Preclean 0.232ms
[2023-02-14T15:38:46.936+0800][4577.441s] GC(147) Pause Remark
[2023-02-14T15:38:46.941+0800][4577.447s] GC(147) Pause Remark 140M->140M(512M) 5.921ms
[2023-02-14T15:38:46.941+0800][4577.447s] GC(147) User=0.00s Sys=0.00s Real=0.00s
[2023-02-14T15:38:46.942+0800][4577.447s] GC(147) Concurrent Mark 38.466ms
[2023-02-14T15:38:46.942+0800][4577.447s] GC(147) Concurrent Rebuild Remembered Sets
[2023-02-14T15:38:46.955+0800][4577.460s] GC(147) Concurrent Rebuild Remembered Sets 13.253ms
[2023-02-14T15:38:46.955+0800][4577.460s] GC(147) Pause Cleanup
[2023-02-14T15:38:46.955+0800][4577.461s] GC(147) Pause Cleanup 142M->142M(512M) 0.121ms
[2023-02-14T15:38:46.955+0800][4577.461s] GC(147) User=0.00s Sys=0.00s Real=0.00s
[2023-02-14T15:38:46.955+0800][4577.461s] GC(147) Concurrent Cleanup for Next Mark
[2023-02-14T15:38:46.956+0800][4577.461s] GC(147) Concurrent Cleanup for Next Mark 0.821ms
[2023-02-14T15:38:46.956+0800][4577.461s] GC(147) Concurrent Mark Cycle 54.167ms
[2023-02-14T15:38:47.158+0800][4577.664s] GC(148) Pause Young (Concurrent Start) (G1 Humongous Allocation)
[2023-02-14T15:38:47.158+0800][4577.664s] GC(148) Using 8 workers of 8 for evacuation
[2023-02-14T15:38:47.163+0800][4577.669s] GC(148)   Pre Evacuate Collection Set: 0.1ms
[2023-02-14T15:38:47.163+0800][4577.669s] GC(148)   Merge Heap Roots: 0.1ms
[2023-02-14T15:38:47.163+0800][4577.669s] GC(148)   Evacuate Collection Set: 3.6ms
[2023-02-14T15:38:47.163+0800][4577.669s] GC(148)   Post Evacuate Collection Set: 0.7ms
[2023-02-14T15:38:47.163+0800][4577.669s] GC(148)   Other: 0.2ms
[2023-02-14T15:38:47.163+0800][4577.669s] GC(148) Eden regions: 56->0(260)
[2023-02-14T15:38:47.163+0800][4577.669s] GC(148) Survivor regions: 19->22(35)
[2023-02-14T15:38:47.163+0800][4577.669s] GC(148) Old regions: 79->80
[2023-02-14T15:38:47.163+0800][4577.669s] GC(148) Archive regions: 0->0
[2023-02-14T15:38:47.163+0800][4577.669s] GC(148) Humongous regions: 37->23
[2023-02-14T15:38:47.163+0800][4577.669s] GC(148) Metaspace: 55702K(56384K)->55702K(56384K) NonClass: 49458K(49856K)->49458K(49856K) Class: 6243K(6528K)->6243K(6528K)
[2023-02-14T15:38:47.163+0800][4577.669s] GC(148) Pause Young (Concurrent Start) (G1 Humongous Allocation) 190M->124M(512M) 4.725ms
[2023-02-14T15:38:47.163+0800][4577.669s] GC(148) User=0.12s Sys=0.00s Real=0.01s
[2023-02-14T15:38:47.163+0800][4577.669s] GC(149) Concurrent Mark Cycle
[2023-02-14T15:38:47.163+0800][4577.669s] GC(149) Concurrent Clear Claimed Marks
[2023-02-14T15:38:47.163+0800][4577.669s] GC(149) Concurrent Clear Claimed Marks 0.052ms
[2023-02-14T15:38:47.163+0800][4577.669s] GC(149) Concurrent Scan Root Regions
[2023-02-14T15:38:47.165+0800][4577.671s] GC(149) Concurrent Scan Root Regions 1.487ms
[2023-02-14T15:38:47.165+0800][4577.671s] GC(149) Concurrent Mark
[2023-02-14T15:38:47.165+0800][4577.671s] GC(149) Concurrent Mark From Roots
[2023-02-14T15:38:47.165+0800][4577.671s] GC(149) Using 2 workers of 2 for marking
[2023-02-14T15:38:47.192+0800][4577.697s] GC(149) Concurrent Mark From Roots 26.524ms
[2023-02-14T15:38:47.192+0800][4577.697s] GC(149) Concurrent Preclean
[2023-02-14T15:38:47.192+0800][4577.697s] GC(149) Concurrent Preclean 0.273ms
[2023-02-14T15:38:47.192+0800][4577.698s] GC(149) Pause Remark
[2023-02-14T15:38:47.196+0800][4577.701s] GC(149) Pause Remark 142M->142M(512M) 3.794ms
[2023-02-14T15:38:47.196+0800][4577.702s] GC(149) User=0.00s Sys=0.00s Real=0.00s
[2023-02-14T15:38:47.196+0800][4577.702s] GC(149) Concurrent Mark 31.021ms
[2023-02-14T15:38:47.196+0800][4577.702s] GC(149) Concurrent Rebuild Remembered Sets
[2023-02-14T15:38:47.210+0800][4577.715s] GC(149) Concurrent Rebuild Remembered Sets 13.736ms
[2023-02-14T15:38:47.210+0800][4577.716s] GC(149) Pause Cleanup
[2023-02-14T15:38:47.210+0800][4577.716s] GC(149) Pause Cleanup 145M->145M(512M) 0.129ms
[2023-02-14T15:38:47.210+0800][4577.716s] GC(149) User=0.00s Sys=0.00s Real=0.00s
[2023-02-14T15:38:47.211+0800][4577.716s] GC(149) Concurrent Cleanup for Next Mark
[2023-02-14T15:38:47.211+0800][4577.717s] GC(149) Concurrent Cleanup for Next Mark 0.650ms
[2023-02-14T15:38:47.211+0800][4577.717s] GC(149) Concurrent Mark Cycle 47.618ms
[2023-02-14T15:38:47.336+0800][4577.841s] GC(150) Pause Young (Concurrent Start) (G1 Humongous Allocation)
[2023-02-14T15:38:47.336+0800][4577.841s] GC(150) Using 8 workers of 8 for evacuation
[2023-02-14T15:38:47.340+0800][4577.846s] GC(150)   Pre Evacuate Collection Set: 0.2ms
[2023-02-14T15:38:47.341+0800][4577.846s] GC(150)   Merge Heap Roots: 0.2ms
[2023-02-14T15:38:47.341+0800][4577.846s] GC(150)   Evacuate Collection Set: 3.9ms
[2023-02-14T15:38:47.341+0800][4577.846s] GC(150)   Post Evacuate Collection Set: 0.4ms
[2023-02-14T15:38:47.341+0800][4577.846s] GC(150)   Other: 0.1ms
[2023-02-14T15:38:47.341+0800][4577.846s] GC(150) Eden regions: 34->0(263)
[2023-02-14T15:38:47.341+0800][4577.846s] GC(150) Survivor regions: 22->17(36)
[2023-02-14T15:38:47.341+0800][4577.846s] GC(150) Old regions: 80->88
[2023-02-14T15:38:47.341+0800][4577.846s] GC(150) Archive regions: 0->0
[2023-02-14T15:38:47.341+0800][4577.846s] GC(150) Humongous regions: 37->23
[2023-02-14T15:38:47.341+0800][4577.846s] GC(150) Metaspace: 55702K(56384K)->55702K(56384K) NonClass: 49458K(49856K)->49458K(49856K) Class: 6243K(6528K)->6243K(6528K)
[2023-02-14T15:38:47.341+0800][4577.846s] GC(150) Pause Young (Concurrent Start) (G1 Humongous Allocation) 172M->127M(512M) 4.983ms
[2023-02-14T15:38:47.341+0800][4577.846s] GC(150) User=0.00s Sys=0.00s Real=0.01s
[2023-02-14T15:38:47.341+0800][4577.846s] GC(151) Concurrent Mark Cycle
[2023-02-14T15:38:47.341+0800][4577.846s] GC(151) Concurrent Clear Claimed Marks
[2023-02-14T15:38:47.341+0800][4577.846s] GC(151) Concurrent Clear Claimed Marks 0.025ms
[2023-02-14T15:38:47.341+0800][4577.846s] GC(151) Concurrent Scan Root Regions
[2023-02-14T15:38:47.342+0800][4577.848s] GC(151) Concurrent Scan Root Regions 1.224ms
[2023-02-14T15:38:47.342+0800][4577.848s] GC(151) Concurrent Mark
[2023-02-14T15:38:47.342+0800][4577.848s] GC(151) Concurrent Mark From Roots
[2023-02-14T15:38:47.342+0800][4577.848s] GC(151) Using 2 workers of 2 for marking
[2023-02-14T15:38:47.365+0800][4577.871s] GC(151) Concurrent Mark From Roots 23.418ms
[2023-02-14T15:38:47.366+0800][4577.871s] GC(151) Concurrent Preclean
[2023-02-14T15:38:47.366+0800][4577.871s] GC(151) Concurrent Preclean 0.232ms
[2023-02-14T15:38:47.366+0800][4577.872s] GC(151) Pause Remark
[2023-02-14T15:38:47.371+0800][4577.876s] GC(151) Pause Remark 146M->146M(512M) 4.751ms
[2023-02-14T15:38:47.371+0800][4577.876s] GC(151) User=0.00s Sys=0.00s Real=0.01s
[2023-02-14T15:38:47.371+0800][4577.877s] GC(151) Concurrent Mark 28.981ms
[2023-02-14T15:38:47.371+0800][4577.877s] GC(151) Concurrent Rebuild Remembered Sets
[2023-02-14T15:38:47.385+0800][4577.891s] GC(151) Concurrent Rebuild Remembered Sets 13.930ms
[2023-02-14T15:38:47.385+0800][4577.891s] GC(151) Pause Cleanup
[2023-02-14T15:38:47.385+0800][4577.891s] GC(151) Pause Cleanup 148M->148M(512M) 0.195ms
[2023-02-14T15:38:47.385+0800][4577.891s] GC(151) User=0.00s Sys=0.00s Real=0.00s
[2023-02-14T15:38:47.385+0800][4577.891s] GC(151) Concurrent Cleanup for Next Mark
[2023-02-14T15:38:47.386+0800][4577.892s] GC(151) Concurrent Cleanup for Next Mark 0.848ms
[2023-02-14T15:38:47.386+0800][4577.892s] GC(151) Concurrent Mark Cycle 45.819ms
[2023-02-14T15:38:47.626+0800][4578.131s] GC(152) Pause Young (Concurrent Start) (G1 Humongous Allocation)
[2023-02-14T15:38:47.626+0800][4578.131s] GC(152) Using 8 workers of 8 for evacuation
[2023-02-14T15:38:47.630+0800][4578.136s] GC(152)   Pre Evacuate Collection Set: 0.2ms
[2023-02-14T15:38:47.630+0800][4578.136s] GC(152)   Merge Heap Roots: 0.1ms
[2023-02-14T15:38:47.630+0800][4578.136s] GC(152)   Evacuate Collection Set: 3.6ms
[2023-02-14T15:38:47.630+0800][4578.136s] GC(152)   Post Evacuate Collection Set: 0.8ms
[2023-02-14T15:38:47.630+0800][4578.136s] GC(152)   Other: 0.1ms
[2023-02-14T15:38:47.630+0800][4578.136s] GC(152) Eden regions: 73->0(262)
[2023-02-14T15:38:47.630+0800][4578.136s] GC(152) Survivor regions: 17->22(35)
[2023-02-14T15:38:47.630+0800][4578.136s] GC(152) Old regions: 88->88
[2023-02-14T15:38:47.630+0800][4578.136s] GC(152) Archive regions: 0->0
[2023-02-14T15:38:47.630+0800][4578.136s] GC(152) Humongous regions: 37->23
[2023-02-14T15:38:47.630+0800][4578.136s] GC(152) Metaspace: 55702K(56384K)->55702K(56384K) NonClass: 49459K(49856K)->49459K(49856K) Class: 6243K(6528K)->6243K(6528K)
[2023-02-14T15:38:47.630+0800][4578.136s] GC(152) Pause Young (Concurrent Start) (G1 Humongous Allocation) 214M->132M(512M) 4.893ms
[2023-02-14T15:38:47.630+0800][4578.136s] GC(152) User=0.12s Sys=0.00s Real=0.00s
[2023-02-14T15:38:47.630+0800][4578.136s] GC(153) Concurrent Mark Cycle
[2023-02-14T15:38:47.630+0800][4578.136s] GC(153) Concurrent Clear Claimed Marks
[2023-02-14T15:38:47.630+0800][4578.136s] GC(153) Concurrent Clear Claimed Marks 0.037ms
[2023-02-14T15:38:47.630+0800][4578.136s] GC(153) Concurrent Scan Root Regions
[2023-02-14T15:38:47.632+0800][4578.137s] GC(153) Concurrent Scan Root Regions 1.447ms
[2023-02-14T15:38:47.632+0800][4578.138s] GC(153) Concurrent Mark
[2023-02-14T15:38:47.632+0800][4578.138s] GC(153) Concurrent Mark From Roots
[2023-02-14T15:38:47.632+0800][4578.138s] GC(153) Using 2 workers of 2 for marking
[2023-02-14T15:38:47.655+0800][4578.161s] GC(153) Concurrent Mark From Roots 23.225ms
[2023-02-14T15:38:47.655+0800][4578.161s] GC(153) Concurrent Preclean
[2023-02-14T15:38:47.656+0800][4578.161s] GC(153) Concurrent Preclean 0.320ms
[2023-02-14T15:38:47.656+0800][4578.161s] GC(153) Pause Remark
[2023-02-14T15:38:47.659+0800][4578.165s] GC(153) Pause Remark 158M->158M(512M) 3.443ms
[2023-02-14T15:38:47.659+0800][4578.165s] GC(153) User=0.00s Sys=0.00s Real=0.00s
[2023-02-14T15:38:47.659+0800][4578.165s] GC(153) Concurrent Mark 27.446ms
[2023-02-14T15:38:47.659+0800][4578.165s] GC(153) Concurrent Rebuild Remembered Sets
[2023-02-14T15:38:47.673+0800][4578.179s] GC(153) Concurrent Rebuild Remembered Sets 13.767ms
[2023-02-14T15:38:47.674+0800][4578.179s] GC(153) Pause Cleanup
[2023-02-14T15:38:47.674+0800][4578.179s] GC(153) Pause Cleanup 161M->161M(512M) 0.134ms
[2023-02-14T15:38:47.674+0800][4578.179s] GC(153) User=0.00s Sys=0.00s Real=0.00s
[2023-02-14T15:38:47.674+0800][4578.179s] GC(153) Concurrent Cleanup for Next Mark
[2023-02-14T15:38:47.674+0800][4578.180s] GC(153) Concurrent Cleanup for Next Mark 0.566ms
[2023-02-14T15:38:47.674+0800][4578.180s] GC(153) Concurrent Mark Cycle 43.928ms
[2023-02-14T15:38:47.851+0800][4578.357s] GC(154) Pause Young (Concurrent Start) (G1 Humongous Allocation)
[2023-02-14T15:38:47.851+0800][4578.357s] GC(154) Using 8 workers of 8 for evacuation
[2023-02-14T15:38:47.856+0800][4578.362s] GC(154)   Pre Evacuate Collection Set: 0.2ms
[2023-02-14T15:38:47.856+0800][4578.362s] GC(154)   Merge Heap Roots: 0.1ms
[2023-02-14T15:38:47.856+0800][4578.362s] GC(154)   Evacuate Collection Set: 4.1ms
[2023-02-14T15:38:47.856+0800][4578.362s] GC(154)   Post Evacuate Collection Set: 0.7ms
[2023-02-14T15:38:47.856+0800][4578.362s] GC(154)   Other: 0.2ms
[2023-02-14T15:38:47.856+0800][4578.362s] GC(154) Eden regions: 53->0(259)
[2023-02-14T15:38:47.856+0800][4578.362s] GC(154) Survivor regions: 22->22(36)
[2023-02-14T15:38:47.856+0800][4578.362s] GC(154) Old regions: 88->92
[2023-02-14T15:38:47.856+0800][4578.362s] GC(154) Archive regions: 0->0
[2023-02-14T15:38:47.856+0800][4578.362s] GC(154) Humongous regions: 44->30
[2023-02-14T15:38:47.856+0800][4578.362s] GC(154) Metaspace: 55702K(56384K)->55702K(56384K) NonClass: 49459K(49856K)->49459K(49856K) Class: 6243K(6528K)->6243K(6528K)
[2023-02-14T15:38:47.856+0800][4578.362s] GC(154) Pause Young (Concurrent Start) (G1 Humongous Allocation) 206M->143M(512M) 5.396ms
[2023-02-14T15:38:47.856+0800][4578.362s] GC(154) User=0.00s Sys=0.00s Real=0.00s
[2023-02-14T15:38:47.856+0800][4578.362s] GC(155) Concurrent Mark Cycle
[2023-02-14T15:38:47.856+0800][4578.362s] GC(155) Concurrent Clear Claimed Marks
[2023-02-14T15:38:47.856+0800][4578.362s] GC(155) Concurrent Clear Claimed Marks 0.045ms
[2023-02-14T15:38:47.856+0800][4578.362s] GC(155) Concurrent Scan Root Regions
[2023-02-14T15:38:47.858+0800][4578.364s] GC(155) Concurrent Scan Root Regions 2.102ms
[2023-02-14T15:38:47.859+0800][4578.365s] GC(155) Concurrent Mark
[2023-02-14T15:38:47.859+0800][4578.365s] GC(155) Concurrent Mark From Roots
[2023-02-14T15:38:47.859+0800][4578.365s] GC(155) Using 2 workers of 2 for marking
[2023-02-14T15:38:47.882+0800][4578.388s] GC(155) Concurrent Mark From Roots 23.506ms
[2023-02-14T15:38:47.882+0800][4578.388s] GC(155) Concurrent Preclean
[2023-02-14T15:38:47.882+0800][4578.388s] GC(155) Concurrent Preclean 0.253ms
[2023-02-14T15:38:47.883+0800][4578.389s] GC(155) Pause Remark
[2023-02-14T15:38:47.889+0800][4578.395s] GC(155) Pause Remark 152M->152M(512M) 6.463ms
[2023-02-14T15:38:47.889+0800][4578.395s] GC(155) User=0.00s Sys=0.00s Real=0.01s
[2023-02-14T15:38:47.889+0800][4578.395s] GC(155) Concurrent Mark 30.804ms
[2023-02-14T15:38:47.889+0800][4578.395s] GC(155) Concurrent Rebuild Remembered Sets
[2023-02-14T15:38:47.903+0800][4578.409s] GC(155) Concurrent Rebuild Remembered Sets 14.025ms
[2023-02-14T15:38:47.904+0800][4578.410s] GC(155) Pause Cleanup
[2023-02-14T15:38:47.904+0800][4578.410s] GC(155) Pause Cleanup 152M->152M(512M) 0.133ms
[2023-02-14T15:38:47.904+0800][4578.410s] GC(155) User=0.00s Sys=0.00s Real=0.00s
[2023-02-14T15:38:47.904+0800][4578.410s] GC(155) Concurrent Cleanup for Next Mark
[2023-02-14T15:38:47.905+0800][4578.411s] GC(155) Concurrent Cleanup for Next Mark 0.632ms
[2023-02-14T15:38:47.905+0800][4578.411s] GC(155) Concurrent Mark Cycle 48.349ms
[2023-02-14T15:38:47.943+0800][4578.449s] GC(156) Pause Young (Concurrent Start) (G1 Humongous Allocation)
[2023-02-14T15:38:47.943+0800][4578.449s] GC(156) Using 8 workers of 8 for evacuation
[2023-02-14T15:38:47.949+0800][4578.454s] GC(156)   Pre Evacuate Collection Set: 0.2ms
[2023-02-14T15:38:47.949+0800][4578.454s] GC(156)   Merge Heap Roots: 0.1ms
[2023-02-14T15:38:47.949+0800][4578.454s] GC(156)   Evacuate Collection Set: 3.4ms
[2023-02-14T15:38:47.949+0800][4578.454s] GC(156)   Post Evacuate Collection Set: 0.7ms
[2023-02-14T15:38:47.949+0800][4578.454s] GC(156)   Other: 0.1ms
[2023-02-14T15:38:47.949+0800][4578.454s] GC(156) Eden regions: 2->0(174)
[2023-02-14T15:38:47.949+0800][4578.454s] GC(156) Survivor regions: 22->19(36)
[2023-02-14T15:38:47.949+0800][4578.454s] GC(156) Old regions: 92->96
[2023-02-14T15:38:47.949+0800][4578.454s] GC(156) Archive regions: 0->0
[2023-02-14T15:38:47.949+0800][4578.454s] GC(156) Humongous regions: 39->34
[2023-02-14T15:38:47.949+0800][4578.454s] GC(156) Metaspace: 55702K(56384K)->55702K(56384K) NonClass: 49459K(49856K)->49459K(49856K) Class: 6243K(6528K)->6243K(6528K)
[2023-02-14T15:38:47.949+0800][4578.454s] GC(156) Pause Young (Concurrent Start) (G1 Humongous Allocation) 154M->147M(512M) 4.644ms
[2023-02-14T15:38:47.949+0800][4578.454s] GC(156) User=0.00s Sys=0.00s Real=0.01s
[2023-02-14T15:38:47.949+0800][4578.454s] GC(157) Concurrent Mark Cycle
[2023-02-14T15:38:47.949+0800][4578.454s] GC(157) Concurrent Clear Claimed Marks
[2023-02-14T15:38:47.949+0800][4578.454s] GC(157) Concurrent Clear Claimed Marks 0.043ms
[2023-02-14T15:38:47.949+0800][4578.454s] GC(157) Concurrent Scan Root Regions
[2023-02-14T15:38:47.950+0800][4578.456s] GC(157) Concurrent Scan Root Regions 1.364ms
[2023-02-14T15:38:47.950+0800][4578.456s] GC(157) Concurrent Mark
[2023-02-14T15:38:47.950+0800][4578.456s] GC(157) Concurrent Mark From Roots
[2023-02-14T15:38:47.950+0800][4578.456s] GC(157) Using 2 workers of 2 for marking
[2023-02-14T15:38:47.975+0800][4578.482s] GC(157) Concurrent Mark From Roots 25.944ms
[2023-02-14T15:38:47.975+0800][4578.482s] GC(157) Concurrent Preclean
[2023-02-14T15:38:47.977+0800][4578.482s] GC(157) Concurrent Preclean 0.415ms
[2023-02-14T15:38:47.977+0800][4578.482s] GC(157) Pause Remark
[2023-02-14T15:38:47.981+0800][4578.487s] GC(157) Pause Remark 172M->172M(512M) 5.107ms
[2023-02-14T15:38:47.981+0800][4578.488s] GC(157) User=0.00s Sys=0.00s Real=0.00s
[2023-02-14T15:38:47.981+0800][4578.488s] GC(157) Concurrent Mark 32.105ms
[2023-02-14T15:38:47.981+0800][4578.488s] GC(157) Concurrent Rebuild Remembered Sets
[2023-02-14T15:38:47.996+0800][4578.502s] GC(157) Concurrent Rebuild Remembered Sets 13.841ms
[2023-02-14T15:38:47.996+0800][4578.502s] GC(157) Pause Cleanup
[2023-02-14T15:38:47.996+0800][4578.502s] GC(157) Pause Cleanup 175M->175M(512M) 0.134ms
[2023-02-14T15:38:47.996+0800][4578.502s] GC(157) User=0.00s Sys=0.00s Real=0.00s
[2023-02-14T15:38:47.996+0800][4578.502s] GC(157) Concurrent Cleanup for Next Mark
[2023-02-14T15:38:47.996+0800][4578.503s] GC(157) Concurrent Cleanup for Next Mark 0.527ms
[2023-02-14T15:38:47.996+0800][4578.503s] GC(157) Concurrent Mark Cycle 48.628ms
[2023-02-14T15:38:48.355+0800][4578.861s] GC(158) Pause Young (Concurrent Start) (G1 Humongous Allocation)
[2023-02-14T15:38:48.355+0800][4578.861s] GC(158) Using 8 workers of 8 for evacuation
[2023-02-14T15:38:48.360+0800][4578.866s] GC(158)   Pre Evacuate Collection Set: 0.2ms
[2023-02-14T15:38:48.361+0800][4578.866s] GC(158)   Merge Heap Roots: 0.1ms
[2023-02-14T15:38:48.361+0800][4578.866s] GC(158)   Evacuate Collection Set: 4.3ms
[2023-02-14T15:38:48.361+0800][4578.866s] GC(158)   Post Evacuate Collection Set: 0.5ms
[2023-02-14T15:38:48.361+0800][4578.866s] GC(158)   Other: 0.2ms
[2023-02-14T15:38:48.361+0800][4578.866s] GC(158) Eden regions: 100->0(184)
[2023-02-14T15:38:48.361+0800][4578.866s] GC(158) Survivor regions: 19->19(25)
[2023-02-14T15:38:48.361+0800][4578.867s] GC(158) Old regions: 96->103
[2023-02-14T15:38:48.361+0800][4578.867s] GC(158) Archive regions: 0->0
[2023-02-14T15:38:48.361+0800][4578.867s] GC(158) Humongous regions: 55->34
[2023-02-14T15:38:48.361+0800][4578.867s] GC(158) Metaspace: 55702K(56384K)->55702K(56384K) NonClass: 49459K(49856K)->49459K(49856K) Class: 6243K(6528K)->6243K(6528K)
[2023-02-14T15:38:48.361+0800][4578.867s] GC(158) Pause Young (Concurrent Start) (G1 Humongous Allocation) 268M->155M(512M) 5.346ms
[2023-02-14T15:38:48.361+0800][4578.867s] GC(158) User=0.00s Sys=0.00s Real=0.01s
[2023-02-14T15:38:48.361+0800][4578.867s] GC(159) Concurrent Mark Cycle
[2023-02-14T15:38:48.361+0800][4578.867s] GC(159) Concurrent Clear Claimed Marks
[2023-02-14T15:38:48.361+0800][4578.867s] GC(159) Concurrent Clear Claimed Marks 0.043ms
[2023-02-14T15:38:48.361+0800][4578.867s] GC(159) Concurrent Scan Root Regions
[2023-02-14T15:38:48.362+0800][4578.868s] GC(159) Concurrent Scan Root Regions 1.513ms
[2023-02-14T15:38:48.362+0800][4578.868s] GC(159) Concurrent Mark
[2023-02-14T15:38:48.362+0800][4578.868s] GC(159) Concurrent Mark From Roots
[2023-02-14T15:38:48.362+0800][4578.868s] GC(159) Using 2 workers of 2 for marking
[2023-02-14T15:38:48.386+0800][4578.892s] GC(159) Concurrent Mark From Roots 23.757ms
[2023-02-14T15:38:48.386+0800][4578.892s] GC(159) Concurrent Preclean
[2023-02-14T15:38:48.387+0800][4578.892s] GC(159) Concurrent Preclean 0.285ms
[2023-02-14T15:38:48.387+0800][4578.893s] GC(159) Pause Remark
[2023-02-14T15:38:48.391+0800][4578.897s] GC(159) Pause Remark 180M->180M(512M) 4.262ms
[2023-02-14T15:38:48.391+0800][4578.897s] GC(159) User=0.00s Sys=0.00s Real=0.00s
[2023-02-14T15:38:48.391+0800][4578.897s] GC(159) Concurrent Mark 28.823ms
[2023-02-14T15:38:48.391+0800][4578.897s] GC(159) Concurrent Rebuild Remembered Sets
[2023-02-14T15:38:48.405+0800][4578.911s] GC(159) Concurrent Rebuild Remembered Sets 14.294ms
[2023-02-14T15:38:48.406+0800][4578.912s] GC(159) Pause Cleanup
[2023-02-14T15:38:48.406+0800][4578.912s] GC(159) Pause Cleanup 183M->183M(512M) 0.220ms
[2023-02-14T15:38:48.406+0800][4578.912s] GC(159) User=0.00s Sys=0.00s Real=0.00s
[2023-02-14T15:38:48.406+0800][4578.912s] GC(159) Concurrent Cleanup for Next Mark
[2023-02-14T15:38:48.407+0800][4578.913s] GC(159) Concurrent Cleanup for Next Mark 0.635ms
[2023-02-14T15:38:48.407+0800][4578.913s] GC(159) Concurrent Mark Cycle 46.077ms
[2023-02-14T15:38:48.527+0800][4579.032s] GC(160) Pause Young (Concurrent Start) (G1 Humongous Allocation)
[2023-02-14T15:38:48.527+0800][4579.032s] GC(160) Using 8 workers of 8 for evacuation
[2023-02-14T15:38:48.531+0800][4579.037s] GC(160)   Pre Evacuate Collection Set: 0.2ms
[2023-02-14T15:38:48.531+0800][4579.037s] GC(160)   Merge Heap Roots: 0.1ms
[2023-02-14T15:38:48.531+0800][4579.037s] GC(160)   Evacuate Collection Set: 3.5ms
[2023-02-14T15:38:48.531+0800][4579.037s] GC(160)   Post Evacuate Collection Set: 0.6ms
[2023-02-14T15:38:48.531+0800][4579.037s] GC(160)   Other: 0.1ms
[2023-02-14T15:38:48.531+0800][4579.037s] GC(160) Eden regions: 38->0(196)
[2023-02-14T15:38:48.532+0800][4579.037s] GC(160) Survivor regions: 19->17(26)
[2023-02-14T15:38:48.532+0800][4579.037s] GC(160) Old regions: 103->108
[2023-02-14T15:38:48.532+0800][4579.037s] GC(160) Archive regions: 0->0
[2023-02-14T15:38:48.532+0800][4579.037s] GC(160) Humongous regions: 55->34
[2023-02-14T15:38:48.532+0800][4579.037s] GC(160) Metaspace: 55702K(56384K)->55702K(56384K) NonClass: 49459K(49856K)->49459K(49856K) Class: 6243K(6528K)->6243K(6528K)
[2023-02-14T15:38:48.532+0800][4579.037s] GC(160) Pause Young (Concurrent Start) (G1 Humongous Allocation) 213M->158M(512M) 4.733ms
[2023-02-14T15:38:48.532+0800][4579.037s] GC(160) User=0.00s Sys=0.00s Real=0.01s
[2023-02-14T15:38:48.532+0800][4579.037s] GC(161) Concurrent Mark Cycle
[2023-02-14T15:38:48.532+0800][4579.037s] GC(161) Concurrent Clear Claimed Marks
[2023-02-14T15:38:48.532+0800][4579.037s] GC(161) Concurrent Clear Claimed Marks 0.025ms
[2023-02-14T15:38:48.532+0800][4579.037s] GC(161) Concurrent Scan Root Regions
[2023-02-14T15:38:48.533+0800][4579.038s] GC(161) Concurrent Scan Root Regions 0.893ms
[2023-02-14T15:38:48.533+0800][4579.038s] GC(161) Concurrent Mark
[2023-02-14T15:38:48.533+0800][4579.038s] GC(161) Concurrent Mark From Roots
[2023-02-14T15:38:48.533+0800][4579.038s] GC(161) Using 2 workers of 2 for marking
[2023-02-14T15:38:48.556+0800][4579.061s] GC(161) Concurrent Mark From Roots 23.192ms
[2023-02-14T15:38:48.556+0800][4579.061s] GC(161) Concurrent Preclean
[2023-02-14T15:38:48.556+0800][4579.062s] GC(161) Concurrent Preclean 0.299ms
[2023-02-14T15:38:48.556+0800][4579.062s] GC(161) Pause Remark
[2023-02-14T15:38:48.560+0800][4579.065s] GC(161) Pause Remark 164M->164M(512M) 3.558ms
[2023-02-14T15:38:48.560+0800][4579.066s] GC(161) User=0.00s Sys=0.00s Real=0.00s
[2023-02-14T15:38:48.560+0800][4579.066s] GC(161) Concurrent Mark 27.411ms
[2023-02-14T15:38:48.560+0800][4579.066s] GC(161) Concurrent Rebuild Remembered Sets
[2023-02-14T15:38:48.574+0800][4579.080s] GC(161) Concurrent Rebuild Remembered Sets 14.518ms
[2023-02-14T15:38:48.575+0800][4579.081s] GC(161) Pause Cleanup
[2023-02-14T15:38:48.575+0800][4579.081s] GC(161) Pause Cleanup 166M->166M(512M) 0.208ms
[2023-02-14T15:38:48.575+0800][4579.081s] GC(161) User=0.00s Sys=0.00s Real=0.00s
[2023-02-14T15:38:48.575+0800][4579.081s] GC(161) Concurrent Cleanup for Next Mark
[2023-02-14T15:38:48.576+0800][4579.082s] GC(161) Concurrent Cleanup for Next Mark 0.724ms
[2023-02-14T15:38:48.576+0800][4579.082s] GC(161) Concurrent Mark Cycle 44.367ms
[2023-02-14T15:38:48.773+0800][4579.279s] GC(162) Pause Young (Concurrent Start) (G1 Humongous Allocation)
[2023-02-14T15:38:48.773+0800][4579.279s] GC(162) Using 8 workers of 8 for evacuation
[2023-02-14T15:38:48.778+0800][4579.284s] GC(162)   Pre Evacuate Collection Set: 0.1ms
[2023-02-14T15:38:48.778+0800][4579.284s] GC(162)   Merge Heap Roots: 0.1ms
[2023-02-14T15:38:48.778+0800][4579.284s] GC(162)   Evacuate Collection Set: 3.7ms
[2023-02-14T15:38:48.778+0800][4579.284s] GC(162)   Post Evacuate Collection Set: 0.5ms
[2023-02-14T15:38:48.778+0800][4579.284s] GC(162)   Other: 0.2ms
[2023-02-14T15:38:48.778+0800][4579.284s] GC(162) Eden regions: 62->0(204)
[2023-02-14T15:38:48.778+0800][4579.284s] GC(162) Survivor regions: 17->18(27)
[2023-02-14T15:38:48.778+0800][4579.284s] GC(162) Old regions: 108->112
[2023-02-14T15:38:48.778+0800][4579.284s] GC(162) Archive regions: 0->0
[2023-02-14T15:38:48.778+0800][4579.284s] GC(162) Humongous regions: 35->35
[2023-02-14T15:38:48.778+0800][4579.284s] GC(162) Metaspace: 55702K(56384K)->55702K(56384K) NonClass: 49459K(49856K)->49459K(49856K) Class: 6243K(6528K)->6243K(6528K)
[2023-02-14T15:38:48.778+0800][4579.284s] GC(162) Pause Young (Concurrent Start) (G1 Humongous Allocation) 220M->163M(512M) 4.761ms
[2023-02-14T15:38:48.778+0800][4579.284s] GC(162) User=0.00s Sys=0.00s Real=0.01s
[2023-02-14T15:38:48.778+0800][4579.284s] GC(163) Concurrent Mark Cycle
[2023-02-14T15:38:48.778+0800][4579.284s] GC(163) Concurrent Clear Claimed Marks
[2023-02-14T15:38:48.778+0800][4579.284s] GC(163) Concurrent Clear Claimed Marks 0.025ms
[2023-02-14T15:38:48.778+0800][4579.284s] GC(163) Concurrent Scan Root Regions
[2023-02-14T15:38:48.779+0800][4579.285s] GC(163) Concurrent Scan Root Regions 1.047ms
[2023-02-14T15:38:48.779+0800][4579.285s] GC(163) Concurrent Mark
[2023-02-14T15:38:48.779+0800][4579.285s] GC(163) Concurrent Mark From Roots
[2023-02-14T15:38:48.779+0800][4579.285s] GC(163) Using 2 workers of 2 for marking
[2023-02-14T15:38:48.805+0800][4579.311s] GC(163) Concurrent Mark From Roots 26.030ms
[2023-02-14T15:38:48.806+0800][4579.312s] GC(163) Concurrent Preclean
[2023-02-14T15:38:48.806+0800][4579.312s] GC(163) Concurrent Preclean 0.426ms
[2023-02-14T15:38:48.806+0800][4579.312s] GC(163) Pause Remark
[2023-02-14T15:38:48.812+0800][4579.317s] GC(163) Pause Remark 188M->188M(512M) 5.169ms
[2023-02-14T15:38:48.812+0800][4579.317s] GC(163) User=0.00s Sys=0.00s Real=0.01s
[2023-02-14T15:38:48.812+0800][4579.317s] GC(163) Concurrent Mark 32.026ms
[2023-02-14T15:38:48.812+0800][4579.317s] GC(163) Concurrent Rebuild Remembered Sets
[2023-02-14T15:38:48.826+0800][4579.332s] GC(163) Concurrent Rebuild Remembered Sets 14.587ms
[2023-02-14T15:38:48.827+0800][4579.332s] GC(163) Pause Cleanup
[2023-02-14T15:38:48.827+0800][4579.333s] GC(163) Pause Cleanup 191M->191M(512M) 0.197ms
[2023-02-14T15:38:48.827+0800][4579.333s] GC(163) User=0.00s Sys=0.00s Real=0.00s
[2023-02-14T15:38:48.827+0800][4579.333s] GC(163) Concurrent Cleanup for Next Mark
[2023-02-14T15:38:48.827+0800][4579.333s] GC(163) Concurrent Cleanup for Next Mark 0.615ms
[2023-02-14T15:38:48.827+0800][4579.333s] GC(163) Concurrent Mark Cycle 49.066ms
[2023-02-14T15:38:49.334+0800][4579.840s] GC(164) Pause Young (Concurrent Start) (G1 Humongous Allocation)
[2023-02-14T15:38:49.334+0800][4579.840s] GC(164) Using 8 workers of 8 for evacuation
[2023-02-14T15:38:49.340+0800][4579.846s] GC(164)   Pre Evacuate Collection Set: 0.2ms
[2023-02-14T15:38:49.340+0800][4579.846s] GC(164)   Merge Heap Roots: 0.1ms
[2023-02-14T15:38:49.340+0800][4579.846s] GC(164)   Evacuate Collection Set: 4.9ms
[2023-02-14T15:38:49.340+0800][4579.846s] GC(164)   Post Evacuate Collection Set: 0.4ms
[2023-02-14T15:38:49.340+0800][4579.846s] GC(164)   Other: 0.2ms
[2023-02-14T15:38:49.340+0800][4579.846s] GC(164) Eden regions: 137->0(205)
[2023-02-14T15:38:49.340+0800][4579.846s] GC(164) Survivor regions: 18->20(28)
[2023-02-14T15:38:49.340+0800][4579.846s] GC(164) Old regions: 112->119
[2023-02-14T15:38:49.340+0800][4579.846s] GC(164) Archive regions: 0->0
[2023-02-14T15:38:49.340+0800][4579.846s] GC(164) Humongous regions: 56->35
[2023-02-14T15:38:49.340+0800][4579.846s] GC(164) Metaspace: 55702K(56384K)->55702K(56384K) NonClass: 49459K(49856K)->49459K(49856K) Class: 6243K(6528K)->6243K(6528K)
[2023-02-14T15:38:49.340+0800][4579.846s] GC(164) Pause Young (Concurrent Start) (G1 Humongous Allocation) 321M->173M(512M) 5.986ms
[2023-02-14T15:38:49.340+0800][4579.846s] GC(164) User=0.00s Sys=0.00s Real=0.01s
[2023-02-14T15:38:49.340+0800][4579.846s] GC(165) Concurrent Mark Cycle
[2023-02-14T15:38:49.340+0800][4579.846s] GC(165) Concurrent Clear Claimed Marks
[2023-02-14T15:38:49.340+0800][4579.846s] GC(165) Concurrent Clear Claimed Marks 0.049ms
[2023-02-14T15:38:49.340+0800][4579.846s] GC(165) Concurrent Scan Root Regions
[2023-02-14T15:38:49.342+0800][4579.848s] GC(165) Concurrent Scan Root Regions 1.918ms
[2023-02-14T15:38:49.342+0800][4579.848s] GC(165) Concurrent Mark
[2023-02-14T15:38:49.342+0800][4579.848s] GC(165) Concurrent Mark From Roots
[2023-02-14T15:38:49.342+0800][4579.848s] GC(165) Using 2 workers of 2 for marking
[2023-02-14T15:38:49.368+0800][4579.874s] GC(165) Concurrent Mark From Roots 25.349ms
[2023-02-14T15:38:49.368+0800][4579.874s] GC(165) Concurrent Preclean
[2023-02-14T15:38:49.368+0800][4579.874s] GC(165) Concurrent Preclean 0.251ms
[2023-02-14T15:38:49.368+0800][4579.874s] GC(165) Pause Remark
[2023-02-14T15:38:49.372+0800][4579.878s] GC(165) Pause Remark 204M->204M(512M) 3.307ms
[2023-02-14T15:38:49.372+0800][4579.878s] GC(165) User=0.00s Sys=0.00s Real=0.00s
[2023-02-14T15:38:49.372+0800][4579.878s] GC(165) Concurrent Mark 29.436ms
[2023-02-14T15:38:49.372+0800][4579.878s] GC(165) Concurrent Rebuild Remembered Sets
[2023-02-14T15:38:49.386+0800][4579.892s] GC(165) Concurrent Rebuild Remembered Sets 14.610ms
[2023-02-14T15:38:49.387+0800][4579.893s] GC(165) Pause Cleanup
[2023-02-14T15:38:49.387+0800][4579.893s] GC(165) Pause Cleanup 207M->207M(512M) 0.194ms
[2023-02-14T15:38:49.387+0800][4579.893s] GC(165) User=0.00s Sys=0.00s Real=0.00s
[2023-02-14T15:38:49.387+0800][4579.893s] GC(165) Concurrent Cleanup for Next Mark
[2023-02-14T15:38:49.388+0800][4579.894s] GC(165) Concurrent Cleanup for Next Mark 0.673ms
[2023-02-14T15:38:49.388+0800][4579.894s] GC(165) Concurrent Mark Cycle 47.453ms
[2023-02-14T15:38:50.179+0800][4580.684s] GC(166) Pause Young (Normal) (G1 Evacuation Pause)
[2023-02-14T15:38:50.179+0800][4580.684s] GC(166) Using 8 workers of 8 for evacuation
[2023-02-14T15:38:50.184+0800][4580.689s] GC(166)   Pre Evacuate Collection Set: 0.1ms
[2023-02-14T15:38:50.184+0800][4580.689s] GC(166)   Merge Heap Roots: 0.1ms
[2023-02-14T15:38:50.184+0800][4580.689s] GC(166)   Evacuate Collection Set: 4.3ms
[2023-02-14T15:38:50.184+0800][4580.689s] GC(166)   Post Evacuate Collection Set: 0.8ms
[2023-02-14T15:38:50.184+0800][4580.689s] GC(166)   Other: 0.1ms
[2023-02-14T15:38:50.184+0800][4580.689s] GC(166) Eden regions: 205->0(205)
[2023-02-14T15:38:50.184+0800][4580.689s] GC(166) Survivor regions: 20->19(29)
[2023-02-14T15:38:50.184+0800][4580.689s] GC(166) Old regions: 119->126
[2023-02-14T15:38:50.184+0800][4580.689s] GC(166) Archive regions: 0->0
[2023-02-14T15:38:50.184+0800][4580.689s] GC(166) Humongous regions: 63->42
[2023-02-14T15:38:50.184+0800][4580.689s] GC(166) Metaspace: 55712K(56384K)->55712K(56384K) NonClass: 49469K(49856K)->49469K(49856K) Class: 6243K(6528K)->6243K(6528K)
[2023-02-14T15:38:50.184+0800][4580.689s] GC(166) Pause Young (Normal) (G1 Evacuation Pause) 406M->186M(512M) 5.494ms
[2023-02-14T15:38:50.184+0800][4580.689s] GC(166) User=0.00s Sys=0.00s Real=0.01s
[2023-02-14T15:38:50.441+0800][4580.947s] GC(167) Pause Young (Concurrent Start) (G1 Evacuation Pause)
[2023-02-14T15:38:50.441+0800][4580.947s] GC(167) Using 8 workers of 8 for evacuation
[2023-02-14T15:38:50.445+0800][4580.951s] GC(167)   Pre Evacuate Collection Set: 0.1ms
[2023-02-14T15:38:50.445+0800][4580.951s] GC(167)   Merge Heap Roots: 0.1ms
[2023-02-14T15:38:50.445+0800][4580.951s] GC(167)   Evacuate Collection Set: 2.9ms
[2023-02-14T15:38:50.445+0800][4580.951s] GC(167)   Post Evacuate Collection Set: 0.6ms
[2023-02-14T15:38:50.445+0800][4580.951s] GC(167)   Other: 0.2ms
[2023-02-14T15:38:50.445+0800][4580.951s] GC(167) Eden regions: 205->0(215)
[2023-02-14T15:38:50.445+0800][4580.951s] GC(167) Survivor regions: 19->8(28)
[2023-02-14T15:38:50.445+0800][4580.951s] GC(167) Old regions: 126->138
[2023-02-14T15:38:50.445+0800][4580.951s] GC(167) Archive regions: 0->0
[2023-02-14T15:38:50.445+0800][4580.951s] GC(167) Humongous regions: 42->42
[2023-02-14T15:38:50.445+0800][4580.951s] GC(167) Metaspace: 55712K(56384K)->55712K(56384K) NonClass: 49469K(49856K)->49469K(49856K) Class: 6243K(6528K)->6243K(6528K)
[2023-02-14T15:38:50.445+0800][4580.951s] GC(167) Pause Young (Concurrent Start) (G1 Evacuation Pause) 391M->186M(512M) 3.993ms
[2023-02-14T15:38:50.445+0800][4580.951s] GC(167) User=0.00s Sys=0.00s Real=0.00s
[2023-02-14T15:38:50.445+0800][4580.951s] GC(168) Concurrent Mark Cycle
[2023-02-14T15:38:50.445+0800][4580.951s] GC(168) Concurrent Clear Claimed Marks
[2023-02-14T15:38:50.445+0800][4580.951s] GC(168) Concurrent Clear Claimed Marks 0.020ms
[2023-02-14T15:38:50.445+0800][4580.951s] GC(168) Concurrent Scan Root Regions
[2023-02-14T15:38:50.446+0800][4580.952s] GC(168) Concurrent Scan Root Regions 1.108ms
[2023-02-14T15:38:50.446+0800][4580.952s] GC(168) Concurrent Mark
[2023-02-14T15:38:50.446+0800][4580.952s] GC(168) Concurrent Mark From Roots
[2023-02-14T15:38:50.446+0800][4580.952s] GC(168) Using 2 workers of 2 for marking
[2023-02-14T15:38:50.469+0800][4580.975s] GC(168) Concurrent Mark From Roots 22.857ms
[2023-02-14T15:38:50.469+0800][4580.975s] GC(168) Concurrent Preclean
[2023-02-14T15:38:50.469+0800][4580.975s] GC(168) Concurrent Preclean 0.229ms
[2023-02-14T15:38:50.470+0800][4580.976s] GC(168) Pause Remark
[2023-02-14T15:38:50.475+0800][4580.981s] GC(168) Pause Remark 202M->202M(512M) 4.744ms
[2023-02-14T15:38:50.475+0800][4580.981s] GC(168) User=0.00s Sys=0.00s Real=0.00s
[2023-02-14T15:38:50.475+0800][4580.981s] GC(168) Concurrent Mark 28.352ms
[2023-02-14T15:38:50.475+0800][4580.981s] GC(168) Concurrent Rebuild Remembered Sets
[2023-02-14T15:38:50.489+0800][4580.995s] GC(168) Concurrent Rebuild Remembered Sets 14.404ms
[2023-02-14T15:38:50.489+0800][4580.995s] GC(168) Pause Cleanup
[2023-02-14T15:38:50.490+0800][4580.995s] GC(168) Pause Cleanup 210M->210M(512M) 0.130ms
[2023-02-14T15:38:50.490+0800][4580.995s] GC(168) User=0.00s Sys=0.00s Real=0.00s
[2023-02-14T15:38:50.490+0800][4580.995s] GC(168) Concurrent Cleanup for Next Mark
[2023-02-14T15:38:50.490+0800][4580.996s] GC(168) Concurrent Cleanup for Next Mark 0.551ms
[2023-02-14T15:38:50.490+0800][4580.996s] GC(168) Concurrent Mark Cycle 44.971ms
[2023-02-14T15:38:50.743+0800][4581.248s] GC(169) Pause Young (Prepare Mixed) (G1 Evacuation Pause)
[2023-02-14T15:38:50.743+0800][4581.248s] GC(169) Using 8 workers of 8 for evacuation
[2023-02-14T15:38:50.744+0800][4581.250s] GC(169)   Pre Evacuate Collection Set: 0.1ms
[2023-02-14T15:38:50.745+0800][4581.251s] GC(169)   Merge Heap Roots: 0.1ms
[2023-02-14T15:38:50.745+0800][4581.251s] GC(169)   Evacuate Collection Set: 1.3ms
[2023-02-14T15:38:50.745+0800][4581.251s] GC(169)   Post Evacuate Collection Set: 0.6ms
[2023-02-14T15:38:50.745+0800][4581.251s] GC(169)   Other: 0.1ms
[2023-02-14T15:38:50.745+0800][4581.251s] GC(169) Eden regions: 215->0(18)
[2023-02-14T15:38:50.745+0800][4581.251s] GC(169) Survivor regions: 8->7(28)
[2023-02-14T15:38:50.745+0800][4581.251s] GC(169) Old regions: 138->138
[2023-02-14T15:38:50.745+0800][4581.251s] GC(169) Archive regions: 0->0
[2023-02-14T15:38:50.745+0800][4581.251s] GC(169) Humongous regions: 42->42
[2023-02-14T15:38:50.745+0800][4581.251s] GC(169) Metaspace: 55712K(56384K)->55712K(56384K) NonClass: 49469K(49856K)->49469K(49856K) Class: 6243K(6528K)->6243K(6528K)
[2023-02-14T15:38:50.745+0800][4581.251s] GC(169) Pause Young (Prepare Mixed) (G1 Evacuation Pause) 401M->186M(512M) 2.324ms
[2023-02-14T15:38:50.745+0800][4581.251s] GC(169) User=0.00s Sys=0.00s Real=0.00s
[2023-02-14T15:38:50.770+0800][4581.276s] GC(170) Pause Young (Mixed) (G1 Evacuation Pause)
[2023-02-14T15:38:50.770+0800][4581.276s] GC(170) Using 8 workers of 8 for evacuation
[2023-02-14T15:38:50.778+0800][4581.283s] GC(170)   Pre Evacuate Collection Set: 0.2ms
[2023-02-14T15:38:50.778+0800][4581.283s] GC(170)   Merge Heap Roots: 0.2ms
[2023-02-14T15:38:50.778+0800][4581.283s] GC(170)   Evacuate Collection Set: 6.5ms
[2023-02-14T15:38:50.778+0800][4581.284s] GC(170)   Post Evacuate Collection Set: 0.7ms
[2023-02-14T15:38:50.778+0800][4581.284s] GC(170)   Other: 0.1ms
[2023-02-14T15:38:50.778+0800][4581.284s] GC(170) Eden regions: 18->0(247)
[2023-02-14T15:38:50.778+0800][4581.284s] GC(170) Survivor regions: 7->1(4)
[2023-02-14T15:38:50.778+0800][4581.284s] GC(170) Old regions: 138->118
[2023-02-14T15:38:50.778+0800][4581.284s] GC(170) Archive regions: 0->0
[2023-02-14T15:38:50.778+0800][4581.284s] GC(170) Humongous regions: 42->42
[2023-02-14T15:38:50.778+0800][4581.284s] GC(170) Metaspace: 55712K(56384K)->55712K(56384K) NonClass: 49469K(49856K)->49469K(49856K) Class: 6243K(6528K)->6243K(6528K)
[2023-02-14T15:38:50.778+0800][4581.284s] GC(170) Pause Young (Mixed) (G1 Evacuation Pause) 204M->160M(512M) 7.783ms
[2023-02-14T15:38:50.778+0800][4581.284s] GC(170) User=0.00s Sys=0.00s Real=0.01s
[2023-02-14T15:38:51.115+0800][4581.620s] GC(171) Pause Young (Concurrent Start) (G1 Evacuation Pause)
[2023-02-14T15:38:51.115+0800][4581.620s] GC(171) Using 8 workers of 8 for evacuation
[2023-02-14T15:38:51.116+0800][4581.622s] GC(171)   Pre Evacuate Collection Set: 0.2ms
[2023-02-14T15:38:51.116+0800][4581.622s] GC(171)   Merge Heap Roots: 0.1ms
[2023-02-14T15:38:51.116+0800][4581.622s] GC(171)   Evacuate Collection Set: 0.7ms
[2023-02-14T15:38:51.116+0800][4581.622s] GC(171)   Post Evacuate Collection Set: 0.6ms
[2023-02-14T15:38:51.116+0800][4581.622s] GC(171)   Other: 0.1ms
[2023-02-14T15:38:51.116+0800][4581.622s] GC(171) Eden regions: 247->0(256)
[2023-02-14T15:38:51.116+0800][4581.622s] GC(171) Survivor regions: 1->1(31)
[2023-02-14T15:38:51.116+0800][4581.622s] GC(171) Old regions: 118->118
[2023-02-14T15:38:51.116+0800][4581.622s] GC(171) Archive regions: 0->0
[2023-02-14T15:38:51.116+0800][4581.622s] GC(171) Humongous regions: 42->42
[2023-02-14T15:38:51.116+0800][4581.622s] GC(171) Metaspace: 55715K(56384K)->55715K(56384K) NonClass: 49472K(49856K)->49472K(49856K) Class: 6243K(6528K)->6243K(6528K)
[2023-02-14T15:38:51.116+0800][4581.622s] GC(171) Pause Young (Concurrent Start) (G1 Evacuation Pause) 407M->160M(512M) 1.805ms
[2023-02-14T15:38:51.116+0800][4581.622s] GC(171) User=0.00s Sys=0.00s Real=0.00s
[2023-02-14T15:38:51.117+0800][4581.622s] GC(172) Concurrent Mark Cycle
[2023-02-14T15:38:51.117+0800][4581.622s] GC(172) Concurrent Clear Claimed Marks
[2023-02-14T15:38:51.117+0800][4581.622s] GC(172) Concurrent Clear Claimed Marks 0.015ms
[2023-02-14T15:38:51.117+0800][4581.622s] GC(172) Concurrent Scan Root Regions
[2023-02-14T15:38:51.117+0800][4581.623s] GC(172) Concurrent Scan Root Regions 0.409ms
[2023-02-14T15:38:51.117+0800][4581.623s] GC(172) Concurrent Mark
[2023-02-14T15:38:51.117+0800][4581.623s] GC(172) Concurrent Mark From Roots
[2023-02-14T15:38:51.117+0800][4581.623s] GC(172) Using 2 workers of 2 for marking
[2023-02-14T15:38:51.150+0800][4581.655s] GC(172) Concurrent Mark From Roots 32.566ms
[2023-02-14T15:38:51.150+0800][4581.655s] GC(172) Concurrent Preclean
[2023-02-14T15:38:51.150+0800][4581.656s] GC(172) Concurrent Preclean 0.231ms
[2023-02-14T15:38:51.150+0800][4581.656s] GC(172) Pause Remark
[2023-02-14T15:38:51.156+0800][4581.662s] GC(172) Pause Remark 178M->141M(512M) 6.446ms
[2023-02-14T15:38:51.157+0800][4581.662s] GC(172) User=0.00s Sys=0.00s Real=0.01s
[2023-02-14T15:38:51.157+0800][4581.663s] GC(172) Concurrent Mark 39.802ms
[2023-02-14T15:38:51.157+0800][4581.663s] GC(172) Concurrent Rebuild Remembered Sets
[2023-02-14T15:38:51.171+0800][4581.677s] GC(172) Concurrent Rebuild Remembered Sets 14.027ms
[2023-02-14T15:38:51.171+0800][4581.677s] GC(172) Pause Cleanup
[2023-02-14T15:38:51.171+0800][4581.677s] GC(172) Pause Cleanup 148M->148M(512M) 0.214ms
[2023-02-14T15:38:51.171+0800][4581.677s] GC(172) User=0.00s Sys=0.00s Real=0.00s
[2023-02-14T15:38:51.171+0800][4581.677s] GC(172) Concurrent Cleanup for Next Mark
[2023-02-14T15:38:51.172+0800][4581.678s] GC(172) Concurrent Cleanup for Next Mark 0.587ms
[2023-02-14T15:38:51.172+0800][4581.678s] GC(172) Concurrent Mark Cycle 55.608ms
[2023-02-14T15:38:51.177+0800][4581.683s] GC(173) Pause Young (Concurrent Start) (G1 Humongous Allocation)
[2023-02-14T15:38:51.177+0800][4581.683s] GC(173) Using 8 workers of 8 for evacuation
[2023-02-14T15:38:51.179+0800][4581.685s] GC(173)   Pre Evacuate Collection Set: 0.2ms
[2023-02-14T15:38:51.179+0800][4581.685s] GC(173)   Merge Heap Roots: 0.1ms
[2023-02-14T15:38:51.179+0800][4581.685s] GC(173)   Evacuate Collection Set: 0.8ms
[2023-02-14T15:38:51.179+0800][4581.685s] GC(173)   Post Evacuate Collection Set: 0.6ms
[2023-02-14T15:38:51.179+0800][4581.685s] GC(173)   Other: 0.2ms
[2023-02-14T15:38:51.179+0800][4581.685s] GC(173) Eden regions: 28->0(290)
[2023-02-14T15:38:51.179+0800][4581.685s] GC(173) Survivor regions: 1->4(33)
[2023-02-14T15:38:51.179+0800][4581.685s] GC(173) Old regions: 118->118
[2023-02-14T15:38:51.179+0800][4581.685s] GC(173) Archive regions: 0->0
[2023-02-14T15:38:51.179+0800][4581.685s] GC(173) Humongous regions: 5->5
[2023-02-14T15:38:51.179+0800][4581.685s] GC(173) Metaspace: 55722K(56384K)->55722K(56384K) NonClass: 49479K(49856K)->49479K(49856K) Class: 6243K(6528K)->6243K(6528K)
[2023-02-14T15:38:51.179+0800][4581.685s] GC(173) Pause Young (Concurrent Start) (G1 Humongous Allocation) 150M->126M(512M) 1.983ms
[2023-02-14T15:38:51.179+0800][4581.685s] GC(173) User=0.00s Sys=0.00s Real=0.00s
[2023-02-14T15:38:51.179+0800][4581.685s] GC(174) Concurrent Mark Cycle
[2023-02-14T15:38:51.179+0800][4581.685s] GC(174) Concurrent Clear Claimed Marks
[2023-02-14T15:38:51.179+0800][4581.685s] GC(174) Concurrent Clear Claimed Marks 0.032ms
[2023-02-14T15:38:51.179+0800][4581.685s] GC(174) Concurrent Scan Root Regions
[2023-02-14T15:38:51.179+0800][4581.685s] GC(174) Concurrent Scan Root Regions 0.415ms
[2023-02-14T15:38:51.179+0800][4581.685s] GC(174) Concurrent Mark
[2023-02-14T15:38:51.179+0800][4581.685s] GC(174) Concurrent Mark From Roots
[2023-02-14T15:38:51.179+0800][4581.685s] GC(174) Using 2 workers of 2 for marking
[2023-02-14T15:38:51.202+0800][4581.707s] GC(174) Concurrent Mark From Roots 22.160ms
[2023-02-14T15:38:51.202+0800][4581.708s] GC(174) Concurrent Preclean
[2023-02-14T15:38:51.202+0800][4581.708s] GC(174) Concurrent Preclean 0.237ms
[2023-02-14T15:38:51.202+0800][4581.708s] GC(174) Pause Remark
[2023-02-14T15:38:51.205+0800][4581.711s] GC(174) Pause Remark 136M->130M(512M) 3.125ms
[2023-02-14T15:38:51.205+0800][4581.711s] GC(174) User=0.00s Sys=0.00s Real=0.00s
[2023-02-14T15:38:51.205+0800][4581.711s] GC(174) Concurrent Mark 26.026ms
[2023-02-14T15:38:51.205+0800][4581.711s] GC(174) Concurrent Rebuild Remembered Sets
[2023-02-14T15:38:51.220+0800][4581.726s] GC(174) Concurrent Rebuild Remembered Sets 14.546ms
[2023-02-14T15:38:51.220+0800][4581.726s] GC(174) Pause Cleanup
[2023-02-14T15:38:51.221+0800][4581.726s] GC(174) Pause Cleanup 134M->134M(512M) 0.237ms
[2023-02-14T15:38:51.221+0800][4581.726s] GC(174) User=0.00s Sys=0.00s Real=0.00s
[2023-02-14T15:38:51.221+0800][4581.727s] GC(174) Concurrent Cleanup for Next Mark
[2023-02-14T15:38:51.221+0800][4581.727s] GC(174) Concurrent Cleanup for Next Mark 0.630ms
[2023-02-14T15:38:51.221+0800][4581.727s] GC(174) Concurrent Mark Cycle 42.444ms
[2023-02-14T15:38:52.118+0800][4582.624s] GC(175) Pause Young (Prepare Mixed) (G1 Humongous Allocation)
[2023-02-14T15:38:52.118+0800][4582.624s] GC(175) Using 8 workers of 8 for evacuation
[2023-02-14T15:38:52.133+0800][4582.638s] GC(175) To-space exhausted
[2023-02-14T15:38:52.133+0800][4582.638s] GC(175)   Pre Evacuate Collection Set: 0.2ms
[2023-02-14T15:38:52.133+0800][4582.638s] GC(175)   Merge Heap Roots: 0.1ms
[2023-02-14T15:38:52.133+0800][4582.638s] GC(175)   Evacuate Collection Set: 1.4ms
[2023-02-14T15:38:52.133+0800][4582.638s] GC(175)   Post Evacuate Collection Set: 12.6ms
[2023-02-14T15:38:52.133+0800][4582.638s] GC(175)   Other: 0.3ms
[2023-02-14T15:38:52.133+0800][4582.638s] GC(175) Eden regions: 270->0(23)
[2023-02-14T15:38:52.133+0800][4582.638s] GC(175) Survivor regions: 4->2(2)
[2023-02-14T15:38:52.133+0800][4582.638s] GC(175) Old regions: 113->380
[2023-02-14T15:38:52.133+0800][4582.638s] GC(175) Archive regions: 0->0
[2023-02-14T15:38:52.133+0800][4582.638s] GC(175) Humongous regions: 123->33
[2023-02-14T15:38:52.133+0800][4582.638s] GC(175) Metaspace: 55722K(56384K)->55722K(56384K) NonClass: 49479K(49856K)->49479K(49856K) Class: 6243K(6528K)->6243K(6528K)
[2023-02-14T15:38:52.133+0800][4582.638s] GC(175) Pause Young (Prepare Mixed) (G1 Humongous Allocation) 509M->414M(512M) 14.666ms
[2023-02-14T15:38:52.133+0800][4582.639s] GC(175) User=0.12s Sys=0.00s Real=0.01s
[2023-02-14T15:38:52.225+0800][4582.730s] GC(176) Pause Young (Mixed) (G1 Evacuation Pause)
[2023-02-14T15:38:52.225+0800][4582.730s] GC(176) Using 8 workers of 8 for evacuation
[2023-02-14T15:38:52.228+0800][4582.733s] GC(176)   Pre Evacuate Collection Set: 0.1ms
[2023-02-14T15:38:52.228+0800][4582.733s] GC(176)   Merge Heap Roots: 0.2ms
[2023-02-14T15:38:52.228+0800][4582.733s] GC(176)   Evacuate Collection Set: 2.1ms
[2023-02-14T15:38:52.228+0800][4582.733s] GC(176)   Post Evacuate Collection Set: 0.5ms
[2023-02-14T15:38:52.228+0800][4582.733s] GC(176)   Other: 0.2ms
[2023-02-14T15:38:52.228+0800][4582.733s] GC(176) Eden regions: 23->0(90)
[2023-02-14T15:38:52.228+0800][4582.733s] GC(176) Survivor regions: 2->4(4)
[2023-02-14T15:38:52.228+0800][4582.733s] GC(176) Old regions: 380->331
[2023-02-14T15:38:52.228+0800][4582.733s] GC(176) Archive regions: 0->0
[2023-02-14T15:38:52.228+0800][4582.733s] GC(176) Humongous regions: 37->23
[2023-02-14T15:38:52.228+0800][4582.733s] GC(176) Metaspace: 55722K(56384K)->55722K(56384K) NonClass: 49479K(49856K)->49479K(49856K) Class: 6243K(6528K)->6243K(6528K)
[2023-02-14T15:38:52.228+0800][4582.733s] GC(176) Pause Young (Mixed) (G1 Evacuation Pause) 441M->356M(512M) 3.179ms
[2023-02-14T15:38:52.228+0800][4582.733s] GC(176) User=0.00s Sys=0.00s Real=0.00s
[2023-02-14T15:38:52.653+0800][4583.159s] GC(177) Pause Young (Concurrent Start) (G1 Evacuation Pause)
[2023-02-14T15:38:52.653+0800][4583.159s] GC(177) Using 8 workers of 8 for evacuation
[2023-02-14T15:38:52.656+0800][4583.161s] GC(177)   Pre Evacuate Collection Set: 0.1ms
[2023-02-14T15:38:52.656+0800][4583.161s] GC(177)   Merge Heap Roots: 0.1ms
[2023-02-14T15:38:52.656+0800][4583.161s] GC(177)   Evacuate Collection Set: 1.6ms
[2023-02-14T15:38:52.656+0800][4583.161s] GC(177)   Post Evacuate Collection Set: 0.5ms
[2023-02-14T15:38:52.656+0800][4583.161s] GC(177)   Other: 0.2ms
[2023-02-14T15:38:52.656+0800][4583.161s] GC(177) Eden regions: 90->0(90)
[2023-02-14T15:38:52.656+0800][4583.161s] GC(177) Survivor regions: 4->5(12)
[2023-02-14T15:38:52.656+0800][4583.161s] GC(177) Old regions: 331->331
[2023-02-14T15:38:52.656+0800][4583.161s] GC(177) Archive regions: 0->0
[2023-02-14T15:38:52.656+0800][4583.162s] GC(177) Humongous regions: 23->23
[2023-02-14T15:38:52.656+0800][4583.162s] GC(177) Metaspace: 55725K(56384K)->55725K(56384K) NonClass: 49482K(49856K)->49482K(49856K) Class: 6243K(6528K)->6243K(6528K)
[2023-02-14T15:38:52.656+0800][4583.162s] GC(177) Pause Young (Concurrent Start) (G1 Evacuation Pause) 446M->356M(512M) 2.569ms
[2023-02-14T15:38:52.656+0800][4583.162s] GC(177) User=0.00s Sys=0.00s Real=0.00s
[2023-02-14T15:38:52.656+0800][4583.162s] GC(178) Concurrent Mark Cycle
[2023-02-14T15:38:52.656+0800][4583.162s] GC(178) Concurrent Clear Claimed Marks
[2023-02-14T15:38:52.656+0800][4583.162s] GC(178) Concurrent Clear Claimed Marks 0.022ms
[2023-02-14T15:38:52.656+0800][4583.162s] GC(178) Concurrent Scan Root Regions
[2023-02-14T15:38:52.657+0800][4583.163s] GC(178) Concurrent Scan Root Regions 1.059ms
[2023-02-14T15:38:52.657+0800][4583.163s] GC(178) Concurrent Mark
[2023-02-14T15:38:52.657+0800][4583.163s] GC(178) Concurrent Mark From Roots
[2023-02-14T15:38:52.657+0800][4583.163s] GC(178) Using 2 workers of 2 for marking
[2023-02-14T15:38:52.680+0800][4583.186s] GC(178) Concurrent Mark From Roots 22.965ms
[2023-02-14T15:38:52.680+0800][4583.186s] GC(178) Concurrent Preclean
[2023-02-14T15:38:52.681+0800][4583.186s] GC(178) Concurrent Preclean 0.232ms
[2023-02-14T15:38:52.681+0800][4583.186s] GC(178) Pause Remark
[2023-02-14T15:38:52.684+0800][4583.190s] GC(178) Pause Remark 364M->364M(512M) 3.418ms
[2023-02-14T15:38:52.684+0800][4583.190s] GC(178) User=0.00s Sys=0.00s Real=0.00s
[2023-02-14T15:38:52.684+0800][4583.190s] GC(178) Concurrent Mark 27.060ms
[2023-02-14T15:38:52.684+0800][4583.190s] GC(178) Concurrent Rebuild Remembered Sets
[2023-02-14T15:38:52.700+0800][4583.205s] GC(178) Concurrent Rebuild Remembered Sets 15.461ms
[2023-02-14T15:38:52.700+0800][4583.206s] GC(178) Pause Cleanup
[2023-02-14T15:38:52.700+0800][4583.206s] GC(178) Pause Cleanup 368M->368M(512M) 0.213ms
[2023-02-14T15:38:52.700+0800][4583.206s] GC(178) User=0.00s Sys=0.00s Real=0.00s
[2023-02-14T15:38:52.701+0800][4583.206s] GC(178) Concurrent Cleanup for Next Mark
[2023-02-14T15:38:52.701+0800][4583.206s] GC(178) Concurrent Cleanup for Next Mark 0.572ms
[2023-02-14T15:38:52.701+0800][4583.207s] GC(178) Concurrent Mark Cycle 44.891ms
[2023-02-14T15:38:53.027+0800][4583.532s] GC(179) Pause Young (Prepare Mixed) (G1 Evacuation Pause)
[2023-02-14T15:38:53.027+0800][4583.532s] GC(179) Using 8 workers of 8 for evacuation
[2023-02-14T15:38:53.029+0800][4583.535s] GC(179)   Pre Evacuate Collection Set: 0.1ms
[2023-02-14T15:38:53.029+0800][4583.535s] GC(179)   Merge Heap Roots: 0.1ms
[2023-02-14T15:38:53.029+0800][4583.535s] GC(179)   Evacuate Collection Set: 1.4ms
[2023-02-14T15:38:53.029+0800][4583.535s] GC(179)   Post Evacuate Collection Set: 0.7ms
[2023-02-14T15:38:53.029+0800][4583.535s] GC(179)   Other: 0.1ms
[2023-02-14T15:38:53.029+0800][4583.535s] GC(179) Eden regions: 90->0(20)
[2023-02-14T15:38:53.029+0800][4583.535s] GC(179) Survivor regions: 5->5(12)
[2023-02-14T15:38:53.029+0800][4583.535s] GC(179) Old regions: 331->331
[2023-02-14T15:38:53.029+0800][4583.535s] GC(179) Archive regions: 0->0
[2023-02-14T15:38:53.029+0800][4583.535s] GC(179) Humongous regions: 23->23
[2023-02-14T15:38:53.029+0800][4583.535s] GC(179) Metaspace: 55725K(56384K)->55725K(56384K) NonClass: 49482K(49856K)->49482K(49856K) Class: 6243K(6528K)->6243K(6528K)
[2023-02-14T15:38:53.029+0800][4583.535s] GC(179) Pause Young (Prepare Mixed) (G1 Evacuation Pause) 446M->356M(512M) 2.524ms
[2023-02-14T15:38:53.030+0800][4583.535s] GC(179) User=0.00s Sys=0.00s Real=0.00s
[2023-02-14T15:38:53.102+0800][4583.607s] GC(180) Pause Young (Mixed) (G1 Evacuation Pause)
[2023-02-14T15:38:53.102+0800][4583.607s] GC(180) Using 8 workers of 8 for evacuation
[2023-02-14T15:38:53.104+0800][4583.610s] GC(180)   Pre Evacuate Collection Set: 0.2ms
[2023-02-14T15:38:53.104+0800][4583.610s] GC(180)   Merge Heap Roots: 0.1ms
[2023-02-14T15:38:53.104+0800][4583.610s] GC(180)   Evacuate Collection Set: 1.5ms
[2023-02-14T15:38:53.104+0800][4583.610s] GC(180)   Post Evacuate Collection Set: 0.7ms
[2023-02-14T15:38:53.104+0800][4583.610s] GC(180)   Other: 0.1ms
[2023-02-14T15:38:53.104+0800][4583.610s] GC(180) Eden regions: 20->0(24)
[2023-02-14T15:38:53.104+0800][4583.610s] GC(180) Survivor regions: 5->1(4)
[2023-02-14T15:38:53.104+0800][4583.610s] GC(180) Old regions: 331->284
[2023-02-14T15:38:53.104+0800][4583.610s] GC(180) Archive regions: 0->0
[2023-02-14T15:38:53.104+0800][4583.610s] GC(180) Humongous regions: 23->23
[2023-02-14T15:38:53.104+0800][4583.610s] GC(180) Metaspace: 55725K(56384K)->55725K(56384K) NonClass: 49482K(49856K)->49482K(49856K) Class: 6243K(6528K)->6243K(6528K)
[2023-02-14T15:38:53.104+0800][4583.610s] GC(180) Pause Young (Mixed) (G1 Evacuation Pause) 376M->306M(512M) 2.652ms
[2023-02-14T15:38:53.104+0800][4583.610s] GC(180) User=0.00s Sys=0.00s Real=0.00s
[2023-02-14T15:38:53.195+0800][4583.700s] GC(181) Pause Young (Mixed) (G1 Evacuation Pause)
[2023-02-14T15:38:53.195+0800][4583.700s] GC(181) Using 8 workers of 8 for evacuation
[2023-02-14T15:38:53.196+0800][4583.702s] GC(181)   Pre Evacuate Collection Set: 0.2ms
[2023-02-14T15:38:53.196+0800][4583.702s] GC(181)   Merge Heap Roots: 0.1ms
[2023-02-14T15:38:53.196+0800][4583.702s] GC(181)   Evacuate Collection Set: 0.8ms
[2023-02-14T15:38:53.196+0800][4583.702s] GC(181)   Post Evacuate Collection Set: 0.5ms
[2023-02-14T15:38:53.196+0800][4583.702s] GC(181)   Other: 0.1ms
[2023-02-14T15:38:53.196+0800][4583.702s] GC(181) Eden regions: 24->0(24)
[2023-02-14T15:38:53.196+0800][4583.702s] GC(181) Survivor regions: 1->1(4)
[2023-02-14T15:38:53.196+0800][4583.702s] GC(181) Old regions: 284->235
[2023-02-14T15:38:53.196+0800][4583.702s] GC(181) Archive regions: 0->0
[2023-02-14T15:38:53.196+0800][4583.702s] GC(181) Humongous regions: 23->23
[2023-02-14T15:38:53.197+0800][4583.702s] GC(181) Metaspace: 55725K(56384K)->55725K(56384K) NonClass: 49482K(49856K)->49482K(49856K) Class: 6243K(6528K)->6243K(6528K)
[2023-02-14T15:38:53.197+0800][4583.702s] GC(181) Pause Young (Mixed) (G1 Evacuation Pause) 330M->258M(512M) 1.778ms
[2023-02-14T15:38:53.197+0800][4583.702s] GC(181) User=0.00s Sys=0.00s Real=0.00s
[2023-02-14T15:38:53.282+0800][4583.788s] GC(182) Pause Young (Mixed) (G1 Evacuation Pause)
[2023-02-14T15:38:53.282+0800][4583.788s] GC(182) Using 8 workers of 8 for evacuation
[2023-02-14T15:38:53.284+0800][4583.790s] GC(182)   Pre Evacuate Collection Set: 0.2ms
[2023-02-14T15:38:53.284+0800][4583.790s] GC(182)   Merge Heap Roots: 0.2ms
[2023-02-14T15:38:53.284+0800][4583.790s] GC(182)   Evacuate Collection Set: 0.8ms
[2023-02-14T15:38:53.284+0800][4583.790s] GC(182)   Post Evacuate Collection Set: 0.7ms
[2023-02-14T15:38:53.284+0800][4583.790s] GC(182)   Other: 0.1ms
[2023-02-14T15:38:53.284+0800][4583.790s] GC(182) Eden regions: 24->0(24)
[2023-02-14T15:38:53.284+0800][4583.790s] GC(182) Survivor regions: 1->1(4)
[2023-02-14T15:38:53.284+0800][4583.790s] GC(182) Old regions: 235->186
[2023-02-14T15:38:53.284+0800][4583.790s] GC(182) Archive regions: 0->0
[2023-02-14T15:38:53.284+0800][4583.790s] GC(182) Humongous regions: 23->23
[2023-02-14T15:38:53.284+0800][4583.790s] GC(182) Metaspace: 55725K(56384K)->55725K(56384K) NonClass: 49482K(49856K)->49482K(49856K) Class: 6243K(6528K)->6243K(6528K)
[2023-02-14T15:38:53.284+0800][4583.790s] GC(182) Pause Young (Mixed) (G1 Evacuation Pause) 282M->209M(512M) 2.025ms
[2023-02-14T15:38:53.284+0800][4583.790s] GC(182) User=0.00s Sys=0.00s Real=0.00s
[2023-02-14T15:38:53.365+0800][4583.871s] GC(183) Pause Young (Mixed) (G1 Evacuation Pause)
[2023-02-14T15:38:53.365+0800][4583.871s] GC(183) Using 8 workers of 8 for evacuation
[2023-02-14T15:38:53.367+0800][4583.873s] GC(183)   Pre Evacuate Collection Set: 0.2ms
[2023-02-14T15:38:53.367+0800][4583.873s] GC(183)   Merge Heap Roots: 0.1ms
[2023-02-14T15:38:53.367+0800][4583.873s] GC(183)   Evacuate Collection Set: 1.0ms
[2023-02-14T15:38:53.367+0800][4583.873s] GC(183)   Post Evacuate Collection Set: 0.5ms
[2023-02-14T15:38:53.367+0800][4583.873s] GC(183)   Other: 0.1ms
[2023-02-14T15:38:53.367+0800][4583.873s] GC(183) Eden regions: 24->0(24)
[2023-02-14T15:38:53.367+0800][4583.873s] GC(183) Survivor regions: 1->1(4)
[2023-02-14T15:38:53.367+0800][4583.873s] GC(183) Old regions: 186->139
[2023-02-14T15:38:53.367+0800][4583.873s] GC(183) Archive regions: 0->0
[2023-02-14T15:38:53.367+0800][4583.873s] GC(183) Humongous regions: 23->23
[2023-02-14T15:38:53.367+0800][4583.873s] GC(183) Metaspace: 55725K(56384K)->55725K(56384K) NonClass: 49482K(49856K)->49482K(49856K) Class: 6243K(6528K)->6243K(6528K)
[2023-02-14T15:38:53.367+0800][4583.873s] GC(183) Pause Young (Mixed) (G1 Evacuation Pause) 233M->161M(512M) 2.096ms
[2023-02-14T15:38:53.367+0800][4583.873s] GC(183) User=0.00s Sys=0.00s Real=0.00s
[2023-02-14T15:38:53.446+0800][4583.951s] GC(184) Pause Young (Mixed) (G1 Evacuation Pause)
[2023-02-14T15:38:53.446+0800][4583.951s] GC(184) Using 8 workers of 8 for evacuation
[2023-02-14T15:38:53.448+0800][4583.954s] GC(184)   Pre Evacuate Collection Set: 0.2ms
[2023-02-14T15:38:53.448+0800][4583.954s] GC(184)   Merge Heap Roots: 0.1ms
[2023-02-14T15:38:53.448+0800][4583.954s] GC(184)   Evacuate Collection Set: 1.2ms
[2023-02-14T15:38:53.448+0800][4583.954s] GC(184)   Post Evacuate Collection Set: 0.6ms
[2023-02-14T15:38:53.448+0800][4583.954s] GC(184)   Other: 0.1ms
[2023-02-14T15:38:53.448+0800][4583.954s] GC(184) Eden regions: 24->0(300)
[2023-02-14T15:38:53.448+0800][4583.954s] GC(184) Survivor regions: 1->1(4)
[2023-02-14T15:38:53.448+0800][4583.954s] GC(184) Old regions: 139->94
[2023-02-14T15:38:53.448+0800][4583.954s] GC(184) Archive regions: 0->0
[2023-02-14T15:38:53.448+0800][4583.954s] GC(184) Humongous regions: 23->23
[2023-02-14T15:38:53.448+0800][4583.954s] GC(184) Metaspace: 55725K(56384K)->55725K(56384K) NonClass: 49482K(49856K)->49482K(49856K) Class: 6243K(6528K)->6243K(6528K)
[2023-02-14T15:38:53.448+0800][4583.954s] GC(184) Pause Young (Mixed) (G1 Evacuation Pause) 185M->116M(512M) 2.346ms
[2023-02-14T15:38:53.448+0800][4583.954s] GC(184) User=0.00s Sys=0.00s Real=0.00s
[2023-02-14T15:38:56.038+0800][4586.544s] GC(185) Pause Young (Concurrent Start) (G1 Evacuation Pause)
[2023-02-14T15:38:56.038+0800][4586.544s] GC(185) Using 8 workers of 8 for evacuation
[2023-02-14T15:38:56.040+0800][4586.546s] GC(185)   Pre Evacuate Collection Set: 0.1ms
[2023-02-14T15:38:56.040+0800][4586.546s] GC(185)   Merge Heap Roots: 0.1ms
[2023-02-14T15:38:56.040+0800][4586.546s] GC(185)   Evacuate Collection Set: 0.8ms
[2023-02-14T15:38:56.040+0800][4586.546s] GC(185)   Post Evacuate Collection Set: 0.5ms
[2023-02-14T15:38:56.040+0800][4586.546s] GC(185)   Other: 0.1ms
[2023-02-14T15:38:56.040+0800][4586.546s] GC(185) Eden regions: 300->0(304)
[2023-02-14T15:38:56.040+0800][4586.546s] GC(185) Survivor regions: 1->3(38)
[2023-02-14T15:38:56.040+0800][4586.546s] GC(185) Old regions: 94->94
[2023-02-14T15:38:56.040+0800][4586.546s] GC(185) Archive regions: 0->0
[2023-02-14T15:38:56.040+0800][4586.546s] GC(185) Humongous regions: 23->23
[2023-02-14T15:38:56.040+0800][4586.546s] GC(185) Metaspace: 55732K(56384K)->55732K(56384K) NonClass: 49488K(49856K)->49488K(49856K) Class: 6243K(6528K)->6243K(6528K)
[2023-02-14T15:38:56.040+0800][4586.546s] GC(185) Pause Young (Concurrent Start) (G1 Evacuation Pause) 416M->118M(512M) 1.903ms
[2023-02-14T15:38:56.040+0800][4586.546s] GC(185) User=0.00s Sys=0.00s Real=0.00s
[2023-02-14T15:38:56.040+0800][4586.546s] GC(186) Concurrent Mark Cycle
[2023-02-14T15:38:56.040+0800][4586.546s] GC(186) Concurrent Clear Claimed Marks
[2023-02-14T15:38:56.040+0800][4586.546s] GC(186) Concurrent Clear Claimed Marks 0.028ms
[2023-02-14T15:38:56.040+0800][4586.546s] GC(186) Concurrent Scan Root Regions
[2023-02-14T15:38:56.041+0800][4586.547s] GC(186) Concurrent Scan Root Regions 0.485ms
[2023-02-14T15:38:56.041+0800][4586.547s] GC(186) Concurrent Mark
[2023-02-14T15:38:56.041+0800][4586.547s] GC(186) Concurrent Mark From Roots
[2023-02-14T15:38:56.041+0800][4586.547s] GC(186) Using 2 workers of 2 for marking
[2023-02-14T15:38:56.062+0800][4586.568s] GC(186) Concurrent Mark From Roots 21.159ms
[2023-02-14T15:38:56.062+0800][4586.568s] GC(186) Concurrent Preclean
[2023-02-14T15:38:56.062+0800][4586.568s] GC(186) Concurrent Preclean 0.207ms
[2023-02-14T15:38:56.062+0800][4586.568s] GC(186) Pause Remark
[2023-02-14T15:38:56.068+0800][4586.573s] GC(186) Pause Remark 127M->79M(512M) 4.844ms
[2023-02-14T15:38:56.068+0800][4586.573s] GC(186) User=0.12s Sys=0.00s Real=0.01s
[2023-02-14T15:38:56.068+0800][4586.573s] GC(186) Concurrent Mark 26.752ms
[2023-02-14T15:38:56.068+0800][4586.573s] GC(186) Concurrent Rebuild Remembered Sets
[2023-02-14T15:38:56.081+0800][4586.586s] GC(186) Concurrent Rebuild Remembered Sets 12.871ms
[2023-02-14T15:38:56.081+0800][4586.587s] GC(186) Pause Cleanup
[2023-02-14T15:38:56.081+0800][4586.587s] GC(186) Pause Cleanup 85M->85M(512M) 0.196ms
[2023-02-14T15:38:56.081+0800][4586.587s] GC(186) User=0.00s Sys=0.00s Real=0.00s
[2023-02-14T15:38:56.081+0800][4586.587s] GC(186) Concurrent Cleanup for Next Mark
[2023-02-14T15:38:56.082+0800][4586.587s] GC(186) Concurrent Cleanup for Next Mark 0.576ms
[2023-02-14T15:38:56.082+0800][4586.587s] GC(186) Concurrent Mark Cycle 41.461ms
[2023-02-14T15:38:56.139+0800][4586.645s] GC(187) Pause Young (Concurrent Start) (G1 Humongous Allocation)
[2023-02-14T15:38:56.139+0800][4586.645s] GC(187) Using 8 workers of 8 for evacuation
[2023-02-14T15:38:56.141+0800][4586.646s] GC(187)   Pre Evacuate Collection Set: 0.1ms
[2023-02-14T15:38:56.141+0800][4586.646s] GC(187)   Merge Heap Roots: 0.1ms
[2023-02-14T15:38:56.141+0800][4586.646s] GC(187)   Evacuate Collection Set: 0.9ms
[2023-02-14T15:38:56.141+0800][4586.646s] GC(187)   Post Evacuate Collection Set: 0.5ms
[2023-02-14T15:38:56.141+0800][4586.646s] GC(187)   Other: 0.1ms
[2023-02-14T15:38:56.141+0800][4586.646s] GC(187) Eden regions: 46->0(302)
[2023-02-14T15:38:56.141+0800][4586.646s] GC(187) Survivor regions: 3->5(39)
[2023-02-14T15:38:56.141+0800][4586.646s] GC(187) Old regions: 64->64
[2023-02-14T15:38:56.141+0800][4586.646s] GC(187) Archive regions: 0->0
[2023-02-14T15:38:56.141+0800][4586.646s] GC(187) Humongous regions: 4->4
[2023-02-14T15:38:56.141+0800][4586.646s] GC(187) Metaspace: 55732K(56384K)->55732K(56384K) NonClass: 49488K(49856K)->49488K(49856K) Class: 6243K(6528K)->6243K(6528K)
[2023-02-14T15:38:56.141+0800][4586.646s] GC(187) Pause Young (Concurrent Start) (G1 Humongous Allocation) 115M->72M(512M) 1.803ms
[2023-02-14T15:38:56.141+0800][4586.646s] GC(187) User=0.00s Sys=0.00s Real=0.00s
[2023-02-14T15:38:56.141+0800][4586.647s] GC(188) Concurrent Mark Cycle
[2023-02-14T15:38:56.141+0800][4586.647s] GC(188) Concurrent Clear Claimed Marks
[2023-02-14T15:38:56.141+0800][4586.647s] GC(188) Concurrent Clear Claimed Marks 0.029ms
[2023-02-14T15:38:56.141+0800][4586.647s] GC(188) Concurrent Scan Root Regions
[2023-02-14T15:38:56.142+0800][4586.647s] GC(188) Concurrent Scan Root Regions 0.635ms
[2023-02-14T15:38:56.142+0800][4586.647s] GC(188) Concurrent Mark
[2023-02-14T15:38:56.142+0800][4586.647s] GC(188) Concurrent Mark From Roots
[2023-02-14T15:38:56.142+0800][4586.647s] GC(188) Using 2 workers of 2 for marking
[2023-02-14T15:38:56.163+0800][4586.669s] GC(188) Concurrent Mark From Roots 21.324ms
[2023-02-14T15:38:56.163+0800][4586.669s] GC(188) Concurrent Preclean
[2023-02-14T15:38:56.163+0800][4586.669s] GC(188) Concurrent Preclean 0.203ms
[2023-02-14T15:38:56.164+0800][4586.669s] GC(188) Pause Remark
[2023-02-14T15:38:56.167+0800][4586.673s] GC(188) Pause Remark 80M->79M(512M) 3.911ms
[2023-02-14T15:38:56.167+0800][4586.673s] GC(188) User=0.00s Sys=0.00s Real=0.00s
[2023-02-14T15:38:56.167+0800][4586.673s] GC(188) Concurrent Mark 25.880ms
[2023-02-14T15:38:56.167+0800][4586.673s] GC(188) Concurrent Rebuild Remembered Sets
[2023-02-14T15:38:56.180+0800][4586.686s] GC(188) Concurrent Rebuild Remembered Sets 12.849ms
[2023-02-14T15:38:56.180+0800][4586.686s] GC(188) Pause Cleanup
[2023-02-14T15:38:56.181+0800][4586.686s] GC(188) Pause Cleanup 85M->85M(512M) 0.213ms
[2023-02-14T15:38:56.181+0800][4586.686s] GC(188) User=0.00s Sys=0.00s Real=0.00s
[2023-02-14T15:38:56.181+0800][4586.687s] GC(188) Concurrent Cleanup for Next Mark
[2023-02-14T15:38:56.181+0800][4586.687s] GC(188) Concurrent Cleanup for Next Mark 0.516ms
[2023-02-14T15:38:56.181+0800][4586.687s] GC(188) Concurrent Mark Cycle 40.552ms
[2023-02-14T15:38:56.306+0800][4586.811s] GC(189) Pause Young (Concurrent Start) (G1 Humongous Allocation)
[2023-02-14T15:38:56.306+0800][4586.812s] GC(189) Using 8 workers of 8 for evacuation
[2023-02-14T15:38:56.309+0800][4586.814s] GC(189)   Pre Evacuate Collection Set: 0.3ms
[2023-02-14T15:38:56.309+0800][4586.814s] GC(189)   Merge Heap Roots: 0.1ms
[2023-02-14T15:38:56.309+0800][4586.814s] GC(189)   Evacuate Collection Set: 1.3ms
[2023-02-14T15:38:56.309+0800][4586.814s] GC(189)   Post Evacuate Collection Set: 0.6ms
[2023-02-14T15:38:56.309+0800][4586.814s] GC(189)   Other: 0.2ms
[2023-02-14T15:38:56.309+0800][4586.814s] GC(189) Eden regions: 73->0(300)
[2023-02-14T15:38:56.309+0800][4586.814s] GC(189) Survivor regions: 5->7(39)
[2023-02-14T15:38:56.309+0800][4586.814s] GC(189) Old regions: 63->63
[2023-02-14T15:38:56.309+0800][4586.814s] GC(189) Archive regions: 0->0
[2023-02-14T15:38:56.309+0800][4586.814s] GC(189) Humongous regions: 5->5
[2023-02-14T15:38:56.309+0800][4586.814s] GC(189) Metaspace: 55732K(56384K)->55732K(56384K) NonClass: 49488K(49856K)->49488K(49856K) Class: 6243K(6528K)->6243K(6528K)
[2023-02-14T15:38:56.309+0800][4586.814s] GC(189) Pause Young (Concurrent Start) (G1 Humongous Allocation) 145M->74M(512M) 2.625ms
[2023-02-14T15:38:56.309+0800][4586.814s] GC(189) User=0.00s Sys=0.00s Real=0.00s
[2023-02-14T15:38:56.309+0800][4586.814s] GC(190) Concurrent Mark Cycle
[2023-02-14T15:38:56.309+0800][4586.814s] GC(190) Concurrent Clear Claimed Marks
[2023-02-14T15:38:56.309+0800][4586.814s] GC(190) Concurrent Clear Claimed Marks 0.021ms
[2023-02-14T15:38:56.309+0800][4586.814s] GC(190) Concurrent Scan Root Regions
[2023-02-14T15:38:56.309+0800][4586.815s] GC(190) Concurrent Scan Root Regions 0.504ms
[2023-02-14T15:38:56.309+0800][4586.815s] GC(190) Concurrent Mark
[2023-02-14T15:38:56.309+0800][4586.815s] GC(190) Concurrent Mark From Roots
[2023-02-14T15:38:56.309+0800][4586.815s] GC(190) Using 2 workers of 2 for marking
[2023-02-14T15:38:56.331+0800][4586.836s] GC(190) Concurrent Mark From Roots 21.220ms
[2023-02-14T15:38:56.331+0800][4586.836s] GC(190) Concurrent Preclean
[2023-02-14T15:38:56.331+0800][4586.836s] GC(190) Concurrent Preclean 0.208ms
[2023-02-14T15:38:56.331+0800][4586.837s] GC(190) Pause Remark
[2023-02-14T15:38:56.336+0800][4586.842s] GC(190) Pause Remark 84M->84M(512M) 5.139ms
[2023-02-14T15:38:56.336+0800][4586.842s] GC(190) User=0.12s Sys=0.00s Real=0.00s
[2023-02-14T15:38:56.336+0800][4586.842s] GC(190) Concurrent Mark 27.154ms
[2023-02-14T15:38:56.336+0800][4586.842s] GC(190) Concurrent Rebuild Remembered Sets
[2023-02-14T15:38:56.349+0800][4586.855s] GC(190) Concurrent Rebuild Remembered Sets 12.960ms
[2023-02-14T15:38:56.350+0800][4586.855s] GC(190) Pause Cleanup
[2023-02-14T15:38:56.350+0800][4586.855s] GC(190) Pause Cleanup 89M->89M(512M) 0.178ms
[2023-02-14T15:38:56.350+0800][4586.855s] GC(190) User=0.00s Sys=0.00s Real=0.00s
[2023-02-14T15:38:56.350+0800][4586.856s] GC(190) Concurrent Cleanup for Next Mark
[2023-02-14T15:38:56.350+0800][4586.856s] GC(190) Concurrent Cleanup for Next Mark 0.592ms
[2023-02-14T15:38:56.350+0800][4586.856s] GC(190) Concurrent Mark Cycle 42.004ms
[2023-02-14T15:39:01.682+0800][4592.188s] GC(191) Pause Young (Normal) (G1 Evacuation Pause)
[2023-02-14T15:39:01.682+0800][4592.188s] GC(191) Using 8 workers of 8 for evacuation
[2023-02-14T15:39:01.684+0800][4592.190s] GC(191)   Pre Evacuate Collection Set: 0.1ms
[2023-02-14T15:39:01.684+0800][4592.190s] GC(191)   Merge Heap Roots: 0.1ms
[2023-02-14T15:39:01.684+0800][4592.190s] GC(191)   Evacuate Collection Set: 1.4ms
[2023-02-14T15:39:01.684+0800][4592.190s] GC(191)   Post Evacuate Collection Set: 0.6ms
[2023-02-14T15:39:01.684+0800][4592.190s] GC(191)   Other: 0.2ms
[2023-02-14T15:39:01.684+0800][4592.190s] GC(191) Eden regions: 300->0(305)
[2023-02-14T15:39:01.684+0800][4592.190s] GC(191) Survivor regions: 7->2(39)
[2023-02-14T15:39:01.684+0800][4592.190s] GC(191) Old regions: 63->63
[2023-02-14T15:39:01.684+0800][4592.191s] GC(191) Archive regions: 0->0
[2023-02-14T15:39:01.684+0800][4592.191s] GC(191) Humongous regions: 7->4
[2023-02-14T15:39:01.685+0800][4592.191s] GC(191) Metaspace: 55846K(56384K)->55846K(56384K) NonClass: 49594K(49856K)->49594K(49856K) Class: 6252K(6528K)->6252K(6528K)
[2023-02-14T15:39:01.685+0800][4592.191s] GC(191) Pause Young (Normal) (G1 Evacuation Pause) 376M->68M(512M) 2.467ms
[2023-02-14T15:39:01.685+0800][4592.191s] GC(191) User=0.00s Sys=0.00s Real=0.00s
[2023-02-14T15:39:01.994+0800][4592.499s] GC(192) Pause Young (Concurrent Start) (G1 Humongous Allocation)
[2023-02-14T15:39:01.994+0800][4592.499s] GC(192) Using 8 workers of 8 for evacuation
[2023-02-14T15:39:01.997+0800][4592.502s] GC(192)   Pre Evacuate Collection Set: 0.2ms
[2023-02-14T15:39:01.997+0800][4592.502s] GC(192)   Merge Heap Roots: 0.2ms
[2023-02-14T15:39:01.997+0800][4592.502s] GC(192)   Evacuate Collection Set: 1.9ms
[2023-02-14T15:39:01.997+0800][4592.502s] GC(192)   Post Evacuate Collection Set: 0.7ms
[2023-02-14T15:39:01.997+0800][4592.502s] GC(192)   Other: 0.1ms
[2023-02-14T15:39:01.997+0800][4592.502s] GC(192) Eden regions: 114->0(299)
[2023-02-14T15:39:01.997+0800][4592.503s] GC(192) Survivor regions: 2->8(39)
[2023-02-14T15:39:01.997+0800][4592.503s] GC(192) Old regions: 63->63
[2023-02-14T15:39:01.997+0800][4592.503s] GC(192) Archive regions: 0->0
[2023-02-14T15:39:01.997+0800][4592.503s] GC(192) Humongous regions: 4->4
[2023-02-14T15:39:01.997+0800][4592.503s] GC(192) Metaspace: 55857K(56384K)->55857K(56384K) NonClass: 49605K(49856K)->49605K(49856K) Class: 6252K(6528K)->6252K(6528K)
[2023-02-14T15:39:01.997+0800][4592.503s] GC(192) Pause Young (Concurrent Start) (G1 Humongous Allocation) 182M->74M(512M) 3.241ms
[2023-02-14T15:39:01.997+0800][4592.503s] GC(192) User=0.00s Sys=0.00s Real=0.00s
[2023-02-14T15:39:01.997+0800][4592.503s] GC(193) Concurrent Mark Cycle
[2023-02-14T15:39:01.997+0800][4592.503s] GC(193) Concurrent Clear Claimed Marks
[2023-02-14T15:39:01.997+0800][4592.503s] GC(193) Concurrent Clear Claimed Marks 0.026ms
[2023-02-14T15:39:01.997+0800][4592.503s] GC(193) Concurrent Scan Root Regions
[2023-02-14T15:39:01.998+0800][4592.504s] GC(193) Concurrent Scan Root Regions 1.314ms
[2023-02-14T15:39:01.998+0800][4592.504s] GC(193) Concurrent Mark
[2023-02-14T15:39:01.998+0800][4592.504s] GC(193) Concurrent Mark From Roots
[2023-02-14T15:39:01.998+0800][4592.504s] GC(193) Using 2 workers of 2 for marking
[2023-02-14T15:39:02.020+0800][4592.526s] GC(193) Concurrent Mark From Roots 21.565ms
[2023-02-14T15:39:02.020+0800][4592.526s] GC(193) Concurrent Preclean
[2023-02-14T15:39:02.020+0800][4592.526s] GC(193) Concurrent Preclean 0.253ms
[2023-02-14T15:39:02.021+0800][4592.526s] GC(193) Pause Remark
[2023-02-14T15:39:02.025+0800][4592.530s] GC(193) Pause Remark 83M->82M(512M) 4.166ms
[2023-02-14T15:39:02.025+0800][4592.531s] GC(193) User=0.00s Sys=0.00s Real=0.00s
[2023-02-14T15:39:02.025+0800][4592.531s] GC(193) Concurrent Mark 26.538ms
[2023-02-14T15:39:02.025+0800][4592.531s] GC(193) Concurrent Rebuild Remembered Sets
[2023-02-14T15:39:02.038+0800][4592.543s] GC(193) Concurrent Rebuild Remembered Sets 12.712ms
[2023-02-14T15:39:02.038+0800][4592.544s] GC(193) Pause Cleanup
[2023-02-14T15:39:02.038+0800][4592.544s] GC(193) Pause Cleanup 87M->87M(512M) 0.200ms
[2023-02-14T15:39:02.038+0800][4592.544s] GC(193) User=0.00s Sys=0.00s Real=0.00s
[2023-02-14T15:39:02.038+0800][4592.544s] GC(193) Concurrent Cleanup for Next Mark
[2023-02-14T15:39:02.039+0800][4592.545s] GC(193) Concurrent Cleanup for Next Mark 0.609ms
[2023-02-14T15:39:02.039+0800][4592.545s] GC(193) Concurrent Mark Cycle 41.983ms
[2023-02-14T15:39:02.175+0800][4592.680s] GC(194) Pause Young (Concurrent Start) (G1 Humongous Allocation)
[2023-02-14T15:39:02.175+0800][4592.680s] GC(194) Using 8 workers of 8 for evacuation
[2023-02-14T15:39:02.177+0800][4592.683s] GC(194)   Pre Evacuate Collection Set: 0.2ms
[2023-02-14T15:39:02.177+0800][4592.683s] GC(194)   Merge Heap Roots: 0.1ms
[2023-02-14T15:39:02.177+0800][4592.683s] GC(194)   Evacuate Collection Set: 2.0ms
[2023-02-14T15:39:02.177+0800][4592.683s] GC(194)   Post Evacuate Collection Set: 0.4ms
[2023-02-14T15:39:02.177+0800][4592.683s] GC(194)   Other: 0.2ms
[2023-02-14T15:39:02.177+0800][4592.683s] GC(194) Eden regions: 73->0(296)
[2023-02-14T15:39:02.177+0800][4592.683s] GC(194) Survivor regions: 8->11(39)
[2023-02-14T15:39:02.177+0800][4592.683s] GC(194) Old regions: 62->62
[2023-02-14T15:39:02.177+0800][4592.683s] GC(194) Archive regions: 0->0
[2023-02-14T15:39:02.177+0800][4592.683s] GC(194) Humongous regions: 5->5
[2023-02-14T15:39:02.177+0800][4592.683s] GC(194) Metaspace: 55857K(56384K)->55857K(56384K) NonClass: 49605K(49856K)->49605K(49856K) Class: 6252K(6528K)->6252K(6528K)
[2023-02-14T15:39:02.177+0800][4592.683s] GC(194) Pause Young (Concurrent Start) (G1 Humongous Allocation) 147M->77M(512M) 2.995ms
[2023-02-14T15:39:02.177+0800][4592.683s] GC(194) User=0.12s Sys=0.00s Real=0.00s
[2023-02-14T15:39:02.177+0800][4592.683s] GC(195) Concurrent Mark Cycle
[2023-02-14T15:39:02.177+0800][4592.683s] GC(195) Concurrent Clear Claimed Marks
[2023-02-14T15:39:02.177+0800][4592.683s] GC(195) Concurrent Clear Claimed Marks 0.031ms
[2023-02-14T15:39:02.177+0800][4592.683s] GC(195) Concurrent Scan Root Regions
[2023-02-14T15:39:02.179+0800][4592.684s] GC(195) Concurrent Scan Root Regions 1.171ms
[2023-02-14T15:39:02.179+0800][4592.684s] GC(195) Concurrent Mark
[2023-02-14T15:39:02.179+0800][4592.684s] GC(195) Concurrent Mark From Roots
[2023-02-14T15:39:02.179+0800][4592.684s] GC(195) Using 2 workers of 2 for marking
[2023-02-14T15:39:02.199+0800][4592.705s] GC(195) Concurrent Mark From Roots 20.893ms
[2023-02-14T15:39:02.199+0800][4592.705s] GC(195) Concurrent Preclean
[2023-02-14T15:39:02.199+0800][4592.706s] GC(195) Concurrent Preclean 0.265ms
[2023-02-14T15:39:02.200+0800][4592.706s] GC(195) Pause Remark
[2023-02-14T15:39:02.204+0800][4592.710s] GC(195) Pause Remark 87M->87M(512M) 4.011ms
[2023-02-14T15:39:02.204+0800][4592.710s] GC(195) User=0.00s Sys=0.00s Real=0.00s
[2023-02-14T15:39:02.204+0800][4592.710s] GC(195) Concurrent Mark 25.599ms
[2023-02-14T15:39:02.204+0800][4592.710s] GC(195) Concurrent Rebuild Remembered Sets
[2023-02-14T15:39:02.217+0800][4592.723s] GC(195) Concurrent Rebuild Remembered Sets 12.961ms
[2023-02-14T15:39:02.217+0800][4592.723s] GC(195) Pause Cleanup
[2023-02-14T15:39:02.217+0800][4592.723s] GC(195) Pause Cleanup 91M->91M(512M) 0.133ms
[2023-02-14T15:39:02.217+0800][4592.723s] GC(195) User=0.00s Sys=0.00s Real=0.00s
[2023-02-14T15:39:02.217+0800][4592.723s] GC(195) Concurrent Cleanup for Next Mark
[2023-02-14T15:39:02.218+0800][4592.724s] GC(195) Concurrent Cleanup for Next Mark 0.641ms
[2023-02-14T15:39:02.218+0800][4592.724s] GC(195) Concurrent Mark Cycle 40.968ms
[2023-02-14T15:39:03.462+0800][4593.968s] GC(196) Pause Young (Normal) (G1 Evacuation Pause)
[2023-02-14T15:39:03.462+0800][4593.968s] GC(196) Using 8 workers of 8 for evacuation
[2023-02-14T15:39:03.466+0800][4593.971s] GC(196)   Pre Evacuate Collection Set: 0.2ms
[2023-02-14T15:39:03.466+0800][4593.971s] GC(196)   Merge Heap Roots: 0.1ms
[2023-02-14T15:39:03.466+0800][4593.971s] GC(196)   Evacuate Collection Set: 2.4ms
[2023-02-14T15:39:03.466+0800][4593.971s] GC(196)   Post Evacuate Collection Set: 0.7ms
[2023-02-14T15:39:03.466+0800][4593.971s] GC(196)   Other: 0.2ms
[2023-02-14T15:39:03.466+0800][4593.971s] GC(196) Eden regions: 296->0(301)
[2023-02-14T15:39:03.466+0800][4593.971s] GC(196) Survivor regions: 11->6(39)
[2023-02-14T15:39:03.466+0800][4593.972s] GC(196) Old regions: 62->62
[2023-02-14T15:39:03.466+0800][4593.972s] GC(196) Archive regions: 0->0
[2023-02-14T15:39:03.466+0800][4593.972s] GC(196) Humongous regions: 7->4
[2023-02-14T15:39:03.466+0800][4593.972s] GC(196) Metaspace: 55906K(56384K)->55906K(56384K) NonClass: 49654K(49856K)->49654K(49856K) Class: 6252K(6528K)->6252K(6528K)
[2023-02-14T15:39:03.466+0800][4593.972s] GC(196) Pause Young (Normal) (G1 Evacuation Pause) 375M->72M(512M) 3.611ms
[2023-02-14T15:39:03.466+0800][4593.972s] GC(196) User=0.00s Sys=0.00s Real=0.00s
[2023-02-14T15:39:03.717+0800][4594.223s] GC(197) Pause Young (Concurrent Start) (G1 Humongous Allocation)
[2023-02-14T15:39:03.717+0800][4594.223s] GC(197) Using 8 workers of 8 for evacuation
[2023-02-14T15:39:03.721+0800][4594.226s] GC(197)   Pre Evacuate Collection Set: 0.2ms
[2023-02-14T15:39:03.721+0800][4594.227s] GC(197)   Merge Heap Roots: 0.1ms
[2023-02-14T15:39:03.721+0800][4594.227s] GC(197)   Evacuate Collection Set: 2.0ms
[2023-02-14T15:39:03.721+0800][4594.227s] GC(197)   Post Evacuate Collection Set: 0.7ms
[2023-02-14T15:39:03.721+0800][4594.227s] GC(197)   Other: 0.1ms
[2023-02-14T15:39:03.721+0800][4594.227s] GC(197) Eden regions: 99->0(297)
[2023-02-14T15:39:03.721+0800][4594.227s] GC(197) Survivor regions: 6->10(39)
[2023-02-14T15:39:03.721+0800][4594.227s] GC(197) Old regions: 62->62
[2023-02-14T15:39:03.721+0800][4594.227s] GC(197) Archive regions: 0->0
[2023-02-14T15:39:03.721+0800][4594.227s] GC(197) Humongous regions: 4->4
[2023-02-14T15:39:03.721+0800][4594.227s] GC(197) Metaspace: 55923K(56384K)->55923K(56384K) NonClass: 49670K(49856K)->49670K(49856K) Class: 6252K(6528K)->6252K(6528K)
[2023-02-14T15:39:03.721+0800][4594.227s] GC(197) Pause Young (Concurrent Start) (G1 Humongous Allocation) 170M->75M(512M) 3.228ms
[2023-02-14T15:39:03.721+0800][4594.227s] GC(197) User=0.00s Sys=0.00s Real=0.00s
[2023-02-14T15:39:03.721+0800][4594.227s] GC(198) Concurrent Mark Cycle
[2023-02-14T15:39:03.721+0800][4594.227s] GC(198) Concurrent Clear Claimed Marks
[2023-02-14T15:39:03.721+0800][4594.227s] GC(198) Concurrent Clear Claimed Marks 0.067ms
[2023-02-14T15:39:03.721+0800][4594.227s] GC(198) Concurrent Scan Root Regions
[2023-02-14T15:39:03.723+0800][4594.229s] GC(198) Concurrent Scan Root Regions 1.980ms
[2023-02-14T15:39:03.723+0800][4594.229s] GC(198) Concurrent Mark
[2023-02-14T15:39:03.723+0800][4594.229s] GC(198) Concurrent Mark From Roots
[2023-02-14T15:39:03.723+0800][4594.229s] GC(198) Using 2 workers of 2 for marking
[2023-02-14T15:39:03.747+0800][4594.252s] GC(198) Concurrent Mark From Roots 23.003ms
[2023-02-14T15:39:03.747+0800][4594.252s] GC(198) Concurrent Preclean
[2023-02-14T15:39:03.747+0800][4594.252s] GC(198) Concurrent Preclean 0.257ms
[2023-02-14T15:39:03.747+0800][4594.252s] GC(198) Pause Remark
[2023-02-14T15:39:03.750+0800][4594.255s] GC(198) Pause Remark 83M->83M(512M) 2.962ms
[2023-02-14T15:39:03.750+0800][4594.255s] GC(198) User=0.00s Sys=0.00s Real=0.00s
[2023-02-14T15:39:03.750+0800][4594.256s] GC(198) Concurrent Mark 26.637ms
[2023-02-14T15:39:03.750+0800][4594.256s] GC(198) Concurrent Rebuild Remembered Sets
[2023-02-14T15:39:03.767+0800][4594.272s] GC(198) Concurrent Rebuild Remembered Sets 16.841ms
[2023-02-14T15:39:03.767+0800][4594.273s] GC(198) Pause Cleanup
[2023-02-14T15:39:03.767+0800][4594.273s] GC(198) Pause Cleanup 90M->90M(512M) 0.179ms
[2023-02-14T15:39:03.767+0800][4594.273s] GC(198) User=0.00s Sys=0.00s Real=0.00s
[2023-02-14T15:39:03.767+0800][4594.273s] GC(198) Concurrent Cleanup for Next Mark
[2023-02-14T15:39:03.767+0800][4594.273s] GC(198) Concurrent Cleanup for Next Mark 0.490ms
[2023-02-14T15:39:03.767+0800][4594.274s] GC(198) Concurrent Mark Cycle 46.797ms
[2023-02-14T15:39:03.936+0800][4594.441s] GC(199) Pause Young (Concurrent Start) (G1 Humongous Allocation)
[2023-02-14T15:39:03.936+0800][4594.441s] GC(199) Using 8 workers of 8 for evacuation
[2023-02-14T15:39:03.939+0800][4594.445s] GC(199)   Pre Evacuate Collection Set: 0.1ms
[2023-02-14T15:39:03.939+0800][4594.445s] GC(199)   Merge Heap Roots: 0.0ms
[2023-02-14T15:39:03.939+0800][4594.445s] GC(199)   Evacuate Collection Set: 2.5ms
[2023-02-14T15:39:03.939+0800][4594.445s] GC(199)   Post Evacuate Collection Set: 0.6ms
[2023-02-14T15:39:03.939+0800][4594.445s] GC(199)   Other: 0.2ms
[2023-02-14T15:39:03.939+0800][4594.445s] GC(199) Eden regions: 73->0(294)
[2023-02-14T15:39:03.939+0800][4594.445s] GC(199) Survivor regions: 10->13(39)
[2023-02-14T15:39:03.939+0800][4594.445s] GC(199) Old regions: 62->63
[2023-02-14T15:39:03.939+0800][4594.445s] GC(199) Archive regions: 0->0
[2023-02-14T15:39:03.939+0800][4594.445s] GC(199) Humongous regions: 5->5
[2023-02-14T15:39:03.939+0800][4594.445s] GC(199) Metaspace: 55923K(56384K)->55923K(56384K) NonClass: 49670K(49856K)->49670K(49856K) Class: 6252K(6528K)->6252K(6528K)
[2023-02-14T15:39:03.939+0800][4594.445s] GC(199) Pause Young (Concurrent Start) (G1 Humongous Allocation) 149M->79M(512M) 3.592ms
[2023-02-14T15:39:03.939+0800][4594.445s] GC(199) User=0.00s Sys=0.00s Real=0.00s
[2023-02-14T15:39:03.940+0800][4594.445s] GC(200) Concurrent Mark Cycle
[2023-02-14T15:39:03.940+0800][4594.445s] GC(200) Concurrent Clear Claimed Marks
[2023-02-14T15:39:03.940+0800][4594.445s] GC(200) Concurrent Clear Claimed Marks 0.076ms
[2023-02-14T15:39:03.940+0800][4594.445s] GC(200) Concurrent Scan Root Regions
[2023-02-14T15:39:03.942+0800][4594.448s] GC(200) Concurrent Scan Root Regions 2.317ms
[2023-02-14T15:39:03.942+0800][4594.448s] GC(200) Concurrent Mark
[2023-02-14T15:39:03.942+0800][4594.448s] GC(200) Concurrent Mark From Roots
[2023-02-14T15:39:03.942+0800][4594.448s] GC(200) Using 2 workers of 2 for marking
[2023-02-14T15:39:03.966+0800][4594.472s] GC(200) Concurrent Mark From Roots 23.911ms
[2023-02-14T15:39:03.966+0800][4594.472s] GC(200) Concurrent Preclean
[2023-02-14T15:39:03.966+0800][4594.472s] GC(200) Concurrent Preclean 0.222ms
[2023-02-14T15:39:03.967+0800][4594.472s] GC(200) Pause Remark
[2023-02-14T15:39:03.970+0800][4594.476s] GC(200) Pause Remark 88M->88M(512M) 3.470ms
[2023-02-14T15:39:03.970+0800][4594.476s] GC(200) User=0.00s Sys=0.00s Real=0.00s
[2023-02-14T15:39:03.970+0800][4594.476s] GC(200) Concurrent Mark 28.175ms
[2023-02-14T15:39:03.970+0800][4594.476s] GC(200) Concurrent Rebuild Remembered Sets
[2023-02-14T15:39:03.983+0800][4594.489s] GC(200) Concurrent Rebuild Remembered Sets 13.303ms
[2023-02-14T15:39:03.984+0800][4594.489s] GC(200) Pause Cleanup
[2023-02-14T15:39:03.984+0800][4594.490s] GC(200) Pause Cleanup 93M->93M(512M) 0.188ms
[2023-02-14T15:39:03.984+0800][4594.490s] GC(200) User=0.00s Sys=0.00s Real=0.00s
[2023-02-14T15:39:03.984+0800][4594.490s] GC(200) Concurrent Cleanup for Next Mark
[2023-02-14T15:39:03.984+0800][4594.490s] GC(200) Concurrent Cleanup for Next Mark 0.576ms
[2023-02-14T15:39:03.985+0800][4594.490s] GC(200) Concurrent Mark Cycle 45.256ms
[2023-02-14T15:39:42.658+0800][4633.163s] GC(201) Pause Young (Normal) (G1 Evacuation Pause)
[2023-02-14T15:39:42.658+0800][4633.163s] GC(201) Using 8 workers of 8 for evacuation
[2023-02-14T15:39:42.660+0800][4633.166s] GC(201)   Pre Evacuate Collection Set: 0.1ms
[2023-02-14T15:39:42.660+0800][4633.166s] GC(201)   Merge Heap Roots: 0.1ms
[2023-02-14T15:39:42.660+0800][4633.166s] GC(201)   Evacuate Collection Set: 1.8ms
[2023-02-14T15:39:42.660+0800][4633.166s] GC(201)   Post Evacuate Collection Set: 0.7ms
[2023-02-14T15:39:42.660+0800][4633.166s] GC(201)   Other: 0.1ms
[2023-02-14T15:39:42.660+0800][4633.166s] GC(201) Eden regions: 294->0(302)
[2023-02-14T15:39:42.660+0800][4633.166s] GC(201) Survivor regions: 13->5(39)
[2023-02-14T15:39:42.660+0800][4633.166s] GC(201) Old regions: 63->63
[2023-02-14T15:39:42.660+0800][4633.166s] GC(201) Archive regions: 0->0
[2023-02-14T15:39:42.660+0800][4633.166s] GC(201) Humongous regions: 7->4
[2023-02-14T15:39:42.660+0800][4633.166s] GC(201) Metaspace: 56025K(56576K)->56025K(56576K) NonClass: 49759K(50048K)->49759K(50048K) Class: 6265K(6528K)->6265K(6528K)
[2023-02-14T15:39:42.660+0800][4633.166s] GC(201) Pause Young (Normal) (G1 Evacuation Pause) 375M->70M(512M) 2.904ms
[2023-02-14T15:39:42.661+0800][4633.166s] GC(201) User=0.00s Sys=0.00s Real=0.00s
[2023-02-14T15:39:42.919+0800][4633.424s] GC(202) Pause Young (Concurrent Start) (G1 Humongous Allocation)
[2023-02-14T15:39:42.919+0800][4633.424s] GC(202) Using 8 workers of 8 for evacuation
[2023-02-14T15:39:42.922+0800][4633.429s] GC(202)   Pre Evacuate Collection Set: 0.2ms
[2023-02-14T15:39:42.922+0800][4633.429s] GC(202)   Merge Heap Roots: 0.2ms
[2023-02-14T15:39:42.923+0800][4633.429s] GC(202)   Evacuate Collection Set: 3.1ms
[2023-02-14T15:39:42.923+0800][4633.429s] GC(202)   Post Evacuate Collection Set: 0.6ms
[2023-02-14T15:39:42.923+0800][4633.429s] GC(202)   Other: 0.2ms
[2023-02-14T15:39:42.923+0800][4633.429s] GC(202) Eden regions: 136->0(295)
[2023-02-14T15:39:42.923+0800][4633.429s] GC(202) Survivor regions: 5->12(39)
[2023-02-14T15:39:42.923+0800][4633.429s] GC(202) Old regions: 63->63
[2023-02-14T15:39:42.923+0800][4633.429s] GC(202) Archive regions: 0->0
[2023-02-14T15:39:42.923+0800][4633.429s] GC(202) Humongous regions: 4->4
[2023-02-14T15:39:42.923+0800][4633.429s] GC(202) Metaspace: 56035K(56576K)->56035K(56576K) NonClass: 49769K(50048K)->49769K(50048K) Class: 6265K(6528K)->6265K(6528K)
[2023-02-14T15:39:42.923+0800][4633.429s] GC(202) Pause Young (Concurrent Start) (G1 Humongous Allocation) 206M->78M(512M) 4.425ms
[2023-02-14T15:39:42.923+0800][4633.429s] GC(202) User=0.00s Sys=0.00s Real=0.00s
[2023-02-14T15:39:42.923+0800][4633.429s] GC(203) Concurrent Mark Cycle
[2023-02-14T15:39:42.923+0800][4633.429s] GC(203) Concurrent Clear Claimed Marks
[2023-02-14T15:39:42.923+0800][4633.429s] GC(203) Concurrent Clear Claimed Marks 0.056ms
[2023-02-14T15:39:42.923+0800][4633.429s] GC(203) Concurrent Scan Root Regions
[2023-02-14T15:39:42.925+0800][4633.431s] GC(203) Concurrent Scan Root Regions 2.118ms
[2023-02-14T15:39:42.925+0800][4633.431s] GC(203) Concurrent Mark
[2023-02-14T15:39:42.925+0800][4633.431s] GC(203) Concurrent Mark From Roots
[2023-02-14T15:39:42.925+0800][4633.431s] GC(203) Using 2 workers of 2 for marking
[2023-02-14T15:39:42.948+0800][4633.455s] GC(203) Concurrent Mark From Roots 23.472ms
[2023-02-14T15:39:42.949+0800][4633.455s] GC(203) Concurrent Preclean
[2023-02-14T15:39:42.949+0800][4633.455s] GC(203) Concurrent Preclean 0.216ms
[2023-02-14T15:39:42.949+0800][4633.455s] GC(203) Pause Remark
[2023-02-14T15:39:42.952+0800][4633.458s] GC(203) Pause Remark 89M->89M(512M) 3.076ms
[2023-02-14T15:39:42.952+0800][4633.458s] GC(203) User=0.00s Sys=0.00s Real=0.00s
[2023-02-14T15:39:42.952+0800][4633.458s] GC(203) Concurrent Mark 27.356ms
[2023-02-14T15:39:42.952+0800][4633.458s] GC(203) Concurrent Rebuild Remembered Sets
[2023-02-14T15:39:42.966+0800][4633.472s] GC(203) Concurrent Rebuild Remembered Sets 13.422ms
[2023-02-14T15:39:42.966+0800][4633.472s] GC(203) Pause Cleanup
[2023-02-14T15:39:42.966+0800][4633.472s] GC(203) Pause Cleanup 96M->96M(512M) 0.122ms
[2023-02-14T15:39:42.966+0800][4633.472s] GC(203) User=0.00s Sys=0.00s Real=0.00s
[2023-02-14T15:39:42.966+0800][4633.472s] GC(203) Concurrent Cleanup for Next Mark
[2023-02-14T15:39:42.967+0800][4633.473s] GC(203) Concurrent Cleanup for Next Mark 0.504ms
[2023-02-14T15:39:42.967+0800][4633.473s] GC(203) Concurrent Mark Cycle 44.192ms
[2023-02-14T15:40:12.213+0800][4662.719s] GC(204) Pause Young (Normal) (G1 Evacuation Pause)
[2023-02-14T15:40:12.213+0800][4662.719s] GC(204) Using 8 workers of 8 for evacuation
[2023-02-14T15:40:12.218+0800][4662.724s] GC(204)   Pre Evacuate Collection Set: 0.2ms
[2023-02-14T15:40:12.218+0800][4662.724s] GC(204)   Merge Heap Roots: 0.1ms
[2023-02-14T15:40:12.218+0800][4662.724s] GC(204)   Evacuate Collection Set: 3.8ms
[2023-02-14T15:40:12.218+0800][4662.724s] GC(204)   Post Evacuate Collection Set: 0.7ms
[2023-02-14T15:40:12.218+0800][4662.724s] GC(204)   Other: 0.1ms
[2023-02-14T15:40:12.218+0800][4662.724s] GC(204) Eden regions: 295->0(293)
[2023-02-14T15:40:12.218+0800][4662.724s] GC(204) Survivor regions: 12->14(39)
[2023-02-14T15:40:12.218+0800][4662.724s] GC(204) Old regions: 63->63
[2023-02-14T15:40:12.218+0800][4662.724s] GC(204) Archive regions: 0->0
[2023-02-14T15:40:12.218+0800][4662.724s] GC(204) Humongous regions: 6->4
[2023-02-14T15:40:12.218+0800][4662.724s] GC(204) Metaspace: 56157K(56640K)->56157K(56640K) NonClass: 49874K(50112K)->49874K(50112K) Class: 6283K(6528K)->6283K(6528K)
[2023-02-14T15:40:12.218+0800][4662.724s] GC(204) Pause Young (Normal) (G1 Evacuation Pause) 374M->79M(512M) 5.035ms
[2023-02-14T15:40:12.218+0800][4662.724s] GC(204) User=0.00s Sys=0.00s Real=0.00s
[2023-02-14T15:40:12.220+0800][4662.726s] GC(205) Pause Young (Concurrent Start) (G1 Humongous Allocation)
[2023-02-14T15:40:12.220+0800][4662.726s] GC(205) Using 8 workers of 8 for evacuation
[2023-02-14T15:40:12.224+0800][4662.729s] GC(205)   Pre Evacuate Collection Set: 0.1ms
[2023-02-14T15:40:12.224+0800][4662.730s] GC(205)   Merge Heap Roots: 0.1ms
[2023-02-14T15:40:12.224+0800][4662.730s] GC(205)   Evacuate Collection Set: 3.1ms
[2023-02-14T15:40:12.224+0800][4662.730s] GC(205)   Post Evacuate Collection Set: 0.5ms
[2023-02-14T15:40:12.224+0800][4662.730s] GC(205)   Other: 0.1ms
[2023-02-14T15:40:12.224+0800][4662.730s] GC(205) Eden regions: 1->0(293)
[2023-02-14T15:40:12.224+0800][4662.730s] GC(205) Survivor regions: 14->14(39)
[2023-02-14T15:40:12.224+0800][4662.730s] GC(205) Old regions: 63->63
[2023-02-14T15:40:12.224+0800][4662.730s] GC(205) Archive regions: 0->0
[2023-02-14T15:40:12.224+0800][4662.730s] GC(205) Humongous regions: 4->4
[2023-02-14T15:40:12.224+0800][4662.730s] GC(205) Metaspace: 56157K(56640K)->56157K(56640K) NonClass: 49874K(50112K)->49874K(50112K) Class: 6283K(6528K)->6283K(6528K)
[2023-02-14T15:40:12.224+0800][4662.730s] GC(205) Pause Young (Concurrent Start) (G1 Humongous Allocation) 80M->79M(512M) 4.073ms
[2023-02-14T15:40:12.224+0800][4662.730s] GC(205) User=0.09s Sys=0.00s Real=0.00s
[2023-02-14T15:40:12.224+0800][4662.730s] GC(206) Concurrent Mark Cycle
[2023-02-14T15:40:12.224+0800][4662.730s] GC(206) Concurrent Clear Claimed Marks
[2023-02-14T15:40:12.224+0800][4662.730s] GC(206) Concurrent Clear Claimed Marks 0.023ms
[2023-02-14T15:40:12.224+0800][4662.730s] GC(206) Concurrent Scan Root Regions
[2023-02-14T15:40:12.227+0800][4662.732s] GC(206) Concurrent Scan Root Regions 2.207ms
[2023-02-14T15:40:12.227+0800][4662.732s] GC(206) Concurrent Mark
[2023-02-14T15:40:12.227+0800][4662.732s] GC(206) Concurrent Mark From Roots
[2023-02-14T15:40:12.227+0800][4662.732s] GC(206) Using 2 workers of 2 for marking
[2023-02-14T15:40:12.248+0800][4662.754s] GC(206) Concurrent Mark From Roots 21.541ms
[2023-02-14T15:40:12.248+0800][4662.754s] GC(206) Concurrent Preclean
[2023-02-14T15:40:12.249+0800][4662.754s] GC(206) Concurrent Preclean 0.211ms
[2023-02-14T15:40:12.249+0800][4662.754s] GC(206) Pause Remark
[2023-02-14T15:40:12.252+0800][4662.757s] GC(206) Pause Remark 87M->87M(512M) 2.939ms
[2023-02-14T15:40:12.252+0800][4662.757s] GC(206) User=0.00s Sys=0.00s Real=0.00s
[2023-02-14T15:40:12.252+0800][4662.757s] GC(206) Concurrent Mark 25.248ms
[2023-02-14T15:40:12.252+0800][4662.757s] GC(206) Concurrent Rebuild Remembered Sets
[2023-02-14T15:40:12.265+0800][4662.770s] GC(206) Concurrent Rebuild Remembered Sets 13.120ms
[2023-02-14T15:40:12.265+0800][4662.771s] GC(206) Pause Cleanup
[2023-02-14T15:40:12.265+0800][4662.771s] GC(206) Pause Cleanup 93M->93M(512M) 0.202ms
[2023-02-14T15:40:12.265+0800][4662.771s] GC(206) User=0.00s Sys=0.00s Real=0.00s
[2023-02-14T15:40:12.265+0800][4662.771s] GC(206) Concurrent Cleanup for Next Mark
[2023-02-14T15:40:12.265+0800][4662.772s] GC(206) Concurrent Cleanup for Next Mark 0.585ms
[2023-02-14T15:40:12.265+0800][4662.772s] GC(206) Concurrent Mark Cycle 42.002ms
[2023-02-14T15:40:12.414+0800][4662.920s] GC(207) Pause Young (Concurrent Start) (G1 Humongous Allocation)
[2023-02-14T15:40:12.414+0800][4662.920s] GC(207) Using 8 workers of 8 for evacuation
[2023-02-14T15:40:12.420+0800][4662.926s] GC(207)   Pre Evacuate Collection Set: 0.2ms
[2023-02-14T15:40:12.420+0800][4662.926s] GC(207)   Merge Heap Roots: 0.2ms
[2023-02-14T15:40:12.420+0800][4662.926s] GC(207)   Evacuate Collection Set: 4.7ms
[2023-02-14T15:40:12.420+0800][4662.926s] GC(207)   Post Evacuate Collection Set: 0.7ms
[2023-02-14T15:40:12.420+0800][4662.926s] GC(207)   Other: 0.2ms
[2023-02-14T15:40:12.420+0800][4662.926s] GC(207) Eden regions: 106->0(288)
[2023-02-14T15:40:12.420+0800][4662.926s] GC(207) Survivor regions: 14->19(39)
[2023-02-14T15:40:12.420+0800][4662.926s] GC(207) Old regions: 63->63
[2023-02-14T15:40:12.420+0800][4662.926s] GC(207) Archive regions: 0->0
[2023-02-14T15:40:12.420+0800][4662.926s] GC(207) Humongous regions: 5->5
[2023-02-14T15:40:12.420+0800][4662.926s] GC(207) Metaspace: 56166K(56640K)->56166K(56640K) NonClass: 49883K(50112K)->49883K(50112K) Class: 6283K(6528K)->6283K(6528K)
[2023-02-14T15:40:12.420+0800][4662.926s] GC(207) Pause Young (Concurrent Start) (G1 Humongous Allocation) 185M->85M(512M) 6.021ms
[2023-02-14T15:40:12.420+0800][4662.926s] GC(207) User=0.00s Sys=0.00s Real=0.01s
[2023-02-14T15:40:12.420+0800][4662.926s] GC(208) Concurrent Mark Cycle
[2023-02-14T15:40:12.420+0800][4662.926s] GC(208) Concurrent Clear Claimed Marks
[2023-02-14T15:40:12.421+0800][4662.926s] GC(208) Concurrent Clear Claimed Marks 0.043ms
[2023-02-14T15:40:12.421+0800][4662.926s] GC(208) Concurrent Scan Root Regions
[2023-02-14T15:40:12.423+0800][4662.929s] GC(208) Concurrent Scan Root Regions 2.871ms
[2023-02-14T15:40:12.423+0800][4662.929s] GC(208) Concurrent Mark
[2023-02-14T15:40:12.423+0800][4662.929s] GC(208) Concurrent Mark From Roots
[2023-02-14T15:40:12.423+0800][4662.929s] GC(208) Using 2 workers of 2 for marking
[2023-02-14T15:40:12.447+0800][4662.952s] GC(208) Concurrent Mark From Roots 23.633ms
[2023-02-14T15:40:12.447+0800][4662.952s] GC(208) Concurrent Preclean
[2023-02-14T15:40:12.447+0800][4662.953s] GC(208) Concurrent Preclean 0.264ms
[2023-02-14T15:40:12.448+0800][4662.953s] GC(208) Pause Remark
[2023-02-14T15:40:12.450+0800][4662.956s] GC(208) Pause Remark 100M->100M(512M) 2.733ms
[2023-02-14T15:40:12.450+0800][4662.956s] GC(208) User=0.00s Sys=0.00s Real=0.00s
[2023-02-14T15:40:12.450+0800][4662.956s] GC(208) Concurrent Mark 26.970ms
[2023-02-14T15:40:12.451+0800][4662.956s] GC(208) Concurrent Rebuild Remembered Sets
[2023-02-14T15:40:12.468+0800][4662.974s] GC(208) Concurrent Rebuild Remembered Sets 17.887ms
[2023-02-14T15:40:12.469+0800][4662.974s] GC(208) Pause Cleanup
[2023-02-14T15:40:12.469+0800][4662.974s] GC(208) Pause Cleanup 110M->110M(512M) 0.116ms
[2023-02-14T15:40:12.469+0800][4662.974s] GC(208) User=0.00s Sys=0.00s Real=0.00s
[2023-02-14T15:40:12.469+0800][4662.974s] GC(208) Concurrent Cleanup for Next Mark
[2023-02-14T15:40:12.469+0800][4662.975s] GC(208) Concurrent Cleanup for Next Mark 0.664ms
[2023-02-14T15:40:12.469+0800][4662.975s] GC(208) Concurrent Mark Cycle 49.070ms
[2023-02-14T15:40:14.031+0800][4664.537s] GC(209) Pause Young (Normal) (G1 Evacuation Pause)
[2023-02-14T15:40:14.031+0800][4664.537s] GC(209) Using 8 workers of 8 for evacuation
[2023-02-14T15:40:14.035+0800][4664.540s] GC(209)   Pre Evacuate Collection Set: 0.1ms
[2023-02-14T15:40:14.035+0800][4664.540s] GC(209)   Merge Heap Roots: 0.1ms
[2023-02-14T15:40:14.035+0800][4664.540s] GC(209)   Evacuate Collection Set: 2.5ms
[2023-02-14T15:40:14.035+0800][4664.541s] GC(209)   Post Evacuate Collection Set: 0.7ms
[2023-02-14T15:40:14.035+0800][4664.541s] GC(209)   Other: 0.2ms
[2023-02-14T15:40:14.035+0800][4664.541s] GC(209) Eden regions: 288->0(300)
[2023-02-14T15:40:14.035+0800][4664.541s] GC(209) Survivor regions: 19->7(39)
[2023-02-14T15:40:14.035+0800][4664.541s] GC(209) Old regions: 63->63
[2023-02-14T15:40:14.035+0800][4664.541s] GC(209) Archive regions: 0->0
[2023-02-14T15:40:14.035+0800][4664.541s] GC(209) Humongous regions: 7->4
[2023-02-14T15:40:14.035+0800][4664.541s] GC(209) Metaspace: 56185K(56640K)->56185K(56640K) NonClass: 49902K(50112K)->49902K(50112K) Class: 6283K(6528K)->6283K(6528K)
[2023-02-14T15:40:14.035+0800][4664.541s] GC(209) Pause Young (Normal) (G1 Evacuation Pause) 375M->73M(512M) 3.650ms
[2023-02-14T15:40:14.035+0800][4664.541s] GC(209) User=0.02s Sys=0.02s Real=0.00s
[2023-02-14T15:41:29.792+0800][4740.298s] GC(210) Pause Young (Concurrent Start) (G1 Humongous Allocation)
[2023-02-14T15:41:29.792+0800][4740.298s] GC(210) Using 8 workers of 8 for evacuation
[2023-02-14T15:41:29.797+0800][4740.302s] GC(210)   Pre Evacuate Collection Set: 0.2ms
[2023-02-14T15:41:29.797+0800][4740.303s] GC(210)   Merge Heap Roots: 0.1ms
[2023-02-14T15:41:29.797+0800][4740.303s] GC(210)   Evacuate Collection Set: 3.6ms
[2023-02-14T15:41:29.797+0800][4740.303s] GC(210)   Post Evacuate Collection Set: 0.7ms
[2023-02-14T15:41:29.797+0800][4740.303s] GC(210)   Other: 0.1ms
[2023-02-14T15:41:29.797+0800][4740.303s] GC(210) Eden regions: 137->0(293)
[2023-02-14T15:41:29.797+0800][4740.303s] GC(210) Survivor regions: 7->14(39)
[2023-02-14T15:41:29.797+0800][4740.303s] GC(210) Old regions: 63->63
[2023-02-14T15:41:29.797+0800][4740.303s] GC(210) Archive regions: 0->0
[2023-02-14T15:41:29.797+0800][4740.303s] GC(210) Humongous regions: 4->4
[2023-02-14T15:41:29.797+0800][4740.303s] GC(210) Metaspace: 56201K(56640K)->56201K(56640K) NonClass: 49918K(50112K)->49918K(50112K) Class: 6283K(6528K)->6283K(6528K)
[2023-02-14T15:41:29.797+0800][4740.303s] GC(210) Pause Young (Concurrent Start) (G1 Humongous Allocation) 209M->79M(512M) 4.923ms
[2023-02-14T15:41:29.797+0800][4740.303s] GC(210) User=0.00s Sys=0.00s Real=0.00s
[2023-02-14T15:41:29.797+0800][4740.303s] GC(211) Concurrent Mark Cycle
[2023-02-14T15:41:29.797+0800][4740.303s] GC(211) Concurrent Clear Claimed Marks
[2023-02-14T15:41:29.797+0800][4740.303s] GC(211) Concurrent Clear Claimed Marks 0.031ms
[2023-02-14T15:41:29.797+0800][4740.303s] GC(211) Concurrent Scan Root Regions
[2023-02-14T15:41:29.799+0800][4740.305s] GC(211) Concurrent Scan Root Regions 2.307ms
[2023-02-14T15:41:29.799+0800][4740.305s] GC(211) Concurrent Mark
[2023-02-14T15:41:29.799+0800][4740.305s] GC(211) Concurrent Mark From Roots
[2023-02-14T15:41:29.799+0800][4740.305s] GC(211) Using 2 workers of 2 for marking
[2023-02-14T15:41:29.821+0800][4740.327s] GC(211) Concurrent Mark From Roots 22.182ms
[2023-02-14T15:41:29.822+0800][4740.327s] GC(211) Concurrent Preclean
[2023-02-14T15:41:29.822+0800][4740.328s] GC(211) Concurrent Preclean 0.338ms
[2023-02-14T15:41:29.822+0800][4740.328s] GC(211) Pause Remark
[2023-02-14T15:41:29.831+0800][4740.336s] GC(211) Pause Remark 89M->89M(512M) 8.099ms
[2023-02-14T15:41:29.831+0800][4740.336s] GC(211) User=0.00s Sys=0.00s Real=0.01s
[2023-02-14T15:41:29.831+0800][4740.336s] GC(211) Concurrent Mark 31.181ms
[2023-02-14T15:41:29.831+0800][4740.336s] GC(211) Concurrent Rebuild Remembered Sets
[2023-02-14T15:41:29.844+0800][4740.349s] GC(211) Concurrent Rebuild Remembered Sets 12.746ms
[2023-02-14T15:41:29.844+0800][4740.349s] GC(211) Pause Cleanup
[2023-02-14T15:41:29.844+0800][4740.349s] GC(211) Pause Cleanup 94M->94M(512M) 0.125ms
[2023-02-14T15:41:29.844+0800][4740.349s] GC(211) User=0.00s Sys=0.00s Real=0.00s
[2023-02-14T15:41:29.844+0800][4740.350s] GC(211) Concurrent Cleanup for Next Mark
[2023-02-14T15:41:29.845+0800][4740.350s] GC(211) Concurrent Cleanup for Next Mark 0.531ms
[2023-02-14T15:41:29.845+0800][4740.350s] GC(211) Concurrent Mark Cycle 47.433ms
[2023-02-14T15:41:29.962+0800][4740.468s] GC(212) Pause Young (Concurrent Start) (G1 Humongous Allocation)
[2023-02-14T15:41:29.962+0800][4740.468s] GC(212) Using 8 workers of 8 for evacuation
[2023-02-14T15:41:29.967+0800][4740.473s] GC(212)   Pre Evacuate Collection Set: 0.2ms
[2023-02-14T15:41:29.967+0800][4740.473s] GC(212)   Merge Heap Roots: 0.2ms
[2023-02-14T15:41:29.967+0800][4740.473s] GC(212)   Evacuate Collection Set: 3.4ms
[2023-02-14T15:41:29.967+0800][4740.473s] GC(212)   Post Evacuate Collection Set: 0.6ms
[2023-02-14T15:41:29.967+0800][4740.473s] GC(212)   Other: 0.2ms
[2023-02-14T15:41:29.967+0800][4740.473s] GC(212) Eden regions: 73->0(291)
[2023-02-14T15:41:29.967+0800][4740.473s] GC(212) Survivor regions: 14->16(39)
[2023-02-14T15:41:29.967+0800][4740.473s] GC(212) Old regions: 63->63
[2023-02-14T15:41:29.967+0800][4740.473s] GC(212) Archive regions: 0->0
[2023-02-14T15:41:29.967+0800][4740.473s] GC(212) Humongous regions: 5->5
[2023-02-14T15:41:29.967+0800][4740.473s] GC(212) Metaspace: 56201K(56640K)->56201K(56640K) NonClass: 49918K(50112K)->49918K(50112K) Class: 6283K(6528K)->6283K(6528K)
[2023-02-14T15:41:29.967+0800][4740.473s] GC(212) Pause Young (Concurrent Start) (G1 Humongous Allocation) 153M->82M(512M) 4.751ms
[2023-02-14T15:41:29.967+0800][4740.473s] GC(212) User=0.00s Sys=0.00s Real=0.01s
[2023-02-14T15:41:29.967+0800][4740.473s] GC(213) Concurrent Mark Cycle
[2023-02-14T15:41:29.967+0800][4740.473s] GC(213) Concurrent Clear Claimed Marks
[2023-02-14T15:41:29.967+0800][4740.473s] GC(213) Concurrent Clear Claimed Marks 0.025ms
[2023-02-14T15:41:29.967+0800][4740.473s] GC(213) Concurrent Scan Root Regions
[2023-02-14T15:41:29.969+0800][4740.475s] GC(213) Concurrent Scan Root Regions 2.136ms
[2023-02-14T15:41:29.969+0800][4740.475s] GC(213) Concurrent Mark
[2023-02-14T15:41:29.969+0800][4740.475s] GC(213) Concurrent Mark From Roots
[2023-02-14T15:41:29.969+0800][4740.475s] GC(213) Using 2 workers of 2 for marking
[2023-02-14T15:41:29.993+0800][4740.499s] GC(213) Concurrent Mark From Roots 24.232ms
[2023-02-14T15:41:29.993+0800][4740.499s] GC(213) Concurrent Preclean
[2023-02-14T15:41:29.994+0800][4740.499s] GC(213) Concurrent Preclean 0.219ms
[2023-02-14T15:41:29.994+0800][4740.500s] GC(213) Pause Remark
[2023-02-14T15:41:30.000+0800][4740.506s] GC(213) Pause Remark 92M->91M(512M) 6.604ms
[2023-02-14T15:41:30.000+0800][4740.506s] GC(213) User=0.00s Sys=0.00s Real=0.01s
[2023-02-14T15:41:30.001+0800][4740.507s] GC(213) Concurrent Mark 31.683ms
[2023-02-14T15:41:30.001+0800][4740.507s] GC(213) Concurrent Rebuild Remembered Sets
[2023-02-14T15:41:30.013+0800][4740.519s] GC(213) Concurrent Rebuild Remembered Sets 12.685ms
[2023-02-14T15:41:30.014+0800][4740.520s] GC(213) Pause Cleanup
[2023-02-14T15:41:30.014+0800][4740.520s] GC(213) Pause Cleanup 96M->96M(512M) 0.189ms
[2023-02-14T15:41:30.014+0800][4740.520s] GC(213) User=0.00s Sys=0.00s Real=0.00s
[2023-02-14T15:41:30.014+0800][4740.520s] GC(213) Concurrent Cleanup for Next Mark
[2023-02-14T15:41:30.014+0800][4740.520s] GC(213) Concurrent Cleanup for Next Mark 0.561ms
[2023-02-14T15:41:30.014+0800][4740.521s] GC(213) Concurrent Mark Cycle 47.807ms
[2023-02-14T15:41:30.801+0800][4741.308s] GC(214) Pause Young (Normal) (G1 Evacuation Pause)
[2023-02-14T15:41:30.801+0800][4741.308s] GC(214) Using 8 workers of 8 for evacuation
[2023-02-14T15:41:30.806+0800][4741.312s] GC(214)   Pre Evacuate Collection Set: 0.2ms
[2023-02-14T15:41:30.806+0800][4741.312s] GC(214)   Merge Heap Roots: 0.1ms
[2023-02-14T15:41:30.806+0800][4741.312s] GC(214)   Evacuate Collection Set: 3.2ms
[2023-02-14T15:41:30.806+0800][4741.312s] GC(214)   Post Evacuate Collection Set: 0.7ms
[2023-02-14T15:41:30.806+0800][4741.312s] GC(214)   Other: 0.2ms
[2023-02-14T15:41:30.806+0800][4741.312s] GC(214) Eden regions: 291->0(297)
[2023-02-14T15:41:30.806+0800][4741.312s] GC(214) Survivor regions: 16->10(39)
[2023-02-14T15:41:30.806+0800][4741.312s] GC(214) Old regions: 62->62
[2023-02-14T15:41:30.806+0800][4741.312s] GC(214) Archive regions: 0->0
[2023-02-14T15:41:30.806+0800][4741.312s] GC(214) Humongous regions: 7->4
[2023-02-14T15:41:30.806+0800][4741.312s] GC(214) Metaspace: 56211K(56704K)->56211K(56704K) NonClass: 49927K(50176K)->49927K(50176K) Class: 6283K(6528K)->6283K(6528K)
[2023-02-14T15:41:30.806+0800][4741.312s] GC(214) Pause Young (Normal) (G1 Evacuation Pause) 374M->74M(512M) 4.501ms
[2023-02-14T15:41:30.806+0800][4741.312s] GC(214) User=0.00s Sys=0.00s Real=0.00s
[2023-02-14T15:41:31.039+0800][4741.545s] GC(215) Pause Young (Concurrent Start) (G1 Humongous Allocation)
[2023-02-14T15:41:31.039+0800][4741.546s] GC(215) Using 8 workers of 8 for evacuation
[2023-02-14T15:41:31.044+0800][4741.550s] GC(215)   Pre Evacuate Collection Set: 0.1ms
[2023-02-14T15:41:31.044+0800][4741.550s] GC(215)   Merge Heap Roots: 0.1ms
[2023-02-14T15:41:31.044+0800][4741.550s] GC(215)   Evacuate Collection Set: 3.4ms
[2023-02-14T15:41:31.044+0800][4741.550s] GC(215)   Post Evacuate Collection Set: 0.7ms
[2023-02-14T15:41:31.044+0800][4741.550s] GC(215)   Other: 0.2ms
[2023-02-14T15:41:31.044+0800][4741.550s] GC(215) Eden regions: 104->0(293)
[2023-02-14T15:41:31.044+0800][4741.550s] GC(215) Survivor regions: 10->14(39)
[2023-02-14T15:41:31.044+0800][4741.550s] GC(215) Old regions: 62->62
[2023-02-14T15:41:31.044+0800][4741.550s] GC(215) Archive regions: 0->0
[2023-02-14T15:41:31.044+0800][4741.550s] GC(215) Humongous regions: 4->4
[2023-02-14T15:41:31.044+0800][4741.550s] GC(215) Metaspace: 56242K(56704K)->56242K(56704K) NonClass: 49959K(50176K)->49959K(50176K) Class: 6283K(6528K)->6283K(6528K)
[2023-02-14T15:41:31.044+0800][4741.550s] GC(215) Pause Young (Concurrent Start) (G1 Humongous Allocation) 178M->78M(512M) 4.641ms
[2023-02-14T15:41:31.044+0800][4741.550s] GC(215) User=0.00s Sys=0.00s Real=0.00s
[2023-02-14T15:41:31.044+0800][4741.550s] GC(216) Concurrent Mark Cycle
[2023-02-14T15:41:31.044+0800][4741.550s] GC(216) Concurrent Clear Claimed Marks
[2023-02-14T15:41:31.044+0800][4741.550s] GC(216) Concurrent Clear Claimed Marks 0.043ms
[2023-02-14T15:41:31.044+0800][4741.550s] GC(216) Concurrent Scan Root Regions
[2023-02-14T15:41:31.046+0800][4741.552s] GC(216) Concurrent Scan Root Regions 2.181ms
[2023-02-14T15:41:31.046+0800][4741.553s] GC(216) Concurrent Mark
[2023-02-14T15:41:31.046+0800][4741.553s] GC(216) Concurrent Mark From Roots
[2023-02-14T15:41:31.046+0800][4741.553s] GC(216) Using 2 workers of 2 for marking
[2023-02-14T15:41:31.068+0800][4741.575s] GC(216) Concurrent Mark From Roots 22.030ms
[2023-02-14T15:41:31.068+0800][4741.575s] GC(216) Concurrent Preclean
[2023-02-14T15:41:31.069+0800][4741.575s] GC(216) Concurrent Preclean 0.280ms
[2023-02-14T15:41:31.070+0800][4741.575s] GC(216) Pause Remark
[2023-02-14T15:41:31.073+0800][4741.578s] GC(216) Pause Remark 86M->86M(512M) 3.202ms
[2023-02-14T15:41:31.073+0800][4741.579s] GC(216) User=0.00s Sys=0.00s Real=0.00s
[2023-02-14T15:41:31.073+0800][4741.579s] GC(216) Concurrent Mark 26.075ms
[2023-02-14T15:41:31.073+0800][4741.579s] GC(216) Concurrent Rebuild Remembered Sets
[2023-02-14T15:41:31.086+0800][4741.591s] GC(216) Concurrent Rebuild Remembered Sets 12.702ms
[2023-02-14T15:41:31.086+0800][4741.592s] GC(216) Pause Cleanup
[2023-02-14T15:41:31.086+0800][4741.592s] GC(216) Pause Cleanup 91M->91M(512M) 0.167ms
[2023-02-14T15:41:31.086+0800][4741.592s] GC(216) User=0.00s Sys=0.00s Real=0.00s
[2023-02-14T15:41:31.086+0800][4741.592s] GC(216) Concurrent Cleanup for Next Mark
[2023-02-14T15:41:31.087+0800][4741.592s] GC(216) Concurrent Cleanup for Next Mark 0.497ms
[2023-02-14T15:41:31.087+0800][4741.592s] GC(216) Concurrent Mark Cycle 42.232ms
[2023-02-14T15:41:31.217+0800][4741.722s] GC(217) Pause Young (Concurrent Start) (G1 Humongous Allocation)
[2023-02-14T15:41:31.217+0800][4741.722s] GC(217) Using 8 workers of 8 for evacuation
[2023-02-14T15:41:31.220+0800][4741.727s] GC(217)   Pre Evacuate Collection Set: 0.2ms
[2023-02-14T15:41:31.220+0800][4741.727s] GC(217)   Merge Heap Roots: 0.1ms
[2023-02-14T15:41:31.220+0800][4741.727s] GC(217)   Evacuate Collection Set: 3.4ms
[2023-02-14T15:41:31.220+0800][4741.727s] GC(217)   Post Evacuate Collection Set: 0.6ms
[2023-02-14T15:41:31.220+0800][4741.727s] GC(217)   Other: 0.2ms
[2023-02-14T15:41:31.220+0800][4741.727s] GC(217) Eden regions: 73->0(291)
[2023-02-14T15:41:31.220+0800][4741.727s] GC(217) Survivor regions: 14->16(39)
[2023-02-14T15:41:31.220+0800][4741.727s] GC(217) Old regions: 62->62
[2023-02-14T15:41:31.220+0800][4741.727s] GC(217) Archive regions: 0->0
[2023-02-14T15:41:31.220+0800][4741.727s] GC(217) Humongous regions: 5->5
[2023-02-14T15:41:31.220+0800][4741.727s] GC(217) Metaspace: 56242K(56704K)->56242K(56704K) NonClass: 49959K(50176K)->49959K(50176K) Class: 6283K(6528K)->6283K(6528K)
[2023-02-14T15:41:31.220+0800][4741.727s] GC(217) Pause Young (Concurrent Start) (G1 Humongous Allocation) 152M->82M(512M) 4.551ms
[2023-02-14T15:41:31.222+0800][4741.727s] GC(217) User=0.00s Sys=0.00s Real=0.00s
[2023-02-14T15:41:31.222+0800][4741.727s] GC(218) Concurrent Mark Cycle
[2023-02-14T15:41:31.222+0800][4741.727s] GC(218) Concurrent Clear Claimed Marks
[2023-02-14T15:41:31.222+0800][4741.727s] GC(218) Concurrent Clear Claimed Marks 0.043ms
[2023-02-14T15:41:31.222+0800][4741.727s] GC(218) Concurrent Scan Root Regions
[2023-02-14T15:41:31.224+0800][4741.730s] GC(218) Concurrent Scan Root Regions 2.940ms
[2023-02-14T15:41:31.224+0800][4741.730s] GC(218) Concurrent Mark
[2023-02-14T15:41:31.224+0800][4741.730s] GC(218) Concurrent Mark From Roots
[2023-02-14T15:41:31.224+0800][4741.730s] GC(218) Using 2 workers of 2 for marking
[2023-02-14T15:41:31.245+0800][4741.751s] GC(218) Concurrent Mark From Roots 21.315ms
[2023-02-14T15:41:31.245+0800][4741.751s] GC(218) Concurrent Preclean
[2023-02-14T15:41:31.245+0800][4741.751s] GC(218) Concurrent Preclean 0.186ms
[2023-02-14T15:41:31.246+0800][4741.752s] GC(218) Pause Remark
[2023-02-14T15:41:31.256+0800][4741.762s] GC(218) Pause Remark 91M->91M(512M) 10.075ms
[2023-02-14T15:41:31.256+0800][4741.762s] GC(218) User=0.12s Sys=0.00s Real=0.01s
[2023-02-14T15:41:31.256+0800][4741.762s] GC(218) Concurrent Mark 32.133ms
[2023-02-14T15:41:31.256+0800][4741.762s] GC(218) Concurrent Rebuild Remembered Sets
[2023-02-14T15:41:31.271+0800][4741.777s] GC(218) Concurrent Rebuild Remembered Sets 15.078ms
[2023-02-14T15:41:31.271+0800][4741.777s] GC(218) Pause Cleanup
[2023-02-14T15:41:31.271+0800][4741.777s] GC(218) Pause Cleanup 96M->96M(512M) 0.121ms
[2023-02-14T15:41:31.272+0800][4741.777s] GC(218) User=0.00s Sys=0.00s Real=0.00s
[2023-02-14T15:41:31.272+0800][4741.777s] GC(218) Concurrent Cleanup for Next Mark
[2023-02-14T15:41:31.272+0800][4741.778s] GC(218) Concurrent Cleanup for Next Mark 0.913ms
[2023-02-14T15:41:31.273+0800][4741.779s] GC(218) Concurrent Mark Cycle 51.818ms
