[2023-03-01T19:15:33.081+0800][0.054s] Using G1
[2023-03-01T19:15:33.202+0800][0.176s] Version: 16.0.1+9-24 (release)
[2023-03-01T19:15:33.202+0800][0.176s] CPUs: 8 total, 8 available
[2023-03-01T19:15:33.202+0800][0.176s] Memory: 16015M
[2023-03-01T19:15:33.202+0800][0.176s] Large Page Support: Disabled
[2023-03-01T19:15:33.202+0800][0.176s] NUMA Support: Disabled
[2023-03-01T19:15:33.202+0800][0.176s] Compressed Oops: Enabled (32-bit)
[2023-03-01T19:15:33.202+0800][0.176s] Heap Region Size: 1M
[2023-03-01T19:15:33.202+0800][0.176s] Heap Min Capacity: 512M
[2023-03-01T19:15:33.202+0800][0.176s] Heap Initial Capacity: 512M
[2023-03-01T19:15:33.202+0800][0.176s] Heap Max Capacity: 512M
[2023-03-01T19:15:33.202+0800][0.176s] Pre-touch: Enabled
[2023-03-01T19:15:33.203+0800][0.176s] Parallel Workers: 8
[2023-03-01T19:15:33.203+0800][0.176s] Concurrent Workers: 2
[2023-03-01T19:15:33.203+0800][0.176s] Concurrent Refinement Workers: 8
[2023-03-01T19:15:33.203+0800][0.176s] Periodic GC: Disabled
[2023-03-01T19:15:33.204+0800][0.177s] CDS archive(s) mapped at: [0x0000000800000000-0x0000000800bb0000-0x0000000800bb0000), size 12255232, SharedBaseAddress: 0x0000000800000000, ArchiveRelocationMode: 0.
[2023-03-01T19:15:33.204+0800][0.177s] Compressed class space mapped at: 0x0000000800c00000-0x0000000840c00000, reserved size: 1073741824
[2023-03-01T19:15:33.204+0800][0.177s] Narrow klass base: 0x0000000800000000, Narrow klass shift: 3, Narrow klass range: 0x100000000
[2023-03-01T19:15:35.475+0800][2.449s] GC(0) Pause Young (Normal) (G1 Evacuation Pause)
[2023-03-01T19:15:35.475+0800][2.449s] GC(0) Using 8 workers of 8 for evacuation
[2023-03-01T19:15:35.479+0800][2.453s] GC(0)   Pre Evacuate Collection Set: 0.4ms
[2023-03-01T19:15:35.479+0800][2.453s] GC(0)   Merge Heap Roots: 0.1ms
[2023-03-01T19:15:35.479+0800][2.453s] GC(0)   Evacuate Collection Set: 1.8ms
[2023-03-01T19:15:35.479+0800][2.453s] GC(0)   Post Evacuate Collection Set: 0.8ms
[2023-03-01T19:15:35.479+0800][2.453s] GC(0)   Other: 1.7ms
[2023-03-01T19:15:35.479+0800][2.453s] GC(0) Eden regions: 29->0(43)
[2023-03-01T19:15:35.479+0800][2.453s] GC(0) Survivor regions: 0->4(4)
[2023-03-01T19:15:35.479+0800][2.453s] GC(0) Old regions: 0->0
[2023-03-01T19:15:35.479+0800][2.453s] GC(0) Archive regions: 0->0
[2023-03-01T19:15:35.479+0800][2.453s] GC(0) Humongous regions: 0->0
[2023-03-01T19:15:35.479+0800][2.453s] GC(0) Metaspace: 5176K(5376K)->5176K(5376K) NonClass: 4641K(4736K)->4641K(4736K) Class: 534K(640K)->534K(640K)
[2023-03-01T19:15:35.479+0800][2.453s] GC(0) Pause Young (Normal) (G1 Evacuation Pause) 29M->3M(512M) 4.486ms
[2023-03-01T19:15:35.479+0800][2.453s] GC(0) User=0.00s Sys=0.00s Real=0.00s
[2023-03-01T19:15:36.421+0800][3.395s] GC(1) Pause Young (Normal) (G1 Evacuation Pause)
[2023-03-01T19:15:36.421+0800][3.395s] GC(1) Using 8 workers of 8 for evacuation
[2023-03-01T19:15:36.430+0800][3.404s] GC(1)   Pre Evacuate Collection Set: 0.1ms
[2023-03-01T19:15:36.431+0800][3.404s] GC(1)   Merge Heap Roots: 0.0ms
[2023-03-01T19:15:36.431+0800][3.404s] GC(1)   Evacuate Collection Set: 7.8ms
[2023-03-01T19:15:36.431+0800][3.404s] GC(1)   Post Evacuate Collection Set: 1.5ms
[2023-03-01T19:15:36.431+0800][3.404s] GC(1)   Other: 0.2ms
[2023-03-01T19:15:36.431+0800][3.404s] GC(1) Eden regions: 43->0(301)
[2023-03-01T19:15:36.431+0800][3.404s] GC(1) Survivor regions: 4->6(6)
[2023-03-01T19:15:36.431+0800][3.404s] GC(1) Old regions: 0->8
[2023-03-01T19:15:36.431+0800][3.404s] GC(1) Archive regions: 0->0
[2023-03-01T19:15:36.431+0800][3.404s] GC(1) Humongous regions: 4->4
[2023-03-01T19:15:36.431+0800][3.404s] GC(1) Metaspace: 15378K(15616K)->15378K(15616K) NonClass: 13625K(13760K)->13625K(13760K) Class: 1752K(1856K)->1752K(1856K)
[2023-03-01T19:15:36.431+0800][3.404s] GC(1) Pause Young (Normal) (G1 Evacuation Pause) 50M->17M(512M) 9.783ms
[2023-03-01T19:15:36.431+0800][3.405s] GC(1) User=0.08s Sys=0.02s Real=0.01s
[2023-03-01T19:15:37.944+0800][4.924s] GC(2) Pause Young (Concurrent Start) (Metadata GC Threshold)
[2023-03-01T19:15:37.944+0800][4.924s] GC(2) Using 8 workers of 8 for evacuation
[2023-03-01T19:15:37.944+0800][4.930s] GC(2)   Pre Evacuate Collection Set: 0.2ms
[2023-03-01T19:15:37.944+0800][4.930s] GC(2)   Merge Heap Roots: 0.2ms
[2023-03-01T19:15:37.944+0800][4.930s] GC(2)   Evacuate Collection Set: 4.4ms
[2023-03-01T19:15:37.944+0800][4.930s] GC(2)   Post Evacuate Collection Set: 1.3ms
[2023-03-01T19:15:37.944+0800][4.930s] GC(2)   Other: 0.5ms
[2023-03-01T19:15:37.944+0800][4.930s] GC(2) Eden regions: 213->0(294)
[2023-03-01T19:15:37.944+0800][4.930s] GC(2) Survivor regions: 6->13(39)
[2023-03-01T19:15:37.944+0800][4.930s] GC(2) Old regions: 8->8
[2023-03-01T19:15:37.944+0800][4.930s] GC(2) Archive regions: 0->0
[2023-03-01T19:15:37.944+0800][4.930s] GC(2) Humongous regions: 5->4
[2023-03-01T19:15:37.944+0800][4.930s] GC(2) Metaspace: 20977K(21248K)->20977K(21248K) NonClass: 18528K(18688K)->18528K(18688K) Class: 2449K(2560K)->2449K(2560K)
[2023-03-01T19:15:37.944+0800][4.930s] GC(2) Pause Young (Concurrent Start) (Metadata GC Threshold) 230M->24M(512M) 6.589ms
[2023-03-01T19:15:37.944+0800][4.930s] GC(2) User=0.00s Sys=0.00s Real=0.00s
[2023-03-01T19:15:37.944+0800][4.931s] GC(3) Concurrent Mark Cycle
[2023-03-01T19:15:37.944+0800][4.931s] GC(3) Concurrent Clear Claimed Marks
[2023-03-01T19:15:37.944+0800][4.931s] GC(3) Concurrent Clear Claimed Marks 0.036ms
[2023-03-01T19:15:37.944+0800][4.931s] GC(3) Concurrent Scan Root Regions
[2023-03-01T19:15:37.959+0800][4.934s] GC(3) Concurrent Scan Root Regions 2.868ms
[2023-03-01T19:15:37.959+0800][4.934s] GC(3) Concurrent Mark
[2023-03-01T19:15:37.959+0800][4.934s] GC(3) Concurrent Mark From Roots
[2023-03-01T19:15:37.959+0800][4.934s] GC(3) Using 2 workers of 2 for marking
[2023-03-01T19:15:37.959+0800][4.939s] GC(3) Concurrent Mark From Roots 5.729ms
[2023-03-01T19:15:37.959+0800][4.939s] GC(3) Concurrent Preclean
[2023-03-01T19:15:37.959+0800][4.939s] GC(3) Concurrent Preclean 0.049ms
[2023-03-01T19:15:37.959+0800][4.940s] GC(3) Pause Remark
[2023-03-01T19:15:37.959+0800][4.941s] GC(3) Pause Remark 26M->26M(512M) 1.686ms
[2023-03-01T19:15:37.959+0800][4.941s] GC(3) User=0.00s Sys=0.00s Real=0.00s
[2023-03-01T19:15:37.959+0800][4.941s] GC(3) Concurrent Mark 7.784ms
[2023-03-01T19:15:37.959+0800][4.941s] GC(3) Concurrent Rebuild Remembered Sets
[2023-03-01T19:15:37.959+0800][4.945s] GC(3) Concurrent Rebuild Remembered Sets 3.443ms
[2023-03-01T19:15:37.959+0800][4.945s] GC(3) Pause Cleanup
[2023-03-01T19:15:37.959+0800][4.945s] GC(3) Pause Cleanup 27M->27M(512M) 0.105ms
[2023-03-01T19:15:37.959+0800][4.945s] GC(3) User=0.00s Sys=0.00s Real=0.00s
[2023-03-01T19:15:37.959+0800][4.945s] GC(3) Concurrent Cleanup for Next Mark
[2023-03-01T19:15:37.959+0800][4.946s] GC(3) Concurrent Cleanup for Next Mark 0.658ms
[2023-03-01T19:15:37.959+0800][4.946s] GC(3) Concurrent Mark Cycle 15.419ms
[2023-03-01T19:15:39.297+0800][6.272s] GC(4) Pause Young (Concurrent Start) (Metadata GC Threshold)
[2023-03-01T19:15:39.298+0800][6.272s] GC(4) Using 8 workers of 8 for evacuation
[2023-03-01T19:15:39.305+0800][6.279s] GC(4)   Pre Evacuate Collection Set: 0.1ms
[2023-03-01T19:15:39.305+0800][6.280s] GC(4)   Merge Heap Roots: 0.0ms
[2023-03-01T19:15:39.305+0800][6.280s] GC(4)   Evacuate Collection Set: 6.9ms
[2023-03-01T19:15:39.305+0800][6.280s] GC(4)   Post Evacuate Collection Set: 0.6ms
[2023-03-01T19:15:39.305+0800][6.280s] GC(4)   Other: 0.2ms
[2023-03-01T19:15:39.305+0800][6.280s] GC(4) Eden regions: 242->0(289)
[2023-03-01T19:15:39.305+0800][6.280s] GC(4) Survivor regions: 13->18(39)
[2023-03-01T19:15:39.305+0800][6.280s] GC(4) Old regions: 8->8
[2023-03-01T19:15:39.305+0800][6.280s] GC(4) Archive regions: 0->0
[2023-03-01T19:15:39.305+0800][6.280s] GC(4) Humongous regions: 4->4
[2023-03-01T19:15:39.305+0800][6.280s] GC(4) Metaspace: 35188K(35520K)->35188K(35520K) NonClass: 31052K(31232K)->31052K(31232K) Class: 4136K(4288K)->4136K(4288K)
[2023-03-01T19:15:39.305+0800][6.280s] GC(4) Pause Young (Concurrent Start) (Metadata GC Threshold) 266M->29M(512M) 7.988ms
[2023-03-01T19:15:39.306+0800][6.280s] GC(4) User=0.12s Sys=0.00s Real=0.01s
[2023-03-01T19:15:39.306+0800][6.280s] GC(5) Concurrent Mark Cycle
[2023-03-01T19:15:39.306+0800][6.280s] GC(5) Concurrent Clear Claimed Marks
[2023-03-01T19:15:39.306+0800][6.280s] GC(5) Concurrent Clear Claimed Marks 0.037ms
[2023-03-01T19:15:39.306+0800][6.280s] GC(5) Concurrent Scan Root Regions
[2023-03-01T19:15:39.310+0800][6.284s] GC(5) Concurrent Scan Root Regions 4.162ms
[2023-03-01T19:15:39.310+0800][6.284s] GC(5) Concurrent Mark
[2023-03-01T19:15:39.310+0800][6.284s] GC(5) Concurrent Mark From Roots
[2023-03-01T19:15:39.310+0800][6.284s] GC(5) Using 2 workers of 2 for marking
[2023-03-01T19:15:39.311+0800][6.291s] GC(5) Concurrent Mark From Roots 7.441ms
[2023-03-01T19:15:39.311+0800][6.292s] GC(5) Concurrent Preclean
[2023-03-01T19:15:39.311+0800][6.292s] GC(5) Concurrent Preclean 0.061ms
[2023-03-01T19:15:39.311+0800][6.292s] GC(5) Pause Remark
[2023-03-01T19:15:39.311+0800][6.293s] GC(5) Pause Remark 31M->31M(512M) 1.274ms
[2023-03-01T19:15:39.311+0800][6.293s] GC(5) User=0.00s Sys=0.00s Real=0.00s
[2023-03-01T19:15:39.311+0800][6.293s] GC(5) Concurrent Mark 8.981ms
[2023-03-01T19:15:39.311+0800][6.293s] GC(5) Concurrent Rebuild Remembered Sets
[2023-03-01T19:15:39.311+0800][6.296s] GC(5) Concurrent Rebuild Remembered Sets 3.081ms
[2023-03-01T19:15:39.311+0800][6.297s] GC(5) Pause Cleanup
[2023-03-01T19:15:39.311+0800][6.297s] GC(5) Pause Cleanup 32M->32M(512M) 0.071ms
[2023-03-01T19:15:39.311+0800][6.297s] GC(5) User=0.00s Sys=0.00s Real=0.00s
[2023-03-01T19:15:39.311+0800][6.297s] GC(5) Concurrent Cleanup for Next Mark
[2023-03-01T19:15:39.311+0800][6.298s] GC(5) Concurrent Cleanup for Next Mark 0.812ms
[2023-03-01T19:15:39.311+0800][6.298s] GC(5) Concurrent Mark Cycle 17.842ms
[2023-03-01T19:16:14.830+0800][41.804s] GC(6) Pause Young (Normal) (G1 Evacuation Pause)
[2023-03-01T19:16:14.830+0800][41.804s] GC(6) Using 8 workers of 8 for evacuation
[2023-03-01T19:16:14.841+0800][41.815s] GC(6)   Pre Evacuate Collection Set: 0.0ms
[2023-03-01T19:16:14.841+0800][41.815s] GC(6)   Merge Heap Roots: 0.1ms
[2023-03-01T19:16:14.841+0800][41.815s] GC(6)   Evacuate Collection Set: 9.7ms
[2023-03-01T19:16:14.841+0800][41.815s] GC(6)   Post Evacuate Collection Set: 0.9ms
[2023-03-01T19:16:14.841+0800][41.815s] GC(6)   Other: 0.1ms
[2023-03-01T19:16:14.841+0800][41.815s] GC(6) Eden regions: 289->0(280)
[2023-03-01T19:16:14.841+0800][41.815s] GC(6) Survivor regions: 18->27(39)
[2023-03-01T19:16:14.841+0800][41.815s] GC(6) Old regions: 8->8
[2023-03-01T19:16:14.841+0800][41.815s] GC(6) Archive regions: 0->0
[2023-03-01T19:16:14.841+0800][41.815s] GC(6) Humongous regions: 4->4
[2023-03-01T19:16:14.841+0800][41.815s] GC(6) Metaspace: 46432K(46912K)->46432K(46912K) NonClass: 40833K(41088K)->40833K(41088K) Class: 5599K(5824K)->5599K(5824K)
[2023-03-01T19:16:14.841+0800][41.815s] GC(6) Pause Young (Normal) (G1 Evacuation Pause) 318M->38M(512M) 10.974ms
[2023-03-01T19:16:14.841+0800][41.815s] GC(6) User=0.00s Sys=0.00s Real=0.01s
[2023-03-01T19:26:42.573+0800][669.547s] GC(7) Pause Young (Normal) (G1 Evacuation Pause)
[2023-03-01T19:26:42.573+0800][669.547s] GC(7) Using 8 workers of 8 for evacuation
[2023-03-01T19:26:42.586+0800][669.560s] GC(7)   Pre Evacuate Collection Set: 0.1ms
[2023-03-01T19:26:42.586+0800][669.560s] GC(7)   Merge Heap Roots: 0.0ms
[2023-03-01T19:26:42.586+0800][669.560s] GC(7)   Evacuate Collection Set: 11.2ms
[2023-03-01T19:26:42.586+0800][669.560s] GC(7)   Post Evacuate Collection Set: 1.5ms
[2023-03-01T19:26:42.586+0800][669.560s] GC(7)   Other: 0.2ms
[2023-03-01T19:26:42.586+0800][669.560s] GC(7) Eden regions: 280->0(284)
[2023-03-01T19:26:42.586+0800][669.560s] GC(7) Survivor regions: 27->23(39)
[2023-03-01T19:26:42.586+0800][669.560s] GC(7) Old regions: 8->14
[2023-03-01T19:26:42.586+0800][669.560s] GC(7) Archive regions: 0->0
[2023-03-01T19:26:42.586+0800][669.560s] GC(7) Humongous regions: 4->4
[2023-03-01T19:26:42.586+0800][669.560s] GC(7) Metaspace: 48883K(49280K)->48883K(49280K) NonClass: 43055K(43264K)->43055K(43264K) Class: 5827K(6016K)->5827K(6016K)
[2023-03-01T19:26:42.586+0800][669.561s] GC(7) Pause Young (Normal) (G1 Evacuation Pause) 318M->40M(512M) 13.338ms
[2023-03-01T19:26:42.586+0800][669.561s] GC(7) User=0.08s Sys=0.03s Real=0.01s
[2023-03-01T21:17:41.742+0800][7328.716s] Heap
[2023-03-01T21:17:41.742+0800][7328.716s]  garbage-first heap   total 524288K, used 137556K [0x00000000e0000000, 0x0000000100000000)
[2023-03-01T21:17:41.742+0800][7328.716s]   region size 1024K, 117 young (119808K), 23 survivors (23552K)
[2023-03-01T21:17:41.742+0800][7328.716s]  Metaspace       used 50797K, committed 51328K, reserved 1097728K
[2023-03-01T21:17:41.742+0800][7328.716s]   class space    used 5955K, committed 6208K, reserved 1048576K
