[2023-02-09T11:29:15.856+0800][0.011s] Using G1
[2023-02-09T11:29:15.969+0800][0.124s] Version: 16.0.1+9-24 (release)
[2023-02-09T11:29:15.969+0800][0.124s] CPUs: 8 total, 8 available
[2023-02-09T11:29:15.969+0800][0.124s] Memory: 16015M
[2023-02-09T11:29:15.969+0800][0.124s] Large Page Support: Disabled
[2023-02-09T11:29:15.969+0800][0.124s] NUMA Support: Disabled
[2023-02-09T11:29:15.969+0800][0.124s] Compressed Oops: Enabled (32-bit)
[2023-02-09T11:29:15.969+0800][0.124s] Heap Region Size: 1M
[2023-02-09T11:29:15.969+0800][0.124s] Heap Min Capacity: 512M
[2023-02-09T11:29:15.969+0800][0.124s] Heap Initial Capacity: 512M
[2023-02-09T11:29:15.969+0800][0.124s] Heap Max Capacity: 512M
[2023-02-09T11:29:15.969+0800][0.124s] Pre-touch: Enabled
[2023-02-09T11:29:15.970+0800][0.125s] Parallel Workers: 8
[2023-02-09T11:29:15.970+0800][0.125s] Concurrent Workers: 2
[2023-02-09T11:29:15.970+0800][0.125s] Concurrent Refinement Workers: 8
[2023-02-09T11:29:15.970+0800][0.125s] Periodic GC: Disabled
[2023-02-09T11:29:15.971+0800][0.126s] CDS archive(s) mapped at: [0x0000000800000000-0x0000000800bb0000-0x0000000800bb0000), size 12255232, SharedBaseAddress: 0x0000000800000000, ArchiveRelocationMode: 0.
[2023-02-09T11:29:15.971+0800][0.126s] Compressed class space mapped at: 0x0000000800c00000-0x0000000840c00000, reserved size: 1073741824
[2023-02-09T11:29:15.971+0800][0.126s] Narrow klass base: 0x0000000800000000, Narrow klass shift: 3, Narrow klass range: 0x100000000
[2023-02-09T11:29:16.483+0800][0.638s] GC(0) Pause Young (Normal) (G1 Evacuation Pause)
[2023-02-09T11:29:16.483+0800][0.638s] GC(0) Using 8 workers of 8 for evacuation
[2023-02-09T11:29:16.486+0800][0.641s] GC(0)   Pre Evacuate Collection Set: 0.1ms
[2023-02-09T11:29:16.486+0800][0.641s] GC(0)   Merge Heap Roots: 0.0ms
[2023-02-09T11:29:16.486+0800][0.641s] GC(0)   Evacuate Collection Set: 2.1ms
[2023-02-09T11:29:16.486+0800][0.641s] GC(0)   Post Evacuate Collection Set: 0.2ms
[2023-02-09T11:29:16.486+0800][0.641s] GC(0)   Other: 0.6ms
[2023-02-09T11:29:16.486+0800][0.641s] GC(0) Eden regions: 29->0(43)
[2023-02-09T11:29:16.486+0800][0.641s] GC(0) Survivor regions: 0->4(4)
[2023-02-09T11:29:16.486+0800][0.641s] GC(0) Old regions: 0->0
[2023-02-09T11:29:16.486+0800][0.641s] GC(0) Archive regions: 0->0
[2023-02-09T11:29:16.486+0800][0.641s] GC(0) Humongous regions: 0->0
[2023-02-09T11:29:16.486+0800][0.641s] GC(0) Metaspace: 5809K(5952K)->5809K(5952K) NonClass: 5179K(5248K)->5179K(5248K) Class: 629K(704K)->629K(704K)
[2023-02-09T11:29:16.486+0800][0.641s] GC(0) Pause Young (Normal) (G1 Evacuation Pause) 29M->3M(512M) 3.129ms
[2023-02-09T11:29:16.486+0800][0.641s] GC(0) User=0.00s Sys=0.00s Real=0.00s
[2023-02-09T11:29:17.039+0800][1.195s] GC(1) Pause Young (Normal) (G1 Evacuation Pause)
[2023-02-09T11:29:17.039+0800][1.195s] GC(1) Using 8 workers of 8 for evacuation
[2023-02-09T11:29:17.046+0800][1.202s] GC(1)   Pre Evacuate Collection Set: 0.1ms
[2023-02-09T11:29:17.046+0800][1.202s] GC(1)   Merge Heap Roots: 0.0ms
[2023-02-09T11:29:17.046+0800][1.202s] GC(1)   Evacuate Collection Set: 6.1ms
[2023-02-09T11:29:17.046+0800][1.202s] GC(1)   Post Evacuate Collection Set: 0.6ms
[2023-02-09T11:29:17.046+0800][1.202s] GC(1)   Other: 0.1ms
[2023-02-09T11:29:17.046+0800][1.202s] GC(1) Eden regions: 43->0(301)
[2023-02-09T11:29:17.046+0800][1.202s] GC(1) Survivor regions: 4->6(6)
[2023-02-09T11:29:17.046+0800][1.202s] GC(1) Old regions: 0->8
[2023-02-09T11:29:17.046+0800][1.202s] GC(1) Archive regions: 0->0
[2023-02-09T11:29:17.046+0800][1.202s] GC(1) Humongous regions: 4->4
[2023-02-09T11:29:17.046+0800][1.202s] GC(1) Metaspace: 16170K(16384K)->16170K(16384K) NonClass: 14318K(14464K)->14318K(14464K) Class: 1852K(1920K)->1852K(1920K)
[2023-02-09T11:29:17.046+0800][1.202s] GC(1) Pause Young (Normal) (G1 Evacuation Pause) 50M->17M(512M) 7.051ms
[2023-02-09T11:29:17.046+0800][1.202s] GC(1) User=0.00s Sys=0.00s Real=0.01s
[2023-02-09T11:29:17.632+0800][1.787s] GC(2) Pause Young (Concurrent Start) (Metadata GC Threshold)
[2023-02-09T11:29:17.632+0800][1.787s] GC(2) Using 8 workers of 8 for evacuation
[2023-02-09T11:29:17.639+0800][1.794s] GC(2)   Pre Evacuate Collection Set: 0.1ms
[2023-02-09T11:29:17.639+0800][1.794s] GC(2)   Merge Heap Roots: 0.0ms
[2023-02-09T11:29:17.639+0800][1.794s] GC(2)   Evacuate Collection Set: 6.0ms
[2023-02-09T11:29:17.639+0800][1.794s] GC(2)   Post Evacuate Collection Set: 0.6ms
[2023-02-09T11:29:17.639+0800][1.794s] GC(2)   Other: 0.3ms
[2023-02-09T11:29:17.639+0800][1.794s] GC(2) Eden regions: 138->0(219)
[2023-02-09T11:29:17.639+0800][1.794s] GC(2) Survivor regions: 6->13(39)
[2023-02-09T11:29:17.639+0800][1.794s] GC(2) Old regions: 8->8
[2023-02-09T11:29:17.639+0800][1.794s] GC(2) Archive regions: 0->0
[2023-02-09T11:29:17.639+0800][1.794s] GC(2) Humongous regions: 5->4
[2023-02-09T11:29:17.639+0800][1.794s] GC(2) Metaspace: 21050K(21248K)->21050K(21248K) NonClass: 18585K(18688K)->18585K(18688K) Class: 2464K(2560K)->2464K(2560K)
[2023-02-09T11:29:17.639+0800][1.795s] GC(2) Pause Young (Concurrent Start) (Metadata GC Threshold) 156M->24M(512M) 7.246ms
[2023-02-09T11:29:17.639+0800][1.795s] GC(2) User=0.00s Sys=0.00s Real=0.01s
[2023-02-09T11:29:17.639+0800][1.795s] GC(3) Concurrent Mark Cycle
[2023-02-09T11:29:17.639+0800][1.795s] GC(3) Concurrent Clear Claimed Marks
[2023-02-09T11:29:17.639+0800][1.795s] GC(3) Concurrent Clear Claimed Marks 0.035ms
[2023-02-09T11:29:17.639+0800][1.795s] GC(3) Concurrent Scan Root Regions
[2023-02-09T11:29:17.642+0800][1.797s] GC(3) Concurrent Scan Root Regions 2.312ms
[2023-02-09T11:29:17.642+0800][1.797s] GC(3) Concurrent Mark
[2023-02-09T11:29:17.642+0800][1.797s] GC(3) Concurrent Mark From Roots
[2023-02-09T11:29:17.642+0800][1.797s] GC(3) Using 2 workers of 2 for marking
[2023-02-09T11:29:17.649+0800][1.804s] GC(3) Concurrent Mark From Roots 6.894ms
[2023-02-09T11:29:17.649+0800][1.804s] GC(3) Concurrent Preclean
[2023-02-09T11:29:17.649+0800][1.804s] GC(3) Concurrent Preclean 0.091ms
[2023-02-09T11:29:17.649+0800][1.804s] GC(3) Pause Remark
[2023-02-09T11:29:17.650+0800][1.806s] GC(3) Pause Remark 26M->26M(512M) 1.618ms
[2023-02-09T11:29:17.650+0800][1.806s] GC(3) User=0.00s Sys=0.00s Real=0.00s
[2023-02-09T11:29:17.651+0800][1.806s] GC(3) Concurrent Mark 8.868ms
[2023-02-09T11:29:17.651+0800][1.806s] GC(3) Concurrent Rebuild Remembered Sets
[2023-02-09T11:29:17.655+0800][1.810s] GC(3) Concurrent Rebuild Remembered Sets 4.008ms
[2023-02-09T11:29:17.655+0800][1.811s] GC(3) Pause Cleanup
[2023-02-09T11:29:17.656+0800][1.811s] GC(3) Pause Cleanup 27M->27M(512M) 0.101ms
[2023-02-09T11:29:17.656+0800][1.811s] GC(3) User=0.00s Sys=0.00s Real=0.00s
[2023-02-09T11:29:17.656+0800][1.811s] GC(3) Concurrent Cleanup for Next Mark
[2023-02-09T11:29:17.656+0800][1.812s] GC(3) Concurrent Cleanup for Next Mark 0.835ms
[2023-02-09T11:29:17.657+0800][1.812s] GC(3) Concurrent Mark Cycle 17.337ms
[2023-02-09T11:29:26.063+0800][10.218s] GC(4) Pause Young (Concurrent Start) (Metadata GC Threshold)
[2023-02-09T11:29:26.063+0800][10.219s] GC(4) Using 8 workers of 8 for evacuation
[2023-02-09T11:29:26.074+0800][10.230s] GC(4)   Pre Evacuate Collection Set: 0.2ms
[2023-02-09T11:29:26.074+0800][10.230s] GC(4)   Merge Heap Roots: 0.1ms
[2023-02-09T11:29:26.074+0800][10.230s] GC(4)   Evacuate Collection Set: 9.7ms
[2023-02-09T11:29:26.074+0800][10.230s] GC(4)   Post Evacuate Collection Set: 1.0ms
[2023-02-09T11:29:26.074+0800][10.230s] GC(4)   Other: 0.2ms
[2023-02-09T11:29:26.074+0800][10.230s] GC(4) Eden regions: 165->0(289)
[2023-02-09T11:29:26.074+0800][10.230s] GC(4) Survivor regions: 13->18(30)
[2023-02-09T11:29:26.074+0800][10.230s] GC(4) Old regions: 8->8
[2023-02-09T11:29:26.074+0800][10.230s] GC(4) Archive regions: 0->0
[2023-02-09T11:29:26.074+0800][10.230s] GC(4) Humongous regions: 4->4
[2023-02-09T11:29:26.074+0800][10.230s] GC(4) Metaspace: 35452K(35776K)->35452K(35776K) NonClass: 31246K(31424K)->31246K(31424K) Class: 4205K(4352K)->4205K(4352K)
[2023-02-09T11:29:26.074+0800][10.230s] GC(4) Pause Young (Concurrent Start) (Metadata GC Threshold) 188M->29M(512M) 11.217ms
[2023-02-09T11:29:26.074+0800][10.230s] GC(4) User=0.00s Sys=0.00s Real=0.01s
[2023-02-09T11:29:26.074+0800][10.230s] GC(5) Concurrent Mark Cycle
[2023-02-09T11:29:26.074+0800][10.230s] GC(5) Concurrent Clear Claimed Marks
[2023-02-09T11:29:26.074+0800][10.230s] GC(5) Concurrent Clear Claimed Marks 0.037ms
[2023-02-09T11:29:26.074+0800][10.230s] GC(5) Concurrent Scan Root Regions
[2023-02-09T11:29:26.080+0800][10.234s] GC(5) Concurrent Scan Root Regions 4.326ms
[2023-02-09T11:29:26.080+0800][10.234s] GC(5) Concurrent Mark
[2023-02-09T11:29:26.080+0800][10.234s] GC(5) Concurrent Mark From Roots
[2023-02-09T11:29:26.080+0800][10.234s] GC(5) Using 2 workers of 2 for marking
[2023-02-09T11:29:26.084+0800][10.240s] GC(5) Concurrent Mark From Roots 5.693ms
[2023-02-09T11:29:26.084+0800][10.240s] GC(5) Concurrent Preclean
[2023-02-09T11:29:26.085+0800][10.240s] GC(5) Concurrent Preclean 0.071ms
[2023-02-09T11:29:26.085+0800][10.240s] GC(5) Pause Remark
[2023-02-09T11:29:26.089+0800][10.245s] GC(5) Pause Remark 31M->31M(512M) 4.450ms
[2023-02-09T11:29:26.089+0800][10.245s] GC(5) User=0.00s Sys=0.00s Real=0.00s
[2023-02-09T11:29:26.089+0800][10.245s] GC(5) Concurrent Mark 10.564ms
[2023-02-09T11:29:26.089+0800][10.245s] GC(5) Concurrent Rebuild Remembered Sets
[2023-02-09T11:29:26.094+0800][10.249s] GC(5) Concurrent Rebuild Remembered Sets 4.310ms
[2023-02-09T11:29:26.094+0800][10.250s] GC(5) Pause Cleanup
[2023-02-09T11:29:26.094+0800][10.250s] GC(5) Pause Cleanup 31M->31M(512M) 0.115ms
[2023-02-09T11:29:26.094+0800][10.250s] GC(5) User=0.00s Sys=0.00s Real=0.00s
[2023-02-09T11:29:26.094+0800][10.250s] GC(5) Concurrent Cleanup for Next Mark
[2023-02-09T11:29:26.095+0800][10.250s] GC(5) Concurrent Cleanup for Next Mark 0.724ms
[2023-02-09T11:29:26.095+0800][10.251s] GC(5) Concurrent Mark Cycle 20.633ms
[2023-02-09T11:33:47.865+0800][272.020s] GC(6) Pause Young (Normal) (G1 Evacuation Pause)
[2023-02-09T11:33:47.865+0800][272.020s] GC(6) Using 8 workers of 8 for evacuation
[2023-02-09T11:33:47.875+0800][272.030s] GC(6)   Pre Evacuate Collection Set: 0.2ms
[2023-02-09T11:33:47.875+0800][272.030s] GC(6)   Merge Heap Roots: 0.2ms
[2023-02-09T11:33:47.875+0800][272.031s] GC(6)   Evacuate Collection Set: 8.5ms
[2023-02-09T11:33:47.875+0800][272.031s] GC(6)   Post Evacuate Collection Set: 1.3ms
[2023-02-09T11:33:47.875+0800][272.031s] GC(6)   Other: 0.2ms
[2023-02-09T11:33:47.875+0800][272.031s] GC(6) Eden regions: 289->0(281)
[2023-02-09T11:33:47.875+0800][272.031s] GC(6) Survivor regions: 18->26(39)
[2023-02-09T11:33:47.875+0800][272.031s] GC(6) Old regions: 8->8
[2023-02-09T11:33:47.875+0800][272.031s] GC(6) Archive regions: 0->0
[2023-02-09T11:33:47.875+0800][272.031s] GC(6) Humongous regions: 4->4
[2023-02-09T11:33:47.875+0800][272.031s] GC(6) Metaspace: 46408K(46848K)->46408K(46848K) NonClass: 40842K(41088K)->40842K(41088K) Class: 5565K(5760K)->5565K(5760K)
[2023-02-09T11:33:47.875+0800][272.031s] GC(6) Pause Young (Normal) (G1 Evacuation Pause) 318M->37M(512M) 10.492ms
[2023-02-09T11:33:47.875+0800][272.031s] GC(6) User=0.00s Sys=0.00s Real=0.01s
[2023-02-09T11:33:49.109+0800][273.264s] GC(7) Pause Young (Normal) (G1 Evacuation Pause)
[2023-02-09T11:33:49.109+0800][273.264s] GC(7) Using 8 workers of 8 for evacuation
[2023-02-09T11:33:49.124+0800][273.279s] GC(7)   Pre Evacuate Collection Set: 0.1ms
[2023-02-09T11:33:49.124+0800][273.279s] GC(7)   Merge Heap Roots: 0.1ms
[2023-02-09T11:33:49.124+0800][273.279s] GC(7)   Evacuate Collection Set: 13.3ms
[2023-02-09T11:33:49.124+0800][273.279s] GC(7)   Post Evacuate Collection Set: 1.5ms
[2023-02-09T11:33:49.124+0800][273.279s] GC(7)   Other: 0.1ms
[2023-02-09T11:33:49.124+0800][273.279s] GC(7) Eden regions: 281->0(268)
[2023-02-09T11:33:49.124+0800][273.279s] GC(7) Survivor regions: 26->39(39)
[2023-02-09T11:33:49.124+0800][273.279s] GC(7) Old regions: 8->15
[2023-02-09T11:33:49.124+0800][273.279s] GC(7) Archive regions: 0->0
[2023-02-09T11:33:49.124+0800][273.279s] GC(7) Humongous regions: 5->5
[2023-02-09T11:33:49.124+0800][273.279s] GC(7) Metaspace: 47405K(47808K)->47405K(47808K) NonClass: 41821K(42048K)->41821K(42048K) Class: 5583K(5760K)->5583K(5760K)
[2023-02-09T11:33:49.124+0800][273.279s] GC(7) Pause Young (Normal) (G1 Evacuation Pause) 319M->58M(512M) 15.232ms
[2023-02-09T11:33:49.124+0800][273.279s] GC(7) User=0.11s Sys=0.02s Real=0.02s
[2023-02-09T11:34:15.706+0800][299.861s] GC(8) Pause Young (Normal) (G1 Evacuation Pause)
[2023-02-09T11:34:15.706+0800][299.861s] GC(8) Using 8 workers of 8 for evacuation
[2023-02-09T11:34:15.718+0800][299.873s] GC(8)   Pre Evacuate Collection Set: 0.1ms
[2023-02-09T11:34:15.718+0800][299.873s] GC(8)   Merge Heap Roots: 0.1ms
[2023-02-09T11:34:15.718+0800][299.873s] GC(8)   Evacuate Collection Set: 10.6ms
[2023-02-09T11:34:15.718+0800][299.873s] GC(8)   Post Evacuate Collection Set: 1.2ms
[2023-02-09T11:34:15.718+0800][299.874s] GC(8)   Other: 0.2ms
[2023-02-09T11:34:15.718+0800][299.874s] GC(8) Eden regions: 268->0(303)
[2023-02-09T11:34:15.718+0800][299.874s] GC(8) Survivor regions: 39->4(39)
[2023-02-09T11:34:15.718+0800][299.874s] GC(8) Old regions: 15->35
[2023-02-09T11:34:15.718+0800][299.874s] GC(8) Archive regions: 0->0
[2023-02-09T11:34:15.718+0800][299.874s] GC(8) Humongous regions: 5->4
[2023-02-09T11:34:15.718+0800][299.874s] GC(8) Metaspace: 49804K(50176K)->49804K(50176K) NonClass: 43966K(44160K)->43966K(44160K) Class: 5838K(6016K)->5838K(6016K)
[2023-02-09T11:34:15.718+0800][299.874s] GC(8) Pause Young (Normal) (G1 Evacuation Pause) 326M->42M(512M) 12.404ms
[2023-02-09T11:34:15.718+0800][299.874s] GC(8) User=0.06s Sys=0.02s Real=0.01s
[2023-02-09T12:14:20.646+0800][2704.801s] GC(9) Pause Young (Normal) (G1 Evacuation Pause)
[2023-02-09T12:14:20.646+0800][2704.801s] GC(9) Using 8 workers of 8 for evacuation
[2023-02-09T12:14:20.654+0800][2704.810s] GC(9)   Pre Evacuate Collection Set: 0.1ms
[2023-02-09T12:14:20.654+0800][2704.810s] GC(9)   Merge Heap Roots: 0.1ms
[2023-02-09T12:14:20.654+0800][2704.810s] GC(9)   Evacuate Collection Set: 7.1ms
[2023-02-09T12:14:20.654+0800][2704.810s] GC(9)   Post Evacuate Collection Set: 0.9ms
[2023-02-09T12:14:20.654+0800][2704.810s] GC(9)   Other: 0.2ms
[2023-02-09T12:14:20.654+0800][2704.810s] GC(9) Eden regions: 303->0(294)
[2023-02-09T12:14:20.654+0800][2704.810s] GC(9) Survivor regions: 4->13(39)
[2023-02-09T12:14:20.654+0800][2704.810s] GC(9) Old regions: 35->35
[2023-02-09T12:14:20.654+0800][2704.810s] GC(9) Archive regions: 0->0
[2023-02-09T12:14:20.654+0800][2704.810s] GC(9) Humongous regions: 4->4
[2023-02-09T12:14:20.654+0800][2704.810s] GC(9) Metaspace: 52422K(52992K)->52422K(52992K) NonClass: 46389K(46656K)->46389K(46656K) Class: 6033K(6336K)->6033K(6336K)
[2023-02-09T12:14:20.654+0800][2704.810s] GC(9) Pause Young (Normal) (G1 Evacuation Pause) 345M->50M(512M) 8.492ms
[2023-02-09T12:14:20.654+0800][2704.810s] GC(9) User=0.00s Sys=0.00s Real=0.01s
[2023-02-09T12:20:33.345+0800][3077.500s] GC(10) Pause Young (Normal) (G1 Evacuation Pause)
[2023-02-09T12:20:33.345+0800][3077.500s] GC(10) Using 8 workers of 8 for evacuation
[2023-02-09T12:20:33.357+0800][3077.512s] GC(10)   Pre Evacuate Collection Set: 0.2ms
[2023-02-09T12:20:33.357+0800][3077.512s] GC(10)   Merge Heap Roots: 0.2ms
[2023-02-09T12:20:33.357+0800][3077.512s] GC(10)   Evacuate Collection Set: 9.9ms
[2023-02-09T12:20:33.357+0800][3077.512s] GC(10)   Post Evacuate Collection Set: 1.0ms
[2023-02-09T12:20:33.357+0800][3077.512s] GC(10)   Other: 0.1ms
[2023-02-09T12:20:33.357+0800][3077.512s] GC(10) Eden regions: 294->0(284)
[2023-02-09T12:20:33.357+0800][3077.512s] GC(10) Survivor regions: 13->23(39)
[2023-02-09T12:20:33.357+0800][3077.512s] GC(10) Old regions: 35->35
[2023-02-09T12:20:33.357+0800][3077.512s] GC(10) Archive regions: 0->0
[2023-02-09T12:20:33.357+0800][3077.512s] GC(10) Humongous regions: 4->4
[2023-02-09T12:20:33.357+0800][3077.512s] GC(10) Metaspace: 53272K(53888K)->53272K(53888K) NonClass: 47199K(47488K)->47199K(47488K) Class: 6072K(6400K)->6072K(6400K)
[2023-02-09T12:20:33.357+0800][3077.512s] GC(10) Pause Young (Normal) (G1 Evacuation Pause) 344M->61M(512M) 11.532ms
[2023-02-09T12:20:33.357+0800][3077.512s] GC(10) User=0.12s Sys=0.00s Real=0.01s
[2023-02-09T12:26:37.021+0800][3441.176s] GC(11) Pause Young (Normal) (G1 Evacuation Pause)
[2023-02-09T12:26:37.021+0800][3441.176s] GC(11) Using 8 workers of 8 for evacuation
[2023-02-09T12:26:37.036+0800][3441.191s] GC(11)   Pre Evacuate Collection Set: 0.1ms
[2023-02-09T12:26:37.036+0800][3441.191s] GC(11)   Merge Heap Roots: 0.1ms
[2023-02-09T12:26:37.036+0800][3441.191s] GC(11)   Evacuate Collection Set: 14.2ms
[2023-02-09T12:26:37.036+0800][3441.191s] GC(11)   Post Evacuate Collection Set: 0.9ms
[2023-02-09T12:26:37.036+0800][3441.191s] GC(11)   Other: 0.2ms
[2023-02-09T12:26:37.036+0800][3441.191s] GC(11) Eden regions: 284->0(278)
[2023-02-09T12:26:37.036+0800][3441.191s] GC(11) Survivor regions: 23->29(39)
[2023-02-09T12:26:37.036+0800][3441.191s] GC(11) Old regions: 35->43
[2023-02-09T12:26:37.036+0800][3441.191s] GC(11) Archive regions: 0->0
[2023-02-09T12:26:37.036+0800][3441.191s] GC(11) Humongous regions: 4->4
[2023-02-09T12:26:37.036+0800][3441.191s] GC(11) Metaspace: 53880K(54528K)->53880K(54528K) NonClass: 47773K(48064K)->47773K(48064K) Class: 6106K(6464K)->6106K(6464K)
[2023-02-09T12:26:37.037+0800][3441.192s] GC(11) Pause Young (Normal) (G1 Evacuation Pause) 345M->75M(512M) 15.648ms
[2023-02-09T12:26:37.037+0800][3441.192s] GC(11) User=0.00s Sys=0.00s Real=0.02s
[2023-02-09T12:41:05.405+0800][4309.560s] GC(12) Pause Young (Normal) (G1 Evacuation Pause)
[2023-02-09T12:41:05.405+0800][4309.560s] GC(12) Using 8 workers of 8 for evacuation
[2023-02-09T12:41:05.422+0800][4309.576s] GC(12)   Pre Evacuate Collection Set: 0.2ms
[2023-02-09T12:41:05.422+0800][4309.576s] GC(12)   Merge Heap Roots: 0.1ms
[2023-02-09T12:41:05.422+0800][4309.576s] GC(12)   Evacuate Collection Set: 15.3ms
[2023-02-09T12:41:05.422+0800][4309.576s] GC(12)   Post Evacuate Collection Set: 0.7ms
[2023-02-09T12:41:05.422+0800][4309.576s] GC(12)   Other: 0.1ms
[2023-02-09T12:41:05.422+0800][4309.576s] GC(12) Eden regions: 278->0(277)
[2023-02-09T12:41:05.422+0800][4309.576s] GC(12) Survivor regions: 29->30(39)
[2023-02-09T12:41:05.422+0800][4309.576s] GC(12) Old regions: 43->57
[2023-02-09T12:41:05.422+0800][4309.576s] GC(12) Archive regions: 0->0
[2023-02-09T12:41:05.422+0800][4309.576s] GC(12) Humongous regions: 4->4
[2023-02-09T12:41:05.422+0800][4309.576s] GC(12) Metaspace: 54085K(54720K)->54085K(54720K) NonClass: 47978K(48256K)->47978K(48256K) Class: 6106K(6464K)->6106K(6464K)
[2023-02-09T12:41:05.422+0800][4309.576s] GC(12) Pause Young (Normal) (G1 Evacuation Pause) 353M->90M(512M) 16.615ms
[2023-02-09T12:41:05.422+0800][4309.576s] GC(12) User=0.09s Sys=0.03s Real=0.02s
[2023-02-09T12:45:21.559+0800][4565.713s] GC(13) Pause Young (Normal) (G1 Evacuation Pause)
[2023-02-09T12:45:21.559+0800][4565.713s] GC(13) Using 8 workers of 8 for evacuation
[2023-02-09T12:45:21.573+0800][4565.728s] GC(13)   Pre Evacuate Collection Set: 0.2ms
[2023-02-09T12:45:21.573+0800][4565.728s] GC(13)   Merge Heap Roots: 0.1ms
[2023-02-09T12:45:21.573+0800][4565.728s] GC(13)   Evacuate Collection Set: 13.3ms
[2023-02-09T12:45:21.573+0800][4565.728s] GC(13)   Post Evacuate Collection Set: 0.8ms
[2023-02-09T12:45:21.573+0800][4565.728s] GC(13)   Other: 0.2ms
[2023-02-09T12:45:21.573+0800][4565.728s] GC(13) Eden regions: 277->0(281)
[2023-02-09T12:45:21.573+0800][4565.728s] GC(13) Survivor regions: 30->26(39)
[2023-02-09T12:45:21.573+0800][4565.728s] GC(13) Old regions: 57->71
[2023-02-09T12:45:21.573+0800][4565.728s] GC(13) Archive regions: 0->0
[2023-02-09T12:45:21.573+0800][4565.728s] GC(13) Humongous regions: 4->4
[2023-02-09T12:45:21.573+0800][4565.728s] GC(13) Metaspace: 54520K(55168K)->54520K(55168K) NonClass: 48396K(48704K)->48396K(48704K) Class: 6124K(6464K)->6124K(6464K)
[2023-02-09T12:45:21.573+0800][4565.728s] GC(13) Pause Young (Normal) (G1 Evacuation Pause) 367M->100M(512M) 14.630ms
[2023-02-09T12:45:21.573+0800][4565.728s] GC(13) User=0.12s Sys=0.00s Real=0.01s
[2023-02-09T12:47:12.574+0800][4676.729s] GC(14) Pause Young (Normal) (G1 Evacuation Pause)
[2023-02-09T12:47:12.574+0800][4676.729s] GC(14) Using 8 workers of 8 for evacuation
[2023-02-09T12:47:12.586+0800][4676.742s] GC(14)   Pre Evacuate Collection Set: 0.2ms
[2023-02-09T12:47:12.586+0800][4676.742s] GC(14)   Merge Heap Roots: 0.1ms
[2023-02-09T12:47:12.586+0800][4676.742s] GC(14)   Evacuate Collection Set: 11.4ms
[2023-02-09T12:47:12.586+0800][4676.742s] GC(14)   Post Evacuate Collection Set: 0.7ms
[2023-02-09T12:47:12.586+0800][4676.742s] GC(14)   Other: 0.2ms
[2023-02-09T12:47:12.586+0800][4676.742s] GC(14) Eden regions: 281->0(283)
[2023-02-09T12:47:12.586+0800][4676.742s] GC(14) Survivor regions: 26->24(39)
[2023-02-09T12:47:12.586+0800][4676.742s] GC(14) Old regions: 71->81
[2023-02-09T12:47:12.586+0800][4676.742s] GC(14) Archive regions: 0->0
[2023-02-09T12:47:12.586+0800][4676.742s] GC(14) Humongous regions: 4->4
[2023-02-09T12:47:12.586+0800][4676.742s] GC(14) Metaspace: 54670K(55296K)->54670K(55296K) NonClass: 48540K(48832K)->48540K(48832K) Class: 6130K(6464K)->6130K(6464K)
[2023-02-09T12:47:12.586+0800][4676.742s] GC(14) Pause Young (Normal) (G1 Evacuation Pause) 381M->108M(512M) 12.851ms
[2023-02-09T12:47:12.586+0800][4676.742s] GC(14) User=0.11s Sys=0.00s Real=0.01s
[2023-02-09T12:49:16.018+0800][4800.173s] GC(15) Pause Young (Normal) (G1 Evacuation Pause)
[2023-02-09T12:49:16.018+0800][4800.173s] GC(15) Using 8 workers of 8 for evacuation
[2023-02-09T12:49:16.031+0800][4800.186s] GC(15)   Pre Evacuate Collection Set: 0.1ms
[2023-02-09T12:49:16.031+0800][4800.186s] GC(15)   Merge Heap Roots: 0.0ms
[2023-02-09T12:49:16.031+0800][4800.186s] GC(15)   Evacuate Collection Set: 11.6ms
[2023-02-09T12:49:16.031+0800][4800.186s] GC(15)   Post Evacuate Collection Set: 0.7ms
[2023-02-09T12:49:16.031+0800][4800.186s] GC(15)   Other: 0.2ms
[2023-02-09T12:49:16.031+0800][4800.186s] GC(15) Eden regions: 283->0(286)
[2023-02-09T12:49:16.031+0800][4800.186s] GC(15) Survivor regions: 24->21(39)
[2023-02-09T12:49:16.031+0800][4800.186s] GC(15) Old regions: 81->95
[2023-02-09T12:49:16.031+0800][4800.186s] GC(15) Archive regions: 0->0
[2023-02-09T12:49:16.031+0800][4800.186s] GC(15) Humongous regions: 4->4
[2023-02-09T12:49:16.031+0800][4800.186s] GC(15) Metaspace: 54742K(55360K)->54742K(55360K) NonClass: 48612K(48896K)->48612K(48896K) Class: 6130K(6464K)->6130K(6464K)
[2023-02-09T12:49:16.031+0800][4800.186s] GC(15) Pause Young (Normal) (G1 Evacuation Pause) 391M->119M(512M) 12.766ms
[2023-02-09T12:49:16.031+0800][4800.186s] GC(15) User=0.12s Sys=0.00s Real=0.01s
[2023-02-09T12:50:09.821+0800][4853.976s] GC(16) Pause Young (Normal) (G1 Evacuation Pause)
[2023-02-09T12:50:09.821+0800][4853.976s] GC(16) Using 8 workers of 8 for evacuation
[2023-02-09T12:50:09.834+0800][4853.989s] GC(16)   Pre Evacuate Collection Set: 0.1ms
[2023-02-09T12:50:09.834+0800][4853.989s] GC(16)   Merge Heap Roots: 0.1ms
[2023-02-09T12:50:09.834+0800][4853.989s] GC(16)   Evacuate Collection Set: 11.5ms
[2023-02-09T12:50:09.834+0800][4853.989s] GC(16)   Post Evacuate Collection Set: 0.6ms
[2023-02-09T12:50:09.834+0800][4853.989s] GC(16)   Other: 0.2ms
[2023-02-09T12:50:09.834+0800][4853.989s] GC(16) Eden regions: 286->0(274)
[2023-02-09T12:50:09.834+0800][4853.989s] GC(16) Survivor regions: 21->33(39)
[2023-02-09T12:50:09.834+0800][4853.989s] GC(16) Old regions: 95->95
[2023-02-09T12:50:09.834+0800][4853.989s] GC(16) Archive regions: 0->0
[2023-02-09T12:50:09.834+0800][4853.989s] GC(16) Humongous regions: 4->4
[2023-02-09T12:50:09.834+0800][4853.989s] GC(16) Metaspace: 54840K(55488K)->54840K(55488K) NonClass: 48709K(49024K)->48709K(49024K) Class: 6131K(6464K)->6131K(6464K)
[2023-02-09T12:50:09.834+0800][4853.989s] GC(16) Pause Young (Normal) (G1 Evacuation Pause) 405M->131M(512M) 12.700ms
[2023-02-09T12:50:09.834+0800][4853.989s] GC(16) User=0.11s Sys=0.00s Real=0.01s
[2023-02-09T12:53:02.839+0800][5026.994s] GC(17) Pause Young (Normal) (G1 Evacuation Pause)
[2023-02-09T12:53:02.839+0800][5026.994s] GC(17) Using 8 workers of 8 for evacuation
[2023-02-09T12:53:02.857+0800][5027.012s] GC(17)   Pre Evacuate Collection Set: 0.2ms
[2023-02-09T12:53:02.857+0800][5027.012s] GC(17)   Merge Heap Roots: 0.2ms
[2023-02-09T12:53:02.857+0800][5027.012s] GC(17)   Evacuate Collection Set: 16.2ms
[2023-02-09T12:53:02.857+0800][5027.012s] GC(17)   Post Evacuate Collection Set: 1.0ms
[2023-02-09T12:53:02.857+0800][5027.012s] GC(17)   Other: 0.2ms
[2023-02-09T12:53:02.857+0800][5027.012s] GC(17) Eden regions: 274->0(274)
[2023-02-09T12:53:02.857+0800][5027.012s] GC(17) Survivor regions: 33->26(39)
[2023-02-09T12:53:02.857+0800][5027.012s] GC(17) Old regions: 95->114
[2023-02-09T12:53:02.857+0800][5027.012s] GC(17) Archive regions: 0->0
[2023-02-09T12:53:02.857+0800][5027.012s] GC(17) Humongous regions: 4->4
[2023-02-09T12:53:02.857+0800][5027.012s] GC(17) Metaspace: 55006K(55616K)->55006K(55616K) NonClass: 48872K(49152K)->48872K(49152K) Class: 6133K(6464K)->6133K(6464K)
[2023-02-09T12:53:02.857+0800][5027.012s] GC(17) Pause Young (Normal) (G1 Evacuation Pause) 405M->143M(512M) 17.819ms
[2023-02-09T12:53:02.857+0800][5027.012s] GC(17) User=0.11s Sys=0.02s Real=0.02s
[2023-02-09T12:55:48.738+0800][5192.893s] GC(18) Pause Young (Normal) (G1 Evacuation Pause)
[2023-02-09T12:55:48.738+0800][5192.893s] GC(18) Using 8 workers of 8 for evacuation
[2023-02-09T12:55:48.752+0800][5192.908s] GC(18)   Pre Evacuate Collection Set: 0.2ms
[2023-02-09T12:55:48.752+0800][5192.908s] GC(18)   Merge Heap Roots: 0.1ms
[2023-02-09T12:55:48.752+0800][5192.908s] GC(18)   Evacuate Collection Set: 13.4ms
[2023-02-09T12:55:48.752+0800][5192.908s] GC(18)   Post Evacuate Collection Set: 0.7ms
[2023-02-09T12:55:48.752+0800][5192.908s] GC(18)   Other: 0.2ms
[2023-02-09T12:55:48.752+0800][5192.908s] GC(18) Eden regions: 274->0(263)
[2023-02-09T12:55:48.752+0800][5192.908s] GC(18) Survivor regions: 26->26(38)
[2023-02-09T12:55:48.752+0800][5192.908s] GC(18) Old regions: 114->127
[2023-02-09T12:55:48.752+0800][5192.908s] GC(18) Archive regions: 0->0
[2023-02-09T12:55:48.752+0800][5192.908s] GC(18) Humongous regions: 4->4
[2023-02-09T12:55:48.752+0800][5192.908s] GC(18) Metaspace: 55159K(55808K)->55159K(55808K) NonClass: 49025K(49344K)->49025K(49344K) Class: 6133K(6464K)->6133K(6464K)
[2023-02-09T12:55:48.752+0800][5192.908s] GC(18) Pause Young (Normal) (G1 Evacuation Pause) 417M->156M(512M) 14.657ms
[2023-02-09T12:55:48.752+0800][5192.908s] GC(18) User=0.11s Sys=0.02s Real=0.01s
[2023-02-09T13:01:32.901+0800][5537.055s] GC(19) Pause Young (Normal) (G1 Evacuation Pause)
[2023-02-09T13:01:32.901+0800][5537.055s] GC(19) Using 8 workers of 8 for evacuation
[2023-02-09T13:01:32.917+0800][5537.072s] GC(19)   Pre Evacuate Collection Set: 0.4ms
[2023-02-09T13:01:32.917+0800][5537.072s] GC(19)   Merge Heap Roots: 0.3ms
[2023-02-09T13:01:32.917+0800][5537.072s] GC(19)   Evacuate Collection Set: 14.5ms
[2023-02-09T13:01:32.917+0800][5537.072s] GC(19)   Post Evacuate Collection Set: 1.6ms
[2023-02-09T13:01:32.917+0800][5537.072s] GC(19)   Other: 0.2ms
[2023-02-09T13:01:32.917+0800][5537.072s] GC(19) Eden regions: 263->0(236)
[2023-02-09T13:01:32.917+0800][5537.072s] GC(19) Survivor regions: 26->31(37)
[2023-02-09T13:01:32.917+0800][5537.072s] GC(19) Old regions: 127->140
[2023-02-09T13:01:32.917+0800][5537.072s] GC(19) Archive regions: 0->0
[2023-02-09T13:01:32.917+0800][5537.072s] GC(19) Humongous regions: 38->14
[2023-02-09T13:01:32.917+0800][5537.072s] GC(19) Metaspace: 55246K(55872K)->55246K(55872K) NonClass: 49112K(49408K)->49112K(49408K) Class: 6134K(6464K)->6134K(6464K)
[2023-02-09T13:01:32.917+0800][5537.072s] GC(19) Pause Young (Normal) (G1 Evacuation Pause) 453M->184M(512M) 16.987ms
[2023-02-09T13:01:32.917+0800][5537.072s] GC(19) User=0.06s Sys=0.05s Real=0.02s
[2023-02-09T13:01:33.771+0800][5537.926s] GC(20) Pause Young (Normal) (G1 Evacuation Pause)
[2023-02-09T13:01:33.771+0800][5537.926s] GC(20) Using 8 workers of 8 for evacuation
[2023-02-09T13:01:33.800+0800][5537.955s] GC(20) To-space exhausted
[2023-02-09T13:01:33.800+0800][5537.955s] GC(20)   Pre Evacuate Collection Set: 0.2ms
[2023-02-09T13:01:33.800+0800][5537.955s] GC(20)   Merge Heap Roots: 0.1ms
[2023-02-09T13:01:33.800+0800][5537.955s] GC(20)   Evacuate Collection Set: 5.4ms
[2023-02-09T13:01:33.800+0800][5537.955s] GC(20)   Post Evacuate Collection Set: 23.2ms
[2023-02-09T13:01:33.800+0800][5537.955s] GC(20)   Other: 0.2ms
[2023-02-09T13:01:33.800+0800][5537.955s] GC(20) Eden regions: 236->0(12)
[2023-02-09T13:01:33.800+0800][5537.955s] GC(20) Survivor regions: 31->13(16)
[2023-02-09T13:01:33.800+0800][5537.955s] GC(20) Old regions: 140->407
[2023-02-09T13:01:33.800+0800][5537.955s] GC(20) Archive regions: 0->0
[2023-02-09T13:01:33.800+0800][5537.955s] GC(20) Humongous regions: 89->23
[2023-02-09T13:01:33.800+0800][5537.955s] GC(20) Metaspace: 55248K(55872K)->55248K(55872K) NonClass: 49113K(49408K)->49113K(49408K) Class: 6134K(6464K)->6134K(6464K)
[2023-02-09T13:01:33.800+0800][5537.955s] GC(20) Pause Young (Normal) (G1 Evacuation Pause) 495M->443M(512M) 29.208ms
[2023-02-09T13:01:33.800+0800][5537.955s] GC(20) User=0.12s Sys=0.00s Real=0.03s
[2023-02-09T13:01:33.841+0800][5537.995s] GC(21) Pause Young (Concurrent Start) (G1 Evacuation Pause)
[2023-02-09T13:01:33.841+0800][5537.995s] GC(21) Using 8 workers of 8 for evacuation
[2023-02-09T13:01:33.844+0800][5537.999s] GC(21)   Pre Evacuate Collection Set: 0.1ms
[2023-02-09T13:01:33.844+0800][5537.999s] GC(21)   Merge Heap Roots: 0.1ms
[2023-02-09T13:01:33.844+0800][5537.999s] GC(21)   Evacuate Collection Set: 2.7ms
[2023-02-09T13:01:33.844+0800][5537.999s] GC(21)   Post Evacuate Collection Set: 0.6ms
[2023-02-09T13:01:33.844+0800][5537.999s] GC(21)   Other: 0.2ms
[2023-02-09T13:01:33.844+0800][5537.999s] GC(21) Eden regions: 12->0(22)
[2023-02-09T13:01:33.844+0800][5537.999s] GC(21) Survivor regions: 13->3(4)
[2023-02-09T13:01:33.844+0800][5537.999s] GC(21) Old regions: 407->420
[2023-02-09T13:01:33.844+0800][5537.999s] GC(21) Archive regions: 0->0
[2023-02-09T13:01:33.844+0800][5537.999s] GC(21) Humongous regions: 23->23
[2023-02-09T13:01:33.844+0800][5537.999s] GC(21) Metaspace: 55248K(55872K)->55248K(55872K) NonClass: 49113K(49408K)->49113K(49408K) Class: 6134K(6464K)->6134K(6464K)
[2023-02-09T13:01:33.844+0800][5537.999s] GC(21) Pause Young (Concurrent Start) (G1 Evacuation Pause) 455M->445M(512M) 3.922ms
[2023-02-09T13:01:33.844+0800][5537.999s] GC(21) User=0.00s Sys=0.00s Real=0.00s
[2023-02-09T13:01:33.844+0800][5537.999s] GC(22) Concurrent Mark Cycle
[2023-02-09T13:01:33.844+0800][5537.999s] GC(22) Concurrent Clear Claimed Marks
[2023-02-09T13:01:33.844+0800][5537.999s] GC(22) Concurrent Clear Claimed Marks 0.033ms
[2023-02-09T13:01:33.844+0800][5537.999s] GC(22) Concurrent Scan Root Regions
[2023-02-09T13:01:33.846+0800][5538.001s] GC(22) Concurrent Scan Root Regions 1.670ms
[2023-02-09T13:01:33.846+0800][5538.001s] GC(22) Concurrent Mark
[2023-02-09T13:01:33.846+0800][5538.001s] GC(22) Concurrent Mark From Roots
[2023-02-09T13:01:33.846+0800][5538.001s] GC(22) Using 2 workers of 2 for marking
[2023-02-09T13:01:33.865+0800][5538.020s] GC(22) Concurrent Mark From Roots 19.322ms
[2023-02-09T13:01:33.865+0800][5538.021s] GC(22) Concurrent Preclean
[2023-02-09T13:01:33.866+0800][5538.021s] GC(22) Concurrent Preclean 0.438ms
[2023-02-09T13:01:33.866+0800][5538.021s] GC(22) Pause Remark
[2023-02-09T13:01:33.877+0800][5538.033s] GC(22) Pause Remark 451M->393M(512M) 11.309ms
[2023-02-09T13:01:33.877+0800][5538.033s] GC(22) User=0.00s Sys=0.00s Real=0.01s
[2023-02-09T13:01:33.877+0800][5538.033s] GC(22) Concurrent Mark 31.580ms
[2023-02-09T13:01:33.877+0800][5538.033s] GC(22) Concurrent Rebuild Remembered Sets
[2023-02-09T13:01:33.892+0800][5538.047s] GC(22) Concurrent Rebuild Remembered Sets 14.719ms
[2023-02-09T13:01:33.893+0800][5538.048s] GC(22) Pause Cleanup
[2023-02-09T13:01:33.893+0800][5538.048s] GC(22) Pause Cleanup 396M->396M(512M) 0.228ms
[2023-02-09T13:01:33.893+0800][5538.048s] GC(22) User=0.00s Sys=0.00s Real=0.00s
[2023-02-09T13:01:33.893+0800][5538.048s] GC(22) Concurrent Cleanup for Next Mark
[2023-02-09T13:01:33.894+0800][5538.049s] GC(22) Concurrent Cleanup for Next Mark 1.209ms
[2023-02-09T13:01:33.894+0800][5538.049s] GC(22) Concurrent Mark Cycle 50.005ms
[2023-02-09T13:01:33.942+0800][5538.097s] GC(23) Pause Young (Prepare Mixed) (G1 Evacuation Pause)
[2023-02-09T13:01:33.942+0800][5538.097s] GC(23) Using 8 workers of 8 for evacuation
[2023-02-09T13:01:33.944+0800][5538.099s] GC(23)   Pre Evacuate Collection Set: 0.2ms
[2023-02-09T13:01:33.944+0800][5538.099s] GC(23)   Merge Heap Roots: 0.1ms
[2023-02-09T13:01:33.944+0800][5538.099s] GC(23)   Evacuate Collection Set: 0.9ms
[2023-02-09T13:01:33.944+0800][5538.099s] GC(23)   Post Evacuate Collection Set: 0.6ms
[2023-02-09T13:01:33.944+0800][5538.099s] GC(23)   Other: 0.1ms
[2023-02-09T13:01:33.944+0800][5538.099s] GC(23) Eden regions: 22->0(22)
[2023-02-09T13:01:33.944+0800][5538.099s] GC(23) Survivor regions: 3->3(4)
[2023-02-09T13:01:33.944+0800][5538.099s] GC(23) Old regions: 362->362
[2023-02-09T13:01:33.944+0800][5538.099s] GC(23) Archive regions: 0->0
[2023-02-09T13:01:33.944+0800][5538.099s] GC(23) Humongous regions: 37->37
[2023-02-09T13:01:33.944+0800][5538.099s] GC(23) Metaspace: 54483K(55680K)->54483K(55680K) NonClass: 48485K(49216K)->48485K(49216K) Class: 5998K(6464K)->5998K(6464K)
[2023-02-09T13:01:33.944+0800][5538.099s] GC(23) Pause Young (Prepare Mixed) (G1 Evacuation Pause) 423M->401M(512M) 1.884ms
[2023-02-09T13:01:33.944+0800][5538.099s] GC(23) User=0.00s Sys=0.00s Real=0.00s
[2023-02-09T13:01:34.023+0800][5538.178s] GC(24) Pause Young (Mixed) (G1 Evacuation Pause)
[2023-02-09T13:01:34.023+0800][5538.178s] GC(24) Using 8 workers of 8 for evacuation
[2023-02-09T13:01:34.025+0800][5538.181s] GC(24)   Pre Evacuate Collection Set: 0.2ms
[2023-02-09T13:01:34.025+0800][5538.181s] GC(24)   Merge Heap Roots: 0.1ms
[2023-02-09T13:01:34.025+0800][5538.181s] GC(24)   Evacuate Collection Set: 1.2ms
[2023-02-09T13:01:34.025+0800][5538.181s] GC(24)   Post Evacuate Collection Set: 0.6ms
[2023-02-09T13:01:34.025+0800][5538.181s] GC(24)   Other: 0.3ms
[2023-02-09T13:01:34.025+0800][5538.181s] GC(24) Eden regions: 22->0(21)
[2023-02-09T13:01:34.025+0800][5538.181s] GC(24) Survivor regions: 3->4(4)
[2023-02-09T13:01:34.025+0800][5538.181s] GC(24) Old regions: 362->312
[2023-02-09T13:01:34.025+0800][5538.181s] GC(24) Archive regions: 0->0
[2023-02-09T13:01:34.025+0800][5538.181s] GC(24) Humongous regions: 37->37
[2023-02-09T13:01:34.025+0800][5538.181s] GC(24) Metaspace: 54483K(55680K)->54483K(55680K) NonClass: 48485K(49216K)->48485K(49216K) Class: 5998K(6464K)->5998K(6464K)
[2023-02-09T13:01:34.025+0800][5538.181s] GC(24) Pause Young (Mixed) (G1 Evacuation Pause) 423M->351M(512M) 2.466ms
[2023-02-09T13:01:34.025+0800][5538.181s] GC(24) User=0.00s Sys=0.00s Real=0.00s
[2023-02-09T13:01:34.095+0800][5538.251s] GC(25) Pause Young (Mixed) (G1 Evacuation Pause)
[2023-02-09T13:01:34.096+0800][5538.251s] GC(25) Using 8 workers of 8 for evacuation
[2023-02-09T13:01:34.098+0800][5538.253s] GC(25)   Pre Evacuate Collection Set: 0.2ms
[2023-02-09T13:01:34.098+0800][5538.253s] GC(25)   Merge Heap Roots: 0.1ms
[2023-02-09T13:01:34.098+0800][5538.253s] GC(25)   Evacuate Collection Set: 1.6ms
[2023-02-09T13:01:34.098+0800][5538.253s] GC(25)   Post Evacuate Collection Set: 0.4ms
[2023-02-09T13:01:34.098+0800][5538.253s] GC(25)   Other: 0.2ms
[2023-02-09T13:01:34.098+0800][5538.253s] GC(25) Eden regions: 21->0(21)
[2023-02-09T13:01:34.098+0800][5538.253s] GC(25) Survivor regions: 4->4(4)
[2023-02-09T13:01:34.098+0800][5538.253s] GC(25) Old regions: 312->263
[2023-02-09T13:01:34.098+0800][5538.253s] GC(25) Archive regions: 0->0
[2023-02-09T13:01:34.098+0800][5538.253s] GC(25) Humongous regions: 51->37
[2023-02-09T13:01:34.098+0800][5538.253s] GC(25) Metaspace: 54483K(55680K)->54483K(55680K) NonClass: 48485K(49216K)->48485K(49216K) Class: 5998K(6464K)->5998K(6464K)
[2023-02-09T13:01:34.098+0800][5538.253s] GC(25) Pause Young (Mixed) (G1 Evacuation Pause) 386M->303M(512M) 2.577ms
[2023-02-09T13:01:34.098+0800][5538.253s] GC(25) User=0.02s Sys=0.00s Real=0.00s
[2023-02-09T13:01:34.162+0800][5538.317s] GC(26) Pause Young (Mixed) (G1 Evacuation Pause)
[2023-02-09T13:01:34.162+0800][5538.317s] GC(26) Using 8 workers of 8 for evacuation
[2023-02-09T13:01:34.164+0800][5538.319s] GC(26)   Pre Evacuate Collection Set: 0.1ms
[2023-02-09T13:01:34.164+0800][5538.319s] GC(26)   Merge Heap Roots: 0.1ms
[2023-02-09T13:01:34.164+0800][5538.319s] GC(26)   Evacuate Collection Set: 1.7ms
[2023-02-09T13:01:34.164+0800][5538.319s] GC(26)   Post Evacuate Collection Set: 0.4ms
[2023-02-09T13:01:34.164+0800][5538.319s] GC(26)   Other: 0.2ms
[2023-02-09T13:01:34.164+0800][5538.319s] GC(26) Eden regions: 21->0(21)
[2023-02-09T13:01:34.164+0800][5538.319s] GC(26) Survivor regions: 4->4(4)
[2023-02-09T13:01:34.164+0800][5538.319s] GC(26) Old regions: 263->215
[2023-02-09T13:01:34.164+0800][5538.319s] GC(26) Archive regions: 0->0
[2023-02-09T13:01:34.164+0800][5538.319s] GC(26) Humongous regions: 37->37
[2023-02-09T13:01:34.164+0800][5538.319s] GC(26) Metaspace: 54483K(55680K)->54483K(55680K) NonClass: 48485K(49216K)->48485K(49216K) Class: 5998K(6464K)->5998K(6464K)
[2023-02-09T13:01:34.164+0800][5538.319s] GC(26) Pause Young (Mixed) (G1 Evacuation Pause) 324M->255M(512M) 2.514ms
[2023-02-09T13:01:34.164+0800][5538.319s] GC(26) User=0.00s Sys=0.00s Real=0.00s
[2023-02-09T13:01:34.229+0800][5538.384s] GC(27) Pause Young (Mixed) (G1 Evacuation Pause)
[2023-02-09T13:01:34.229+0800][5538.384s] GC(27) Using 8 workers of 8 for evacuation
[2023-02-09T13:01:34.232+0800][5538.387s] GC(27)   Pre Evacuate Collection Set: 0.2ms
[2023-02-09T13:01:34.232+0800][5538.387s] GC(27)   Merge Heap Roots: 0.1ms
[2023-02-09T13:01:34.232+0800][5538.387s] GC(27)   Evacuate Collection Set: 1.7ms
[2023-02-09T13:01:34.232+0800][5538.387s] GC(27)   Post Evacuate Collection Set: 0.5ms
[2023-02-09T13:01:34.232+0800][5538.387s] GC(27)   Other: 0.1ms
[2023-02-09T13:01:34.232+0800][5538.387s] GC(27) Eden regions: 21->0(23)
[2023-02-09T13:01:34.232+0800][5538.387s] GC(27) Survivor regions: 4->2(4)
[2023-02-09T13:01:34.232+0800][5538.387s] GC(27) Old regions: 215->170
[2023-02-09T13:01:34.232+0800][5538.387s] GC(27) Archive regions: 0->0
[2023-02-09T13:01:34.232+0800][5538.387s] GC(27) Humongous regions: 37->37
[2023-02-09T13:01:34.232+0800][5538.387s] GC(27) Metaspace: 54483K(55680K)->54483K(55680K) NonClass: 48485K(49216K)->48485K(49216K) Class: 5998K(6464K)->5998K(6464K)
[2023-02-09T13:01:34.232+0800][5538.387s] GC(27) Pause Young (Mixed) (G1 Evacuation Pause) 276M->207M(512M) 2.740ms
[2023-02-09T13:01:34.232+0800][5538.387s] GC(27) User=0.00s Sys=0.00s Real=0.00s
[2023-02-09T13:01:34.315+0800][5538.470s] GC(28) Pause Young (Mixed) (G1 Evacuation Pause)
[2023-02-09T13:01:34.315+0800][5538.470s] GC(28) Using 8 workers of 8 for evacuation
[2023-02-09T13:01:34.318+0800][5538.472s] GC(28)   Pre Evacuate Collection Set: 0.1ms
[2023-02-09T13:01:34.318+0800][5538.472s] GC(28)   Merge Heap Roots: 0.1ms
[2023-02-09T13:01:34.318+0800][5538.472s] GC(28)   Evacuate Collection Set: 1.5ms
[2023-02-09T13:01:34.318+0800][5538.472s] GC(28)   Post Evacuate Collection Set: 0.6ms
[2023-02-09T13:01:34.318+0800][5538.472s] GC(28)   Other: 0.2ms
[2023-02-09T13:01:34.318+0800][5538.472s] GC(28) Eden regions: 23->0(21)
[2023-02-09T13:01:34.318+0800][5538.472s] GC(28) Survivor regions: 2->4(4)
[2023-02-09T13:01:34.318+0800][5538.472s] GC(28) Old regions: 170->121
[2023-02-09T13:01:34.318+0800][5538.472s] GC(28) Archive regions: 0->0
[2023-02-09T13:01:34.318+0800][5538.472s] GC(28) Humongous regions: 37->37
[2023-02-09T13:01:34.318+0800][5538.472s] GC(28) Metaspace: 54483K(55680K)->54483K(55680K) NonClass: 48485K(49216K)->48485K(49216K) Class: 5998K(6464K)->5998K(6464K)
[2023-02-09T13:01:34.318+0800][5538.472s] GC(28) Pause Young (Mixed) (G1 Evacuation Pause) 230M->160M(512M) 2.598ms
[2023-02-09T13:01:34.318+0800][5538.472s] GC(28) User=0.02s Sys=0.00s Real=0.00s
[2023-02-09T13:01:34.386+0800][5538.541s] GC(29) Pause Young (Mixed) (G1 Evacuation Pause)
[2023-02-09T13:01:34.386+0800][5538.541s] GC(29) Using 8 workers of 8 for evacuation
[2023-02-09T13:01:34.393+0800][5538.549s] GC(29)   Pre Evacuate Collection Set: 0.1ms
[2023-02-09T13:01:34.393+0800][5538.549s] GC(29)   Merge Heap Roots: 0.2ms
[2023-02-09T13:01:34.393+0800][5538.549s] GC(29)   Evacuate Collection Set: 6.5ms
[2023-02-09T13:01:34.393+0800][5538.549s] GC(29)   Post Evacuate Collection Set: 0.9ms
[2023-02-09T13:01:34.393+0800][5538.549s] GC(29)   Other: 0.2ms
[2023-02-09T13:01:34.393+0800][5538.549s] GC(29) Eden regions: 21->0(295)
[2023-02-09T13:01:34.393+0800][5538.549s] GC(29) Survivor regions: 4->4(4)
[2023-02-09T13:01:34.393+0800][5538.549s] GC(29) Old regions: 121->78
[2023-02-09T13:01:34.394+0800][5538.549s] GC(29) Archive regions: 0->0
[2023-02-09T13:01:34.394+0800][5538.549s] GC(29) Humongous regions: 58->44
[2023-02-09T13:01:34.394+0800][5538.549s] GC(29) Metaspace: 54483K(55680K)->54483K(55680K) NonClass: 48485K(49216K)->48485K(49216K) Class: 5998K(6464K)->5998K(6464K)
[2023-02-09T13:01:34.394+0800][5538.549s] GC(29) Pause Young (Mixed) (G1 Evacuation Pause) 202M->125M(512M) 8.013ms
[2023-02-09T13:01:34.394+0800][5538.549s] GC(29) User=0.00s Sys=0.00s Real=0.01s
[2023-02-09T13:01:35.421+0800][5539.576s] GC(30) Pause Young (Normal) (G1 Evacuation Pause)
[2023-02-09T13:01:35.421+0800][5539.576s] GC(30) Using 8 workers of 8 for evacuation
[2023-02-09T13:01:35.427+0800][5539.581s] GC(30)   Pre Evacuate Collection Set: 0.1ms
[2023-02-09T13:01:35.427+0800][5539.581s] GC(30)   Merge Heap Roots: 0.1ms
[2023-02-09T13:01:35.427+0800][5539.581s] GC(30)   Evacuate Collection Set: 4.1ms
[2023-02-09T13:01:35.427+0800][5539.581s] GC(30)   Post Evacuate Collection Set: 0.8ms
[2023-02-09T13:01:35.427+0800][5539.581s] GC(30)   Other: 0.1ms
[2023-02-09T13:01:35.427+0800][5539.581s] GC(30) Eden regions: 295->0(269)
[2023-02-09T13:01:35.427+0800][5539.581s] GC(30) Survivor regions: 4->24(38)
[2023-02-09T13:01:35.427+0800][5539.581s] GC(30) Old regions: 78->78
[2023-02-09T13:01:35.427+0800][5539.581s] GC(30) Archive regions: 0->0
[2023-02-09T13:01:35.427+0800][5539.581s] GC(30) Humongous regions: 96->49
[2023-02-09T13:01:35.427+0800][5539.581s] GC(30) Metaspace: 54483K(55680K)->54483K(55680K) NonClass: 48485K(49216K)->48485K(49216K) Class: 5998K(6464K)->5998K(6464K)
[2023-02-09T13:01:35.427+0800][5539.581s] GC(30) Pause Young (Normal) (G1 Evacuation Pause) 472M->149M(512M) 5.286ms
[2023-02-09T13:01:35.427+0800][5539.581s] GC(30) User=0.00s Sys=0.00s Real=0.01s
[2023-02-09T13:01:36.989+0800][5541.145s] GC(31) Pause Young (Normal) (G1 Evacuation Pause)
[2023-02-09T13:01:36.989+0800][5541.145s] GC(31) Using 8 workers of 8 for evacuation
[2023-02-09T13:01:36.997+0800][5541.152s] GC(31)   Pre Evacuate Collection Set: 0.1ms
[2023-02-09T13:01:36.997+0800][5541.152s] GC(31)   Merge Heap Roots: 0.1ms
[2023-02-09T13:01:36.997+0800][5541.152s] GC(31)   Evacuate Collection Set: 6.5ms
[2023-02-09T13:01:36.997+0800][5541.152s] GC(31)   Post Evacuate Collection Set: 0.4ms
[2023-02-09T13:01:36.997+0800][5541.152s] GC(31)   Other: 0.2ms
[2023-02-09T13:01:36.997+0800][5541.152s] GC(31) Eden regions: 269->0(246)
[2023-02-09T13:01:36.997+0800][5541.152s] GC(31) Survivor regions: 24->18(37)
[2023-02-09T13:01:36.997+0800][5541.152s] GC(31) Old regions: 78->99
[2023-02-09T13:01:36.997+0800][5541.152s] GC(31) Archive regions: 0->0
[2023-02-09T13:01:36.997+0800][5541.152s] GC(31) Humongous regions: 98->56
[2023-02-09T13:01:36.997+0800][5541.152s] GC(31) Metaspace: 54483K(55680K)->54483K(55680K) NonClass: 48485K(49216K)->48485K(49216K) Class: 5998K(6464K)->5998K(6464K)
[2023-02-09T13:01:36.997+0800][5541.152s] GC(31) Pause Young (Normal) (G1 Evacuation Pause) 467M->171M(512M) 7.417ms
[2023-02-09T13:01:36.997+0800][5541.152s] GC(31) User=0.00s Sys=0.00s Real=0.01s
[2023-02-09T13:01:37.365+0800][5541.520s] GC(32) Pause Young (Normal) (G1 Evacuation Pause)
[2023-02-09T13:01:37.365+0800][5541.520s] GC(32) Using 8 workers of 8 for evacuation
[2023-02-09T13:01:37.368+0800][5541.523s] GC(32)   Pre Evacuate Collection Set: 0.1ms
[2023-02-09T13:01:37.369+0800][5541.523s] GC(32)   Merge Heap Roots: 0.0ms
[2023-02-09T13:01:37.369+0800][5541.523s] GC(32)   Evacuate Collection Set: 3.0ms
[2023-02-09T13:01:37.369+0800][5541.523s] GC(32)   Post Evacuate Collection Set: 0.3ms
[2023-02-09T13:01:37.369+0800][5541.523s] GC(32)   Other: 0.1ms
[2023-02-09T13:01:37.369+0800][5541.523s] GC(32) Eden regions: 246->0(253)
[2023-02-09T13:01:37.369+0800][5541.523s] GC(32) Survivor regions: 18->1(33)
[2023-02-09T13:01:37.369+0800][5541.523s] GC(32) Old regions: 99->116
[2023-02-09T13:01:37.369+0800][5541.523s] GC(32) Archive regions: 0->0
[2023-02-09T13:01:37.369+0800][5541.523s] GC(32) Humongous regions: 56->56
[2023-02-09T13:01:37.369+0800][5541.523s] GC(32) Metaspace: 54483K(55680K)->54483K(55680K) NonClass: 48485K(49216K)->48485K(49216K) Class: 5998K(6464K)->5998K(6464K)
[2023-02-09T13:01:37.369+0800][5541.523s] GC(32) Pause Young (Normal) (G1 Evacuation Pause) 417M->171M(512M) 3.633ms
[2023-02-09T13:01:37.369+0800][5541.523s] GC(32) User=0.00s Sys=0.00s Real=0.00s
[2023-02-09T13:01:37.784+0800][5541.939s] GC(33) Pause Young (Normal) (G1 Evacuation Pause)
[2023-02-09T13:01:37.784+0800][5541.939s] GC(33) Using 8 workers of 8 for evacuation
[2023-02-09T13:01:37.785+0800][5541.940s] GC(33)   Pre Evacuate Collection Set: 0.2ms
[2023-02-09T13:01:37.785+0800][5541.940s] GC(33)   Merge Heap Roots: 0.2ms
[2023-02-09T13:01:37.785+0800][5541.940s] GC(33)   Evacuate Collection Set: 0.6ms
[2023-02-09T13:01:37.785+0800][5541.940s] GC(33)   Post Evacuate Collection Set: 0.6ms
[2023-02-09T13:01:37.785+0800][5541.940s] GC(33)   Other: 0.1ms
[2023-02-09T13:01:37.785+0800][5541.940s] GC(33) Eden regions: 253->0(260)
[2023-02-09T13:01:37.785+0800][5541.941s] GC(33) Survivor regions: 1->1(32)
[2023-02-09T13:01:37.785+0800][5541.941s] GC(33) Old regions: 116->116
[2023-02-09T13:01:37.785+0800][5541.941s] GC(33) Archive regions: 0->0
[2023-02-09T13:01:37.785+0800][5541.941s] GC(33) Humongous regions: 56->56
[2023-02-09T13:01:37.785+0800][5541.941s] GC(33) Metaspace: 54483K(55680K)->54483K(55680K) NonClass: 48485K(49216K)->48485K(49216K) Class: 5998K(6464K)->5998K(6464K)
[2023-02-09T13:01:37.785+0800][5541.941s] GC(33) Pause Young (Normal) (G1 Evacuation Pause) 424M->171M(512M) 1.698ms
[2023-02-09T13:01:37.785+0800][5541.941s] GC(33) User=0.00s Sys=0.00s Real=0.00s
[2023-02-09T13:01:38.204+0800][5542.358s] GC(34) Pause Young (Normal) (G1 Evacuation Pause)
[2023-02-09T13:01:38.204+0800][5542.358s] GC(34) Using 8 workers of 8 for evacuation
[2023-02-09T13:01:38.205+0800][5542.359s] GC(34)   Pre Evacuate Collection Set: 0.1ms
[2023-02-09T13:01:38.205+0800][5542.360s] GC(34)   Merge Heap Roots: 0.1ms
[2023-02-09T13:01:38.205+0800][5542.360s] GC(34)   Evacuate Collection Set: 0.4ms
[2023-02-09T13:01:38.205+0800][5542.360s] GC(34)   Post Evacuate Collection Set: 0.4ms
[2023-02-09T13:01:38.205+0800][5542.360s] GC(34)   Other: 0.1ms
[2023-02-09T13:01:38.205+0800][5542.360s] GC(34) Eden regions: 260->0(265)
[2023-02-09T13:01:38.205+0800][5542.360s] GC(34) Survivor regions: 1->1(33)
[2023-02-09T13:01:38.205+0800][5542.360s] GC(34) Old regions: 116->116
[2023-02-09T13:01:38.205+0800][5542.360s] GC(34) Archive regions: 0->0
[2023-02-09T13:01:38.205+0800][5542.360s] GC(34) Humongous regions: 56->56
[2023-02-09T13:01:38.205+0800][5542.360s] GC(34) Metaspace: 54483K(55680K)->54483K(55680K) NonClass: 48485K(49216K)->48485K(49216K) Class: 5998K(6464K)->5998K(6464K)
[2023-02-09T13:01:38.205+0800][5542.360s] GC(34) Pause Young (Normal) (G1 Evacuation Pause) 431M->172M(512M) 1.146ms
[2023-02-09T13:01:38.205+0800][5542.360s] GC(34) User=0.00s Sys=0.00s Real=0.00s
[2023-02-09T13:01:38.856+0800][5543.012s] GC(35) Pause Young (Concurrent Start) (G1 Humongous Allocation)
[2023-02-09T13:01:38.856+0800][5543.012s] GC(35) Using 8 workers of 8 for evacuation
[2023-02-09T13:01:38.860+0800][5543.016s] GC(35)   Pre Evacuate Collection Set: 0.2ms
[2023-02-09T13:01:38.860+0800][5543.016s] GC(35)   Merge Heap Roots: 0.1ms
[2023-02-09T13:01:38.860+0800][5543.016s] GC(35)   Evacuate Collection Set: 2.9ms
[2023-02-09T13:01:38.860+0800][5543.016s] GC(35)   Post Evacuate Collection Set: 0.7ms
[2023-02-09T13:01:38.860+0800][5543.016s] GC(35)   Other: 0.2ms
[2023-02-09T13:01:38.860+0800][5543.016s] GC(35) Eden regions: 237->0(225)
[2023-02-09T13:01:38.860+0800][5543.016s] GC(35) Survivor regions: 1->16(34)
[2023-02-09T13:01:38.860+0800][5543.016s] GC(35) Old regions: 116->116
[2023-02-09T13:01:38.860+0800][5543.016s] GC(35) Archive regions: 0->0
[2023-02-09T13:01:38.860+0800][5543.016s] GC(35) Humongous regions: 114->76
[2023-02-09T13:01:38.860+0800][5543.016s] GC(35) Metaspace: 54513K(55680K)->54513K(55680K) NonClass: 48511K(49216K)->48511K(49216K) Class: 6001K(6464K)->6001K(6464K)
[2023-02-09T13:01:38.860+0800][5543.016s] GC(35) Pause Young (Concurrent Start) (G1 Humongous Allocation) 466M->207M(512M) 4.256ms
[2023-02-09T13:01:38.860+0800][5543.016s] GC(35) User=0.00s Sys=0.00s Real=0.00s
[2023-02-09T13:01:38.860+0800][5543.016s] GC(36) Concurrent Undo Cycle
[2023-02-09T13:01:38.860+0800][5543.016s] GC(36) Concurrent Cleanup for Next Mark
[2023-02-09T13:01:38.861+0800][5543.017s] GC(36) Concurrent Cleanup for Next Mark 0.854ms
[2023-02-09T13:01:38.861+0800][5543.017s] GC(36) Concurrent Undo Cycle 0.910ms
[2023-02-09T13:01:39.239+0800][5543.394s] GC(37) Pause Young (Concurrent Start) (G1 Humongous Allocation)
[2023-02-09T13:01:39.239+0800][5543.394s] GC(37) Using 8 workers of 8 for evacuation
[2023-02-09T13:01:39.243+0800][5543.399s] GC(37)   Pre Evacuate Collection Set: 0.2ms
[2023-02-09T13:01:39.243+0800][5543.399s] GC(37)   Merge Heap Roots: 0.2ms
[2023-02-09T13:01:39.243+0800][5543.399s] GC(37)   Evacuate Collection Set: 3.9ms
[2023-02-09T13:01:39.243+0800][5543.399s] GC(37)   Post Evacuate Collection Set: 0.7ms
[2023-02-09T13:01:39.243+0800][5543.399s] GC(37)   Other: 0.2ms
[2023-02-09T13:01:39.243+0800][5543.399s] GC(37) Eden regions: 119->0(208)
[2023-02-09T13:01:39.243+0800][5543.399s] GC(37) Survivor regions: 16->24(31)
[2023-02-09T13:01:39.243+0800][5543.399s] GC(37) Old regions: 116->116
[2023-02-09T13:01:39.243+0800][5543.399s] GC(37) Archive regions: 0->0
[2023-02-09T13:01:39.243+0800][5543.399s] GC(37) Humongous regions: 113->75
[2023-02-09T13:01:39.243+0800][5543.399s] GC(37) Metaspace: 54513K(55680K)->54513K(55680K) NonClass: 48511K(49216K)->48511K(49216K) Class: 6001K(6464K)->6001K(6464K)
[2023-02-09T13:01:39.243+0800][5543.399s] GC(37) Pause Young (Concurrent Start) (G1 Humongous Allocation) 363M->214M(512M) 5.278ms
[2023-02-09T13:01:39.243+0800][5543.399s] GC(37) User=0.00s Sys=0.00s Real=0.00s
[2023-02-09T13:01:39.243+0800][5543.399s] GC(38) Concurrent Undo Cycle
[2023-02-09T13:01:39.243+0800][5543.399s] GC(38) Concurrent Cleanup for Next Mark
[2023-02-09T13:01:39.245+0800][5543.400s] GC(38) Concurrent Cleanup for Next Mark 0.822ms
[2023-02-09T13:01:39.245+0800][5543.400s] GC(38) Concurrent Undo Cycle 0.884ms
[2023-02-09T13:01:39.845+0800][5544.001s] GC(39) Pause Young (Normal) (G1 Evacuation Pause)
[2023-02-09T13:01:39.845+0800][5544.001s] GC(39) Using 8 workers of 8 for evacuation
[2023-02-09T13:01:39.851+0800][5544.007s] GC(39)   Pre Evacuate Collection Set: 0.1ms
[2023-02-09T13:01:39.851+0800][5544.007s] GC(39)   Merge Heap Roots: 0.0ms
[2023-02-09T13:01:39.851+0800][5544.007s] GC(39)   Evacuate Collection Set: 5.5ms
[2023-02-09T13:01:39.851+0800][5544.007s] GC(39)   Post Evacuate Collection Set: 0.3ms
[2023-02-09T13:01:39.851+0800][5544.007s] GC(39)   Other: 0.1ms
[2023-02-09T13:01:39.851+0800][5544.007s] GC(39) Eden regions: 208->0(205)
[2023-02-09T13:01:39.851+0800][5544.007s] GC(39) Survivor regions: 24->16(29)
[2023-02-09T13:01:39.851+0800][5544.007s] GC(39) Old regions: 116->130
[2023-02-09T13:01:39.852+0800][5544.007s] GC(39) Archive regions: 0->0
[2023-02-09T13:01:39.852+0800][5544.007s] GC(39) Humongous regions: 103->75
[2023-02-09T13:01:39.852+0800][5544.007s] GC(39) Metaspace: 54515K(55680K)->54515K(55680K) NonClass: 48514K(49216K)->48514K(49216K) Class: 6001K(6464K)->6001K(6464K)
[2023-02-09T13:01:39.852+0800][5544.007s] GC(39) Pause Young (Normal) (G1 Evacuation Pause) 450M->219M(512M) 6.216ms
[2023-02-09T13:01:39.852+0800][5544.007s] GC(39) User=0.11s Sys=0.00s Real=0.01s
[2023-02-09T13:01:40.086+0800][5544.241s] GC(40) Pause Young (Normal) (G1 Evacuation Pause)
[2023-02-09T13:01:40.086+0800][5544.241s] GC(40) Using 8 workers of 8 for evacuation
[2023-02-09T13:01:40.089+0800][5544.245s] GC(40)   Pre Evacuate Collection Set: 0.2ms
[2023-02-09T13:01:40.089+0800][5544.245s] GC(40)   Merge Heap Roots: 0.2ms
[2023-02-09T13:01:40.089+0800][5544.245s] GC(40)   Evacuate Collection Set: 2.4ms
[2023-02-09T13:01:40.089+0800][5544.245s] GC(40)   Post Evacuate Collection Set: 0.7ms
[2023-02-09T13:01:40.089+0800][5544.245s] GC(40)   Other: 0.1ms
[2023-02-09T13:01:40.089+0800][5544.245s] GC(40) Eden regions: 205->0(211)
[2023-02-09T13:01:40.089+0800][5544.245s] GC(40) Survivor regions: 16->8(28)
[2023-02-09T13:01:40.089+0800][5544.245s] GC(40) Old regions: 130->138
[2023-02-09T13:01:40.089+0800][5544.245s] GC(40) Archive regions: 0->0
[2023-02-09T13:01:40.089+0800][5544.245s] GC(40) Humongous regions: 75->75
[2023-02-09T13:01:40.089+0800][5544.245s] GC(40) Metaspace: 54515K(55680K)->54515K(55680K) NonClass: 48514K(49216K)->48514K(49216K) Class: 6001K(6464K)->6001K(6464K)
[2023-02-09T13:01:40.089+0800][5544.245s] GC(40) Pause Young (Normal) (G1 Evacuation Pause) 424M->219M(512M) 3.635ms
[2023-02-09T13:01:40.089+0800][5544.245s] GC(40) User=0.00s Sys=0.00s Real=0.00s
[2023-02-09T13:01:40.285+0800][5544.440s] GC(41) Pause Young (Normal) (G1 Evacuation Pause)
[2023-02-09T13:01:40.285+0800][5544.440s] GC(41) Using 8 workers of 8 for evacuation
[2023-02-09T13:01:40.287+0800][5544.442s] GC(41)   Pre Evacuate Collection Set: 0.2ms
[2023-02-09T13:01:40.287+0800][5544.442s] GC(41)   Merge Heap Roots: 0.1ms
[2023-02-09T13:01:40.288+0800][5544.442s] GC(41)   Evacuate Collection Set: 1.1ms
[2023-02-09T13:01:40.288+0800][5544.442s] GC(41)   Post Evacuate Collection Set: 0.8ms
[2023-02-09T13:01:40.288+0800][5544.442s] GC(41)   Other: 0.1ms
[2023-02-09T13:01:40.288+0800][5544.442s] GC(41) Eden regions: 211->0(216)
[2023-02-09T13:01:40.288+0800][5544.442s] GC(41) Survivor regions: 8->8(28)
[2023-02-09T13:01:40.288+0800][5544.442s] GC(41) Old regions: 138->138
[2023-02-09T13:01:40.288+0800][5544.442s] GC(41) Archive regions: 0->0
[2023-02-09T13:01:40.288+0800][5544.442s] GC(41) Humongous regions: 75->75
[2023-02-09T13:01:40.288+0800][5544.442s] GC(41) Metaspace: 54515K(55680K)->54515K(55680K) NonClass: 48514K(49216K)->48514K(49216K) Class: 6001K(6464K)->6001K(6464K)
[2023-02-09T13:01:40.288+0800][5544.442s] GC(41) Pause Young (Normal) (G1 Evacuation Pause) 430M->219M(512M) 2.393ms
[2023-02-09T13:01:40.288+0800][5544.442s] GC(41) User=0.00s Sys=0.00s Real=0.00s
[2023-02-09T13:01:53.309+0800][5557.464s] GC(42) Pause Young (Normal) (G1 Evacuation Pause)
[2023-02-09T13:01:53.309+0800][5557.464s] GC(42) Using 8 workers of 8 for evacuation
[2023-02-09T13:01:53.314+0800][5557.469s] GC(42)   Pre Evacuate Collection Set: 0.1ms
[2023-02-09T13:01:53.314+0800][5557.469s] GC(42)   Merge Heap Roots: 0.1ms
[2023-02-09T13:01:53.314+0800][5557.469s] GC(42)   Evacuate Collection Set: 3.6ms
[2023-02-09T13:01:53.314+0800][5557.469s] GC(42)   Post Evacuate Collection Set: 0.7ms
[2023-02-09T13:01:53.314+0800][5557.469s] GC(42)   Other: 0.2ms
[2023-02-09T13:01:53.314+0800][5557.469s] GC(42) Eden regions: 216->0(212)
[2023-02-09T13:01:53.314+0800][5557.469s] GC(42) Survivor regions: 8->13(28)
[2023-02-09T13:01:53.314+0800][5557.469s] GC(42) Old regions: 138->138
[2023-02-09T13:01:53.314+0800][5557.469s] GC(42) Archive regions: 0->0
[2023-02-09T13:01:53.314+0800][5557.469s] GC(42) Humongous regions: 75->75
[2023-02-09T13:01:53.314+0800][5557.469s] GC(42) Metaspace: 54646K(55680K)->54646K(55680K) NonClass: 48625K(49216K)->48625K(49216K) Class: 6020K(6464K)->6020K(6464K)
[2023-02-09T13:01:53.314+0800][5557.469s] GC(42) Pause Young (Normal) (G1 Evacuation Pause) 435M->224M(512M) 4.822ms
[2023-02-09T13:01:53.314+0800][5557.469s] GC(42) User=0.00s Sys=0.00s Real=0.00s
[2023-02-09T13:02:01.591+0800][5565.747s] GC(43) Pause Young (Normal) (G1 Evacuation Pause)
[2023-02-09T13:02:01.592+0800][5565.747s] GC(43) Using 8 workers of 8 for evacuation
[2023-02-09T13:02:01.596+0800][5565.751s] GC(43)   Pre Evacuate Collection Set: 0.1ms
[2023-02-09T13:02:01.596+0800][5565.751s] GC(43)   Merge Heap Roots: 0.1ms
[2023-02-09T13:02:01.596+0800][5565.751s] GC(43)   Evacuate Collection Set: 3.4ms
[2023-02-09T13:02:01.596+0800][5565.751s] GC(43)   Post Evacuate Collection Set: 0.6ms
[2023-02-09T13:02:01.596+0800][5565.751s] GC(43)   Other: 0.2ms
[2023-02-09T13:02:01.596+0800][5565.751s] GC(43) Eden regions: 212->0(214)
[2023-02-09T13:02:01.596+0800][5565.751s] GC(43) Survivor regions: 13->13(29)
[2023-02-09T13:02:01.596+0800][5565.751s] GC(43) Old regions: 138->138
[2023-02-09T13:02:01.596+0800][5565.751s] GC(43) Archive regions: 0->0
[2023-02-09T13:02:01.596+0800][5565.751s] GC(43) Humongous regions: 75->75
[2023-02-09T13:02:01.596+0800][5565.751s] GC(43) Metaspace: 54723K(55680K)->54723K(55680K) NonClass: 48694K(49216K)->48694K(49216K) Class: 6028K(6464K)->6028K(6464K)
[2023-02-09T13:02:01.596+0800][5565.751s] GC(43) Pause Young (Normal) (G1 Evacuation Pause) 436M->224M(512M) 4.485ms
[2023-02-09T13:02:01.596+0800][5565.751s] GC(43) User=0.00s Sys=0.00s Real=0.00s
[2023-02-09T13:07:42.102+0800][5906.257s] GC(44) Pause Young (Normal) (G1 Evacuation Pause)
[2023-02-09T13:07:42.102+0800][5906.257s] GC(44) Using 8 workers of 8 for evacuation
[2023-02-09T13:07:42.106+0800][5906.261s] GC(44)   Pre Evacuate Collection Set: 0.1ms
[2023-02-09T13:07:42.106+0800][5906.262s] GC(44)   Merge Heap Roots: 0.1ms
[2023-02-09T13:07:42.106+0800][5906.262s] GC(44)   Evacuate Collection Set: 3.1ms
[2023-02-09T13:07:42.106+0800][5906.262s] GC(44)   Post Evacuate Collection Set: 0.6ms
[2023-02-09T13:07:42.106+0800][5906.262s] GC(44)   Other: 0.2ms
[2023-02-09T13:07:42.106+0800][5906.262s] GC(44) Eden regions: 214->0(216)
[2023-02-09T13:07:42.106+0800][5906.262s] GC(44) Survivor regions: 13->14(29)
[2023-02-09T13:07:42.106+0800][5906.262s] GC(44) Old regions: 138->138
[2023-02-09T13:07:42.106+0800][5906.262s] GC(44) Archive regions: 0->0
[2023-02-09T13:07:42.106+0800][5906.262s] GC(44) Humongous regions: 75->75
[2023-02-09T13:07:42.106+0800][5906.262s] GC(44) Metaspace: 55233K(55808K)->55233K(55808K) NonClass: 49155K(49344K)->49155K(49344K) Class: 6078K(6464K)->6078K(6464K)
[2023-02-09T13:07:42.106+0800][5906.262s] GC(44) Pause Young (Normal) (G1 Evacuation Pause) 438M->225M(512M) 4.224ms
[2023-02-09T13:07:42.106+0800][5906.262s] GC(44) User=0.00s Sys=0.00s Real=0.00s
[2023-02-09T13:09:37.342+0800][6021.497s] GC(45) Pause Young (Normal) (G1 Evacuation Pause)
[2023-02-09T13:09:37.342+0800][6021.497s] GC(45) Using 8 workers of 8 for evacuation
[2023-02-09T13:09:37.347+0800][6021.502s] GC(45)   Pre Evacuate Collection Set: 0.7ms
[2023-02-09T13:09:37.347+0800][6021.502s] GC(45)   Merge Heap Roots: 0.0ms
[2023-02-09T13:09:37.347+0800][6021.502s] GC(45)   Evacuate Collection Set: 3.0ms
[2023-02-09T13:09:37.347+0800][6021.502s] GC(45)   Post Evacuate Collection Set: 0.5ms
[2023-02-09T13:09:37.347+0800][6021.502s] GC(45)   Other: 0.2ms
[2023-02-09T13:09:37.347+0800][6021.502s] GC(45) Eden regions: 216->0(219)
[2023-02-09T13:09:37.347+0800][6021.502s] GC(45) Survivor regions: 14->14(29)
[2023-02-09T13:09:37.347+0800][6021.502s] GC(45) Old regions: 138->138
[2023-02-09T13:09:37.347+0800][6021.502s] GC(45) Archive regions: 0->0
[2023-02-09T13:09:37.347+0800][6021.502s] GC(45) Humongous regions: 75->75
[2023-02-09T13:09:37.347+0800][6021.502s] GC(45) Metaspace: 55309K(55872K)->55309K(55872K) NonClass: 49228K(49408K)->49228K(49408K) Class: 6080K(6464K)->6080K(6464K)
[2023-02-09T13:09:37.347+0800][6021.502s] GC(45) Pause Young (Normal) (G1 Evacuation Pause) 441M->225M(512M) 4.626ms
[2023-02-09T13:09:37.347+0800][6021.502s] GC(45) User=0.00s Sys=0.00s Real=0.00s
[2023-02-09T13:19:07.304+0800][6591.459s] GC(46) Pause Young (Normal) (G1 Evacuation Pause)
[2023-02-09T13:19:07.304+0800][6591.459s] GC(46) Using 8 workers of 8 for evacuation
[2023-02-09T13:19:07.309+0800][6591.465s] GC(46)   Pre Evacuate Collection Set: 0.2ms
[2023-02-09T13:19:07.309+0800][6591.465s] GC(46)   Merge Heap Roots: 0.1ms
[2023-02-09T13:19:07.309+0800][6591.465s] GC(46)   Evacuate Collection Set: 3.9ms
[2023-02-09T13:19:07.309+0800][6591.465s] GC(46)   Post Evacuate Collection Set: 1.0ms
[2023-02-09T13:19:07.309+0800][6591.465s] GC(46)   Other: 0.2ms
[2023-02-09T13:19:07.309+0800][6591.465s] GC(46) Eden regions: 219->0(217)
[2023-02-09T13:19:07.309+0800][6591.465s] GC(46) Survivor regions: 14->15(30)
[2023-02-09T13:19:07.309+0800][6591.465s] GC(46) Old regions: 138->138
[2023-02-09T13:19:07.309+0800][6591.465s] GC(46) Archive regions: 0->0
[2023-02-09T13:19:07.309+0800][6591.465s] GC(46) Humongous regions: 75->75
[2023-02-09T13:19:07.309+0800][6591.465s] GC(46) Metaspace: 55442K(56064K)->55442K(56064K) NonClass: 49353K(49600K)->49353K(49600K) Class: 6089K(6464K)->6089K(6464K)
[2023-02-09T13:19:07.309+0800][6591.465s] GC(46) Pause Young (Normal) (G1 Evacuation Pause) 444M->227M(512M) 5.511ms
[2023-02-09T13:19:07.309+0800][6591.465s] GC(46) User=0.00s Sys=0.00s Real=0.01s
[2023-02-09T13:19:39.083+0800][6623.237s] GC(47) Pause Young (Normal) (G1 Evacuation Pause)
[2023-02-09T13:19:39.083+0800][6623.237s] GC(47) Using 8 workers of 8 for evacuation
[2023-02-09T13:19:39.090+0800][6623.245s] GC(47)   Pre Evacuate Collection Set: 0.1ms
[2023-02-09T13:19:39.090+0800][6623.245s] GC(47)   Merge Heap Roots: 0.2ms
[2023-02-09T13:19:39.090+0800][6623.245s] GC(47)   Evacuate Collection Set: 6.1ms
[2023-02-09T13:19:39.090+0800][6623.245s] GC(47)   Post Evacuate Collection Set: 1.0ms
[2023-02-09T13:19:39.090+0800][6623.245s] GC(47)   Other: 0.1ms
[2023-02-09T13:19:39.090+0800][6623.245s] GC(47) Eden regions: 217->0(201)
[2023-02-09T13:19:39.090+0800][6623.245s] GC(47) Survivor regions: 15->23(29)
[2023-02-09T13:19:39.090+0800][6623.245s] GC(47) Old regions: 138->138
[2023-02-09T13:19:39.090+0800][6623.245s] GC(47) Archive regions: 0->0
[2023-02-09T13:19:39.090+0800][6623.245s] GC(47) Humongous regions: 75->75
[2023-02-09T13:19:39.090+0800][6623.245s] GC(47) Metaspace: 55507K(56064K)->55507K(56064K) NonClass: 49413K(49600K)->49413K(49600K) Class: 6094K(6464K)->6094K(6464K)
[2023-02-09T13:19:39.090+0800][6623.245s] GC(47) Pause Young (Normal) (G1 Evacuation Pause) 444M->234M(512M) 7.659ms
[2023-02-09T13:19:39.090+0800][6623.245s] GC(47) User=0.00s Sys=0.00s Real=0.01s
[2023-02-09T13:19:39.841+0800][6623.996s] GC(48) Pause Young (Normal) (G1 Evacuation Pause)
[2023-02-09T13:19:39.841+0800][6623.996s] GC(48) Using 8 workers of 8 for evacuation
[2023-02-09T13:19:39.849+0800][6624.004s] GC(48)   Pre Evacuate Collection Set: 0.2ms
[2023-02-09T13:19:39.849+0800][6624.004s] GC(48)   Merge Heap Roots: 0.1ms
[2023-02-09T13:19:39.849+0800][6624.004s] GC(48)   Evacuate Collection Set: 7.2ms
[2023-02-09T13:19:39.849+0800][6624.004s] GC(48)   Post Evacuate Collection Set: 0.8ms
[2023-02-09T13:19:39.849+0800][6624.004s] GC(48)   Other: 0.2ms
[2023-02-09T13:19:39.849+0800][6624.004s] GC(48) Eden regions: 201->0(203)
[2023-02-09T13:19:39.849+0800][6624.004s] GC(48) Survivor regions: 23->16(28)
[2023-02-09T13:19:39.849+0800][6624.004s] GC(48) Old regions: 138->146
[2023-02-09T13:19:39.849+0800][6624.004s] GC(48) Archive regions: 0->0
[2023-02-09T13:19:39.849+0800][6624.004s] GC(48) Humongous regions: 75->75
[2023-02-09T13:19:39.849+0800][6624.004s] GC(48) Metaspace: 55556K(56128K)->55556K(56128K) NonClass: 49459K(49664K)->49459K(49664K) Class: 6096K(6464K)->6096K(6464K)
[2023-02-09T13:19:39.849+0800][6624.005s] GC(48) Pause Young (Normal) (G1 Evacuation Pause) 435M->236M(512M) 8.600ms
[2023-02-09T13:19:39.849+0800][6624.005s] GC(48) User=0.12s Sys=0.00s Real=0.01s
[2023-02-09T13:27:21.184+0800][7085.339s] GC(49) Pause Young (Normal) (G1 Evacuation Pause)
[2023-02-09T13:27:21.184+0800][7085.340s] GC(49) Using 8 workers of 8 for evacuation
[2023-02-09T13:27:21.192+0800][7085.348s] GC(49)   Pre Evacuate Collection Set: 0.1ms
[2023-02-09T13:27:21.193+0800][7085.348s] GC(49)   Merge Heap Roots: 0.1ms
[2023-02-09T13:27:21.193+0800][7085.348s] GC(49)   Evacuate Collection Set: 6.9ms
[2023-02-09T13:27:21.193+0800][7085.348s] GC(49)   Post Evacuate Collection Set: 0.9ms
[2023-02-09T13:27:21.193+0800][7085.348s] GC(49)   Other: 0.1ms
[2023-02-09T13:27:21.193+0800][7085.348s] GC(49) Eden regions: 203->0(199)
[2023-02-09T13:27:21.193+0800][7085.348s] GC(49) Survivor regions: 16->19(28)
[2023-02-09T13:27:21.193+0800][7085.348s] GC(49) Old regions: 146->148
[2023-02-09T13:27:21.193+0800][7085.348s] GC(49) Archive regions: 0->0
[2023-02-09T13:27:21.193+0800][7085.348s] GC(49) Humongous regions: 75->75
[2023-02-09T13:27:21.193+0800][7085.348s] GC(49) Metaspace: 55668K(56256K)->55668K(56256K) NonClass: 49569K(49792K)->49569K(49792K) Class: 6098K(6464K)->6098K(6464K)
[2023-02-09T13:27:21.193+0800][7085.348s] GC(49) Pause Young (Normal) (G1 Evacuation Pause) 439M->241M(512M) 8.302ms
[2023-02-09T13:27:21.193+0800][7085.348s] GC(49) User=0.05s Sys=0.00s Real=0.01s
[2023-02-09T13:27:21.802+0800][7085.957s] GC(50) Pause Young (Normal) (G1 Evacuation Pause)
[2023-02-09T13:27:21.802+0800][7085.957s] GC(50) Using 8 workers of 8 for evacuation
[2023-02-09T13:27:21.809+0800][7085.965s] GC(50)   Pre Evacuate Collection Set: 0.1ms
[2023-02-09T13:27:21.809+0800][7085.965s] GC(50)   Merge Heap Roots: 0.1ms
[2023-02-09T13:27:21.809+0800][7085.965s] GC(50)   Evacuate Collection Set: 6.4ms
[2023-02-09T13:27:21.809+0800][7085.965s] GC(50)   Post Evacuate Collection Set: 1.0ms
[2023-02-09T13:27:21.809+0800][7085.965s] GC(50)   Other: 0.2ms
[2023-02-09T13:27:21.809+0800][7085.965s] GC(50) Eden regions: 199->0(195)
[2023-02-09T13:27:21.809+0800][7085.965s] GC(50) Survivor regions: 19->14(28)
[2023-02-09T13:27:21.809+0800][7085.965s] GC(50) Old regions: 148->156
[2023-02-09T13:27:21.809+0800][7085.965s] GC(50) Archive regions: 0->0
[2023-02-09T13:27:21.809+0800][7085.965s] GC(50) Humongous regions: 75->75
[2023-02-09T13:27:21.809+0800][7085.965s] GC(50) Metaspace: 55811K(56384K)->55811K(56384K) NonClass: 49698K(49920K)->49698K(49920K) Class: 6113K(6464K)->6113K(6464K)
[2023-02-09T13:27:21.809+0800][7085.965s] GC(50) Pause Young (Normal) (G1 Evacuation Pause) 440M->243M(512M) 7.822ms
[2023-02-09T13:27:21.809+0800][7085.965s] GC(50) User=0.00s Sys=0.00s Real=0.01s
[2023-02-09T13:33:49.644+0800][7473.800s] Heap
[2023-02-09T13:33:49.644+0800][7473.800s]  garbage-first heap   total 524288K, used 330483K [0x00000000e0000000, 0x0000000100000000)
[2023-02-09T13:33:49.644+0800][7473.800s]   region size 1024K, 93 young (95232K), 14 survivors (14336K)
[2023-02-09T13:33:49.644+0800][7473.800s]  Metaspace       used 56110K, committed 56640K, reserved 1105920K
[2023-02-09T13:33:49.644+0800][7473.800s]   class space    used 6143K, committed 6464K, reserved 1048576K
