[2023-02-08T22:39:13.397+0800][0.014s] Using G1
[2023-02-08T22:39:13.514+0800][0.131s] Version: 16.0.1+9-24 (release)
[2023-02-08T22:39:13.514+0800][0.131s] CPUs: 8 total, 8 available
[2023-02-08T22:39:13.514+0800][0.131s] Memory: 16015M
[2023-02-08T22:39:13.514+0800][0.131s] Large Page Support: Disabled
[2023-02-08T22:39:13.514+0800][0.131s] NUMA Support: Disabled
[2023-02-08T22:39:13.514+0800][0.131s] Compressed Oops: Enabled (32-bit)
[2023-02-08T22:39:13.514+0800][0.131s] Heap Region Size: 1M
[2023-02-08T22:39:13.514+0800][0.131s] Heap Min Capacity: 512M
[2023-02-08T22:39:13.514+0800][0.131s] Heap Initial Capacity: 512M
[2023-02-08T22:39:13.514+0800][0.131s] Heap Max Capacity: 512M
[2023-02-08T22:39:13.514+0800][0.131s] Pre-touch: Enabled
[2023-02-08T22:39:13.530+0800][0.147s] Parallel Workers: 8
[2023-02-08T22:39:13.530+0800][0.147s] Concurrent Workers: 2
[2023-02-08T22:39:13.530+0800][0.147s] Concurrent Refinement Workers: 8
[2023-02-08T22:39:13.530+0800][0.147s] Periodic GC: Disabled
[2023-02-08T22:39:13.531+0800][0.148s] CDS archive(s) mapped at: [0x0000000800000000-0x0000000800bb0000-0x0000000800bb0000), size 12255232, SharedBaseAddress: 0x0000000800000000, ArchiveRelocationMode: 0.
[2023-02-08T22:39:13.531+0800][0.148s] Compressed class space mapped at: 0x0000000800c00000-0x0000000840c00000, reserved size: 1073741824
[2023-02-08T22:39:13.531+0800][0.148s] Narrow klass base: 0x0000000800000000, Narrow klass shift: 3, Narrow klass range: 0x100000000
[2023-02-08T22:39:15.668+0800][2.284s] GC(0) Pause Young (Normal) (G1 Evacuation Pause)
[2023-02-08T22:39:15.668+0800][2.285s] GC(0) Using 8 workers of 8 for evacuation
[2023-02-08T22:39:15.671+0800][2.288s] GC(0)   Pre Evacuate Collection Set: 0.4ms
[2023-02-08T22:39:15.671+0800][2.288s] GC(0)   Merge Heap Roots: 0.0ms
[2023-02-08T22:39:15.672+0800][2.288s] GC(0)   Evacuate Collection Set: 1.9ms
[2023-02-08T22:39:15.672+0800][2.288s] GC(0)   Post Evacuate Collection Set: 0.7ms
[2023-02-08T22:39:15.672+0800][2.288s] GC(0)   Other: 1.4ms
[2023-02-08T22:39:15.672+0800][2.288s] GC(0) Eden regions: 29->0(43)
[2023-02-08T22:39:15.672+0800][2.288s] GC(0) Survivor regions: 0->4(4)
[2023-02-08T22:39:15.672+0800][2.288s] GC(0) Old regions: 0->0
[2023-02-08T22:39:15.672+0800][2.288s] GC(0) Archive regions: 0->0
[2023-02-08T22:39:15.672+0800][2.288s] GC(0) Humongous regions: 0->0
[2023-02-08T22:39:15.672+0800][2.288s] GC(0) Metaspace: 5892K(6016K)->5892K(6016K) NonClass: 5251K(5312K)->5251K(5312K) Class: 640K(704K)->640K(704K)
[2023-02-08T22:39:15.672+0800][2.288s] GC(0) Pause Young (Normal) (G1 Evacuation Pause) 29M->3M(512M) 4.267ms
[2023-02-08T22:39:15.672+0800][2.288s] GC(0) User=0.00s Sys=0.00s Real=0.00s
[2023-02-08T22:39:16.524+0800][3.140s] GC(1) Pause Young (Normal) (G1 Evacuation Pause)
[2023-02-08T22:39:16.524+0800][3.140s] GC(1) Using 8 workers of 8 for evacuation
[2023-02-08T22:39:16.531+0800][3.148s] GC(1)   Pre Evacuate Collection Set: 0.1ms
[2023-02-08T22:39:16.532+0800][3.148s] GC(1)   Merge Heap Roots: 0.1ms
[2023-02-08T22:39:16.532+0800][3.148s] GC(1)   Evacuate Collection Set: 6.8ms
[2023-02-08T22:39:16.532+0800][3.148s] GC(1)   Post Evacuate Collection Set: 0.6ms
[2023-02-08T22:39:16.532+0800][3.148s] GC(1)   Other: 0.1ms
[2023-02-08T22:39:16.532+0800][3.148s] GC(1) Eden regions: 43->0(260)
[2023-02-08T22:39:16.532+0800][3.148s] GC(1) Survivor regions: 4->6(6)
[2023-02-08T22:39:16.532+0800][3.148s] GC(1) Old regions: 0->8
[2023-02-08T22:39:16.532+0800][3.148s] GC(1) Archive regions: 0->0
[2023-02-08T22:39:16.532+0800][3.148s] GC(1) Humongous regions: 4->4
[2023-02-08T22:39:16.532+0800][3.148s] GC(1) Metaspace: 16256K(16512K)->16256K(16512K) NonClass: 14390K(14528K)->14390K(14528K) Class: 1866K(1984K)->1866K(1984K)
[2023-02-08T22:39:16.532+0800][3.148s] GC(1) Pause Young (Normal) (G1 Evacuation Pause) 50M->17M(512M) 7.924ms
[2023-02-08T22:39:16.532+0800][3.148s] GC(1) User=0.00s Sys=0.00s Real=0.01s
[2023-02-08T22:39:17.707+0800][4.323s] GC(2) Pause Young (Concurrent Start) (Metadata GC Threshold)
[2023-02-08T22:39:17.707+0800][4.323s] GC(2) Using 8 workers of 8 for evacuation
[2023-02-08T22:39:17.715+0800][4.331s] GC(2)   Pre Evacuate Collection Set: 0.2ms
[2023-02-08T22:39:17.715+0800][4.331s] GC(2)   Merge Heap Roots: 0.1ms
[2023-02-08T22:39:17.715+0800][4.331s] GC(2)   Evacuate Collection Set: 3.8ms
[2023-02-08T22:39:17.715+0800][4.331s] GC(2)   Post Evacuate Collection Set: 1.2ms
[2023-02-08T22:39:17.715+0800][4.331s] GC(2)   Other: 2.6ms
[2023-02-08T22:39:17.715+0800][4.331s] GC(2) Eden regions: 137->0(294)
[2023-02-08T22:39:17.715+0800][4.331s] GC(2) Survivor regions: 6->13(29)
[2023-02-08T22:39:17.715+0800][4.331s] GC(2) Old regions: 8->8
[2023-02-08T22:39:17.715+0800][4.331s] GC(2) Archive regions: 0->0
[2023-02-08T22:39:17.715+0800][4.331s] GC(2) Humongous regions: 5->4
[2023-02-08T22:39:17.715+0800][4.331s] GC(2) Metaspace: 21056K(21248K)->21056K(21248K) NonClass: 18593K(18688K)->18593K(18688K) Class: 2463K(2560K)->2463K(2560K)
[2023-02-08T22:39:17.715+0800][4.331s] GC(2) Pause Young (Concurrent Start) (Metadata GC Threshold) 155M->23M(512M) 7.970ms
[2023-02-08T22:39:17.715+0800][4.331s] GC(2) User=0.00s Sys=0.00s Real=0.01s
[2023-02-08T22:39:17.715+0800][4.331s] GC(3) Concurrent Mark Cycle
[2023-02-08T22:39:17.715+0800][4.331s] GC(3) Concurrent Clear Claimed Marks
[2023-02-08T22:39:17.715+0800][4.332s] GC(3) Concurrent Clear Claimed Marks 0.036ms
[2023-02-08T22:39:17.715+0800][4.332s] GC(3) Concurrent Scan Root Regions
[2023-02-08T22:39:17.718+0800][4.335s] GC(3) Concurrent Scan Root Regions 2.984ms
[2023-02-08T22:39:17.718+0800][4.335s] GC(3) Concurrent Mark
[2023-02-08T22:39:17.718+0800][4.335s] GC(3) Concurrent Mark From Roots
[2023-02-08T22:39:17.718+0800][4.335s] GC(3) Using 2 workers of 2 for marking
[2023-02-08T22:39:17.723+0800][4.340s] GC(3) Concurrent Mark From Roots 5.540ms
[2023-02-08T22:39:17.723+0800][4.340s] GC(3) Concurrent Preclean
[2023-02-08T22:39:17.724+0800][4.340s] GC(3) Concurrent Preclean 0.078ms
[2023-02-08T22:39:17.724+0800][4.340s] GC(3) Pause Remark
[2023-02-08T22:39:17.725+0800][4.342s] GC(3) Pause Remark 25M->25M(512M) 1.803ms
[2023-02-08T22:39:17.725+0800][4.342s] GC(3) User=0.00s Sys=0.00s Real=0.00s
[2023-02-08T22:39:17.726+0800][4.342s] GC(3) Concurrent Mark 7.641ms
[2023-02-08T22:39:17.726+0800][4.342s] GC(3) Concurrent Rebuild Remembered Sets
[2023-02-08T22:39:17.728+0800][4.345s] GC(3) Concurrent Rebuild Remembered Sets 2.892ms
[2023-02-08T22:39:17.729+0800][4.345s] GC(3) Pause Cleanup
[2023-02-08T22:39:17.729+0800][4.345s] GC(3) Pause Cleanup 26M->26M(512M) 0.107ms
[2023-02-08T22:39:17.729+0800][4.345s] GC(3) User=0.00s Sys=0.00s Real=0.00s
[2023-02-08T22:39:17.729+0800][4.346s] GC(3) Concurrent Cleanup for Next Mark
[2023-02-08T22:39:17.729+0800][4.346s] GC(3) Concurrent Cleanup for Next Mark 0.569ms
[2023-02-08T22:39:17.729+0800][4.346s] GC(3) Concurrent Mark Cycle 14.699ms
[2023-02-08T22:40:04.185+0800][50.801s] GC(4) Pause Young (Concurrent Start) (Metadata GC Threshold)
[2023-02-08T22:40:04.185+0800][50.801s] GC(4) Using 8 workers of 8 for evacuation
[2023-02-08T22:40:04.195+0800][50.813s] GC(4)   Pre Evacuate Collection Set: 0.1ms
[2023-02-08T22:40:04.196+0800][50.813s] GC(4)   Merge Heap Roots: 0.1ms
[2023-02-08T22:40:04.196+0800][50.813s] GC(4)   Evacuate Collection Set: 10.0ms
[2023-02-08T22:40:04.196+0800][50.813s] GC(4)   Post Evacuate Collection Set: 0.9ms
[2023-02-08T22:40:04.196+0800][50.813s] GC(4)   Other: 0.2ms
[2023-02-08T22:40:04.196+0800][50.813s] GC(4) Eden regions: 169->0(288)
[2023-02-08T22:40:04.196+0800][50.813s] GC(4) Survivor regions: 13->19(39)
[2023-02-08T22:40:04.196+0800][50.813s] GC(4) Old regions: 8->8
[2023-02-08T22:40:04.196+0800][50.813s] GC(4) Archive regions: 0->0
[2023-02-08T22:40:04.196+0800][50.813s] GC(4) Humongous regions: 4->4
[2023-02-08T22:40:04.196+0800][50.813s] GC(4) Metaspace: 35458K(35840K)->35458K(35840K) NonClass: 31252K(31424K)->31252K(31424K) Class: 4206K(4416K)->4206K(4416K)
[2023-02-08T22:40:04.196+0800][50.813s] GC(4) Pause Young (Concurrent Start) (Metadata GC Threshold) 192M->30M(512M) 11.496ms
[2023-02-08T22:40:04.196+0800][50.813s] GC(4) User=0.11s Sys=0.00s Real=0.01s
[2023-02-08T22:40:04.196+0800][50.813s] GC(5) Concurrent Mark Cycle
[2023-02-08T22:40:04.196+0800][50.813s] GC(5) Concurrent Clear Claimed Marks
[2023-02-08T22:40:04.196+0800][50.813s] GC(5) Concurrent Clear Claimed Marks 0.037ms
[2023-02-08T22:40:04.196+0800][50.813s] GC(5) Concurrent Scan Root Regions
[2023-02-08T22:40:04.200+0800][50.817s] GC(5) Concurrent Scan Root Regions 3.839ms
[2023-02-08T22:40:04.200+0800][50.817s] GC(5) Concurrent Mark
[2023-02-08T22:40:04.200+0800][50.817s] GC(5) Concurrent Mark From Roots
[2023-02-08T22:40:04.200+0800][50.817s] GC(5) Using 2 workers of 2 for marking
[2023-02-08T22:40:04.205+0800][50.822s] GC(5) Concurrent Mark From Roots 5.045ms
[2023-02-08T22:40:04.205+0800][50.822s] GC(5) Concurrent Preclean
[2023-02-08T22:40:04.205+0800][50.822s] GC(5) Concurrent Preclean 0.056ms
[2023-02-08T22:40:04.205+0800][50.822s] GC(5) Pause Remark
[2023-02-08T22:40:04.207+0800][50.824s] GC(5) Pause Remark 31M->31M(512M) 1.754ms
[2023-02-08T22:40:04.207+0800][50.824s] GC(5) User=0.00s Sys=0.00s Real=0.00s
[2023-02-08T22:40:04.207+0800][50.824s] GC(5) Concurrent Mark 7.169ms
[2023-02-08T22:40:04.207+0800][50.824s] GC(5) Concurrent Rebuild Remembered Sets
[2023-02-08T22:40:04.211+0800][50.828s] GC(5) Concurrent Rebuild Remembered Sets 3.725ms
[2023-02-08T22:40:04.211+0800][50.828s] GC(5) Pause Cleanup
[2023-02-08T22:40:04.211+0800][50.828s] GC(5) Pause Cleanup 32M->32M(512M) 0.161ms
[2023-02-08T22:40:04.211+0800][50.828s] GC(5) User=0.00s Sys=0.00s Real=0.00s
[2023-02-08T22:40:04.211+0800][50.829s] GC(5) Concurrent Cleanup for Next Mark
[2023-02-08T22:40:04.212+0800][50.829s] GC(5) Concurrent Cleanup for Next Mark 0.877ms
[2023-02-08T22:40:04.212+0800][50.829s] GC(5) Concurrent Mark Cycle 16.341ms
[2023-02-08T22:42:23.749+0800][190.366s] GC(6) Pause Young (Normal) (G1 Evacuation Pause)
[2023-02-08T22:42:23.749+0800][190.366s] GC(6) Using 8 workers of 8 for evacuation
[2023-02-08T22:42:23.761+0800][190.378s] GC(6)   Pre Evacuate Collection Set: 0.2ms
[2023-02-08T22:42:23.761+0800][190.378s] GC(6)   Merge Heap Roots: 0.1ms
[2023-02-08T22:42:23.761+0800][190.378s] GC(6)   Evacuate Collection Set: 9.9ms
[2023-02-08T22:42:23.761+0800][190.378s] GC(6)   Post Evacuate Collection Set: 1.2ms
[2023-02-08T22:42:23.761+0800][190.378s] GC(6)   Other: 0.3ms
[2023-02-08T22:42:23.761+0800][190.378s] GC(6) Eden regions: 288->0(279)
[2023-02-08T22:42:23.761+0800][190.378s] GC(6) Survivor regions: 19->28(39)
[2023-02-08T22:42:23.761+0800][190.378s] GC(6) Old regions: 8->8
[2023-02-08T22:42:23.761+0800][190.378s] GC(6) Archive regions: 0->0
[2023-02-08T22:42:23.761+0800][190.378s] GC(6) Humongous regions: 4->4
[2023-02-08T22:42:23.761+0800][190.378s] GC(6) Metaspace: 46022K(46464K)->46022K(46464K) NonClass: 40544K(40768K)->40544K(40768K) Class: 5478K(5696K)->5478K(5696K)
[2023-02-08T22:42:23.761+0800][190.378s] GC(6) Pause Young (Normal) (G1 Evacuation Pause) 318M->39M(512M) 11.944ms
[2023-02-08T22:42:23.761+0800][190.378s] GC(6) User=0.12s Sys=0.00s Real=0.01s
[2023-02-08T22:47:47.952+0800][514.569s] GC(7) Pause Young (Normal) (G1 Evacuation Pause)
[2023-02-08T22:47:47.952+0800][514.569s] GC(7) Using 8 workers of 8 for evacuation
[2023-02-08T22:47:47.965+0800][514.582s] GC(7)   Pre Evacuate Collection Set: 0.0ms
[2023-02-08T22:47:47.965+0800][514.582s] GC(7)   Merge Heap Roots: 0.0ms
[2023-02-08T22:47:47.965+0800][514.582s] GC(7)   Evacuate Collection Set: 11.3ms
[2023-02-08T22:47:47.965+0800][514.582s] GC(7)   Post Evacuate Collection Set: 1.1ms
[2023-02-08T22:47:47.965+0800][514.582s] GC(7)   Other: 0.2ms
[2023-02-08T22:47:47.965+0800][514.582s] GC(7) Eden regions: 279->0(278)
[2023-02-08T22:47:47.965+0800][514.582s] GC(7) Survivor regions: 28->29(39)
[2023-02-08T22:47:47.965+0800][514.582s] GC(7) Old regions: 8->20
[2023-02-08T22:47:47.965+0800][514.582s] GC(7) Archive regions: 0->0
[2023-02-08T22:47:47.965+0800][514.582s] GC(7) Humongous regions: 4->4
[2023-02-08T22:47:47.965+0800][514.582s] GC(7) Metaspace: 49380K(49792K)->49380K(49792K) NonClass: 43626K(43840K)->43626K(43840K) Class: 5753K(5952K)->5753K(5952K)
[2023-02-08T22:47:47.965+0800][514.582s] GC(7) Pause Young (Normal) (G1 Evacuation Pause) 318M->52M(512M) 12.794ms
[2023-02-08T22:47:47.965+0800][514.582s] GC(7) User=0.12s Sys=0.00s Real=0.01s
[2023-02-08T22:47:49.794+0800][516.410s] GC(8) Pause Young (Normal) (G1 Evacuation Pause)
[2023-02-08T22:47:49.794+0800][516.410s] GC(8) Using 8 workers of 8 for evacuation
[2023-02-08T22:47:49.812+0800][516.428s] GC(8)   Pre Evacuate Collection Set: 0.1ms
[2023-02-08T22:47:49.812+0800][516.428s] GC(8)   Merge Heap Roots: 0.1ms
[2023-02-08T22:47:49.812+0800][516.428s] GC(8)   Evacuate Collection Set: 16.2ms
[2023-02-08T22:47:49.812+0800][516.428s] GC(8)   Post Evacuate Collection Set: 0.9ms
[2023-02-08T22:47:49.812+0800][516.428s] GC(8)   Other: 0.2ms
[2023-02-08T22:47:49.812+0800][516.428s] GC(8) Eden regions: 278->0(277)
[2023-02-08T22:47:49.812+0800][516.428s] GC(8) Survivor regions: 29->30(39)
[2023-02-08T22:47:49.812+0800][516.428s] GC(8) Old regions: 20->35
[2023-02-08T22:47:49.812+0800][516.428s] GC(8) Archive regions: 0->0
[2023-02-08T22:47:49.812+0800][516.428s] GC(8) Humongous regions: 5->5
[2023-02-08T22:47:49.812+0800][516.428s] GC(8) Metaspace: 50394K(50752K)->50394K(50752K) NonClass: 44542K(44736K)->44542K(44736K) Class: 5852K(6016K)->5852K(6016K)
[2023-02-08T22:47:49.812+0800][516.428s] GC(8) Pause Young (Normal) (G1 Evacuation Pause) 331M->68M(512M) 17.735ms
[2023-02-08T22:47:49.812+0800][516.428s] GC(8) User=0.11s Sys=0.00s Real=0.02s
[2023-02-08T22:51:54.085+0800][760.702s] Heap
[2023-02-08T22:51:54.085+0800][760.702s]  garbage-first heap   total 524288K, used 173037K [0x00000000e0000000, 0x0000000100000000)
[2023-02-08T22:51:54.085+0800][760.702s]   region size 1024K, 130 young (133120K), 30 survivors (30720K)
[2023-02-08T22:51:54.085+0800][760.702s]  Metaspace       used 51678K, committed 52160K, reserved 1097728K
[2023-02-08T22:51:54.085+0800][760.702s]   class space    used 6022K, committed 6272K, reserved 1048576K
